Archive member included because of file (symbol)

/home/carlos/workspace fiuba/wsRTO/Lib_FreeRTOS_7p0p1/Debug_LPC176x/libLib_FreeRTOS_7p0p1.a(queue.o)
                              ./src/main.o (xQueueCreate)
/home/carlos/workspace fiuba/wsRTO/Lib_FreeRTOS_7p0p1/Debug_LPC176x/libLib_FreeRTOS_7p0p1.a(tasks.o)
                              ./src/main.o (xTaskGenericCreate)
/home/carlos/workspace fiuba/wsRTO/Lib_FreeRTOS_7p0p1/Debug_LPC176x/libLib_FreeRTOS_7p0p1.a(trace.o)
                              /home/carlos/workspace fiuba/wsRTO/Lib_FreeRTOS_7p0p1/Debug_LPC176x/libLib_FreeRTOS_7p0p1.a(tasks.o) (vTraceEvtTaskCreated)
/home/carlos/workspace fiuba/wsRTO/Lib_FreeRTOS_7p0p1/Debug_LPC176x/libLib_FreeRTOS_7p0p1.a(heap_2.o)
                              /home/carlos/workspace fiuba/wsRTO/Lib_FreeRTOS_7p0p1/Debug_LPC176x/libLib_FreeRTOS_7p0p1.a(queue.o) (pvPortMalloc)
/home/carlos/workspace fiuba/wsRTO/Lib_FreeRTOS_7p0p1/Debug_LPC176x/libLib_FreeRTOS_7p0p1.a(port.o)
                              /home/carlos/workspace fiuba/wsRTO/Lib_FreeRTOS_7p0p1/Debug_LPC176x/libLib_FreeRTOS_7p0p1.a(tasks.o) (pxPortInitialiseStack)
/home/carlos/workspace fiuba/wsRTO/Lib_FreeRTOS_7p0p1/Debug_LPC176x/libLib_FreeRTOS_7p0p1.a(list.o)
                              /home/carlos/workspace fiuba/wsRTO/Lib_FreeRTOS_7p0p1/Debug_LPC176x/libLib_FreeRTOS_7p0p1.a(queue.o) (vListInitialise)
/home/carlos/workspace fiuba/wsRTO/CMSISv2p00_LPC17xx/Debug/libCMSISv2p00_LPC17xx.a(system_LPC17xx.o)
                              ./src/cr_startup_lpc17.o (SystemInit)
/home/carlos/workspace fiuba/wsRTO/Lib_API_CAPI/Debug/libLib_API_CAPI.a(GPIO.o)
                              ./src/main.o (Activar)
/home/carlos/workspace fiuba/wsRTO/Lib_API_CAPI/Debug/libLib_API_CAPI.a(UART.o)
                              /home/carlos/workspace fiuba/wsRTO/Lib_FreeRTOS_7p0p1/Debug_LPC176x/libLib_FreeRTOS_7p0p1.a(trace.o) (UARTputs)
/home/carlos/workspace fiuba/wsRTO/Lib_Contenedores/Debug/libLib_Contenedores.a(ColaCircular.o)
                              /home/carlos/workspace fiuba/wsRTO/Lib_API_CAPI/Debug/libLib_API_CAPI.a(UART.o) (ColaDisponible)
/home/carlos/workspace fiuba/wsRTO/Lib_MCU_LPC176x/Debug/libLib_MCU_LPC176x.a(lpc_17xx_GPIO.o)
                              /home/carlos/workspace fiuba/wsRTO/Lib_API_CAPI/Debug/libLib_API_CAPI.a(GPIO.o) (Direccion)
/home/carlos/workspace fiuba/wsRTO/Lib_MCU_LPC176x/Debug/libLib_MCU_LPC176x.a(lpc_17xx_PIN.o)
                              /home/carlos/workspace fiuba/wsRTO/Lib_API_CAPI/Debug/libLib_API_CAPI.a(GPIO.o) (PIN_Init)
/home/carlos/workspace fiuba/wsRTO/Lib_MCU_LPC176x/Debug/libLib_MCU_LPC176x.a(lpc_17xx_UART.o)
                              /home/carlos/workspace fiuba/wsRTO/Lib_FreeRTOS_7p0p1/Debug_LPC176x/libLib_FreeRTOS_7p0p1.a(trace.o) (UARTInit)
/home/carlos/workspace fiuba/wsRTO/Lib_MCU_LPC176x/Debug/libLib_MCU_LPC176x.a(lpc17xx_gpio.o)
                              /home/carlos/workspace fiuba/wsRTO/Lib_MCU_LPC176x/Debug/libLib_MCU_LPC176x.a(lpc_17xx_GPIO.o) (GPIO_SetDir)
/home/carlos/workspace fiuba/wsRTO/Lib_MCU_LPC176x/Debug/libLib_MCU_LPC176x.a(lpc17xx_pinsel.o)
                              /home/carlos/workspace fiuba/wsRTO/Lib_MCU_LPC176x/Debug/libLib_MCU_LPC176x.a(lpc_17xx_PIN.o) (PINSEL_ConfigPin)
/home/carlos/workspace fiuba/wsRTO/Lib_MCU_LPC176x/Debug/libLib_MCU_LPC176x.a(lpc17xx_uart.o)
                              /home/carlos/workspace fiuba/wsRTO/Lib_MCU_LPC176x/Debug/libLib_MCU_LPC176x.a(lpc_17xx_UART.o) (UART_Init)
/home/carlos/workspace fiuba/wsRTO/Lib_MCU_LPC176x/Debug/libLib_MCU_LPC176x.a(lpc_17xx_PERIF.o)
                              /home/carlos/workspace fiuba/wsRTO/Lib_MCU_LPC176x/Debug/libLib_MCU_LPC176x.a(lpc_17xx_UART.o) (PERIPH_Init)
/home/carlos/workspace fiuba/wsRTO/Lib_MCU_LPC176x/Debug/libLib_MCU_LPC176x.a(lpc17xx_clkpwr.o)
                              /home/carlos/workspace fiuba/wsRTO/Lib_MCU_LPC176x/Debug/libLib_MCU_LPC176x.a(lpc_17xx_PERIF.o) (CLKPWR_SetPCLKDiv)
/home/carlos/workspace fiuba/wsRTO/Lib_MCU_LPC176x/Debug/libLib_MCU_LPC176x.a(lpc17xx_libcfg_default.o)
                              /home/carlos/workspace fiuba/wsRTO/Lib_MCU_LPC176x/Debug/libLib_MCU_LPC176x.a(lpc17xx_uart.o) (check_failed)
/usr/local/lpcxpresso_7.2.0_153/lpcxpresso/tools/bin/../lib/gcc/arm-none-eabi/4.8.3/../../../../arm-none-eabi/lib/armv7-m/libcr_semihost.a(_cr__main.o)
                              ./src/cr_startup_lpc17.o (__main)
/usr/local/lpcxpresso_7.2.0_153/lpcxpresso/tools/bin/../lib/gcc/arm-none-eabi/4.8.3/../../../../arm-none-eabi/lib/armv7-m/libcr_c.a(memcpy.o)
                              /home/carlos/workspace fiuba/wsRTO/Lib_FreeRTOS_7p0p1/Debug_LPC176x/libLib_FreeRTOS_7p0p1.a(queue.o) (memcpy)
/usr/local/lpcxpresso_7.2.0_153/lpcxpresso/tools/bin/../lib/gcc/arm-none-eabi/4.8.3/../../../../arm-none-eabi/lib/armv7-m/libcr_c.a(memset.o)
[...]
Memory Configuration

Name             Origin             Length             Attributes
MFlash512        0x00000000         0x00080000         xr
RamLoc32         0x10000000         0x00008000         xrw
RamAHB32         0x2007c000         0x00008000         xrw
*default*        0x00000000         0xffffffff

Linker script and memory map

LOAD ./src/cr_startup_lpc17.o
LOAD ./src/main.o
LOAD /home/carlos/workspace fiuba/wsRTO/Lib_FreeRTOS_7p0p1/Debug_LPC176x/libLib_FreeRTOS_7p0p1.a
LOAD /home/carlos/workspace fiuba/wsRTO/CMSISv2p00_LPC17xx/Debug/libCMSISv2p00_LPC17xx.a
LOAD /home/carlos/workspace fiuba/wsRTO/Lib_API_CAPI/Debug/libLib_API_CAPI.a
LOAD /home/carlos/workspace fiuba/wsRTO/Lib_Contenedores/Debug/libLib_Contenedores.a
LOAD /home/carlos/workspace fiuba/wsRTO/Lib_MCU_LPC176x/Debug/libLib_MCU_LPC176x.a
START GROUP
LOAD /usr/local/lpcxpresso_7.2.0_153/lpcxpresso/tools/bin/../lib/gcc/arm-none-eabi/4.8.3/../../../../arm-none-eabi/lib/armv7-m/libcr_semihost.a
LOAD /usr/local/lpcxpresso_7.2.0_153/lpcxpresso/tools/bin/../lib/gcc/arm-none-eabi/4.8.3/../../../../arm-none-eabi/lib/armv7-m/libcr_c.a
LOAD /usr/local/lpcxpresso_7.2.0_153/lpcxpresso/tools/bin/../lib/gcc/arm-none-eabi/4.8.3/armv7-m/libcr_eabihelpers.a
END GROUP
                0x00080000                __top_MFlash512 = 0x80000
                0x10008000                __top_RamLoc32 = 0x10008000
                0x20084000                __top_RamAHB32 = 0x20084000

.text           0x00000000     0x1fb0
 FILL mask 0xff
                0x00000000                __vectors_start__ = ABSOLUTE (.)
 *(.isr_vector)
 .isr_vector    0x00000000       0xcc ./src/cr_startup_lpc17.o
                0x00000000                g_pfnVectors
                0x000000cc                . = ALIGN (0x4)
                0x000000cc                __section_table_start = .
                0x000000cc                __data_section_table = .
                0x000000cc        0x4 LONG 0x1fb0 LOADADDR (.data)
                0x000000d0        0x4 LONG 0x10000000 ADDR (.data)
                0x000000d4        0x4 LONG 0x14 SIZEOF (.data)
                0x000000d8        0x4 LONG 0x1fb0 LOADADDR (.data_RAM2)
                0x000000dc        0x4 LONG 0x2007c000 ADDR (.data_RAM2)
                0x000000e0        0x4 LONG 0x0 SIZEOF (.data_RAM2)
                0x000000e4                __data_section_table_end = .
                0x000000e4                __bss_section_table = .
                0x000000e4        0x4 LONG 0x10000018 ADDR (.bss)
                0x000000e8        0x4 LONG 0x4a18 SIZEOF (.bss)
                0x000000ec        0x4 LONG 0x2007c000 ADDR (.bss_RAM2)
                0x000000f0        0x4 LONG 0x0 SIZEOF (.bss_RAM2)
                0x000000f4                __bss_section_table_end = .
                0x000000f4                __section_table_end = .
 *(.after_vectors*)
 *(.text*)
 .text.NMI_Handler
                0x000000f4        0x4 ./src/cr_startup_lpc17.o
                0x000000f4                NMI_Handler
 .text.HardFault_Handler
                0x000000f8        0x4 ./src/cr_startup_lpc17.o
                0x000000f8                HardFault_Handler
 .text.MemManage_Handler
                0x000000fc        0x4 ./src/cr_startup_lpc17.o
                0x000000fc                MemManage_Handler
 .text.BusFault_Handler
                0x00000100        0x4 ./src/cr_startup_lpc17.o
                0x00000100                BusFault_Handler
 .text.UsageFault_Handler
                0x00000104        0x4 ./src/cr_startup_lpc17.o
                0x00000104                UsageFault_Handler
 .text.DebugMon_Handler
                0x00000108        0x4 ./src/cr_startup_lpc17.o
                0x00000108                DebugMon_Handler
 .text.IntDefaultHandler
                0x0000010c        0x4 ./src/cr_startup_lpc17.o
                0x0000010c                TIMER2_IRQHandler
                0x0000010c                RIT_IRQHandler
                0x0000010c                I2C0_IRQHandler
                0x0000010c                USBActivity_IRQHandler
                0x0000010c                PWM1_IRQHandler
                0x0000010c                I2C1_IRQHandler
                0x0000010c                EINT2_IRQHandler
                0x0000010c                CANActivity_IRQHandler
                0x0000010c                TIMER3_IRQHandler
                0x0000010c                IntDefaultHandler
                0x0000010c                PLL0_IRQHandler
                0x0000010c                CAN_IRQHandler
                0x0000010c                PLL1_IRQHandler
                0x0000010c                SSP0_IRQHandler
                0x0000010c                I2S_IRQHandler
                0x0000010c                I2C2_IRQHandler
                0x0000010c                RTC_IRQHandler
                0x0000010c                TIMER0_IRQHandler
                0x0000010c                SPI_IRQHandler
                0x0000010c                EINT1_IRQHandler
                0x0000010c                TIMER1_IRQHandler
                0x0000010c                ADC_IRQHandler
                0x0000010c                SSP1_IRQHandler
                0x0000010c                USB_IRQHandler
                0x0000010c                BOD_IRQHandler
                0x0000010c                WDT_IRQHandler
                0x0000010c                QEI_IRQHandler
                0x0000010c                EINT0_IRQHandler
                0x0000010c                DMA_IRQHandler
                0x0000010c                MCPWM_IRQHandler
                0x0000010c                ENET_IRQHandler
 .text.ResetISR
                0x00000110       0x48 ./src/cr_startup_lpc17.o
                0x00000110                ResetISR
 .text.taskLED  0x00000158       0x3c ./src/main.o
                0x00000158                taskLED
 .text.setupHardware
                0x00000194       0x48 ./src/main.o
 .text.EINT3_IRQHandler
                0x000001dc       0x5c ./src/main.o
                0x000001dc                EINT3_IRQHandler
 .text.main     0x00000238       0x3c ./src/main.o
                0x00000238                main
 .text.vApplicationTickHook
                0x00000274       0x18 ./src/main.o
                0x00000274                vApplicationTickHook
 .text.vApplicationIdleHook
                0x0000028c        0x4 ./src/main.o
                0x0000028c                vApplicationIdleHook
 .text.prvIsQueueEmpty
                0x00000290       0x1c /home/carlos/workspace fiuba/wsRTO/Lib_FreeRTOS_7p0p1/Debug_LPC176x/libLib_FreeRTOS_7p0p1.a(queue.o)
 .text.prvCopyDataToQueue
                0x000002ac       0x5c /home/carlos/workspace fiuba/wsRTO/Lib_FreeRTOS_7p0p1/Debug_LPC176x/libLib_FreeRTOS_7p0p1.a(queue.o)
 .text.prvCopyDataFromQueue
                0x00000308       0x24 /home/carlos/workspace fiuba/wsRTO/Lib_FreeRTOS_7p0p1/Debug_LPC176x/libLib_FreeRTOS_7p0p1.a(queue.o)
 .text.prvUnlockQueue
                0x0000032c       0x68 /home/carlos/workspace fiuba/wsRTO/Lib_FreeRTOS_7p0p1/Debug_LPC176x/libLib_FreeRTOS_7p0p1.a(queue.o)
 .text.xQueueCreate
                0x00000394       0x60 /home/carlos/workspace fiuba/wsRTO/Lib_FreeRTOS_7p0p1/Debug_LPC176x/libLib_FreeRTOS_7p0p1.a(queue.o)
                0x00000394                xQueueCreate
 .text.xQueueGenericSendFromISR
                0x000003f4       0x58 /home/carlos/workspace fiuba/wsRTO/Lib_FreeRTOS_7p0p1/Debug_LPC176x/libLib_FreeRTOS_7p0p1.a(queue.o)
                0x000003f4                xQueueGenericSendFromISR
 .text.xQueueGenericReceive
                0x0000044c      0x108 /home/carlos/workspace fiuba/wsRTO/Lib_FreeRTOS_7p0p1/Debug_LPC176x/libLib_FreeRTOS_7p0p1.a(queue.o)
                0x0000044c                xQueueGenericReceive
 .text.usTaskCheckFreeStackSpace
                0x00000554       0x14 /home/carlos/workspace fiuba/wsRTO/Lib_FreeRTOS_7p0p1/Debug_LPC176x/libLib_FreeRTOS_7p0p1.a(tasks.o)
 .text.prvDeleteTCB
                0x00000568       0x14 /home/carlos/workspace fiuba/wsRTO/Lib_FreeRTOS_7p0p1/Debug_LPC176x/libLib_FreeRTOS_7p0p1.a(tasks.o)
 .text.prvAllocateTCBAndStack
                0x0000057c       0x38 /home/carlos/workspace fiuba/wsRTO/Lib_FreeRTOS_7p0p1/Debug_LPC176x/libLib_FreeRTOS_7p0p1.a(tasks.o)
 .text.prvInitialiseTCBVariables
                0x000005b4       0x38 /home/carlos/workspace fiuba/wsRTO/Lib_FreeRTOS_7p0p1/Debug_LPC176x/libLib_FreeRTOS_7p0p1.a(tasks.o)
 .text.prvInitialiseTaskLists
                0x000005ec       0x68 /home/carlos/workspace fiuba/wsRTO/Lib_FreeRTOS_7p0p1/Debug_LPC176x/libLib_FreeRTOS_7p0p1.a(tasks.o)
 .text.prvAddCurrentTaskToDelayedList
                0x00000654       0x54 /home/carlos/workspace fiuba/wsRTO/Lib_FreeRTOS_7p0p1/Debug_LPC176x/libLib_FreeRTOS_7p0p1.a(tasks.o)
 .text.xTaskGenericCreate
                0x000006a8      0x110 /home/carlos/workspace fiuba/wsRTO/Lib_FreeRTOS_7p0p1/Debug_LPC176x/libLib_FreeRTOS_7p0p1.a(tasks.o)
                0x000006a8                xTaskGenericCreate
 .text.vTaskStartScheduler
                0x000007b8       0x4c /home/carlos/workspace fiuba/wsRTO/Lib_FreeRTOS_7p0p1/Debug_LPC176x/libLib_FreeRTOS_7p0p1.a(tasks.o)
                0x000007b8                vTaskStartScheduler
 .text.vTaskSuspendAll
                0x00000804       0x10 /home/carlos/workspace fiuba/wsRTO/Lib_FreeRTOS_7p0p1/Debug_LPC176x/libLib_FreeRTOS_7p0p1.a(tasks.o)
                0x00000804                vTaskSuspendAll
 .text.xTaskGetTickCount
                0x00000814       0x18 /home/carlos/workspace fiuba/wsRTO/Lib_FreeRTOS_7p0p1/Debug_LPC176x/libLib_FreeRTOS_7p0p1.a(tasks.o)
                0x00000814                xTaskGetTickCount
 .text.vTaskIncrementTick
                0x0000082c       0xfc /home/carlos/workspace fiuba/wsRTO/Lib_FreeRTOS_7p0p1/Debug_LPC176x/libLib_FreeRTOS_7p0p1.a(tasks.o)
                0x0000082c                vTaskIncrementTick
 .text.xTaskResumeAll
                0x00000928       0xdc /home/carlos/workspace fiuba/wsRTO/Lib_FreeRTOS_7p0p1/Debug_LPC176x/libLib_FreeRTOS_7p0p1.a(tasks.o)
                0x00000928                xTaskResumeAll
 .text.vTaskDelay
                0x00000a04       0x38 /home/carlos/workspace fiuba/wsRTO/Lib_FreeRTOS_7p0p1/Debug_LPC176x/libLib_FreeRTOS_7p0p1.a(tasks.o)
                0x00000a04                vTaskDelay
 .text.prvCheckTasksWaitingTermination
                0x00000a3c       0x50 /home/carlos/workspace fiuba/wsRTO/Lib_FreeRTOS_7p0p1/Debug_LPC176x/libLib_FreeRTOS_7p0p1.a(tasks.o)
 .text.prvIdleTask
                0x00000a8c        0xc /home/carlos/workspace fiuba/wsRTO/Lib_FreeRTOS_7p0p1/Debug_LPC176x/libLib_FreeRTOS_7p0p1.a(tasks.o)
 .text.vTaskSwitchContext
                0x00000a98       0xe0 /home/carlos/workspace fiuba/wsRTO/Lib_FreeRTOS_7p0p1/Debug_LPC176x/libLib_FreeRTOS_7p0p1.a(tasks.o)
                0x00000a98                vTaskSwitchContext
 .text.vTaskPlaceOnEventList
                0x00000b78       0x40 /home/carlos/workspace fiuba/wsRTO/Lib_FreeRTOS_7p0p1/Debug_LPC176x/libLib_FreeRTOS_7p0p1.a(tasks.o)
                0x00000b78                vTaskPlaceOnEventList
 .text.xTaskRemoveFromEventList
                0x00000bb8       0x6c /home/carlos/workspace fiuba/wsRTO/Lib_FreeRTOS_7p0p1/Debug_LPC176x/libLib_FreeRTOS_7p0p1.a(tasks.o)
                0x00000bb8                xTaskRemoveFromEventList
 .text.vTaskSetTimeOutState
                0x00000c24       0x18 /home/carlos/workspace fiuba/wsRTO/Lib_FreeRTOS_7p0p1/Debug_LPC176x/libLib_FreeRTOS_7p0p1.a(tasks.o)
                0x00000c24                vTaskSetTimeOutState
 .text.xTaskCheckForTimeOut
                0x00000c3c       0x60 /home/carlos/workspace fiuba/wsRTO/Lib_FreeRTOS_7p0p1/Debug_LPC176x/libLib_FreeRTOS_7p0p1.a(tasks.o)
                0x00000c3c                xTaskCheckForTimeOut
 .text.vTaskMissedYield
                0x00000c9c        0xc /home/carlos/workspace fiuba/wsRTO/Lib_FreeRTOS_7p0p1/Debug_LPC176x/libLib_FreeRTOS_7p0p1.a(tasks.o)
                0x00000c9c                vTaskMissedYield
 .text.uxTaskGetStackHighWaterMark
                0x00000ca8       0x18 /home/carlos/workspace fiuba/wsRTO/Lib_FreeRTOS_7p0p1/Debug_LPC176x/libLib_FreeRTOS_7p0p1.a(tasks.o)
                0x00000ca8                uxTaskGetStackHighWaterMark
 .text.xTaskGetCurrentTaskHandle
                0x00000cc0        0xc /home/carlos/workspace fiuba/wsRTO/Lib_FreeRTOS_7p0p1/Debug_LPC176x/libLib_FreeRTOS_7p0p1.a(tasks.o)
                0x00000cc0                xTaskGetCurrentTaskHandle
 .text.vTaskPriorityInherit
                0x00000ccc       0x70 /home/carlos/workspace fiuba/wsRTO/Lib_FreeRTOS_7p0p1/Debug_LPC176x/libLib_FreeRTOS_7p0p1.a(tasks.o)
                0x00000ccc                vTaskPriorityInherit
 .text.vTaskPriorityDisinherit
                0x00000d3c       0x48 /home/carlos/workspace fiuba/wsRTO/Lib_FreeRTOS_7p0p1/Debug_LPC176x/libLib_FreeRTOS_7p0p1.a(tasks.o)
                0x00000d3c                vTaskPriorityDisinherit
 .text.vMemCopy_N_Bytes
                0x00000d84       0x14 /home/carlos/workspace fiuba/wsRTO/Lib_FreeRTOS_7p0p1/Debug_LPC176x/libLib_FreeRTOS_7p0p1.a(trace.o)
                0x00000d84                vMemCopy_N_Bytes
 .text.bSendKernelPacketToUART
                0x00000d98       0x58 /home/carlos/workspace fiuba/wsRTO/Lib_FreeRTOS_7p0p1/Debug_LPC176x/libLib_FreeRTOS_7p0p1.a(trace.o)
                0x00000d98                bSendKernelPacketToUART
 .text.bSendTaskPacketToUART
                0x00000df0       0x50 /home/carlos/workspace fiuba/wsRTO/Lib_FreeRTOS_7p0p1/Debug_LPC176x/libLib_FreeRTOS_7p0p1.a(trace.o)
                0x00000df0                bSendTaskPacketToUART
 .text.vTraceEvtTaskCreated
                0x00000e40       0x40 /home/carlos/workspace fiuba/wsRTO/Lib_FreeRTOS_7p0p1/Debug_LPC176x/libLib_FreeRTOS_7p0p1.a(trace.o)
                0x00000e40                vTraceEvtTaskCreated
 .text.vTraceEvtTick
                0x00000e80        0x4 /home/carlos/workspace fiuba/wsRTO/Lib_FreeRTOS_7p0p1/Debug_LPC176x/libLib_FreeRTOS_7p0p1.a(trace.o)
                0x00000e80                vTraceEvtTick
 .text.vTraceEvtSwitchOut
                0x00000e84       0x48 /home/carlos/workspace fiuba/wsRTO/Lib_FreeRTOS_7p0p1/Debug_LPC176x/libLib_FreeRTOS_7p0p1.a(trace.o)
                0x00000e84                vTraceEvtSwitchOut
 .text.vTraceEvtSwitchIn
                0x00000ecc       0x4c /home/carlos/workspace fiuba/wsRTO/Lib_FreeRTOS_7p0p1/Debug_LPC176x/libLib_FreeRTOS_7p0p1.a(trace.o)
                0x00000ecc                vTraceEvtSwitchIn
 .text.pvPortMalloc
                0x00000f18       0xbc /home/carlos/workspace fiuba/wsRTO/Lib_FreeRTOS_7p0p1/Debug_LPC176x/libLib_FreeRTOS_7p0p1.a(heap_2.o)
                0x00000f18                pvPortMalloc
 .text.vPortFree
                0x00000fd4       0x40 /home/carlos/workspace fiuba/wsRTO/Lib_FreeRTOS_7p0p1/Debug_LPC176x/libLib_FreeRTOS_7p0p1.a(heap_2.o)
                0x00000fd4                vPortFree
 .text.prvSetupTimerInterrupt
                0x00001014       0x18 /home/carlos/workspace fiuba/wsRTO/Lib_FreeRTOS_7p0p1/Debug_LPC176x/libLib_FreeRTOS_7p0p1.a(port.o)
 .text.pxPortInitialiseStack
                0x0000102c       0x1c /home/carlos/workspace fiuba/wsRTO/Lib_FreeRTOS_7p0p1/Debug_LPC176x/libLib_FreeRTOS_7p0p1.a(port.o)
                0x0000102c                pxPortInitialiseStack
 .text.vPortSVCHandler
                0x00001048       0x20 /home/carlos/workspace fiuba/wsRTO/Lib_FreeRTOS_7p0p1/Debug_LPC176x/libLib_FreeRTOS_7p0p1.a(port.o)
                0x00001048                vPortSVCHandler
 .text.vPortStartFirstTask
                0x00001068       0x14 /home/carlos/workspace fiuba/wsRTO/Lib_FreeRTOS_7p0p1/Debug_LPC176x/libLib_FreeRTOS_7p0p1.a(port.o)
                0x00001068                vPortStartFirstTask
 .text.xPortStartScheduler
                0x0000107c       0x30 /home/carlos/workspace fiuba/wsRTO/Lib_FreeRTOS_7p0p1/Debug_LPC176x/libLib_FreeRTOS_7p0p1.a(port.o)
                0x0000107c                xPortStartScheduler
 .text.vPortYieldFromISR
                0x000010ac       0x10 /home/carlos/workspace fiuba/wsRTO/Lib_FreeRTOS_7p0p1/Debug_LPC176x/libLib_FreeRTOS_7p0p1.a(port.o)
                0x000010ac                vPortYieldFromISR
 .text.vPortEnterCritical
                0x000010bc       0x18 /home/carlos/workspace fiuba/wsRTO/Lib_FreeRTOS_7p0p1/Debug_LPC176x/libLib_FreeRTOS_7p0p1.a(port.o)
                0x000010bc                vPortEnterCritical
 .text.vPortExitCritical
                0x000010d4       0x18 /home/carlos/workspace fiuba/wsRTO/Lib_FreeRTOS_7p0p1/Debug_LPC176x/libLib_FreeRTOS_7p0p1.a(port.o)
                0x000010d4                vPortExitCritical
 .text.xPortPendSVHandler
                0x000010ec       0x3c /home/carlos/workspace fiuba/wsRTO/Lib_FreeRTOS_7p0p1/Debug_LPC176x/libLib_FreeRTOS_7p0p1.a(port.o)
                0x000010ec                xPortPendSVHandler
 .text.xPortSysTickHandler
                0x00001128       0x24 /home/carlos/workspace fiuba/wsRTO/Lib_FreeRTOS_7p0p1/Debug_LPC176x/libLib_FreeRTOS_7p0p1.a(port.o)
                0x00001128                xPortSysTickHandler
 .text.vListInitialise
                0x0000114c       0x18 /home/carlos/workspace fiuba/wsRTO/Lib_FreeRTOS_7p0p1/Debug_LPC176x/libLib_FreeRTOS_7p0p1.a(list.o)
                0x0000114c                vListInitialise
 .text.vListInitialiseItem
                0x00001164        0x8 /home/carlos/workspace fiuba/wsRTO/Lib_FreeRTOS_7p0p1/Debug_LPC176x/libLib_FreeRTOS_7p0p1.a(list.o)
                0x00001164                vListInitialiseItem
 .text.vListInsertEnd
                0x0000116c       0x1c /home/carlos/workspace fiuba/wsRTO/Lib_FreeRTOS_7p0p1/Debug_LPC176x/libLib_FreeRTOS_7p0p1.a(list.o)
                0x0000116c                vListInsertEnd
 .text.vListInsert
                0x00001188       0x38 /home/carlos/workspace fiuba/wsRTO/Lib_FreeRTOS_7p0p1/Debug_LPC176x/libLib_FreeRTOS_7p0p1.a(list.o)
                0x00001188                vListInsert
 .text.vListRemove
                0x000011c0       0x24 /home/carlos/workspace fiuba/wsRTO/Lib_FreeRTOS_7p0p1/Debug_LPC176x/libLib_FreeRTOS_7p0p1.a(list.o)
                0x000011c0                vListRemove
 .text.SystemInit
                0x000011e4       0xe0 /home/carlos/workspace fiuba/wsRTO/CMSISv2p00_LPC17xx/Debug/libCMSISv2p00_LPC17xx.a(system_LPC17xx.o)
                0x000011e4                SystemInit
 .text.Activar  0x000012c4       0x18 /home/carlos/workspace fiuba/wsRTO/Lib_API_CAPI/Debug/libLib_API_CAPI.a(GPIO.o)
                0x000012c4                Activar
 .text.Pasivar  0x000012dc       0x18 /home/carlos/workspace fiuba/wsRTO/Lib_API_CAPI/Debug/libLib_API_CAPI.a(GPIO.o)
                0x000012dc                Pasivar
 .text.GPIO_Init
                0x000012f4       0x34 /home/carlos/workspace fiuba/wsRTO/Lib_API_CAPI/Debug/libLib_API_CAPI.a(GPIO.o)
                0x000012f4                GPIO_Init
 .text.UARTputs
                0x00001328       0x44 /home/carlos/workspace fiuba/wsRTO/Lib_API_CAPI/Debug/libLib_API_CAPI.a(UART.o)
                0x00001328                UARTputs
 .text.ColaReponerPuntero
                0x0000136c       0x10 /home/carlos/workspace fiuba/wsRTO/Lib_Contenedores/Debug/libLib_Contenedores.a(ColaCircular.o)
 .text.ColaDisponible
                0x0000137c        0x8 /home/carlos/workspace fiuba/wsRTO/Lib_Contenedores/Debug/libLib_Contenedores.a(ColaCircular.o)
                0x0000137c                ColaDisponible
 .text.ColaLlena
                0x00001384       0x10 /home/carlos/workspace fiuba/wsRTO/Lib_Contenedores/Debug/libLib_Contenedores.a(ColaCircular.o)
                0x00001384                ColaLlena
 .text.ColaPoner
                0x00001394       0x30 /home/carlos/workspace fiuba/wsRTO/Lib_Contenedores/Debug/libLib_Contenedores.a(ColaCircular.o)
                0x00001394                ColaPoner
 .text.ColaVacia
                0x000013c4        0xc /home/carlos/workspace fiuba/wsRTO/Lib_Contenedores/Debug/libLib_Contenedores.a(ColaCircular.o)
                0x000013c4                ColaVacia
 .text.ColaSacar
                0x000013d0       0x2c /home/carlos/workspace fiuba/wsRTO/Lib_Contenedores/Debug/libLib_Contenedores.a(ColaCircular.o)
                0x000013d0                ColaSacar
 .text.Direccion
                0x000013fc       0x18 /home/carlos/workspace fiuba/wsRTO/Lib_MCU_LPC176x/Debug/libLib_MCU_LPC176x.a(lpc_17xx_GPIO.o)
                0x000013fc                Direccion
 .text.Set      0x00001414       0x10 /home/carlos/workspace fiuba/wsRTO/Lib_MCU_LPC176x/Debug/libLib_MCU_LPC176x.a(lpc_17xx_GPIO.o)
                0x00001414                Set
 .text.Clear    0x00001424       0x10 /home/carlos/workspace fiuba/wsRTO/Lib_MCU_LPC176x/Debug/libLib_MCU_LPC176x.a(lpc_17xx_GPIO.o)
                0x00001424                Clear
 .text.PIN_Init
                0x00001434       0x38 /home/carlos/workspace fiuba/wsRTO/Lib_MCU_LPC176x/Debug/libLib_MCU_LPC176x.a(lpc_17xx_PIN.o)
                0x00001434                PIN_Init
 .text.getUartPtr
                0x0000146c       0x34 /home/carlos/workspace fiuba/wsRTO/Lib_MCU_LPC176x/Debug/libLib_MCU_LPC176x.a(lpc_17xx_UART.o)
 .text.UARTputchar
                0x000014a0       0x14 /home/carlos/workspace fiuba/wsRTO/Lib_MCU_LPC176x/Debug/libLib_MCU_LPC176x.a(lpc_17xx_UART.o)
                0x000014a0                UARTputchar
 .text.UARTgetchar
                0x000014b4        0xc /home/carlos/workspace fiuba/wsRTO/Lib_MCU_LPC176x/Debug/libLib_MCU_LPC176x.a(lpc_17xx_UART.o)
                0x000014b4                UARTgetchar
 .text.UART_IntTransmision
                0x000014c0       0x2c /home/carlos/workspace fiuba/wsRTO/Lib_MCU_LPC176x/Debug/libLib_MCU_LPC176x.a(lpc_17xx_UART.o)
                0x000014c0                UART_IntTransmision
 .text.UART_IntRecepcion
                0x000014ec       0x20 /home/carlos/workspace fiuba/wsRTO/Lib_MCU_LPC176x/Debug/libLib_MCU_LPC176x.a(lpc_17xx_UART.o)
                0x000014ec                UART_IntRecepcion
 .text.UART_ISR
                0x0000150c       0x30 /home/carlos/workspace fiuba/wsRTO/Lib_MCU_LPC176x/Debug/libLib_MCU_LPC176x.a(lpc_17xx_UART.o)
 .text.UART0_IRQHandler
                0x0000153c       0x10 /home/carlos/workspace fiuba/wsRTO/Lib_MCU_LPC176x/Debug/libLib_MCU_LPC176x.a(lpc_17xx_UART.o)
                0x0000153c                UART0_IRQHandler
 .text.UART1_IRQHandler
                0x0000154c       0x10 /home/carlos/workspace fiuba/wsRTO/Lib_MCU_LPC176x/Debug/libLib_MCU_LPC176x.a(lpc_17xx_UART.o)
                0x0000154c                UART1_IRQHandler
 .text.UART2_IRQHandler
                0x0000155c       0x10 /home/carlos/workspace fiuba/wsRTO/Lib_MCU_LPC176x/Debug/libLib_MCU_LPC176x.a(lpc_17xx_UART.o)
                0x0000155c                UART2_IRQHandler
 .text.UART3_IRQHandler
                0x0000156c       0x10 /home/carlos/workspace fiuba/wsRTO/Lib_MCU_LPC176x/Debug/libLib_MCU_LPC176x.a(lpc_17xx_UART.o)
                0x0000156c                UART3_IRQHandler
 .text.GPIO_GetPointer
                0x0000157c       0x3c /home/carlos/workspace fiuba/wsRTO/Lib_MCU_LPC176x/Debug/libLib_MCU_LPC176x.a(lpc17xx_gpio.o)
 .text.GPIO_SetDir
                0x000015b8       0x20 /home/carlos/workspace fiuba/wsRTO/Lib_MCU_LPC176x/Debug/libLib_MCU_LPC176x.a(lpc17xx_gpio.o)
                0x000015b8                GPIO_SetDir
 .text.GPIO_SetValue
                0x000015d8       0x10 /home/carlos/workspace fiuba/wsRTO/Lib_MCU_LPC176x/Debug/libLib_MCU_LPC176x.a(lpc17xx_gpio.o)
                0x000015d8                GPIO_SetValue
 .text.GPIO_ClearValue
                0x000015e8       0x10 /home/carlos/workspace fiuba/wsRTO/Lib_MCU_LPC176x/Debug/libLib_MCU_LPC176x.a(lpc17xx_gpio.o)
                0x000015e8                GPIO_ClearValue
 .text.set_PinFunc
                0x000015f8       0x38 /home/carlos/workspace fiuba/wsRTO/Lib_MCU_LPC176x/Debug/libLib_MCU_LPC176x.a(lpc17xx_pinsel.o)
 .text.set_ResistorMode
                0x00001630       0x34 /home/carlos/workspace fiuba/wsRTO/Lib_MCU_LPC176x/Debug/libLib_MCU_LPC176x.a(lpc17xx_pinsel.o)
 .text.set_OpenDrainMode
                0x00001664       0x30 /home/carlos/workspace fiuba/wsRTO/Lib_MCU_LPC176x/Debug/libLib_MCU_LPC176x.a(lpc17xx_pinsel.o)
 .text.PINSEL_ConfigPin
                0x00001694       0x24 /home/carlos/workspace fiuba/wsRTO/Lib_MCU_LPC176x/Debug/libLib_MCU_LPC176x.a(lpc17xx_pinsel.o)
                0x00001694                PINSEL_ConfigPin
 .text.UART_SendByte
                0x000016b8       0x3c /home/carlos/workspace fiuba/wsRTO/Lib_MCU_LPC176x/Debug/libLib_MCU_LPC176x.a(lpc17xx_uart.o)
                0x000016b8                UART_SendByte
 .text.UART_ReceiveByte
                0x000016f4       0x3c /home/carlos/workspace fiuba/wsRTO/Lib_MCU_LPC176x/Debug/libLib_MCU_LPC176x.a(lpc17xx_uart.o)
                0x000016f4                UART_ReceiveByte
 .text.UART_GetIntId
                0x00001730       0x40 /home/carlos/workspace fiuba/wsRTO/Lib_MCU_LPC176x/Debug/libLib_MCU_LPC176x.a(lpc17xx_uart.o)
                0x00001730                UART_GetIntId
 .text.check_failed
                0x00001770        0x4 /home/carlos/workspace fiuba/wsRTO/Lib_MCU_LPC176x/Debug/libLib_MCU_LPC176x.a(lpc17xx_libcfg_default.o)
                0x00001770                check_failed
 .text.__main   0x00001774       0x14 /usr/local/lpcxpresso_7.2.0_153/lpcxpresso/tools/bin/../lib/gcc/arm-none-eabi/4.8.3/../../../../arm-none-eabi/lib/armv7-m/libcr_semihost.a(_cr__main.o)
                0x00001774                __main
                0x00001774                __CR_SEMIHOST
 .text.memcpy   0x00001788        0x4 /usr/local/lpcxpresso_7.2.0_153/lpcxpresso/tools/bin/../lib/gcc/arm-none-eabi/4.8.3/../../../../arm-none-eabi/lib/armv7-m/libcr_c.a(memcpy.o)
                0x00001788                memcpy
 .text.memset   0x0000178c        0x4 /usr/local/lpcxpresso_7.2.0_153/lpcxpresso/tools/bin/../lib/gcc/arm-none-eabi/4.8.3/../../../../arm-none-eabi/lib/armv7-m/libcr_c.a(memset.o)
                0x0000178c                memset
 .text._initio  0x00001790       0xa4 /usr/local/lpcxpresso_7.2.0_153/lpcxpresso/tools/bin/../lib/gcc/arm-none-eabi/4.8.3/../../../../arm-none-eabi/lib/armv7-m/libcr_c.a(initio.o)
                0x00001790                _initio
 .text.setvbuf  0x00001834       0x40 /usr/local/lpcxpresso_7.2.0_153/lpcxpresso/tools/bin/../lib/gcc/arm-none-eabi/4.8.3/../../../../arm-none-eabi/lib/armv7-m/libcr_c.a(setvbuf.o)
                0x00001834                setvbuf
 .text.strlen   0x00001874       0x4a /usr/local/lpcxpresso_7.2.0_153/lpcxpresso/tools/bin/../lib/gcc/arm-none-eabi/4.8.3/../../../../arm-none-eabi/lib/armv7-m/libcr_c.a(strlen.o)
                0x00001874                strlen
 .text.strncpy  0x000018be       0x58 /usr/local/lpcxpresso_7.2.0_153/lpcxpresso/tools/bin/../lib/gcc/arm-none-eabi/4.8.3/../../../../arm-none-eabi/lib/armv7-m/libcr_c.a(strncpy.o)
                0x000018be                strncpy
 .text._deferredlazyseek
                0x00001916       0x44 /usr/local/lpcxpresso_7.2.0_153/lpcxpresso/tools/bin/../lib/gcc/arm-none-eabi/4.8.3/../../../../arm-none-eabi/lib/armv7-m/libcr_c.a(_deferredlazyseek.o)
                0x00001916                _deferredlazyseek
 .text._fdopen  0x0000195a       0x6a /usr/local/lpcxpresso_7.2.0_153/lpcxpresso/tools/bin/../lib/gcc/arm-none-eabi/4.8.3/../../../../arm-none-eabi/lib/armv7-m/libcr_c.a(_fdopen.o)
                0x0000195a                _fdopen
 .text._fflush  0x000019c4       0x58 /usr/local/lpcxpresso_7.2.0_153/lpcxpresso/tools/bin/../lib/gcc/arm-none-eabi/4.8.3/../../../../arm-none-eabi/lib/armv7-m/libcr_c.a(_fflush.o)
                0x000019c4                _fflush
 .text._Cwritebuf
                0x00001a1c       0x70 /usr/local/lpcxpresso_7.2.0_153/lpcxpresso/tools/bin/../lib/gcc/arm-none-eabi/4.8.3/../../../../arm-none-eabi/lib/armv7-m/libcr_c.a(_writebuf.o)
                0x00001a1c                _Cwritebuf
 .text.malloc   0x00001a8c       0xc4 /usr/local/lpcxpresso_7.2.0_153/lpcxpresso/tools/bin/../lib/gcc/arm-none-eabi/4.8.3/../../../../arm-none-eabi/lib/armv7-m/libcr_c.a(alloc.o)
                0x00001a8c                malloc
 .text.free     0x00001b50        0xc /usr/local/lpcxpresso_7.2.0_153/lpcxpresso/tools/bin/../lib/gcc/arm-none-eabi/4.8.3/../../../../arm-none-eabi/lib/armv7-m/libcr_c.a(alloc.o)
                0x00001b50                free
 .text._Csys_alloc
                0x00001b5c       0x20 /usr/local/lpcxpresso_7.2.0_153/lpcxpresso/tools/bin/../lib/gcc/arm-none-eabi/4.8.3/../../../../arm-none-eabi/lib/armv7-m/libcr_c.a(alloc.o)
                0x00001b5c                _Csys_alloc
 .text.fclose   0x00001b7c       0x6c /usr/local/lpcxpresso_7.2.0_153/lpcxpresso/tools/bin/../lib/gcc/arm-none-eabi/4.8.3/../../../../arm-none-eabi/lib/armv7-m/libcr_c.a(fclose.o)
                0x00001b7c                fclose
 .text.fflush   0x00001be8       0x30 /usr/local/lpcxpresso_7.2.0_153/lpcxpresso/tools/bin/../lib/gcc/arm-none-eabi/4.8.3/../../../../arm-none-eabi/lib/armv7-m/libcr_c.a(fflush.o)
                0x00001be8                fflush
 .text.fseek    0x00001c18      0x10c /usr/local/lpcxpresso_7.2.0_153/lpcxpresso/tools/bin/../lib/gcc/arm-none-eabi/4.8.3/../../../../arm-none-eabi/lib/armv7-m/libcr_c.a(fseek.o)
                0x00001c18                fseek
 .text.ftell    0x00001d24       0x4c /usr/local/lpcxpresso_7.2.0_153/lpcxpresso/tools/bin/../lib/gcc/arm-none-eabi/4.8.3/../../../../arm-none-eabi/lib/armv7-m/libcr_c.a(ftell.o)
                0x00001d24                ftell
 .text.remove   0x00001d70       0x14 /usr/local/lpcxpresso_7.2.0_153/lpcxpresso/tools/bin/../lib/gcc/arm-none-eabi/4.8.3/../../../../arm-none-eabi/lib/armv7-m/libcr_c.a(remove.o)
                0x00001d70                remove
 .text._sbrk    0x00001d84       0x40 /usr/local/lpcxpresso_7.2.0_153/lpcxpresso/tools/bin/../lib/gcc/arm-none-eabi/4.8.3/../../../../arm-none-eabi/lib/armv7-m/libcr_c.a(_cr_sbrk.o)
                0x00001d84                _sbrk
 .text._do_fflush
                0x00001dc4       0x44 /usr/local/lpcxpresso_7.2.0_153/lpcxpresso/tools/bin/../lib/gcc/arm-none-eabi/4.8.3/../../../../arm-none-eabi/lib/armv7-m/libcr_c.a(_do_fflush.o)
                0x00001dc4                _do_fflush
 .text.__check_heap_overflow
                0x00001e08       0x2c /usr/local/lpcxpresso_7.2.0_153/lpcxpresso/tools/bin/../lib/gcc/arm-none-eabi/4.8.3/../../../../arm-none-eabi/lib/armv7-m/libcr_c.a(_cr_check_heap.o)
                0x00001e08                __check_heap_overflow
 .text.__aeabi_memcpy
                0x00001e34       0x2a /usr/local/lpcxpresso_7.2.0_153/lpcxpresso/tools/bin/../lib/gcc/arm-none-eabi/4.8.3/armv7-m/libcr_eabihelpers.a(memcpy.o)
                0x00001e34                __aeabi_memcpy
                0x00001e34                __aeabi_memcpy4
                0x00001e34                __aeabi_memcpy8
 .text.__aeabi_memset_lowlevel
                0x00001e5e       0x2c /usr/local/lpcxpresso_7.2.0_153/lpcxpresso/tools/bin/../lib/gcc/arm-none-eabi/4.8.3/armv7-m/libcr_eabihelpers.a(memcpy.o)
                0x00001e5e                __aeabi_lowlevel_memset
 *fill*         0x00001e8a        0x2 
 .text.__sys_appexit
                0x00001e8c        0xc /usr/local/lpcxpresso_7.2.0_153/lpcxpresso/tools/bin/../lib/gcc/arm-none-eabi/4.8.3/../../../../arm-none-eabi/lib/armv7-m/libcr_semihost.a(__sys_appexit.o)
                0x00001e8c                __exit
                0x00001e8c                __sys_appexit
 .text.__sys_close
                0x00001e98        0xc /usr/local/lpcxpresso_7.2.0_153/lpcxpresso/tools/bin/../lib/gcc/arm-none-eabi/4.8.3/../../../../arm-none-eabi/lib/armv7-m/libcr_semihost.a(__sys_close.o)
                0x00001e98                __sys_close
 .text.__sys_flen
                0x00001ea4        0xc /usr/local/lpcxpresso_7.2.0_153/lpcxpresso/tools/bin/../lib/gcc/arm-none-eabi/4.8.3/../../../../arm-none-eabi/lib/armv7-m/libcr_semihost.a(__sys_flen.o)
                0x00001ea4                __sys_flen
 .text.__sys_istty
                0x00001eb0        0xc /usr/local/lpcxpresso_7.2.0_153/lpcxpresso/tools/bin/../lib/gcc/arm-none-eabi/4.8.3/../../../../arm-none-eabi/lib/armv7-m/libcr_semihost.a(__sys_istty.o)
                0x00001eb0                __sys_istty
 .text.__sys_remove
                0x00001ebc        0xc /usr/local/lpcxpresso_7.2.0_153/lpcxpresso/tools/bin/../lib/gcc/arm-none-eabi/4.8.3/../../../../arm-none-eabi/lib/armv7-m/libcr_semihost.a(__sys_remove.o)
                0x00001ebc                __sys_remove
 .text.__sys_seek
                0x00001ec8        0xc /usr/local/lpcxpresso_7.2.0_153/lpcxpresso/tools/bin/../lib/gcc/arm-none-eabi/4.8.3/../../../../arm-none-eabi/lib/armv7-m/libcr_semihost.a(__sys_seek.o)
                0x00001ec8                __sys_seek
 .text.__sys_tmpnam
                0x00001ed4        0xc /usr/local/lpcxpresso_7.2.0_153/lpcxpresso/tools/bin/../lib/gcc/arm-none-eabi/4.8.3/../../../../arm-none-eabi/lib/armv7-m/libcr_semihost.a(__sys_tmpnam.o)
                0x00001ed4                __sys_tmpnam
 .text.__sys_write
                0x00001ee0        0xc /usr/local/lpcxpresso_7.2.0_153/lpcxpresso/tools/bin/../lib/gcc/arm-none-eabi/4.8.3/../../../../arm-none-eabi/lib/armv7-m/libcr_semihost.a(__sys_write.o)
                0x00001ee0                __write
                0x00001ee0                __sys_write
 *(.rodata .rodata.* .constdata .constdata.*)
 .rodata.str1.4
                0x00001eec        0x8 ./src/main.o
 .rodata.str1.4
                0x00001ef4       0x19 /home/carlos/workspace fiuba/wsRTO/Lib_FreeRTOS_7p0p1/Debug_LPC176x/libLib_FreeRTOS_7p0p1.a(tasks.o)
                                 0x20 (size before relaxing)
 *fill*         0x00001f0d        0x3 
 .rodata.str1.4
                0x00001f10       0x59 /home/carlos/workspace fiuba/wsRTO/Lib_FreeRTOS_7p0p1/Debug_LPC176x/libLib_FreeRTOS_7p0p1.a(trace.o)
                                 0x5c (size before relaxing)
 *fill*         0x00001f69        0x3 
 .rodata.str1.4
                0x00001f6c       0x28 /home/carlos/workspace fiuba/wsRTO/Lib_MCU_LPC176x/Debug/libLib_MCU_LPC176x.a(lpc17xx_uart.o)
 .rodata.str1.1
                0x00001f94        0x4 /usr/local/lpcxpresso_7.2.0_153/lpcxpresso/tools/bin/../lib/gcc/arm-none-eabi/4.8.3/../../../../arm-none-eabi/lib/armv7-m/libcr_c.a(initio.o)
 .rodata.str1.1
                0x00001f98       0x18 /usr/local/lpcxpresso_7.2.0_153/lpcxpresso/tools/bin/../lib/gcc/arm-none-eabi/4.8.3/../../../../arm-none-eabi/lib/armv7-m/libcr_c.a(alloc.o)
                0x00001fb0                . = ALIGN (0x4)

.glue_7         0x00001fb0        0x0
 .glue_7        0x00000000        0x0 linker stubs

.glue_7t        0x00001fb0        0x0
 .glue_7t       0x00000000        0x0 linker stubs

.vfp11_veneer   0x00001fb0        0x0
 .vfp11_veneer  0x00000000        0x0 linker stubs

.v4_bx          0x00001fb0        0x0
 .v4_bx         0x00000000        0x0 linker stubs

.iplt           0x00001fb0        0x0
 .iplt          0x00000000        0x0 ./src/cr_startup_lpc17.o

.rel.dyn        0x00001fb0        0x0
 .rel.iplt      0x00000000        0x0 ./src/cr_startup_lpc17.o

.ARM.extab
 *(.ARM.extab* .gnu.linkonce.armextab.*)
                0x00001fb0                __exidx_start = .

.ARM.exidx
 *(.ARM.exidx* .gnu.linkonce.armexidx.*)
                0x00001fb0                __exidx_end = .
                0x00001fb0                _etext = .

.data_RAM2      0x2007c000        0x0 load address 0x00001fb0
 FILL mask 0xff
 *(.ramfunc.$RAM2)
 *(.ramfunc.$RamAHB32)
 *(.data.$RAM2*)
 *(.data.$RamAHB32*)
                0x2007c000                . = ALIGN (0x4)

.uninit_RESERVED
                0x10000000        0x0
 *(.bss.$RESERVED*)
                0x10000000                . = ALIGN (0x4)
                0x10000000                _end_uninit_RESERVED = .

.data           0x10000000       0x14 load address 0x00001fb0
 FILL mask 0xff
                0x10000000                _data = .
 *(vtable)
 *(.ramfunc*)
 *(.data*)
 .data.contarTicks
                0x10000000        0x4 ./src/main.o
                0x10000000                contarTicks
 .data.xNextTaskUnblockTime
                0x10000004        0x4 /home/carlos/workspace fiuba/wsRTO/Lib_FreeRTOS_7p0p1/Debug_LPC176x/libLib_FreeRTOS_7p0p1.a(tasks.o)
 .data.uxPreviousTask
                0x10000008        0x4 /home/carlos/workspace fiuba/wsRTO/Lib_FreeRTOS_7p0p1/Debug_LPC176x/libLib_FreeRTOS_7p0p1.a(tasks.o)
 .data.xFreeBytesRemaining
                0x1000000c        0x4 /home/carlos/workspace fiuba/wsRTO/Lib_FreeRTOS_7p0p1/Debug_LPC176x/libLib_FreeRTOS_7p0p1.a(heap_2.o)
 .data.uxCriticalNesting
                0x10000010        0x4 /home/carlos/workspace fiuba/wsRTO/Lib_FreeRTOS_7p0p1/Debug_LPC176x/libLib_FreeRTOS_7p0p1.a(port.o)
                0x10000014                . = ALIGN (0x4)
                0x10000014                _edata = .

.igot.plt       0x10000014        0x0 load address 0x00001fc4
 .igot.plt      0x00000000        0x0 ./src/cr_startup_lpc17.o

.bss_RAM2       0x2007c000        0x0
 *(.bss.$RAM2*)
 *(.bss.$RamAHB32*)
                0x2007c000                . = ALIGN (0x4)

.bss            0x10000018     0x4a18
                0x10000018                _bss = .
 *(.bss*)
 .bss.xHigherPriorityTaskWoken.5493
                0x10000018        0x4 ./src/main.o
 .bss.uxTopReadyPriority
                0x1000001c        0x4 /home/carlos/workspace fiuba/wsRTO/Lib_FreeRTOS_7p0p1/Debug_LPC176x/libLib_FreeRTOS_7p0p1.a(tasks.o)
 .bss.uxTasksDeleted
                0x10000020        0x4 /home/carlos/workspace fiuba/wsRTO/Lib_FreeRTOS_7p0p1/Debug_LPC176x/libLib_FreeRTOS_7p0p1.a(tasks.o)
 .bss.uxCurrentNumberOfTasks
                0x10000024        0x4 /home/carlos/workspace fiuba/wsRTO/Lib_FreeRTOS_7p0p1/Debug_LPC176x/libLib_FreeRTOS_7p0p1.a(tasks.o)
 .bss.pxReadyTasksLists
                0x10000028       0x64 /home/carlos/workspace fiuba/wsRTO/Lib_FreeRTOS_7p0p1/Debug_LPC176x/libLib_FreeRTOS_7p0p1.a(tasks.o)
 .bss.pxOverflowDelayedTaskList
                0x1000008c        0x4 /home/carlos/workspace fiuba/wsRTO/Lib_FreeRTOS_7p0p1/Debug_LPC176x/libLib_FreeRTOS_7p0p1.a(tasks.o)
 .bss.xTasksWaitingTermination
                0x10000090       0x14 /home/carlos/workspace fiuba/wsRTO/Lib_FreeRTOS_7p0p1/Debug_LPC176x/libLib_FreeRTOS_7p0p1.a(tasks.o)
 .bss.xTracing  0x100000a4        0x4 /home/carlos/workspace fiuba/wsRTO/Lib_FreeRTOS_7p0p1/Debug_LPC176x/libLib_FreeRTOS_7p0p1.a(tasks.o)
 .bss.pxDelayedTaskList
                0x100000a8        0x4 /home/carlos/workspace fiuba/wsRTO/Lib_FreeRTOS_7p0p1/Debug_LPC176x/libLib_FreeRTOS_7p0p1.a(tasks.o)
 .bss.xPendingReadyList
                0x100000ac       0x14 /home/carlos/workspace fiuba/wsRTO/Lib_FreeRTOS_7p0p1/Debug_LPC176x/libLib_FreeRTOS_7p0p1.a(tasks.o)
 .bss.xSchedulerRunning
                0x100000c0        0x4 /home/carlos/workspace fiuba/wsRTO/Lib_FreeRTOS_7p0p1/Debug_LPC176x/libLib_FreeRTOS_7p0p1.a(tasks.o)
 .bss.xMissedYield
                0x100000c4        0x4 /home/carlos/workspace fiuba/wsRTO/Lib_FreeRTOS_7p0p1/Debug_LPC176x/libLib_FreeRTOS_7p0p1.a(tasks.o)
 .bss.pcTraceBuffer
                0x100000c8        0x4 /home/carlos/workspace fiuba/wsRTO/Lib_FreeRTOS_7p0p1/Debug_LPC176x/libLib_FreeRTOS_7p0p1.a(tasks.o)
 .bss.pxCurrentTCB
                0x100000cc        0x4 /home/carlos/workspace fiuba/wsRTO/Lib_FreeRTOS_7p0p1/Debug_LPC176x/libLib_FreeRTOS_7p0p1.a(tasks.o)
                0x100000cc                pxCurrentTCB
 .bss.xSuspendedTaskList
                0x100000d0       0x14 /home/carlos/workspace fiuba/wsRTO/Lib_FreeRTOS_7p0p1/Debug_LPC176x/libLib_FreeRTOS_7p0p1.a(tasks.o)
 .bss.xDelayedTaskList1
                0x100000e4       0x14 /home/carlos/workspace fiuba/wsRTO/Lib_FreeRTOS_7p0p1/Debug_LPC176x/libLib_FreeRTOS_7p0p1.a(tasks.o)
 .bss.xDelayedTaskList2
                0x100000f8       0x14 /home/carlos/workspace fiuba/wsRTO/Lib_FreeRTOS_7p0p1/Debug_LPC176x/libLib_FreeRTOS_7p0p1.a(tasks.o)
 .bss.uxTaskNumber
                0x1000010c        0x4 /home/carlos/workspace fiuba/wsRTO/Lib_FreeRTOS_7p0p1/Debug_LPC176x/libLib_FreeRTOS_7p0p1.a(tasks.o)
 .bss.uxSchedulerSuspended
                0x10000110        0x4 /home/carlos/workspace fiuba/wsRTO/Lib_FreeRTOS_7p0p1/Debug_LPC176x/libLib_FreeRTOS_7p0p1.a(tasks.o)
 .bss.uxMissedTicks
                0x10000114        0x4 /home/carlos/workspace fiuba/wsRTO/Lib_FreeRTOS_7p0p1/Debug_LPC176x/libLib_FreeRTOS_7p0p1.a(tasks.o)
 .bss.pcTraceBufferEnd
                0x10000118        0x4 /home/carlos/workspace fiuba/wsRTO/Lib_FreeRTOS_7p0p1/Debug_LPC176x/libLib_FreeRTOS_7p0p1.a(tasks.o)
 .bss.xNumOfOverflows
                0x1000011c        0x4 /home/carlos/workspace fiuba/wsRTO/Lib_FreeRTOS_7p0p1/Debug_LPC176x/libLib_FreeRTOS_7p0p1.a(tasks.o)
 .bss.xTickCount
                0x10000120        0x4 /home/carlos/workspace fiuba/wsRTO/Lib_FreeRTOS_7p0p1/Debug_LPC176x/libLib_FreeRTOS_7p0p1.a(tasks.o)
 .bss.uxTopUsedPriority
                0x10000124        0x4 /home/carlos/workspace fiuba/wsRTO/Lib_FreeRTOS_7p0p1/Debug_LPC176x/libLib_FreeRTOS_7p0p1.a(tasks.o)
 .bss.xHeap     0x10000128     0x2800 /home/carlos/workspace fiuba/wsRTO/Lib_FreeRTOS_7p0p1/Debug_LPC176x/libLib_FreeRTOS_7p0p1.a(heap_2.o)
 .bss.xStart    0x10002928        0x8 /home/carlos/workspace fiuba/wsRTO/Lib_FreeRTOS_7p0p1/Debug_LPC176x/libLib_FreeRTOS_7p0p1.a(heap_2.o)
 .bss.xHeapHasBeenInitialised.5229
                0x10002930        0x4 /home/carlos/workspace fiuba/wsRTO/Lib_FreeRTOS_7p0p1/Debug_LPC176x/libLib_FreeRTOS_7p0p1.a(heap_2.o)
 .bss.xEnd      0x10002934        0x8 /home/carlos/workspace fiuba/wsRTO/Lib_FreeRTOS_7p0p1/Debug_LPC176x/libLib_FreeRTOS_7p0p1.a(heap_2.o)
 .bss.errno     0x1000293c        0x4 /usr/local/lpcxpresso_7.2.0_153/lpcxpresso/tools/bin/../lib/gcc/arm-none-eabi/4.8.3/../../../../arm-none-eabi/lib/armv7-m/libcr_c.a(errno.o)
                0x1000293c                errno
 *(COMMON)
 COMMON         0x10002940       0x24 ./src/main.o
                0x10002940                led
                0x10002950                cola
                0x10002954                pulsador
 COMMON         0x10002964       0x30 /home/carlos/workspace fiuba/wsRTO/Lib_FreeRTOS_7p0p1/Debug_LPC176x/libLib_FreeRTOS_7p0p1.a(trace.o)
                0x10002964                trace_console
 COMMON         0x10002994     0x1f50 /home/carlos/workspace fiuba/wsRTO/Lib_MCU_LPC176x/Debug/libLib_MCU_LPC176x.a(lpc_17xx_UART.o)
                0x10002994                UARTvector
                0x100029a4                UART_RxBuffer
                0x10003944                UART_TxBuffer
 COMMON         0x100048e4        0x4 /usr/local/lpcxpresso_7.2.0_153/lpcxpresso/tools/bin/../lib/gcc/arm-none-eabi/4.8.3/../../../../arm-none-eabi/lib/armv7-m/libcr_c.a(initio.o)
                0x100048e4                _extra
 COMMON         0x100048e8      0x140 /usr/local/lpcxpresso_7.2.0_153/lpcxpresso/tools/bin/../lib/gcc/arm-none-eabi/4.8.3/../../../../arm-none-eabi/lib/armv7-m/libcr_c.a(stdio.o)
                0x100048e8                __Ciob
 COMMON         0x10004a28        0x8 /usr/local/lpcxpresso_7.2.0_153/lpcxpresso/tools/bin/../lib/gcc/arm-none-eabi/4.8.3/../../../../arm-none-eabi/lib/armv7-m/libcr_c.a(__init_alloc.o)
                0x10004a28                __heaps
                0x10004a2c                __end_of_heap
                0x10004a30                . = ALIGN (0x4)
                0x10004a30                _ebss = .
                0x10004a30                PROVIDE (end, .)

.noinit_RAM2    0x2007c000        0x0
 *(.noinit.$RAM2*)
 *(.noinit.$RamAHB32*)
                0x2007c000                . = ALIGN (0x4)

.noinit         0x10004a30        0x0
                0x10004a30                _noinit = .
 *(.noinit*)
                0x10004a30                . = ALIGN (0x4)
                0x10004a30                _end_noinit = .
                0x10004a30                PROVIDE (_pvHeapStart, .)
                0x10008000                PROVIDE (_vStackTop, (__top_RamLoc32 - 0x0))
OUTPUT(Ejercicio5.1.axf elf32-littlearm)

.debug_info     0x00000000     0x9b59
 .debug_info    0x00000000      0x1a4 ./src/cr_startup_lpc17.o
 .debug_info    0x000001a4      0xfa8 ./src/main.o
 .debug_info    0x0000114c      0xf2e /home/carlos/workspace fiuba/wsRTO/Lib_FreeRTOS_7p0p1/Debug_LPC176x/libLib_FreeRTOS_7p0p1.a(queue.o)
 .debug_info    0x0000207a     0x199d /home/carlos/workspace fiuba/wsRTO/Lib_FreeRTOS_7p0p1/Debug_LPC176x/libLib_FreeRTOS_7p0p1.a(tasks.o)
 .debug_info    0x00003a17      0x8c9 /home/carlos/workspace fiuba/wsRTO/Lib_FreeRTOS_7p0p1/Debug_LPC176x/libLib_FreeRTOS_7p0p1.a(trace.o)
 .debug_info    0x000042e0      0x307 /home/carlos/workspace fiuba/wsRTO/Lib_FreeRTOS_7p0p1/Debug_LPC176x/libLib_FreeRTOS_7p0p1.a(heap_2.o)
 .debug_info    0x000045e7      0x21c /home/carlos/workspace fiuba/wsRTO/Lib_FreeRTOS_7p0p1/Debug_LPC176x/libLib_FreeRTOS_7p0p1.a(port.o)
 .debug_info    0x00004803      0x2a2 /home/carlos/workspace fiuba/wsRTO/Lib_FreeRTOS_7p0p1/Debug_LPC176x/libLib_FreeRTOS_7p0p1.a(list.o)
 .debug_info    0x00004aa5      0x318 /home/carlos/workspace fiuba/wsRTO/CMSISv2p00_LPC17xx/Debug/libCMSISv2p00_LPC17xx.a(system_LPC17xx.o)
 .debug_info    0x00004dbd      0x2bf /home/carlos/workspace fiuba/wsRTO/Lib_API_CAPI/Debug/libLib_API_CAPI.a(GPIO.o)
 .debug_info    0x0000507c      0x3b5 /home/carlos/workspace fiuba/wsRTO/Lib_API_CAPI/Debug/libLib_API_CAPI.a(UART.o)
 .debug_info    0x00005431      0x2ae /home/carlos/workspace fiuba/wsRTO/Lib_Contenedores/Debug/libLib_Contenedores.a(ColaCircular.o)
 .debug_info    0x000056df      0x28d /home/carlos/workspace fiuba/wsRTO/Lib_MCU_LPC176x/Debug/libLib_MCU_LPC176x.a(lpc_17xx_GPIO.o)
 .debug_info    0x0000596c      0x14f /home/carlos/workspace fiuba/wsRTO/Lib_MCU_LPC176x/Debug/libLib_MCU_LPC176x.a(lpc_17xx_PIN.o)
 .debug_info    0x00005abb     0x13aa /home/carlos/workspace fiuba/wsRTO/Lib_MCU_LPC176x/Debug/libLib_MCU_LPC176x.a(lpc_17xx_UART.o)
 .debug_info    0x00006e65      0xe57 /home/carlos/workspace fiuba/wsRTO/Lib_MCU_LPC176x/Debug/libLib_MCU_LPC176x.a(lpc17xx_gpio.o)
 .debug_info    0x00007cbc      0x47d /home/carlos/workspace fiuba/wsRTO/Lib_MCU_LPC176x/Debug/libLib_MCU_LPC176x.a(lpc17xx_pinsel.o)
 .debug_info    0x00008139     0x195d /home/carlos/workspace fiuba/wsRTO/Lib_MCU_LPC176x/Debug/libLib_MCU_LPC176x.a(lpc17xx_uart.o)
 .debug_info    0x00009a96       0xc3 /home/carlos/workspace fiuba/wsRTO/Lib_MCU_LPC176x/Debug/libLib_MCU_LPC176x.a(lpc17xx_libcfg_default.o)

.debug_abbrev   0x00000000     0x1efe
 .debug_abbrev  0x00000000       0xd5 ./src/cr_startup_lpc17.o
 .debug_abbrev  0x000000d5      0x2c0 ./src/main.o
 .debug_abbrev  0x00000395      0x277 /home/carlos/workspace fiuba/wsRTO/Lib_FreeRTOS_7p0p1/Debug_LPC176x/libLib_FreeRTOS_7p0p1.a(queue.o)
 .debug_abbrev  0x0000060c      0x295 /home/carlos/workspace fiuba/wsRTO/Lib_FreeRTOS_7p0p1/Debug_LPC176x/libLib_FreeRTOS_7p0p1.a(tasks.o)
 .debug_abbrev  0x000008a1      0x236 /home/carlos/workspace fiuba/wsRTO/Lib_FreeRTOS_7p0p1/Debug_LPC176x/libLib_FreeRTOS_7p0p1.a(trace.o)
 .debug_abbrev  0x00000ad7      0x1c0 /home/carlos/workspace fiuba/wsRTO/Lib_FreeRTOS_7p0p1/Debug_LPC176x/libLib_FreeRTOS_7p0p1.a(heap_2.o)
 .debug_abbrev  0x00000c97      0x146 /home/carlos/workspace fiuba/wsRTO/Lib_FreeRTOS_7p0p1/Debug_LPC176x/libLib_FreeRTOS_7p0p1.a(port.o)
 .debug_abbrev  0x00000ddd       0xc7 /home/carlos/workspace fiuba/wsRTO/Lib_FreeRTOS_7p0p1/Debug_LPC176x/libLib_FreeRTOS_7p0p1.a(list.o)
 .debug_abbrev  0x00000ea4       0xe6 /home/carlos/workspace fiuba/wsRTO/CMSISv2p00_LPC17xx/Debug/libCMSISv2p00_LPC17xx.a(system_LPC17xx.o)
 .debug_abbrev  0x00000f8a      0x149 /home/carlos/workspace fiuba/wsRTO/Lib_API_CAPI/Debug/libLib_API_CAPI.a(GPIO.o)
 .debug_abbrev  0x000010d3      0x13c /home/carlos/workspace fiuba/wsRTO/Lib_API_CAPI/Debug/libLib_API_CAPI.a(UART.o)
 .debug_abbrev  0x0000120f      0x14e /home/carlos/workspace fiuba/wsRTO/Lib_Contenedores/Debug/libLib_Contenedores.a(ColaCircular.o)
 .debug_abbrev  0x0000135d      0x155 /home/carlos/workspace fiuba/wsRTO/Lib_MCU_LPC176x/Debug/libLib_MCU_LPC176x.a(lpc_17xx_GPIO.o)
 .debug_abbrev  0x000014b2       0xe0 /home/carlos/workspace fiuba/wsRTO/Lib_MCU_LPC176x/Debug/libLib_MCU_LPC176x.a(lpc_17xx_PIN.o)
 .debug_abbrev  0x00001592      0x31c /home/carlos/workspace fiuba/wsRTO/Lib_MCU_LPC176x/Debug/libLib_MCU_LPC176x.a(lpc_17xx_UART.o)
 .debug_abbrev  0x000018ae      0x228 /home/carlos/workspace fiuba/wsRTO/Lib_MCU_LPC176x/Debug/libLib_MCU_LPC176x.a(lpc17xx_gpio.o)
 .debug_abbrev  0x00001ad6      0x16e /home/carlos/workspace fiuba/wsRTO/Lib_MCU_LPC176x/Debug/libLib_MCU_LPC176x.a(lpc17xx_pinsel.o)
 .debug_abbrev  0x00001c44      0x24e /home/carlos/workspace fiuba/wsRTO/Lib_MCU_LPC176x/Debug/libLib_MCU_LPC176x.a(lpc17xx_uart.o)
 .debug_abbrev  0x00001e92       0x6c /home/carlos/workspace fiuba/wsRTO/Lib_MCU_LPC176x/Debug/libLib_MCU_LPC176x.a(lpc17xx_libcfg_default.o)

.debug_loc      0x00000000     0x429a
 .debug_loc     0x00000000       0x40 ./src/cr_startup_lpc17.o
 .debug_loc     0x00000040       0x21 ./src/main.o
 .debug_loc     0x00000061      0x7f1 /home/carlos/workspace fiuba/wsRTO/Lib_FreeRTOS_7p0p1/Debug_LPC176x/libLib_FreeRTOS_7p0p1.a(queue.o)
 .debug_loc     0x00000852      0xd4a /home/carlos/workspace fiuba/wsRTO/Lib_FreeRTOS_7p0p1/Debug_LPC176x/libLib_FreeRTOS_7p0p1.a(tasks.o)
 .debug_loc     0x0000159c      0x2c4 /home/carlos/workspace fiuba/wsRTO/Lib_FreeRTOS_7p0p1/Debug_LPC176x/libLib_FreeRTOS_7p0p1.a(trace.o)
 .debug_loc     0x00001860      0x1c8 /home/carlos/workspace fiuba/wsRTO/Lib_FreeRTOS_7p0p1/Debug_LPC176x/libLib_FreeRTOS_7p0p1.a(heap_2.o)
 .debug_loc     0x00001a28       0x5f /home/carlos/workspace fiuba/wsRTO/Lib_FreeRTOS_7p0p1/Debug_LPC176x/libLib_FreeRTOS_7p0p1.a(port.o)
 .debug_loc     0x00001a87       0x44 /home/carlos/workspace fiuba/wsRTO/Lib_FreeRTOS_7p0p1/Debug_LPC176x/libLib_FreeRTOS_7p0p1.a(list.o)
 .debug_loc     0x00001acb      0x1a2 /home/carlos/workspace fiuba/wsRTO/Lib_API_CAPI/Debug/libLib_API_CAPI.a(GPIO.o)
 .debug_loc     0x00001c6d       0xe7 /home/carlos/workspace fiuba/wsRTO/Lib_API_CAPI/Debug/libLib_API_CAPI.a(UART.o)
 .debug_loc     0x00001d54      0x122 /home/carlos/workspace fiuba/wsRTO/Lib_Contenedores/Debug/libLib_Contenedores.a(ColaCircular.o)
 .debug_loc     0x00001e76       0xc0 /home/carlos/workspace fiuba/wsRTO/Lib_MCU_LPC176x/Debug/libLib_MCU_LPC176x.a(lpc_17xx_GPIO.o)
 .debug_loc     0x00001f36       0x21 /home/carlos/workspace fiuba/wsRTO/Lib_MCU_LPC176x/Debug/libLib_MCU_LPC176x.a(lpc_17xx_PIN.o)
 .debug_loc     0x00001f57      0x48d /home/carlos/workspace fiuba/wsRTO/Lib_MCU_LPC176x/Debug/libLib_MCU_LPC176x.a(lpc_17xx_UART.o)
 .debug_loc     0x000023e4      0xc56 /home/carlos/workspace fiuba/wsRTO/Lib_MCU_LPC176x/Debug/libLib_MCU_LPC176x.a(lpc17xx_gpio.o)
 .debug_loc     0x0000303a      0x1e7 /home/carlos/workspace fiuba/wsRTO/Lib_MCU_LPC176x/Debug/libLib_MCU_LPC176x.a(lpc17xx_pinsel.o)
 .debug_loc     0x00003221     0x1079 /home/carlos/workspace fiuba/wsRTO/Lib_MCU_LPC176x/Debug/libLib_MCU_LPC176x.a(lpc17xx_uart.o)

.debug_aranges  0x00000000      0x868
 .debug_aranges
                0x00000000       0x58 ./src/cr_startup_lpc17.o
 .debug_aranges
                0x00000058       0x48 ./src/main.o
 .debug_aranges
                0x000000a0       0xc0 /home/carlos/workspace fiuba/wsRTO/Lib_FreeRTOS_7p0p1/Debug_LPC176x/libLib_FreeRTOS_7p0p1.a(queue.o)
 .debug_aranges
                0x00000160      0x158 /home/carlos/workspace fiuba/wsRTO/Lib_FreeRTOS_7p0p1/Debug_LPC176x/libLib_FreeRTOS_7p0p1.a(tasks.o)
 .debug_aranges
                0x000002b8       0x68 /home/carlos/workspace fiuba/wsRTO/Lib_FreeRTOS_7p0p1/Debug_LPC176x/libLib_FreeRTOS_7p0p1.a(trace.o)
 .debug_aranges
                0x00000320       0x38 /home/carlos/workspace fiuba/wsRTO/Lib_FreeRTOS_7p0p1/Debug_LPC176x/libLib_FreeRTOS_7p0p1.a(heap_2.o)
 .debug_aranges
                0x00000358       0x70 /home/carlos/workspace fiuba/wsRTO/Lib_FreeRTOS_7p0p1/Debug_LPC176x/libLib_FreeRTOS_7p0p1.a(port.o)
 .debug_aranges
                0x000003c8       0x40 /home/carlos/workspace fiuba/wsRTO/Lib_FreeRTOS_7p0p1/Debug_LPC176x/libLib_FreeRTOS_7p0p1.a(list.o)
 .debug_aranges
                0x00000408       0x28 /home/carlos/workspace fiuba/wsRTO/CMSISv2p00_LPC17xx/Debug/libCMSISv2p00_LPC17xx.a(system_LPC17xx.o)
 .debug_aranges
                0x00000430       0x40 /home/carlos/workspace fiuba/wsRTO/Lib_API_CAPI/Debug/libLib_API_CAPI.a(GPIO.o)
 .debug_aranges
                0x00000470       0x38 /home/carlos/workspace fiuba/wsRTO/Lib_API_CAPI/Debug/libLib_API_CAPI.a(UART.o)
 .debug_aranges
                0x000004a8       0x58 /home/carlos/workspace fiuba/wsRTO/Lib_Contenedores/Debug/libLib_Contenedores.a(ColaCircular.o)
 .debug_aranges
                0x00000500       0x38 /home/carlos/workspace fiuba/wsRTO/Lib_MCU_LPC176x/Debug/libLib_MCU_LPC176x.a(lpc_17xx_GPIO.o)
 .debug_aranges
                0x00000538       0x20 /home/carlos/workspace fiuba/wsRTO/Lib_MCU_LPC176x/Debug/libLib_MCU_LPC176x.a(lpc_17xx_PIN.o)
 .debug_aranges
                0x00000558       0xb0 /home/carlos/workspace fiuba/wsRTO/Lib_MCU_LPC176x/Debug/libLib_MCU_LPC176x.a(lpc_17xx_UART.o)
 .debug_aranges
                0x00000608       0xf8 /home/carlos/workspace fiuba/wsRTO/Lib_MCU_LPC176x/Debug/libLib_MCU_LPC176x.a(lpc17xx_gpio.o)
 .debug_aranges
                0x00000700       0x48 /home/carlos/workspace fiuba/wsRTO/Lib_MCU_LPC176x/Debug/libLib_MCU_LPC176x.a(lpc17xx_pinsel.o)
 .debug_aranges
                0x00000748      0x100 /home/carlos/workspace fiuba/wsRTO/Lib_MCU_LPC176x/Debug/libLib_MCU_LPC176x.a(lpc17xx_uart.o)
 .debug_aranges
                0x00000848       0x20 /home/carlos/workspace fiuba/wsRTO/Lib_MCU_LPC176x/Debug/libLib_MCU_LPC176x.a(lpc17xx_libcfg_default.o)

.debug_ranges   0x00000000      0x750
 .debug_ranges  0x00000000       0x48 ./src/cr_startup_lpc17.o
 .debug_ranges  0x00000048       0x38 ./src/main.o
 .debug_ranges  0x00000080       0xb0 /home/carlos/workspace fiuba/wsRTO/Lib_FreeRTOS_7p0p1/Debug_LPC176x/libLib_FreeRTOS_7p0p1.a(queue.o)
 .debug_ranges  0x00000130      0x160 /home/carlos/workspace fiuba/wsRTO/Lib_FreeRTOS_7p0p1/Debug_LPC176x/libLib_FreeRTOS_7p0p1.a(tasks.o)
 .debug_ranges  0x00000290       0x58 /home/carlos/workspace fiuba/wsRTO/Lib_FreeRTOS_7p0p1/Debug_LPC176x/libLib_FreeRTOS_7p0p1.a(trace.o)
 .debug_ranges  0x000002e8       0x28 /home/carlos/workspace fiuba/wsRTO/Lib_FreeRTOS_7p0p1/Debug_LPC176x/libLib_FreeRTOS_7p0p1.a(heap_2.o)
 .debug_ranges  0x00000310       0x60 /home/carlos/workspace fiuba/wsRTO/Lib_FreeRTOS_7p0p1/Debug_LPC176x/libLib_FreeRTOS_7p0p1.a(port.o)
 .debug_ranges  0x00000370       0x30 /home/carlos/workspace fiuba/wsRTO/Lib_FreeRTOS_7p0p1/Debug_LPC176x/libLib_FreeRTOS_7p0p1.a(list.o)
 .debug_ranges  0x000003a0       0x18 /home/carlos/workspace fiuba/wsRTO/CMSISv2p00_LPC17xx/Debug/libCMSISv2p00_LPC17xx.a(system_LPC17xx.o)
 .debug_ranges  0x000003b8       0x30 /home/carlos/workspace fiuba/wsRTO/Lib_API_CAPI/Debug/libLib_API_CAPI.a(GPIO.o)
 .debug_ranges  0x000003e8       0x28 /home/carlos/workspace fiuba/wsRTO/Lib_API_CAPI/Debug/libLib_API_CAPI.a(UART.o)
 .debug_ranges  0x00000410       0x48 /home/carlos/workspace fiuba/wsRTO/Lib_Contenedores/Debug/libLib_Contenedores.a(ColaCircular.o)
 .debug_ranges  0x00000458       0x28 /home/carlos/workspace fiuba/wsRTO/Lib_MCU_LPC176x/Debug/libLib_MCU_LPC176x.a(lpc_17xx_GPIO.o)
 .debug_ranges  0x00000480       0x10 /home/carlos/workspace fiuba/wsRTO/Lib_MCU_LPC176x/Debug/libLib_MCU_LPC176x.a(lpc_17xx_PIN.o)
 .debug_ranges  0x00000490       0xa0 /home/carlos/workspace fiuba/wsRTO/Lib_MCU_LPC176x/Debug/libLib_MCU_LPC176x.a(lpc_17xx_UART.o)
 .debug_ranges  0x00000530       0xe8 /home/carlos/workspace fiuba/wsRTO/Lib_MCU_LPC176x/Debug/libLib_MCU_LPC176x.a(lpc17xx_gpio.o)
 .debug_ranges  0x00000618       0x38 /home/carlos/workspace fiuba/wsRTO/Lib_MCU_LPC176x/Debug/libLib_MCU_LPC176x.a(lpc17xx_pinsel.o)
 .debug_ranges  0x00000650       0xf0 /home/carlos/workspace fiuba/wsRTO/Lib_MCU_LPC176x/Debug/libLib_MCU_LPC176x.a(lpc17xx_uart.o)
 .debug_ranges  0x00000740       0x10 /home/carlos/workspace fiuba/wsRTO/Lib_MCU_LPC176x/Debug/libLib_MCU_LPC176x.a(lpc17xx_libcfg_default.o)

.debug_macro    0x00000000     0x5b9e
 .debug_macro   0x00000000       0x52 ./src/cr_startup_lpc17.o
 .debug_macro   0x00000052      0x856 ./src/cr_startup_lpc17.o
 .debug_macro   0x000008a8       0x10 ./src/cr_startup_lpc17.o
 .debug_macro   0x000008b8      0x122 ./src/cr_startup_lpc17.o
 .debug_macro   0x000009da      0x5b9 ./src/cr_startup_lpc17.o
 .debug_macro   0x00000f93      0x163 ./src/main.o
 .debug_macro   0x000010f6       0x1c ./src/main.o
 .debug_macro   0x00001112       0x2e ./src/main.o
 .debug_macro   0x00001140       0x18 ./src/main.o
 .debug_macro   0x00001158      0x7af ./src/main.o
 .debug_macro   0x00001907      0x2c7 ./src/main.o
 .debug_macro   0x00001bce       0x82 ./src/main.o
 .debug_macro   0x00001c50       0x34 ./src/main.o
 .debug_macro   0x00001c84       0x16 ./src/main.o
 .debug_macro   0x00001c9a       0x46 ./src/main.o
 .debug_macro   0x00001ce0       0xd0 ./src/main.o
 .debug_macro   0x00001db0       0xa3 ./src/main.o
 .debug_macro   0x00001e53       0x12 ./src/main.o
 .debug_macro   0x00001e65       0x1f ./src/main.o
 .debug_macro   0x00001e84       0x49 ./src/main.o
 .debug_macro   0x00001ecd       0x57 ./src/main.o
 .debug_macro   0x00001f24      0x177 ./src/main.o
 .debug_macro   0x0000209b       0x6a ./src/main.o
 .debug_macro   0x00002105       0x62 ./src/main.o
 .debug_macro   0x00002167       0x22 ./src/main.o
 .debug_macro   0x00002189       0x58 ./src/main.o
 .debug_macro   0x000021e1      0x618 ./src/main.o
 .debug_macro   0x000027f9      0x182 /home/carlos/workspace fiuba/wsRTO/Lib_FreeRTOS_7p0p1/Debug_LPC176x/libLib_FreeRTOS_7p0p1.a(queue.o)
 .debug_macro   0x0000297b      0x862 /home/carlos/workspace fiuba/wsRTO/Lib_FreeRTOS_7p0p1/Debug_LPC176x/libLib_FreeRTOS_7p0p1.a(queue.o)
 .debug_macro   0x000031dd       0x28 /home/carlos/workspace fiuba/wsRTO/Lib_FreeRTOS_7p0p1/Debug_LPC176x/libLib_FreeRTOS_7p0p1.a(queue.o)
 .debug_macro   0x00003205       0xca /home/carlos/workspace fiuba/wsRTO/Lib_FreeRTOS_7p0p1/Debug_LPC176x/libLib_FreeRTOS_7p0p1.a(queue.o)
 .debug_macro   0x000032cf       0x49 /home/carlos/workspace fiuba/wsRTO/Lib_FreeRTOS_7p0p1/Debug_LPC176x/libLib_FreeRTOS_7p0p1.a(queue.o)
 .debug_macro   0x00003318      0x19b /home/carlos/workspace fiuba/wsRTO/Lib_FreeRTOS_7p0p1/Debug_LPC176x/libLib_FreeRTOS_7p0p1.a(tasks.o)
 .debug_macro   0x000034b3       0xa0 /home/carlos/workspace fiuba/wsRTO/Lib_FreeRTOS_7p0p1/Debug_LPC176x/libLib_FreeRTOS_7p0p1.a(tasks.o)
 .debug_macro   0x00003553       0x22 /home/carlos/workspace fiuba/wsRTO/Lib_FreeRTOS_7p0p1/Debug_LPC176x/libLib_FreeRTOS_7p0p1.a(tasks.o)
 .debug_macro   0x00003575       0x61 /home/carlos/workspace fiuba/wsRTO/Lib_FreeRTOS_7p0p1/Debug_LPC176x/libLib_FreeRTOS_7p0p1.a(tasks.o)
 .debug_macro   0x000035d6       0x16 /home/carlos/workspace fiuba/wsRTO/Lib_FreeRTOS_7p0p1/Debug_LPC176x/libLib_FreeRTOS_7p0p1.a(tasks.o)
 .debug_macro   0x000035ec      0x15f /home/carlos/workspace fiuba/wsRTO/Lib_FreeRTOS_7p0p1/Debug_LPC176x/libLib_FreeRTOS_7p0p1.a(trace.o)
 .debug_macro   0x0000374b      0x12f /home/carlos/workspace fiuba/wsRTO/Lib_FreeRTOS_7p0p1/Debug_LPC176x/libLib_FreeRTOS_7p0p1.a(heap_2.o)
 .debug_macro   0x0000387a      0x13e /home/carlos/workspace fiuba/wsRTO/Lib_FreeRTOS_7p0p1/Debug_LPC176x/libLib_FreeRTOS_7p0p1.a(port.o)
 .debug_macro   0x000039b8      0x110 /home/carlos/workspace fiuba/wsRTO/Lib_FreeRTOS_7p0p1/Debug_LPC176x/libLib_FreeRTOS_7p0p1.a(list.o)
 .debug_macro   0x00003ac8      0x12b /home/carlos/workspace fiuba/wsRTO/CMSISv2p00_LPC17xx/Debug/libCMSISv2p00_LPC17xx.a(system_LPC17xx.o)
 .debug_macro   0x00003bf3      0x856 /home/carlos/workspace fiuba/wsRTO/CMSISv2p00_LPC17xx/Debug/libCMSISv2p00_LPC17xx.a(system_LPC17xx.o)
 .debug_macro   0x00004449       0x31 /home/carlos/workspace fiuba/wsRTO/Lib_API_CAPI/Debug/libLib_API_CAPI.a(GPIO.o)
 .debug_macro   0x0000447a      0x850 /home/carlos/workspace fiuba/wsRTO/Lib_API_CAPI/Debug/libLib_API_CAPI.a(GPIO.o)
 .debug_macro   0x00004cca       0x68 /home/carlos/workspace fiuba/wsRTO/Lib_API_CAPI/Debug/libLib_API_CAPI.a(UART.o)
 .debug_macro   0x00004d32       0x24 /home/carlos/workspace fiuba/wsRTO/Lib_Contenedores/Debug/libLib_Contenedores.a(ColaCircular.o)
 .debug_macro   0x00004d56       0xa4 /home/carlos/workspace fiuba/wsRTO/Lib_MCU_LPC176x/Debug/libLib_MCU_LPC176x.a(lpc_17xx_GPIO.o)
 .debug_macro   0x00004dfa       0x63 /home/carlos/workspace fiuba/wsRTO/Lib_MCU_LPC176x/Debug/libLib_MCU_LPC176x.a(lpc_17xx_GPIO.o)
 .debug_macro   0x00004e5d       0x40 /home/carlos/workspace fiuba/wsRTO/Lib_MCU_LPC176x/Debug/libLib_MCU_LPC176x.a(lpc_17xx_GPIO.o)
 .debug_macro   0x00004e9d       0x96 /home/carlos/workspace fiuba/wsRTO/Lib_MCU_LPC176x/Debug/libLib_MCU_LPC176x.a(lpc_17xx_PIN.o)
 .debug_macro   0x00004f33      0x13f /home/carlos/workspace fiuba/wsRTO/Lib_MCU_LPC176x/Debug/libLib_MCU_LPC176x.a(lpc_17xx_PIN.o)
 .debug_macro   0x00005072       0xd8 /home/carlos/workspace fiuba/wsRTO/Lib_MCU_LPC176x/Debug/libLib_MCU_LPC176x.a(lpc_17xx_UART.o)
 .debug_macro   0x0000514a      0x334 /home/carlos/workspace fiuba/wsRTO/Lib_MCU_LPC176x/Debug/libLib_MCU_LPC176x.a(lpc_17xx_UART.o)
 .debug_macro   0x0000547e       0x96 /home/carlos/workspace fiuba/wsRTO/Lib_MCU_LPC176x/Debug/libLib_MCU_LPC176x.a(lpc17xx_gpio.o)
 .debug_macro   0x00005514       0xd8 /home/carlos/workspace fiuba/wsRTO/Lib_MCU_LPC176x/Debug/libLib_MCU_LPC176x.a(lpc17xx_gpio.o)
 .debug_macro   0x000055ec       0x8d /home/carlos/workspace fiuba/wsRTO/Lib_MCU_LPC176x/Debug/libLib_MCU_LPC176x.a(lpc17xx_pinsel.o)
 .debug_macro   0x00005679       0x9f /home/carlos/workspace fiuba/wsRTO/Lib_MCU_LPC176x/Debug/libLib_MCU_LPC176x.a(lpc17xx_uart.o)
 .debug_macro   0x00005718      0x2fd /home/carlos/workspace fiuba/wsRTO/Lib_MCU_LPC176x/Debug/libLib_MCU_LPC176x.a(lpc17xx_uart.o)
 .debug_macro   0x00005a15       0x5a /home/carlos/workspace fiuba/wsRTO/Lib_MCU_LPC176x/Debug/libLib_MCU_LPC176x.a(lpc17xx_libcfg_default.o)
 .debug_macro   0x00005a6f       0x5d /home/carlos/workspace fiuba/wsRTO/Lib_MCU_LPC176x/Debug/libLib_MCU_LPC176x.a(lpc17xx_libcfg_default.o)
 .debug_macro   0x00005acc       0xd2 /home/carlos/workspace fiuba/wsRTO/Lib_MCU_LPC176x/Debug/libLib_MCU_LPC176x.a(lpc17xx_libcfg_default.o)

.debug_line     0x00000000     0x4270
 .debug_line    0x00000000      0x1e1 ./src/cr_startup_lpc17.o
 .debug_line    0x000001e1      0x4fa ./src/main.o
 .debug_line    0x000006db      0x54d /home/carlos/workspace fiuba/wsRTO/Lib_FreeRTOS_7p0p1/Debug_LPC176x/libLib_FreeRTOS_7p0p1.a(queue.o)
 .debug_line    0x00000c28      0x7fb /home/carlos/workspace fiuba/wsRTO/Lib_FreeRTOS_7p0p1/Debug_LPC176x/libLib_FreeRTOS_7p0p1.a(tasks.o)
 .debug_line    0x00001423      0x4b2 /home/carlos/workspace fiuba/wsRTO/Lib_FreeRTOS_7p0p1/Debug_LPC176x/libLib_FreeRTOS_7p0p1.a(trace.o)
 .debug_line    0x000018d5      0x351 /home/carlos/workspace fiuba/wsRTO/Lib_FreeRTOS_7p0p1/Debug_LPC176x/libLib_FreeRTOS_7p0p1.a(heap_2.o)
 .debug_line    0x00001c26      0x374 /home/carlos/workspace fiuba/wsRTO/Lib_FreeRTOS_7p0p1/Debug_LPC176x/libLib_FreeRTOS_7p0p1.a(port.o)
 .debug_line    0x00001f9a      0x32e /home/carlos/workspace fiuba/wsRTO/Lib_FreeRTOS_7p0p1/Debug_LPC176x/libLib_FreeRTOS_7p0p1.a(list.o)
 .debug_line    0x000022c8      0x1e0 /home/carlos/workspace fiuba/wsRTO/CMSISv2p00_LPC17xx/Debug/libCMSISv2p00_LPC17xx.a(system_LPC17xx.o)
 .debug_line    0x000024a8      0x108 /home/carlos/workspace fiuba/wsRTO/Lib_API_CAPI/Debug/libLib_API_CAPI.a(GPIO.o)
 .debug_line    0x000025b0      0x206 /home/carlos/workspace fiuba/wsRTO/Lib_API_CAPI/Debug/libLib_API_CAPI.a(UART.o)
 .debug_line    0x000027b6      0x16b /home/carlos/workspace fiuba/wsRTO/Lib_Contenedores/Debug/libLib_Contenedores.a(ColaCircular.o)
 .debug_line    0x00002921      0x288 /home/carlos/workspace fiuba/wsRTO/Lib_MCU_LPC176x/Debug/libLib_MCU_LPC176x.a(lpc_17xx_GPIO.o)
 .debug_line    0x00002ba9      0x244 /home/carlos/workspace fiuba/wsRTO/Lib_MCU_LPC176x/Debug/libLib_MCU_LPC176x.a(lpc_17xx_PIN.o)
 .debug_line    0x00002ded      0x471 /home/carlos/workspace fiuba/wsRTO/Lib_MCU_LPC176x/Debug/libLib_MCU_LPC176x.a(lpc_17xx_UART.o)
 .debug_line    0x0000325e      0x4b2 /home/carlos/workspace fiuba/wsRTO/Lib_MCU_LPC176x/Debug/libLib_MCU_LPC176x.a(lpc17xx_gpio.o)
 .debug_line    0x00003710      0x27e /home/carlos/workspace fiuba/wsRTO/Lib_MCU_LPC176x/Debug/libLib_MCU_LPC176x.a(lpc17xx_pinsel.o)
 .debug_line    0x0000398e      0x74d /home/carlos/workspace fiuba/wsRTO/Lib_MCU_LPC176x/Debug/libLib_MCU_LPC176x.a(lpc17xx_uart.o)
 .debug_line    0x000040db      0x195 /home/carlos/workspace fiuba/wsRTO/Lib_MCU_LPC176x/Debug/libLib_MCU_LPC176x.a(lpc17xx_libcfg_default.o)

.debug_str      0x00000000    0x17a6b
 .debug_str     0x00000000     0x3bbd ./src/cr_startup_lpc17.o
                               0x3c48 (size before relaxing)
 .debug_str     0x00003bbd     0xc247 ./src/main.o
                               0xfdb3 (size before relaxing)
 .debug_str     0x0000fe04      0xefa /home/carlos/workspace fiuba/wsRTO/Lib_FreeRTOS_7p0p1/Debug_LPC176x/libLib_FreeRTOS_7p0p1.a(queue.o)
                               0xa5f3 (size before relaxing)
 .debug_str     0x00010cfe     0x1643 /home/carlos/workspace fiuba/wsRTO/Lib_FreeRTOS_7p0p1/Debug_LPC176x/libLib_FreeRTOS_7p0p1.a(tasks.o)
                               0xb0b4 (size before relaxing)
 .debug_str     0x00012341      0x346 /home/carlos/workspace fiuba/wsRTO/Lib_FreeRTOS_7p0p1/Debug_LPC176x/libLib_FreeRTOS_7p0p1.a(trace.o)
                               0x9b8f (size before relaxing)
 .debug_str     0x00012687      0x453 /home/carlos/workspace fiuba/wsRTO/Lib_FreeRTOS_7p0p1/Debug_LPC176x/libLib_FreeRTOS_7p0p1.a(heap_2.o)
                               0x9bda (size before relaxing)
 .debug_str     0x00012ada      0x2f5 /home/carlos/workspace fiuba/wsRTO/Lib_FreeRTOS_7p0p1/Debug_LPC176x/libLib_FreeRTOS_7p0p1.a(port.o)
                               0x9a41 (size before relaxing)
 .debug_str     0x00012dcf       0x4d /home/carlos/workspace fiuba/wsRTO/Lib_FreeRTOS_7p0p1/Debug_LPC176x/libLib_FreeRTOS_7p0p1.a(list.o)
                               0x9849 (size before relaxing)
 .debug_str     0x00012e1c      0x4fe /home/carlos/workspace fiuba/wsRTO/CMSISv2p00_LPC17xx/Debug/libCMSISv2p00_LPC17xx.a(system_LPC17xx.o)
                               0x8027 (size before relaxing)
 .debug_str     0x0001331a       0x84 /home/carlos/workspace fiuba/wsRTO/Lib_API_CAPI/Debug/libLib_API_CAPI.a(GPIO.o)
                               0x26e2 (size before relaxing)
 .debug_str     0x0001339e       0x7b /home/carlos/workspace fiuba/wsRTO/Lib_API_CAPI/Debug/libLib_API_CAPI.a(UART.o)
                               0x2b26 (size before relaxing)
 .debug_str     0x00013419       0x87 /home/carlos/workspace fiuba/wsRTO/Lib_Contenedores/Debug/libLib_Contenedores.a(ColaCircular.o)
                               0x2571 (size before relaxing)
 .debug_str     0x000134a0      0x45b /home/carlos/workspace fiuba/wsRTO/Lib_MCU_LPC176x/Debug/libLib_MCU_LPC176x.a(lpc_17xx_GPIO.o)
                               0x8165 (size before relaxing)
 .debug_str     0x000138fb      0x509 /home/carlos/workspace fiuba/wsRTO/Lib_MCU_LPC176x/Debug/libLib_MCU_LPC176x.a(lpc_17xx_PIN.o)
                               0x8423 (size before relaxing)
 .debug_str     0x00013e04     0x1c9d /home/carlos/workspace fiuba/wsRTO/Lib_MCU_LPC176x/Debug/libLib_MCU_LPC176x.a(lpc_17xx_UART.o)
                               0x9f0d (size before relaxing)
 .debug_str     0x00015aa1      0x4db /home/carlos/workspace fiuba/wsRTO/Lib_MCU_LPC176x/Debug/libLib_MCU_LPC176x.a(lpc17xx_gpio.o)
                               0x858e (size before relaxing)
 .debug_str     0x00015f7c      0x209 /home/carlos/workspace fiuba/wsRTO/Lib_MCU_LPC176x/Debug/libLib_MCU_LPC176x.a(lpc17xx_pinsel.o)
                               0x84b5 (size before relaxing)
 .debug_str     0x00016185     0x18b2 /home/carlos/workspace fiuba/wsRTO/Lib_MCU_LPC176x/Debug/libLib_MCU_LPC176x.a(lpc17xx_uart.o)
                               0xb30e (size before relaxing)
 .debug_str     0x00017a37       0x34 /home/carlos/workspace fiuba/wsRTO/Lib_MCU_LPC176x/Debug/libLib_MCU_LPC176x.a(lpc17xx_libcfg_default.o)
                               0x3e3e (size before relaxing)

.comment        0x00000000       0x70
 .comment       0x00000000       0x70 ./src/cr_startup_lpc17.o
                                 0x71 (size before relaxing)
 .comment       0x00000000       0x71 ./src/main.o
 .comment       0x00000000       0x71 /home/carlos/workspace fiuba/wsRTO/Lib_FreeRTOS_7p0p1/Debug_LPC176x/libLib_FreeRTOS_7p0p1.a(queue.o)
 .comment       0x00000000       0x71 /home/carlos/workspace fiuba/wsRTO/Lib_FreeRTOS_7p0p1/Debug_LPC176x/libLib_FreeRTOS_7p0p1.a(tasks.o)
 .comment       0x00000000       0x71 /home/carlos/workspace fiuba/wsRTO/Lib_FreeRTOS_7p0p1/Debug_LPC176x/libLib_FreeRTOS_7p0p1.a(trace.o)
 .comment       0x00000000       0x71 /home/carlos/workspace fiuba/wsRTO/Lib_FreeRTOS_7p0p1/Debug_LPC176x/libLib_FreeRTOS_7p0p1.a(heap_2.o)
 .comment       0x00000000       0x71 /home/carlos/workspace fiuba/wsRTO/Lib_FreeRTOS_7p0p1/Debug_LPC176x/libLib_FreeRTOS_7p0p1.a(port.o)
 .comment       0x00000000       0x71 /home/carlos/workspace fiuba/wsRTO/Lib_FreeRTOS_7p0p1/Debug_LPC176x/libLib_FreeRTOS_7p0p1.a(list.o)
 .comment       0x00000000       0x71 /home/carlos/workspace fiuba/wsRTO/CMSISv2p00_LPC17xx/Debug/libCMSISv2p00_LPC17xx.a(system_LPC17xx.o)
 .comment       0x00000000       0x71 /home/carlos/workspace fiuba/wsRTO/Lib_API_CAPI/Debug/libLib_API_CAPI.a(GPIO.o)
 .comment       0x00000000       0x71 /home/carlos/workspace fiuba/wsRTO/Lib_API_CAPI/Debug/libLib_API_CAPI.a(UART.o)
 .comment       0x00000000       0x71 /home/carlos/workspace fiuba/wsRTO/Lib_Contenedores/Debug/libLib_Contenedores.a(ColaCircular.o)
 .comment       0x00000000       0x71 /home/carlos/workspace fiuba/wsRTO/Lib_MCU_LPC176x/Debug/libLib_MCU_LPC176x.a(lpc_17xx_GPIO.o)
 .comment       0x00000000       0x71 /home/carlos/workspace fiuba/wsRTO/Lib_MCU_LPC176x/Debug/libLib_MCU_LPC176x.a(lpc_17xx_PIN.o)
 .comment       0x00000000       0x71 /home/carlos/workspace fiuba/wsRTO/Lib_MCU_LPC176x/Debug/libLib_MCU_LPC176x.a(lpc_17xx_UART.o)
 .comment       0x00000000       0x71 /home/carlos/workspace fiuba/wsRTO/Lib_MCU_LPC176x/Debug/libLib_MCU_LPC176x.a(lpc17xx_gpio.o)
 .comment       0x00000000       0x71 /home/carlos/workspace fiuba/wsRTO/Lib_MCU_LPC176x/Debug/libLib_MCU_LPC176x.a(lpc17xx_pinsel.o)
 .comment       0x00000000       0x71 /home/carlos/workspace fiuba/wsRTO/Lib_MCU_LPC176x/Debug/libLib_MCU_LPC176x.a(lpc17xx_uart.o)
 .comment       0x00000000       0x71 /home/carlos/workspace fiuba/wsRTO/Lib_MCU_LPC176x/Debug/libLib_MCU_LPC176x.a(lpc17xx_libcfg_default.o)
 .comment       0x00000000       0x71 /usr/local/lpcxpresso_7.2.0_153/lpcxpresso/tools/bin/../lib/gcc/arm-none-eabi/4.8.3/../../../../arm-none-eabi/lib/armv7-m/libcr_semihost.a(_cr__main.o)
 .comment       0x00000000       0x71 /usr/local/lpcxpresso_7.2.0_153/lpcxpresso/tools/bin/../lib/gcc/arm-none-eabi/4.8.3/../../../../arm-none-eabi/lib/armv7-m/libcr_c.a(memcpy.o)
 .comment       0x00000000       0x71 /usr/local/lpcxpresso_7.2.0_153/lpcxpresso/tools/bin/../lib/gcc/arm-none-eabi/4.8.3/../../../../arm-none-eabi/lib/armv7-m/libcr_c.a(memset.o)
 .comment       0x00000000       0x71 /usr/local/lpcxpresso_7.2.0_153/lpcxpresso/tools/bin/../lib/gcc/arm-none-eabi/4.8.3/../../../../arm-none-eabi/lib/armv7-m/libcr_c.a(initio.o)
 .comment       0x00000000       0x71 /usr/local/lpcxpresso_7.2.0_153/lpcxpresso/tools/bin/../lib/gcc/arm-none-eabi/4.8.3/../../../../arm-none-eabi/lib/armv7-m/libcr_c.a(setvbuf.o)
 .comment       0x00000000       0x71 /usr/local/lpcxpresso_7.2.0_153/lpcxpresso/tools/bin/../lib/gcc/arm-none-eabi/4.8.3/../../../../arm-none-eabi/lib/armv7-m/libcr_c.a(stdio.o)
 .comment       0x00000000       0x71 /usr/local/lpcxpresso_7.2.0_153/lpcxpresso/tools/bin/../lib/gcc/arm-none-eabi/4.8.3/../../../../arm-none-eabi/lib/armv7-m/libcr_c.a(strlen.o)
 .comment       0x00000000       0x71 /usr/local/lpcxpresso_7.2.0_153/lpcxpresso/tools/bin/../lib/gcc/arm-none-eabi/4.8.3/../../../../arm-none-eabi/lib/armv7-m/libcr_c.a(strncpy.o)
 .comment       0x00000000       0x71 /usr/local/lpcxpresso_7.2.0_153/lpcxpresso/tools/bin/../lib/gcc/arm-none-eabi/4.8.3/../../../../arm-none-eabi/lib/armv7-m/libcr_c.a(_deferredlazyseek.o)
 .comment       0x00000000       0x71 /usr/local/lpcxpresso_7.2.0_153/lpcxpresso/tools/bin/../lib/gcc/arm-none-eabi/4.8.3/../../../../arm-none-eabi/lib/armv7-m/libcr_c.a(_fdopen.o)
 .comment       0x00000000       0x71 /usr/local/lpcxpresso_7.2.0_153/lpcxpresso/tools/bin/../lib/gcc/arm-none-eabi/4.8.3/../../../../arm-none-eabi/lib/armv7-m/libcr_c.a(_fflush.o)
 .comment       0x00000000       0x71 /usr/local/lpcxpresso_7.2.0_153/lpcxpresso/tools/bin/../lib/gcc/arm-none-eabi/4.8.3/../../../../arm-none-eabi/lib/armv7-m/libcr_c.a(_writebuf.o)
 .comment       0x00000000       0x71 /usr/local/lpcxpresso_7.2.0_153/lpcxpresso/tools/bin/../lib/gcc/arm-none-eabi/4.8.3/../../../../arm-none-eabi/lib/armv7-m/libcr_c.a(alloc.o)
 .comment       0x00000000       0x71 /usr/local/lpcxpresso_7.2.0_153/lpcxpresso/tools/bin/../lib/gcc/arm-none-eabi/4.8.3/../../../../arm-none-eabi/lib/armv7-m/libcr_c.a(errno.o)
 .comment       0x00000000       0x71 /usr/local/lpcxpresso_7.2.0_153/lpcxpresso/tools/bin/../lib/gcc/arm-none-eabi/4.8.3/../../../../arm-none-eabi/lib/armv7-m/libcr_c.a(fclose.o)
 .comment       0x00000000       0x71 /usr/local/lpcxpresso_7.2.0_153/lpcxpresso/tools/bin/../lib/gcc/arm-none-eabi/4.8.3/../../../../arm-none-eabi/lib/armv7-m/libcr_c.a(fflush.o)
 .comment       0x00000000       0x71 /usr/local/lpcxpresso_7.2.0_153/lpcxpresso/tools/bin/../lib/gcc/arm-none-eabi/4.8.3/../../../../arm-none-eabi/lib/armv7-m/libcr_c.a(fseek.o)
 .comment       0x00000000       0x71 /usr/local/lpcxpresso_7.2.0_153/lpcxpresso/tools/bin/../lib/gcc/arm-none-eabi/4.8.3/../../../../arm-none-eabi/lib/armv7-m/libcr_c.a(ftell.o)
 .comment       0x00000000       0x71 /usr/local/lpcxpresso_7.2.0_153/lpcxpresso/tools/bin/../lib/gcc/arm-none-eabi/4.8.3/../../../../arm-none-eabi/lib/armv7-m/libcr_c.a(remove.o)
 .comment       0x00000000       0x71 /usr/local/lpcxpresso_7.2.0_153/lpcxpresso/tools/bin/../lib/gcc/arm-none-eabi/4.8.3/../../../../arm-none-eabi/lib/armv7-m/libcr_c.a(__init_alloc.o)
 .comment       0x00000000       0x71 /usr/local/lpcxpresso_7.2.0_153/lpcxpresso/tools/bin/../lib/gcc/arm-none-eabi/4.8.3/../../../../arm-none-eabi/lib/armv7-m/libcr_c.a(_cr_sbrk.o)
 .comment       0x00000000       0x71 /usr/local/lpcxpresso_7.2.0_153/lpcxpresso/tools/bin/../lib/gcc/arm-none-eabi/4.8.3/../../../../arm-none-eabi/lib/armv7-m/libcr_c.a(_do_fflush.o)
 .comment       0x00000000       0x71 /usr/local/lpcxpresso_7.2.0_153/lpcxpresso/tools/bin/../lib/gcc/arm-none-eabi/4.8.3/../../../../arm-none-eabi/lib/armv7-m/libcr_c.a(_cr_check_heap.o)

.ARM.attributes
                0x00000000       0x31
 .ARM.attributes
                0x00000000       0x33 ./src/cr_startup_lpc17.o
 .ARM.attributes
                0x00000033       0x33 ./src/main.o
 .ARM.attributes
                0x00000066       0x33 /home/carlos/workspace fiuba/wsRTO/Lib_FreeRTOS_7p0p1/Debug_LPC176x/libLib_FreeRTOS_7p0p1.a(queue.o)
 .ARM.attributes
                0x00000099       0x33 /home/carlos/workspace fiuba/wsRTO/Lib_FreeRTOS_7p0p1/Debug_LPC176x/libLib_FreeRTOS_7p0p1.a(tasks.o)
 .ARM.attributes
                0x000000cc       0x33 /home/carlos/workspace fiuba/wsRTO/Lib_FreeRTOS_7p0p1/Debug_LPC176x/libLib_FreeRTOS_7p0p1.a(trace.o)
 .ARM.attributes
                0x000000ff       0x33 /home/carlos/workspace fiuba/wsRTO/Lib_FreeRTOS_7p0p1/Debug_LPC176x/libLib_FreeRTOS_7p0p1.a(heap_2.o)
 .ARM.attributes
                0x00000132       0x33 /home/carlos/workspace fiuba/wsRTO/Lib_FreeRTOS_7p0p1/Debug_LPC176x/libLib_FreeRTOS_7p0p1.a(port.o)
 .ARM.attributes
                0x00000165       0x33 /home/carlos/workspace fiuba/wsRTO/Lib_FreeRTOS_7p0p1/Debug_LPC176x/libLib_FreeRTOS_7p0p1.a(list.o)
 .ARM.attributes
                0x00000198       0x33 /home/carlos/workspace fiuba/wsRTO/CMSISv2p00_LPC17xx/Debug/libCMSISv2p00_LPC17xx.a(system_LPC17xx.o)
 .ARM.attributes
                0x000001cb       0x33 /home/carlos/workspace fiuba/wsRTO/Lib_API_CAPI/Debug/libLib_API_CAPI.a(GPIO.o)
 .ARM.attributes
                0x000001fe       0x33 /home/carlos/workspace fiuba/wsRTO/Lib_API_CAPI/Debug/libLib_API_CAPI.a(UART.o)
 .ARM.attributes
                0x00000231       0x33 /home/carlos/workspace fiuba/wsRTO/Lib_Contenedores/Debug/libLib_Contenedores.a(ColaCircular.o)
 .ARM.attributes
                0x00000264       0x33 /home/carlos/workspace fiuba/wsRTO/Lib_MCU_LPC176x/Debug/libLib_MCU_LPC176x.a(lpc_17xx_GPIO.o)
 .ARM.attributes
                0x00000297       0x33 /home/carlos/workspace fiuba/wsRTO/Lib_MCU_LPC176x/Debug/libLib_MCU_LPC176x.a(lpc_17xx_PIN.o)
 .ARM.attributes
                0x000002ca       0x33 /home/carlos/workspace fiuba/wsRTO/Lib_MCU_LPC176x/Debug/libLib_MCU_LPC176x.a(lpc_17xx_UART.o)
 .ARM.attributes
                0x000002fd       0x33 /home/carlos/workspace fiuba/wsRTO/Lib_MCU_LPC176x/Debug/libLib_MCU_LPC176x.a(lpc17xx_gpio.o)
 .ARM.attributes
                0x00000330       0x33 /home/carlos/workspace fiuba/wsRTO/Lib_MCU_LPC176x/Debug/libLib_MCU_LPC176x.a(lpc17xx_pinsel.o)
 .ARM.attributes
                0x00000363       0x33 /home/carlos/workspace fiuba/wsRTO/Lib_MCU_LPC176x/Debug/libLib_MCU_LPC176x.a(lpc17xx_uart.o)
 .ARM.attributes
                0x00000396       0x33 /home/carlos/workspace fiuba/wsRTO/Lib_MCU_LPC176x/Debug/libLib_MCU_LPC176x.a(lpc17xx_libcfg_default.o)
 .ARM.attributes
                0x000003c9       0x33 /usr/local/lpcxpresso_7.2.0_153/lpcxpresso/tools/bin/../lib/gcc/arm-none-eabi/4.8.3/../../../../arm-none-eabi/lib/armv7-m/libcr_semihost.a(_cr__main.o)
 .ARM.attributes
                0x000003fc       0x33 /usr/local/lpcxpresso_7.2.0_153/lpcxpresso/tools/bin/../lib/gcc/arm-none-eabi/4.8.3/../../../../arm-none-eabi/lib/armv7-m/libcr_c.a(memcpy.o)
 .ARM.attributes
                0x0000042f       0x33 /usr/local/lpcxpresso_7.2.0_153/lpcxpresso/tools/bin/../lib/gcc/arm-none-eabi/4.8.3/../../../../arm-none-eabi/lib/armv7-m/libcr_c.a(memset.o)
 .ARM.attributes
                0x00000462       0x33 /usr/local/lpcxpresso_7.2.0_153/lpcxpresso/tools/bin/../lib/gcc/arm-none-eabi/4.8.3/../../../../arm-none-eabi/lib/armv7-m/libcr_c.a(initio.o)
 .ARM.attributes
                0x00000495       0x33 /usr/local/lpcxpresso_7.2.0_153/lpcxpresso/tools/bin/../lib/gcc/arm-none-eabi/4.8.3/../../../../arm-none-eabi/lib/armv7-m/libcr_c.a(setvbuf.o)
 .ARM.attributes
                0x000004c8       0x33 /usr/local/lpcxpresso_7.2.0_153/lpcxpresso/tools/bin/../lib/gcc/arm-none-eabi/4.8.3/../../../../arm-none-eabi/lib/armv7-m/libcr_c.a(stdio.o)
 .ARM.attributes
                0x000004fb       0x33 /usr/local/lpcxpresso_7.2.0_153/lpcxpresso/tools/bin/../lib/gcc/arm-none-eabi/4.8.3/../../../../arm-none-eabi/lib/armv7-m/libcr_c.a(strlen.o)
 .ARM.attributes
                0x0000052e       0x33 /usr/local/lpcxpresso_7.2.0_153/lpcxpresso/tools/bin/../lib/gcc/arm-none-eabi/4.8.3/../../../../arm-none-eabi/lib/armv7-m/libcr_c.a(strncpy.o)
 .ARM.attributes
                0x00000561       0x33 /usr/local/lpcxpresso_7.2.0_153/lpcxpresso/tools/bin/../lib/gcc/arm-none-eabi/4.8.3/../../../../arm-none-eabi/lib/armv7-m/libcr_c.a(_deferredlazyseek.o)
 .ARM.attributes
                0x00000594       0x33 /usr/local/lpcxpresso_7.2.0_153/lpcxpresso/tools/bin/../lib/gcc/arm-none-eabi/4.8.3/../../../../arm-none-eabi/lib/armv7-m/libcr_c.a(_fdopen.o)
 .ARM.attributes
                0x000005c7       0x33 /usr/local/lpcxpresso_7.2.0_153/lpcxpresso/tools/bin/../lib/gcc/arm-none-eabi/4.8.3/../../../../arm-none-eabi/lib/armv7-m/libcr_c.a(_fflush.o)
 .ARM.attributes
                0x000005fa       0x33 /usr/local/lpcxpresso_7.2.0_153/lpcxpresso/tools/bin/../lib/gcc/arm-none-eabi/4.8.3/../../../../arm-none-eabi/lib/armv7-m/libcr_c.a(_writebuf.o)
 .ARM.attributes
                0x0000062d       0x33 /usr/local/lpcxpresso_7.2.0_153/lpcxpresso/tools/bin/../lib/gcc/arm-none-eabi/4.8.3/../../../../arm-none-eabi/lib/armv7-m/libcr_c.a(alloc.o)
 .ARM.attributes
                0x00000660       0x33 /usr/local/lpcxpresso_7.2.0_153/lpcxpresso/tools/bin/../lib/gcc/arm-none-eabi/4.8.3/../../../../arm-none-eabi/lib/armv7-m/libcr_c.a(errno.o)
 .ARM.attributes
                0x00000693       0x33 /usr/local/lpcxpresso_7.2.0_153/lpcxpresso/tools/bin/../lib/gcc/arm-none-eabi/4.8.3/../../../../arm-none-eabi/lib/armv7-m/libcr_c.a(fclose.o)
 .ARM.attributes
                0x000006c6       0x33 /usr/local/lpcxpresso_7.2.0_153/lpcxpresso/tools/bin/../lib/gcc/arm-none-eabi/4.8.3/../../../../arm-none-eabi/lib/armv7-m/libcr_c.a(fflush.o)
 .ARM.attributes
                0x000006f9       0x33 /usr/local/lpcxpresso_7.2.0_153/lpcxpresso/tools/bin/../lib/gcc/arm-none-eabi/4.8.3/../../../../arm-none-eabi/lib/armv7-m/libcr_c.a(fseek.o)
 .ARM.attributes
                0x0000072c       0x33 /usr/local/lpcxpresso_7.2.0_153/lpcxpresso/tools/bin/../lib/gcc/arm-none-eabi/4.8.3/../../../../arm-none-eabi/lib/armv7-m/libcr_c.a(ftell.o)
 .ARM.attributes
                0x0000075f       0x33 /usr/local/lpcxpresso_7.2.0_153/lpcxpresso/tools/bin/../lib/gcc/arm-none-eabi/4.8.3/../../../../arm-none-eabi/lib/armv7-m/libcr_c.a(remove.o)
 .ARM.attributes
                0x00000792       0x33 /usr/local/lpcxpresso_7.2.0_153/lpcxpresso/tools/bin/../lib/gcc/arm-none-eabi/4.8.3/../../../../arm-none-eabi/lib/armv7-m/libcr_c.a(__init_alloc.o)
 .ARM.attributes
                0x000007c5       0x33 /usr/local/lpcxpresso_7.2.0_153/lpcxpresso/tools/bin/../lib/gcc/arm-none-eabi/4.8.3/../../../../arm-none-eabi/lib/armv7-m/libcr_c.a(_cr_sbrk.o)
 .ARM.attributes
                0x000007f8       0x33 /usr/local/lpcxpresso_7.2.0_153/lpcxpresso/tools/bin/../lib/gcc/arm-none-eabi/4.8.3/../../../../arm-none-eabi/lib/armv7-m/libcr_c.a(_do_fflush.o)
 .ARM.attributes
                0x0000082b       0x33 /usr/local/lpcxpresso_7.2.0_153/lpcxpresso/tools/bin/../lib/gcc/arm-none-eabi/4.8.3/../../../../arm-none-eabi/lib/armv7-m/libcr_c.a(_cr_check_heap.o)
 .ARM.attributes
                0x0000085e       0x21 /usr/local/lpcxpresso_7.2.0_153/lpcxpresso/tools/bin/../lib/gcc/arm-none-eabi/4.8.3/armv7-m/libcr_eabihelpers.a(memcpy.o)
 .ARM.attributes
                0x0000087f       0x21 /usr/local/lpcxpresso_7.2.0_153/lpcxpresso/tools/bin/../lib/gcc/arm-none-eabi/4.8.3/../../../../arm-none-eabi/lib/armv7-m/libcr_semihost.a(__sys_appexit.o)
 .ARM.attributes
                0x000008a0       0x21 /usr/local/lpcxpresso_7.2.0_153/lpcxpresso/tools/bin/../lib/gcc/arm-none-eabi/4.8.3/../../../../arm-none-eabi/lib/armv7-m/libcr_semihost.a(__sys_close.o)
 .ARM.attributes
                0x000008c1       0x21 /usr/local/lpcxpresso_7.2.0_153/lpcxpresso/tools/bin/../lib/gcc/arm-none-eabi/4.8.3/../../../../arm-none-eabi/lib/armv7-m/libcr_semihost.a(__sys_flen.o)
 .ARM.attributes
                0x000008e2       0x21 /usr/local/lpcxpresso_7.2.0_153/lpcxpresso/tools/bin/../lib/gcc/arm-none-eabi/4.8.3/../../../../arm-none-eabi/lib/armv7-m/libcr_semihost.a(__sys_istty.o)
 .ARM.attributes
                0x00000903       0x21 /usr/local/lpcxpresso_7.2.0_153/lpcxpresso/tools/bin/../lib/gcc/arm-none-eabi/4.8.3/../../../../arm-none-eabi/lib/armv7-m/libcr_semihost.a(__sys_remove.o)
 .ARM.attributes
                0x00000924       0x21 /usr/local/lpcxpresso_7.2.0_153/lpcxpresso/tools/bin/../lib/gcc/arm-none-eabi/4.8.3/../../../../arm-none-eabi/lib/armv7-m/libcr_semihost.a(__sys_seek.o)
 .ARM.attributes
                0x00000945       0x21 /usr/local/lpcxpresso_7.2.0_153/lpcxpresso/tools/bin/../lib/gcc/arm-none-eabi/4.8.3/../../../../arm-none-eabi/lib/armv7-m/libcr_semihost.a(__sys_tmpnam.o)
 .ARM.attributes
                0x00000966       0x21 /usr/local/lpcxpresso_7.2.0_153/lpcxpresso/tools/bin/../lib/gcc/arm-none-eabi/4.8.3/../../../../arm-none-eabi/lib/armv7-m/libcr_semihost.a(__sys_write.o)

.debug_frame    0x00000000     0x14c0
 .debug_frame   0x00000000       0x98 ./src/cr_startup_lpc17.o
 .debug_frame   0x00000098       0x98 ./src/main.o
 .debug_frame   0x00000130      0x228 /home/carlos/workspace fiuba/wsRTO/Lib_FreeRTOS_7p0p1/Debug_LPC176x/libLib_FreeRTOS_7p0p1.a(queue.o)
 .debug_frame   0x00000358      0x408 /home/carlos/workspace fiuba/wsRTO/Lib_FreeRTOS_7p0p1/Debug_LPC176x/libLib_FreeRTOS_7p0p1.a(tasks.o)
 .debug_frame   0x00000760      0x10c /home/carlos/workspace fiuba/wsRTO/Lib_FreeRTOS_7p0p1/Debug_LPC176x/libLib_FreeRTOS_7p0p1.a(trace.o)
 .debug_frame   0x0000086c       0x68 /home/carlos/workspace fiuba/wsRTO/Lib_FreeRTOS_7p0p1/Debug_LPC176x/libLib_FreeRTOS_7p0p1.a(heap_2.o)
 .debug_frame   0x000008d4       0xd0 /home/carlos/workspace fiuba/wsRTO/Lib_FreeRTOS_7p0p1/Debug_LPC176x/libLib_FreeRTOS_7p0p1.a(port.o)
 .debug_frame   0x000009a4       0x68 /home/carlos/workspace fiuba/wsRTO/Lib_FreeRTOS_7p0p1/Debug_LPC176x/libLib_FreeRTOS_7p0p1.a(list.o)
 .debug_frame   0x00000a0c       0x3c /home/carlos/workspace fiuba/wsRTO/CMSISv2p00_LPC17xx/Debug/libCMSISv2p00_LPC17xx.a(system_LPC17xx.o)
 .debug_frame   0x00000a48       0x84 /home/carlos/workspace fiuba/wsRTO/Lib_API_CAPI/Debug/libLib_API_CAPI.a(GPIO.o)
 .debug_frame   0x00000acc       0x80 /home/carlos/workspace fiuba/wsRTO/Lib_API_CAPI/Debug/libLib_API_CAPI.a(UART.o)
 .debug_frame   0x00000b4c       0xa8 /home/carlos/workspace fiuba/wsRTO/Lib_Contenedores/Debug/libLib_Contenedores.a(ColaCircular.o)
 .debug_frame   0x00000bf4       0x70 /home/carlos/workspace fiuba/wsRTO/Lib_MCU_LPC176x/Debug/libLib_MCU_LPC176x.a(lpc_17xx_GPIO.o)
 .debug_frame   0x00000c64       0x28 /home/carlos/workspace fiuba/wsRTO/Lib_MCU_LPC176x/Debug/libLib_MCU_LPC176x.a(lpc_17xx_PIN.o)
 .debug_frame   0x00000c8c      0x1d0 /home/carlos/workspace fiuba/wsRTO/Lib_MCU_LPC176x/Debug/libLib_MCU_LPC176x.a(lpc_17xx_UART.o)
 .debug_frame   0x00000e5c      0x2b0 /home/carlos/workspace fiuba/wsRTO/Lib_MCU_LPC176x/Debug/libLib_MCU_LPC176x.a(lpc17xx_gpio.o)
 .debug_frame   0x0000110c       0x88 /home/carlos/workspace fiuba/wsRTO/Lib_MCU_LPC176x/Debug/libLib_MCU_LPC176x.a(lpc17xx_pinsel.o)
 .debug_frame   0x00001194      0x30c /home/carlos/workspace fiuba/wsRTO/Lib_MCU_LPC176x/Debug/libLib_MCU_LPC176x.a(lpc17xx_uart.o)
 .debug_frame   0x000014a0       0x20 /home/carlos/workspace fiuba/wsRTO/Lib_MCU_LPC176x/Debug/libLib_MCU_LPC176x.a(lpc17xx_libcfg_default.o)
