20:01:46 **** Incremental Build of configuration Debug for project Ejercicio1.4 ****
make all 
Building target: Ejercicio1.4.axf
Invoking: MCU Linker
arm-none-eabi-gcc -nostdlib -L"C:\wsRTO\Lib_FreeRTOS_7p0p1\Debug_LPC176x" -L"C:\wsRTO\CMSISv2p00_LPC17xx\Debug" -L"C:\wsRTO\Lib_API_CAPI\Debug" -L"C:\wsRTO\Lib_Contenedores\Debug" -L"C:\wsRTO\Lib_MCU_LPC176x\Debug" -Xlinker -Map="Ejercicio1.4.map" -Xlinker --gc-sections -mcpu=cortex-m3 -mthumb -T "Ejercicio1_4_Debug.ld" -o "Ejercicio1.4.axf"  ./src/cr_startup_lpc17.o ./src/main.o   -lLib_FreeRTOS_7p0p1 -lCMSISv2p00_LPC17xx -lLib_API_CAPI -lLib_Contenedores -lLib_MCU_LPC176x
Finished building target: Ejercicio1.4.axf
 
make --no-print-directory post-build
Performing post-build steps
arm-none-eabi-size "Ejercicio1.4.axf"; # arm-none-eabi-objcopy -O binary "Ejercicio1.4.axf" "Ejercicio1.4.bin" ; checksum -p LPC1769 -d "Ejercicio1.4.bin";
   text	   data	    bss	    dec	    hex	filename
   7156	     20	  18968	  26144	   6620	Ejercicio1.4.axf
 

20:01:46 Build Finished (took 755ms)

