20:12:01 **** Incremental Build of configuration Debug for project Ejercicio2.3 ****
make all 
Building file: ../src/main.c
Invoking: MCU C Compiler
arm-none-eabi-gcc -D__REDLIB__ -DDEBUG -D__CODE_RED -D__USE_CMSIS=CMSISv2p00_LPC17xx -I"C:\wsRTO\CMSISv2p00_LPC17xx\inc" -I"C:\wsRTO\Lib_FreeRTOS_7p0p1\demo_code" -I"C:\wsRTO\Lib_API_CAPI\inc" -I"C:\wsRTO\Lib_Contenedores\inc" -I"C:\wsRTO\Lib_MCU_LPC176x\inc" -I"C:\wsRTO\Lib_FreeRTOS_7p0p1\FreeRTOS_include" -I"C:\wsRTO\Lib_FreeRTOS_7p0p1\FreeRTOS_portable" -O0 -g3 -Wall -c -fmessage-length=0 -fno-builtin -ffunction-sections -fdata-sections -mcpu=cortex-m3 -mthumb -D__REDLIB__ -specs=redlib.specs -MMD -MP -MF"src/main.d" -MT"src/main.d" -o "src/main.o" "../src/main.c"
Finished building: ../src/main.c
 
Building target: Ejercicio2.3.axf
Invoking: MCU Linker
arm-none-eabi-gcc -nostdlib -L"C:\wsRTO\Lib_FreeRTOS_7p0p1\Debug_LPC176x" -L"C:\wsRTO\CMSISv2p00_LPC17xx\Debug" -L"C:\wsRTO\Lib_API_CAPI\Debug" -L"C:\wsRTO\Lib_Contenedores\Debug" -L"C:\wsRTO\Lib_MCU_LPC176x\Debug" -Xlinker -Map="Ejercicio2.3.map" -Xlinker --gc-sections -mcpu=cortex-m3 -mthumb -T "Ejercicio2_1_Debug.ld" -o "Ejercicio2.3.axf"  ./src/cr_startup_lpc17.o ./src/main.o   -lLib_FreeRTOS_7p0p1 -lCMSISv2p00_LPC17xx -lLib_API_CAPI -lLib_Contenedores -lLib_MCU_LPC176x
Finished building target: Ejercicio2.3.axf
 
make --no-print-directory post-build
Performing post-build steps
arm-none-eabi-size "Ejercicio2.3.axf"; # arm-none-eabi-objcopy -O binary "Ejercicio2.3.axf" "Ejercicio2.3.bin" ; checksum -p LPC1769 -d "Ejercicio2.3.bin";
   text	   data	    bss	    dec	    hex	filename
   8548	     20	  19004	  27572	   6bb4	Ejercicio2.3.axf
 

20:12:02 Build Finished (took 965ms)

