17:18:11 **** Incremental Build of configuration Debug for project CMSISv2p00_LPC17xx ****
make all 
make: Nothing to be done for `all'.
17:18:13 **** Incremental Build of configuration Debug for project Ejercicio5.2 ****
make all 
make: Nothing to be done for `all'.
17:31:16 **** Incremental Build of configuration Debug for project CMSISv2p00_LPC17xx ****
make all 
Building file: ../src/core_cm3.c
Invoking: MCU C Compiler
arm-none-eabi-gcc -D__REDLIB__ -DDEBUG -D__CODE_RED -I../inc -Og -Os -g3 -Wall -c -fmessage-length=0 -fno-builtin -ffunction-sections -fdata-sections -mcpu=cortex-m3 -mthumb -D__REDLIB__ -specs=redlib.specs -MMD -MP -MF"src/core_cm3.d" -MT"src/core_cm3.d" -o "src/core_cm3.o" "../src/core_cm3.c"
Finished building: ../src/core_cm3.c
 
Building file: ../src/system_LPC17xx.c
Invoking: MCU C Compiler
arm-none-eabi-gcc -D__REDLIB__ -DDEBUG -D__CODE_RED -I../inc -Og -Os -g3 -Wall -c -fmessage-length=0 -fno-builtin -ffunction-sections -fdata-sections -mcpu=cortex-m3 -mthumb -D__REDLIB__ -specs=redlib.specs -MMD -MP -MF"src/system_LPC17xx.d" -MT"src/system_LPC17xx.d" -o "src/system_LPC17xx.o" "../src/system_LPC17xx.c"
Finished building: ../src/system_LPC17xx.c
 
Building target: libCMSISv2p00_LPC17xx.a
Invoking: MCU Archiver
arm-none-eabi-ar -r  "libCMSISv2p00_LPC17xx.a"  ./src/core_cm3.o ./src/system_LPC17xx.o   
arm-none-eabi-ar: creating libCMSISv2p00_LPC17xx.a
Finished building target: libCMSISv2p00_LPC17xx.a
 
make --no-print-directory post-build
Performing post-build steps
arm-none-eabi-size libCMSISv2p00_LPC17xx.a ; # arm-none-eabi-objdump -h -S libCMSISv2p00_LPC17xx.a >libCMSISv2p00_LPC17xx.lss
   text	   data	    bss	    dec	    hex	filename
      0	      0	      0	      0	      0	core_cm3.o (ex libCMSISv2p00_LPC17xx.a)
    400	      4	      0	    404	    194	system_LPC17xx.o (ex libCMSISv2p00_LPC17xx.a)
 
17:31:18 **** Incremental Build of configuration Debug for project Ejercicio 3.2 ****
make all 
src/cr_startup_lpc17.d:1: *** hay varios patrones de objetivos.  Alto.
17:31:18 **** Build of configuration Debug for project Ejercicio2.1 ****
make all 
src/cr_startup_lpc17.d:1: *** hay varios patrones de objetivos.  Alto.
17:31:19 **** Build of configuration Debug for project Ejercicio4.1 ****
make all 
Building target: Ejercicio4.1.axf
Invoking: MCU Linker
arm-none-eabi-gcc -nostdlib -L"/home/carlos/workspace fiuba/wsRTO/Lib_FreeRTOS_7p0p1/Debug_LPC176x" -L"/home/carlos/workspace fiuba/wsRTO/CMSISv2p00_LPC17xx/Debug" -L"/home/carlos/workspace fiuba/wsRTO/Lib_API_CAPI/Debug" -L"/home/carlos/workspace fiuba/wsRTO/Lib_Contenedores/Debug" -L"/home/carlos/workspace fiuba/wsRTO/Lib_MCU_LPC176x/Debug" -Xlinker -Map="Ejercicio4.1.map" -Xlinker --gc-sections -mcpu=cortex-m3 -mthumb -T "Ejercicio2_1_Debug.ld" -o "Ejercicio4.1.axf"  ./src/cr_startup_lpc17.o ./src/main.o   -lLib_FreeRTOS_7p0p1 -lCMSISv2p00_LPC17xx -lLib_API_CAPI -lLib_Contenedores -lLib_MCU_LPC176x
Finished building target: Ejercicio4.1.axf
 
make --no-print-directory post-build
Performing post-build steps
arm-none-eabi-size "Ejercicio4.1.axf"; # arm-none-eabi-objcopy -O binary "Ejercicio4.1.axf" "Ejercicio4.1.bin" ; checksum -p LPC1769 -d "Ejercicio4.1.bin";
   text	   data	    bss	    dec	    hex	filename
   8644	     20	  18972	  27636	   6bf4	Ejercicio4.1.axf
 
17:31:19 **** Build of configuration Debug for project Ejercicio4.2 ****
make all 
src/cr_startup_lpc17.d:1: *** hay varios patrones de objetivos.  Alto.
17:31:20 **** Build of configuration Debug for project Ejercicio5.1 ****
make all 
src/main.d:1: *** hay varios patrones de objetivos.  Alto.
17:31:20 **** Build of configuration Debug for project Ejercicio5.2 ****
make all 
src/cr_startup_lpc17.d:1: *** hay varios patrones de objetivos.  Alto.
17:31:20 **** Incremental Build of configuration Debug for project Lib_API_CAPI ****
make all 
src/BUS.d:1: *** hay varios patrones de objetivos.  Alto.
17:31:21 **** Incremental Build of configuration Debug for project Lib_Contenedores ****
make all 
src/ColaCircular.d:1: *** hay varios patrones de objetivos.  Alto.
17:31:21 **** Incremental Build of configuration Debug_LPC176x for project Lib_FreeRTOS_7p0p1 ****
make all 
demo_code/basic_io.d:1: *** hay varios patrones de objetivos.  Alto.
17:31:21 **** Incremental Build of configuration Debug for project Lib_LCD_Texto ****
make all 
src/LCD_text.d:1: *** hay varios patrones de objetivos.  Alto.
17:31:22 **** Incremental Build of configuration Debug for project Lib_MCU_LPC176x ****
make all 
vendor drivers/src/debug_frmwrk.d:1: *** hay varios patrones de objetivos.  Alto.
17:36:50 **** Incremental Build of configuration Debug for project CMSISv2p00_LPC17xx ****
make all 
make: No se hace nada para «all».
17:36:50 **** Incremental Build of configuration Debug for project Ejercicio 3.2 ****
make all 
Building file: ../src/cr_startup_lpc17.c
Invoking: MCU C Compiler
arm-none-eabi-gcc -D__REDLIB__ -DDEBUG -D__CODE_RED -D__USE_CMSIS=CMSISv2p00_LPC17xx -I"/home/carlos/workspace fiuba/wsRTO/CMSISv2p00_LPC17xx/inc" -I"/home/carlos/workspace fiuba/wsRTO/Lib_FreeRTOS_7p0p1/demo_code" -I"/home/carlos/workspace fiuba/wsRTO/Lib_API_CAPI/inc" -I"/home/carlos/workspace fiuba/wsRTO/Lib_Contenedores/inc" -I"/home/carlos/workspace fiuba/wsRTO/Lib_MCU_LPC176x/inc" -I"/home/carlos/workspace fiuba/wsRTO/Lib_FreeRTOS_7p0p1/FreeRTOS_include" -I"/home/carlos/workspace fiuba/wsRTO/Lib_FreeRTOS_7p0p1/FreeRTOS_portable" -O0 -g3 -Wall -c -fmessage-length=0 -fno-builtin -ffunction-sections -fdata-sections -mcpu=cortex-m3 -mthumb -D__REDLIB__ -specs=redlib.specs -MMD -MP -MF"src/cr_startup_lpc17.d" -MT"src/cr_startup_lpc17.d" -o "src/cr_startup_lpc17.o" "../src/cr_startup_lpc17.c"
Finished building: ../src/cr_startup_lpc17.c
 
Building file: ../src/main.c
Invoking: MCU C Compiler
arm-none-eabi-gcc -D__REDLIB__ -DDEBUG -D__CODE_RED -D__USE_CMSIS=CMSISv2p00_LPC17xx -I"/home/carlos/workspace fiuba/wsRTO/CMSISv2p00_LPC17xx/inc" -I"/home/carlos/workspace fiuba/wsRTO/Lib_FreeRTOS_7p0p1/demo_code" -I"/home/carlos/workspace fiuba/wsRTO/Lib_API_CAPI/inc" -I"/home/carlos/workspace fiuba/wsRTO/Lib_Contenedores/inc" -I"/home/carlos/workspace fiuba/wsRTO/Lib_MCU_LPC176x/inc" -I"/home/carlos/workspace fiuba/wsRTO/Lib_FreeRTOS_7p0p1/FreeRTOS_include" -I"/home/carlos/workspace fiuba/wsRTO/Lib_FreeRTOS_7p0p1/FreeRTOS_portable" -O0 -g3 -Wall -c -fmessage-length=0 -fno-builtin -ffunction-sections -fdata-sections -mcpu=cortex-m3 -mthumb -D__REDLIB__ -specs=redlib.specs -MMD -MP -MF"src/main.d" -MT"src/main.d" -o "src/main.o" "../src/main.c"
../src/main.c: In function 'taskGeneradora':
../src/main.c:116:8: warning: passing argument 2 of 'xQueueGenericSend' makes pointer from integer without a cast [enabled by default]
        xQueueSend(*  cola, tiempoOprimido, portMAX_DELAY);
        ^
In file included from ../src/main.c:28:0:
/home/carlos/workspace fiuba/wsRTO/Lib_FreeRTOS_7p0p1/FreeRTOS_include/queue.h:480:22: note: expected 'const void * const' but argument is of type 'portTickType'
 signed portBASE_TYPE xQueueGenericSend( xQueueHandle pxQueue, const void * const pvItemToQueue, portTickType xTicksToWait, portBASE_TYPE xCopyPosition );
                      ^
../src/main.c:86:23: warning: unused variable 'semaforo' [-Wunused-variable]
    xSemaphoreHandle * semaforo = (xSemaphoreHandle *)pvParameters;
                       ^
../src/main.c:79:10: warning: unused variable 'state' [-Wunused-variable]
  uint8_t state = NO_OPRIMIDO;
          ^
Finished building: ../src/main.c
 
Building target: Ejercicio 3.2.axf
Invoking: MCU Linker
arm-none-eabi-gcc -nostdlib -L"/home/carlos/workspace fiuba/wsRTO/CMSISv2p00_LPC17xx/Debug" -Xlinker -Map="Ejercicio 3.2.map" -Xlinker --gc-sections -mcpu=cortex-m3 -mthumb -T "Ejercicio2_1_Debug.ld" -o "Ejercicio 3.2.axf"  ./src/cr_startup_lpc17.o ./src/main.o   -lLib_FreeRTOS_7p0p1 -lCMSISv2p00_LPC17xx -lLib_API_CAPI -lLib_Contenedores -lLib_MCU_LPC176x
/usr/local/lpcxpresso_7.2.0_153/lpcxpresso/tools/bin/../lib/gcc/arm-none-eabi/4.8.3/../../../../arm-none-eabi/bin/ld: cannot find -lLib_FreeRTOS_7p0p1
/usr/local/lpcxpresso_7.2.0_153/lpcxpresso/tools/bin/../lib/gcc/arm-none-eabi/4.8.3/../../../../arm-none-eabi/bin/ld: cannot find -lLib_API_CAPI
/usr/local/lpcxpresso_7.2.0_153/lpcxpresso/tools/bin/../lib/gcc/arm-none-eabi/4.8.3/../../../../arm-none-eabi/bin/ld: cannot find -lLib_Contenedores
/usr/local/lpcxpresso_7.2.0_153/lpcxpresso/tools/bin/../lib/gcc/arm-none-eabi/4.8.3/../../../../arm-none-eabi/bin/ld: cannot find -lLib_MCU_LPC176x
collect2: error: ld returned 1 exit status
make: *** [Ejercicio 3.2.axf] Error 1
17:36:51 **** Incremental Build of configuration Debug for project Ejercicio2.1 ****
make all 
Building file: ../src/cr_startup_lpc17.c
Invoking: MCU C Compiler
arm-none-eabi-gcc -D__REDLIB__ -DDEBUG -D__CODE_RED -D__USE_CMSIS=CMSISv2p00_LPC17xx -I"/home/carlos/workspace fiuba/wsRTO/CMSISv2p00_LPC17xx/inc" -I"/home/carlos/workspace fiuba/wsRTO/Lib_FreeRTOS_7p0p1/demo_code" -I"/home/carlos/workspace fiuba/wsRTO/Lib_API_CAPI/inc" -I"/home/carlos/workspace fiuba/wsRTO/Lib_Contenedores/inc" -I"/home/carlos/workspace fiuba/wsRTO/Lib_MCU_LPC176x/inc" -I"/home/carlos/workspace fiuba/wsRTO/Lib_FreeRTOS_7p0p1/FreeRTOS_include" -I"/home/carlos/workspace fiuba/wsRTO/Lib_FreeRTOS_7p0p1/FreeRTOS_portable" -O0 -g3 -Wall -c -fmessage-length=0 -fno-builtin -ffunction-sections -fdata-sections -mcpu=cortex-m3 -mthumb -D__REDLIB__ -specs=redlib.specs -MMD -MP -MF"src/cr_startup_lpc17.d" -MT"src/cr_startup_lpc17.d" -o "src/cr_startup_lpc17.o" "../src/cr_startup_lpc17.c"
Finished building: ../src/cr_startup_lpc17.c
 
Building file: ../src/main.c
Invoking: MCU C Compiler
arm-none-eabi-gcc -D__REDLIB__ -DDEBUG -D__CODE_RED -D__USE_CMSIS=CMSISv2p00_LPC17xx -I"/home/carlos/workspace fiuba/wsRTO/CMSISv2p00_LPC17xx/inc" -I"/home/carlos/workspace fiuba/wsRTO/Lib_FreeRTOS_7p0p1/demo_code" -I"/home/carlos/workspace fiuba/wsRTO/Lib_API_CAPI/inc" -I"/home/carlos/workspace fiuba/wsRTO/Lib_Contenedores/inc" -I"/home/carlos/workspace fiuba/wsRTO/Lib_MCU_LPC176x/inc" -I"/home/carlos/workspace fiuba/wsRTO/Lib_FreeRTOS_7p0p1/FreeRTOS_include" -I"/home/carlos/workspace fiuba/wsRTO/Lib_FreeRTOS_7p0p1/FreeRTOS_portable" -O0 -g3 -Wall -c -fmessage-length=0 -fno-builtin -ffunction-sections -fdata-sections -mcpu=cortex-m3 -mthumb -D__REDLIB__ -specs=redlib.specs -MMD -MP -MF"src/main.d" -MT"src/main.d" -o "src/main.o" "../src/main.c"
Finished building: ../src/main.c
 
Building target: Ejercicio2.1.axf
Invoking: MCU Linker
arm-none-eabi-gcc -nostdlib -L"/home/carlos/workspace fiuba/wsRTO/CMSISv2p00_LPC17xx/Debug" -Xlinker -Map="Ejercicio2.1.map" -Xlinker --gc-sections -mcpu=cortex-m3 -mthumb -T "Ejercicio2_1_Debug.ld" -o "Ejercicio2.1.axf"  ./src/cr_startup_lpc17.o ./src/main.o   -lLib_FreeRTOS_7p0p1 -lCMSISv2p00_LPC17xx -lLib_API_CAPI -lLib_Contenedores -lLib_MCU_LPC176x
/usr/local/lpcxpresso_7.2.0_153/lpcxpresso/tools/bin/../lib/gcc/arm-none-eabi/4.8.3/../../../../arm-none-eabi/bin/ld: cannot find -lLib_FreeRTOS_7p0p1
/usr/local/lpcxpresso_7.2.0_153/lpcxpresso/tools/bin/../lib/gcc/arm-none-eabi/4.8.3/../../../../arm-none-eabi/bin/ld: cannot find -lLib_API_CAPI
/usr/local/lpcxpresso_7.2.0_153/lpcxpresso/tools/bin/../lib/gcc/arm-none-eabi/4.8.3/../../../../arm-none-eabi/bin/ld: cannot find -lLib_Contenedores
/usr/local/lpcxpresso_7.2.0_153/lpcxpresso/tools/bin/../lib/gcc/arm-none-eabi/4.8.3/../../../../arm-none-eabi/bin/ld: cannot find -lLib_MCU_LPC176x
collect2: error: ld returned 1 exit status
make: *** [Ejercicio2.1.axf] Error 1
17:36:51 **** Incremental Build of configuration Debug for project Ejercicio4.1 ****
make all 
make: No se hace nada para «all».
17:36:52 **** Incremental Build of configuration Debug for project Ejercicio4.2 ****
make all 
Building file: ../src/cr_startup_lpc17.c
Invoking: MCU C Compiler
arm-none-eabi-gcc -D__REDLIB__ -DDEBUG -D__CODE_RED -D__USE_CMSIS=CMSISv2p00_LPC17xx -I"/home/carlos/workspace fiuba/wsRTO/CMSISv2p00_LPC17xx/inc" -I"/home/carlos/workspace fiuba/wsRTO/Lib_FreeRTOS_7p0p1/demo_code" -I"/home/carlos/workspace fiuba/wsRTO/Lib_API_CAPI/inc" -I"/home/carlos/workspace fiuba/wsRTO/Lib_Contenedores/inc" -I"/home/carlos/workspace fiuba/wsRTO/Lib_MCU_LPC176x/inc" -I"/home/carlos/workspace fiuba/wsRTO/Lib_FreeRTOS_7p0p1/FreeRTOS_include" -I"/home/carlos/workspace fiuba/wsRTO/Lib_FreeRTOS_7p0p1/FreeRTOS_portable" -O0 -g3 -Wall -c -fmessage-length=0 -fno-builtin -ffunction-sections -fdata-sections -mcpu=cortex-m3 -mthumb -D__REDLIB__ -specs=redlib.specs -MMD -MP -MF"src/cr_startup_lpc17.d" -MT"src/cr_startup_lpc17.d" -o "src/cr_startup_lpc17.o" "../src/cr_startup_lpc17.c"
Finished building: ../src/cr_startup_lpc17.c
 
Building file: ../src/main.c
Invoking: MCU C Compiler
arm-none-eabi-gcc -D__REDLIB__ -DDEBUG -D__CODE_RED -D__USE_CMSIS=CMSISv2p00_LPC17xx -I"/home/carlos/workspace fiuba/wsRTO/CMSISv2p00_LPC17xx/inc" -I"/home/carlos/workspace fiuba/wsRTO/Lib_FreeRTOS_7p0p1/demo_code" -I"/home/carlos/workspace fiuba/wsRTO/Lib_API_CAPI/inc" -I"/home/carlos/workspace fiuba/wsRTO/Lib_Contenedores/inc" -I"/home/carlos/workspace fiuba/wsRTO/Lib_MCU_LPC176x/inc" -I"/home/carlos/workspace fiuba/wsRTO/Lib_FreeRTOS_7p0p1/FreeRTOS_include" -I"/home/carlos/workspace fiuba/wsRTO/Lib_FreeRTOS_7p0p1/FreeRTOS_portable" -O0 -g3 -Wall -c -fmessage-length=0 -fno-builtin -ffunction-sections -fdata-sections -mcpu=cortex-m3 -mthumb -D__REDLIB__ -specs=redlib.specs -MMD -MP -MF"src/main.d" -MT"src/main.d" -o "src/main.o" "../src/main.c"
../src/main.c: In function 'taskPulsador':
../src/main.c:110:6: warning: passing argument 2 of 'xQueueGenericSend' makes pointer from integer without a cast [enabled by default]
      xQueueSend(*  cola, tiempoOprimido, portMAX_DELAY);
      ^
In file included from ../src/main.c:27:0:
/home/carlos/workspace fiuba/wsRTO/Lib_FreeRTOS_7p0p1/FreeRTOS_include/queue.h:480:22: note: expected 'const void * const' but argument is of type 'portTickType'
 signed portBASE_TYPE xQueueGenericSend( xQueueHandle pxQueue, const void * const pvItemToQueue, portTickType xTicksToWait, portBASE_TYPE xCopyPosition );
                      ^
Finished building: ../src/main.c
 
Building target: Ejercicio4.2.axf
Invoking: MCU Linker
arm-none-eabi-gcc -nostdlib -L"/home/carlos/workspace fiuba/wsRTO/CMSISv2p00_LPC17xx/Debug" -Xlinker -Map="Ejercicio4.2.map" -Xlinker --gc-sections -mcpu=cortex-m3 -mthumb -T "Ejercicio2_1_Debug.ld" -o "Ejercicio4.2.axf"  ./src/cr_startup_lpc17.o ./src/main.o   -lLib_FreeRTOS_7p0p1 -lCMSISv2p00_LPC17xx -lLib_API_CAPI -lLib_Contenedores -lLib_MCU_LPC176x
/usr/local/lpcxpresso_7.2.0_153/lpcxpresso/tools/bin/../lib/gcc/arm-none-eabi/4.8.3/../../../../arm-none-eabi/bin/ld: cannot find -lLib_FreeRTOS_7p0p1
/usr/local/lpcxpresso_7.2.0_153/lpcxpresso/tools/bin/../lib/gcc/arm-none-eabi/4.8.3/../../../../arm-none-eabi/bin/ld: cannot find -lLib_API_CAPI
/usr/local/lpcxpresso_7.2.0_153/lpcxpresso/tools/bin/../lib/gcc/arm-none-eabi/4.8.3/../../../../arm-none-eabi/bin/ld: cannot find -lLib_Contenedores
/usr/local/lpcxpresso_7.2.0_153/lpcxpresso/tools/bin/../lib/gcc/arm-none-eabi/4.8.3/../../../../arm-none-eabi/bin/ld: cannot find -lLib_MCU_LPC176x
collect2: error: ld returned 1 exit status
make: *** [Ejercicio4.2.axf] Error 1
17:36:52 **** Incremental Build of configuration Debug for project Ejercicio5.1 ****
make all 
Building file: ../src/cr_startup_lpc17.c
Invoking: MCU C Compiler
arm-none-eabi-gcc -D__REDLIB__ -DDEBUG -D__CODE_RED -D__USE_CMSIS=CMSISv2p00_LPC17xx -I"/home/carlos/workspace fiuba/wsRTO/CMSISv2p00_LPC17xx/inc" -I"/home/carlos/workspace fiuba/wsRTO/Lib_FreeRTOS_7p0p1/demo_code" -I"/home/carlos/workspace fiuba/wsRTO/Lib_API_CAPI/inc" -I"/home/carlos/workspace fiuba/wsRTO/Lib_Contenedores/inc" -I"/home/carlos/workspace fiuba/wsRTO/Lib_MCU_LPC176x/inc" -I"/home/carlos/workspace fiuba/wsRTO/Lib_FreeRTOS_7p0p1/FreeRTOS_include" -I"/home/carlos/workspace fiuba/wsRTO/Lib_FreeRTOS_7p0p1/FreeRTOS_portable" -Og -g3 -Wall -c -fmessage-length=0 -fno-builtin -ffunction-sections -fdata-sections -mcpu=cortex-m3 -mthumb -D__REDLIB__ -specs=redlib.specs -MMD -MP -MF"src/cr_startup_lpc17.d" -MT"src/cr_startup_lpc17.d" -o "src/cr_startup_lpc17.o" "../src/cr_startup_lpc17.c"
Finished building: ../src/cr_startup_lpc17.c
 
Building file: ../src/main.c
Invoking: MCU C Compiler
arm-none-eabi-gcc -D__REDLIB__ -DDEBUG -D__CODE_RED -D__USE_CMSIS=CMSISv2p00_LPC17xx -I"/home/carlos/workspace fiuba/wsRTO/CMSISv2p00_LPC17xx/inc" -I"/home/carlos/workspace fiuba/wsRTO/Lib_FreeRTOS_7p0p1/demo_code" -I"/home/carlos/workspace fiuba/wsRTO/Lib_API_CAPI/inc" -I"/home/carlos/workspace fiuba/wsRTO/Lib_Contenedores/inc" -I"/home/carlos/workspace fiuba/wsRTO/Lib_MCU_LPC176x/inc" -I"/home/carlos/workspace fiuba/wsRTO/Lib_FreeRTOS_7p0p1/FreeRTOS_include" -I"/home/carlos/workspace fiuba/wsRTO/Lib_FreeRTOS_7p0p1/FreeRTOS_portable" -Og -g3 -Wall -c -fmessage-length=0 -fno-builtin -ffunction-sections -fdata-sections -mcpu=cortex-m3 -mthumb -D__REDLIB__ -specs=redlib.specs -MMD -MP -MF"src/main.d" -MT"src/main.d" -o "src/main.o" "../src/main.c"
Finished building: ../src/main.c
 
Building target: Ejercicio5.1.axf
Invoking: MCU Linker
arm-none-eabi-gcc -nostdlib -L"/home/carlos/workspace fiuba/wsRTO/CMSISv2p00_LPC17xx/Debug" -Xlinker -Map="Ejercicio5.1.map" -Xlinker --gc-sections -mcpu=cortex-m3 -mthumb -T "Template_Debug.ld" -o "Ejercicio5.1.axf"  ./src/cr_startup_lpc17.o ./src/main.o   -lLib_FreeRTOS_7p0p1 -lCMSISv2p00_LPC17xx -lLib_API_CAPI -lLib_Contenedores -lLib_MCU_LPC176x
/usr/local/lpcxpresso_7.2.0_153/lpcxpresso/tools/bin/../lib/gcc/arm-none-eabi/4.8.3/../../../../arm-none-eabi/bin/ld: cannot find -lLib_FreeRTOS_7p0p1
/usr/local/lpcxpresso_7.2.0_153/lpcxpresso/tools/bin/../lib/gcc/arm-none-eabi/4.8.3/../../../../arm-none-eabi/bin/ld: cannot find -lLib_API_CAPI
/usr/local/lpcxpresso_7.2.0_153/lpcxpresso/tools/bin/../lib/gcc/arm-none-eabi/4.8.3/../../../../arm-none-eabi/bin/ld: cannot find -lLib_Contenedores
/usr/local/lpcxpresso_7.2.0_153/lpcxpresso/tools/bin/../lib/gcc/arm-none-eabi/4.8.3/../../../../arm-none-eabi/bin/ld: cannot find -lLib_MCU_LPC176x
collect2: error: ld returned 1 exit status
make: *** [Ejercicio5.1.axf] Error 1
17:36:53 **** Incremental Build of configuration Debug for project Ejercicio5.2 ****
make all 
Building file: ../src/cr_startup_lpc17.c
Invoking: MCU C Compiler
arm-none-eabi-gcc -D__REDLIB__ -DDEBUG -D__CODE_RED -D__USE_CMSIS=CMSISv2p00_LPC17xx -I"/home/carlos/workspace fiuba/wsRTO/CMSISv2p00_LPC17xx/inc" -I"/home/carlos/workspace fiuba/wsRTO/Lib_FreeRTOS_7p0p1/demo_code" -I"/home/carlos/workspace fiuba/wsRTO/Lib_API_CAPI/inc" -I"/home/carlos/workspace fiuba/wsRTO/Lib_Contenedores/inc" -I"/home/carlos/workspace fiuba/wsRTO/Lib_MCU_LPC176x/inc" -I"/home/carlos/workspace fiuba/wsRTO/Lib_FreeRTOS_7p0p1/FreeRTOS_include" -I"/home/carlos/workspace fiuba/wsRTO/Lib_FreeRTOS_7p0p1/FreeRTOS_portable" -Og -g3 -Wall -c -fmessage-length=0 -fno-builtin -ffunction-sections -fdata-sections -mcpu=cortex-m3 -mthumb -D__REDLIB__ -specs=redlib.specs -MMD -MP -MF"src/cr_startup_lpc17.d" -MT"src/cr_startup_lpc17.d" -o "src/cr_startup_lpc17.o" "../src/cr_startup_lpc17.c"
Finished building: ../src/cr_startup_lpc17.c
 
Building file: ../src/main.c
Invoking: MCU C Compiler
arm-none-eabi-gcc -D__REDLIB__ -DDEBUG -D__CODE_RED -D__USE_CMSIS=CMSISv2p00_LPC17xx -I"/home/carlos/workspace fiuba/wsRTO/CMSISv2p00_LPC17xx/inc" -I"/home/carlos/workspace fiuba/wsRTO/Lib_FreeRTOS_7p0p1/demo_code" -I"/home/carlos/workspace fiuba/wsRTO/Lib_API_CAPI/inc" -I"/home/carlos/workspace fiuba/wsRTO/Lib_Contenedores/inc" -I"/home/carlos/workspace fiuba/wsRTO/Lib_MCU_LPC176x/inc" -I"/home/carlos/workspace fiuba/wsRTO/Lib_FreeRTOS_7p0p1/FreeRTOS_include" -I"/home/carlos/workspace fiuba/wsRTO/Lib_FreeRTOS_7p0p1/FreeRTOS_portable" -Og -g3 -Wall -c -fmessage-length=0 -fno-builtin -ffunction-sections -fdata-sections -mcpu=cortex-m3 -mthumb -D__REDLIB__ -specs=redlib.specs -MMD -MP -MF"src/main.d" -MT"src/main.d" -o "src/main.o" "../src/main.c"
../src/main.c: In function 'taskPulsador':
../src/main.c:87:6: warning: passing argument 2 of 'xQueueGenericSend' makes pointer from integer without a cast [enabled by default]
      xQueueSend( cola, tiempoOprimido, portMAX_DELAY);
      ^
In file included from ../src/main.c:27:0:
/home/carlos/workspace fiuba/wsRTO/Lib_FreeRTOS_7p0p1/FreeRTOS_include/queue.h:480:22: note: expected 'const void * const' but argument is of type 'portTickType'
 signed portBASE_TYPE xQueueGenericSend( xQueueHandle pxQueue, const void * const pvItemToQueue, portTickType xTicksToWait, portBASE_TYPE xCopyPosition );
                      ^
Finished building: ../src/main.c
 
Building target: Ejercicio5.2.axf
Invoking: MCU Linker
arm-none-eabi-gcc -nostdlib -L"/home/carlos/workspace fiuba/wsRTO/CMSISv2p00_LPC17xx/Debug" -Xlinker -Map="Ejercicio5.2.map" -Xlinker --gc-sections -mcpu=cortex-m3 -mthumb -T "Template_Debug.ld" -o "Ejercicio5.2.axf"  ./src/cr_startup_lpc17.o ./src/main.o   -lLib_FreeRTOS_7p0p1 -lCMSISv2p00_LPC17xx -lLib_API_CAPI -lLib_Contenedores -lLib_MCU_LPC176x
/usr/local/lpcxpresso_7.2.0_153/lpcxpresso/tools/bin/../lib/gcc/arm-none-eabi/4.8.3/../../../../arm-none-eabi/bin/ld: cannot find -lLib_FreeRTOS_7p0p1
/usr/local/lpcxpresso_7.2.0_153/lpcxpresso/tools/bin/../lib/gcc/arm-none-eabi/4.8.3/../../../../arm-none-eabi/bin/ld: cannot find -lLib_API_CAPI
/usr/local/lpcxpresso_7.2.0_153/lpcxpresso/tools/bin/../lib/gcc/arm-none-eabi/4.8.3/../../../../arm-none-eabi/bin/ld: cannot find -lLib_Contenedores
/usr/local/lpcxpresso_7.2.0_153/lpcxpresso/tools/bin/../lib/gcc/arm-none-eabi/4.8.3/../../../../arm-none-eabi/bin/ld: cannot find -lLib_MCU_LPC176x
collect2: error: ld returned 1 exit status
make: *** [Ejercicio5.2.axf] Error 1
17:36:53 **** Incremental Build of configuration Debug for project Lib_API_CAPI ****
make all 
Building file: ../src/AIN.c
Invoking: MCU C Compiler
arm-none-eabi-gcc -D__REDLIB__ -DDEBUG -D__CODE_RED -I"/home/carlos/workspace fiuba/wsRTO/Lib_API_CAPI/inc" -I"/home/carlos/workspace fiuba/wsRTO/Lib_Contenedores/inc" -Og -g3 -Wall -c -fmessage-length=0 -fno-builtin -ffunction-sections -fdata-sections -mcpu=cortex-m3 -mthumb -D__REDLIB__ -specs=redlib.specs -MMD -MP -MF"src/AIN.d" -MT"src/AIN.d" -o "src/AIN.o" "../src/AIN.c"
Finished building: ../src/AIN.c
 
Building file: ../src/BUS.c
Invoking: MCU C Compiler
arm-none-eabi-gcc -D__REDLIB__ -DDEBUG -D__CODE_RED -I"/home/carlos/workspace fiuba/wsRTO/Lib_API_CAPI/inc" -I"/home/carlos/workspace fiuba/wsRTO/Lib_Contenedores/inc" -Og -g3 -Wall -c -fmessage-length=0 -fno-builtin -ffunction-sections -fdata-sections -mcpu=cortex-m3 -mthumb -D__REDLIB__ -specs=redlib.specs -MMD -MP -MF"src/BUS.d" -MT"src/BUS.d" -o "src/BUS.o" "../src/BUS.c"
Finished building: ../src/BUS.c
 
Building file: ../src/GPIO.c
Invoking: MCU C Compiler
arm-none-eabi-gcc -D__REDLIB__ -DDEBUG -D__CODE_RED -I"/home/carlos/workspace fiuba/wsRTO/Lib_API_CAPI/inc" -I"/home/carlos/workspace fiuba/wsRTO/Lib_Contenedores/inc" -Og -g3 -Wall -c -fmessage-length=0 -fno-builtin -ffunction-sections -fdata-sections -mcpu=cortex-m3 -mthumb -D__REDLIB__ -specs=redlib.specs -MMD -MP -MF"src/GPIO.d" -MT"src/GPIO.d" -o "src/GPIO.o" "../src/GPIO.c"
Finished building: ../src/GPIO.c
 
Building file: ../src/PORT.c
Invoking: MCU C Compiler
arm-none-eabi-gcc -D__REDLIB__ -DDEBUG -D__CODE_RED -I"/home/carlos/workspace fiuba/wsRTO/Lib_API_CAPI/inc" -I"/home/carlos/workspace fiuba/wsRTO/Lib_Contenedores/inc" -Og -g3 -Wall -c -fmessage-length=0 -fno-builtin -ffunction-sections -fdata-sections -mcpu=cortex-m3 -mthumb -D__REDLIB__ -specs=redlib.specs -MMD -MP -MF"src/PORT.d" -MT"src/PORT.d" -o "src/PORT.o" "../src/PORT.c"
Finished building: ../src/PORT.c
 
Building file: ../src/RTC.c
Invoking: MCU C Compiler
arm-none-eabi-gcc -D__REDLIB__ -DDEBUG -D__CODE_RED -I"/home/carlos/workspace fiuba/wsRTO/Lib_API_CAPI/inc" -I"/home/carlos/workspace fiuba/wsRTO/Lib_Contenedores/inc" -Og -g3 -Wall -c -fmessage-length=0 -fno-builtin -ffunction-sections -fdata-sections -mcpu=cortex-m3 -mthumb -D__REDLIB__ -specs=redlib.specs -MMD -MP -MF"src/RTC.d" -MT"src/RTC.d" -o "src/RTC.o" "../src/RTC.c"
../src/RTC.c: In function 'RTCset_date':
../src/RTC.c:19:3: warning: implicit declaration of function 'RTCInit' [-Wimplicit-function-declaration]
   status = RTCInit();
   ^
../src/RTC.c:25:2: warning: implicit declaration of function 'RTCconfigure_date' [-Wimplicit-function-declaration]
  RTCconfigure_date(date);
  ^
../src/RTC.c: In function 'RTCset_alarm':
../src/RTC.c:34:2: warning: implicit declaration of function 'RTCconfigure_alarm' [-Wimplicit-function-declaration]
  RTCconfigure_alarm(alarm_date);
  ^
../src/RTC.c:35:1: warning: control reaches end of non-void function [-Wreturn-type]
 }
 ^
Finished building: ../src/RTC.c
 
Building file: ../src/TIMER.c
Invoking: MCU C Compiler
arm-none-eabi-gcc -D__REDLIB__ -DDEBUG -D__CODE_RED -I"/home/carlos/workspace fiuba/wsRTO/Lib_API_CAPI/inc" -I"/home/carlos/workspace fiuba/wsRTO/Lib_Contenedores/inc" -Og -g3 -Wall -c -fmessage-length=0 -fno-builtin -ffunction-sections -fdata-sections -mcpu=cortex-m3 -mthumb -D__REDLIB__ -specs=redlib.specs -MMD -MP -MF"src/TIMER.d" -MT"src/TIMER.d" -o "src/TIMER.o" "../src/TIMER.c"
../src/TIMER.c: In function 'TIMERpwm_start':
../src/TIMER.c:36:3: warning: implicit declaration of function 'Timer1Init_for_PWM' [-Wimplicit-function-declaration]
   status = Timer1Init_for_PWM(frequency_in_hertz, duty_cycle_in_percentage);
   ^
../src/TIMER.c:43:1: warning: control reaches end of non-void function [-Wreturn-type]
 }
 ^
Finished building: ../src/TIMER.c
 
Building file: ../src/UART.c
Invoking: MCU C Compiler
arm-none-eabi-gcc -D__REDLIB__ -DDEBUG -D__CODE_RED -I"/home/carlos/workspace fiuba/wsRTO/Lib_API_CAPI/inc" -I"/home/carlos/workspace fiuba/wsRTO/Lib_Contenedores/inc" -Og -g3 -Wall -c -fmessage-length=0 -fno-builtin -ffunction-sections -fdata-sections -mcpu=cortex-m3 -mthumb -D__REDLIB__ -specs=redlib.specs -MMD -MP -MF"src/UART.d" -MT"src/UART.d" -o "src/UART.o" "../src/UART.c"
Finished building: ../src/UART.c
 
Building target: libLib_API_CAPI.a
Invoking: MCU Archiver
arm-none-eabi-ar -r  "libLib_API_CAPI.a"  ./src/AIN.o ./src/BUS.o ./src/GPIO.o ./src/PORT.o ./src/RTC.o ./src/TIMER.o ./src/UART.o   
arm-none-eabi-ar: creating libLib_API_CAPI.a
Finished building target: libLib_API_CAPI.a
 
make --no-print-directory post-build
Performing post-build steps
arm-none-eabi-size "libLib_API_CAPI.a" ; # arm-none-eabi-objdump -h -S "libLib_API_CAPI.a" >"libLib_API_CAPI.lss"
   text	   data	    bss	    dec	    hex	filename
      0	      0	      0	      0	      0	AIN.o (ex libLib_API_CAPI.a)
    152	      0	      0	    152	     98	BUS.o (ex libLib_API_CAPI.a)
    136	      0	      0	    136	     88	GPIO.o (ex libLib_API_CAPI.a)
    128	      0	      0	    128	     80	PORT.o (ex libLib_API_CAPI.a)
     56	      0	      4	     60	     3c	RTC.o (ex libLib_API_CAPI.a)
     92	      0	      8	    100	     64	TIMER.o (ex libLib_API_CAPI.a)
    184	      0	      0	    184	     b8	UART.o (ex libLib_API_CAPI.a)
 
17:36:54 **** Incremental Build of configuration Debug for project Lib_Contenedores ****
make all 
Building file: ../src/ColaCircular.c
Invoking: MCU C Compiler
arm-none-eabi-gcc -D__REDLIB__ -DDEBUG -D__CODE_RED -I"/home/carlos/workspace fiuba/wsRTO/Lib_API_CAPI/inc" -I"/home/carlos/workspace fiuba/wsRTO/Lib_Contenedores/inc" -Og -g3 -Wall -c -fmessage-length=0 -fno-builtin -ffunction-sections -fdata-sections -mcpu=cortex-m3 -mthumb -D__REDLIB__ -specs=redlib.specs -MMD -MP -MF"src/ColaCircular.d" -MT"src/ColaCircular.d" -o "src/ColaCircular.o" "../src/ColaCircular.c"
Finished building: ../src/ColaCircular.c
 
Building target: libLib_Contenedores.a
Invoking: MCU Archiver
arm-none-eabi-ar -r  "libLib_Contenedores.a"  ./src/ColaCircular.o   
arm-none-eabi-ar: creating libLib_Contenedores.a
Finished building target: libLib_Contenedores.a
 
make --no-print-directory post-build
Performing post-build steps
arm-none-eabi-size "libLib_Contenedores.a" ; # arm-none-eabi-objdump -h -S "libLib_Contenedores.a" >"libLib_Contenedores.lss"
   text	   data	    bss	    dec	    hex	filename
    164	      0	      0	    164	     a4	ColaCircular.o (ex libLib_Contenedores.a)
 
17:36:54 **** Incremental Build of configuration Debug_LPC176x for project Lib_FreeRTOS_7p0p1 ****
make all 
Building file: ../demo_code/basic_io.c
Invoking: MCU C Compiler
arm-none-eabi-gcc -D__REDLIB__ -DDEBUG -D__CODE_RED -DLIB_MCU_LPC134x=134 -DLIB_MCU_LPC176x=176 -D__TARGET_PORT=LIB_MCU_LPC176x -I"/home/carlos/workspace fiuba/wsRTO/CMSISv2p00_LPC17xx/inc" -I"/home/carlos/workspace fiuba/wsRTO/Lib_FreeRTOS_7p0p1/FreeRTOS_portable" -I"/home/carlos/workspace fiuba/wsRTO/Lib_FreeRTOS_7p0p1/FreeRTOS_include" -I"/home/carlos/workspace fiuba/wsRTO/Lib_API_CAPI/inc" -I"/home/carlos/workspace fiuba/wsRTO/Lib_MCU_LPC176x/inc" -I"/home/carlos/workspace fiuba/wsRTO/Lib_Contenedores/inc" -Og -g3 -Wall -c -fmessage-length=0 -fno-builtin -ffunction-sections -fdata-sections -mcpu=cortex-m3 -mthumb -D__REDLIB__ -specs=redlib.specs -MMD -MP -MF"demo_code/basic_io.d" -MT"demo_code/basic_io.d" -I"/home/carlos/workspace fiuba/wsRTO/CMSISv2p00_LPC17xx/inc"  -o"demo_code/basic_io.o" "../demo_code/basic_io.c"
Finished building: ../demo_code/basic_io.c
 
Building file: ../demo_code/consoleprint.c
Invoking: MCU C Compiler
arm-none-eabi-gcc -D__REDLIB__ -DDEBUG -D__CODE_RED -DLIB_MCU_LPC134x=134 -DLIB_MCU_LPC176x=176 -D__TARGET_PORT=LIB_MCU_LPC176x -I"/home/carlos/workspace fiuba/wsRTO/CMSISv2p00_LPC17xx/inc" -I"/home/carlos/workspace fiuba/wsRTO/Lib_FreeRTOS_7p0p1/FreeRTOS_portable" -I"/home/carlos/workspace fiuba/wsRTO/Lib_FreeRTOS_7p0p1/FreeRTOS_include" -I"/home/carlos/workspace fiuba/wsRTO/Lib_API_CAPI/inc" -I"/home/carlos/workspace fiuba/wsRTO/Lib_MCU_LPC176x/inc" -I"/home/carlos/workspace fiuba/wsRTO/Lib_Contenedores/inc" -Og -g3 -Wall -c -fmessage-length=0 -fno-builtin -ffunction-sections -fdata-sections -mcpu=cortex-m3 -mthumb -D__REDLIB__ -specs=redlib.specs -MMD -MP -MF"demo_code/consoleprint.d" -MT"demo_code/consoleprint.d" -I"/home/carlos/workspace fiuba/wsRTO/CMSISv2p00_LPC17xx/inc"  -o"demo_code/consoleprint.o" "../demo_code/consoleprint.c"
Finished building: ../demo_code/consoleprint.c
 
Building file: ../FreeRTOS_src/list.c
Invoking: MCU C Compiler
arm-none-eabi-gcc -D__REDLIB__ -DDEBUG -D__CODE_RED -DLIB_MCU_LPC134x=134 -DLIB_MCU_LPC176x=176 -D__TARGET_PORT=LIB_MCU_LPC176x -I"/home/carlos/workspace fiuba/wsRTO/CMSISv2p00_LPC17xx/inc" -I"/home/carlos/workspace fiuba/wsRTO/Lib_FreeRTOS_7p0p1/FreeRTOS_portable" -I"/home/carlos/workspace fiuba/wsRTO/Lib_FreeRTOS_7p0p1/FreeRTOS_include" -I"/home/carlos/workspace fiuba/wsRTO/Lib_API_CAPI/inc" -I"/home/carlos/workspace fiuba/wsRTO/Lib_MCU_LPC176x/inc" -I"/home/carlos/workspace fiuba/wsRTO/Lib_Contenedores/inc" -Og -g3 -Wall -c -fmessage-length=0 -fno-builtin -ffunction-sections -fdata-sections -mcpu=cortex-m3 -mthumb -D__REDLIB__ -specs=redlib.specs -MMD -MP -MF"FreeRTOS_src/list.d" -MT"FreeRTOS_src/list.d" -I"/home/carlos/workspace fiuba/wsRTO/CMSISv2p00_LPC17xx/inc"  -o"FreeRTOS_src/list.o" "../FreeRTOS_src/list.c"
Finished building: ../FreeRTOS_src/list.c
 
Building file: ../FreeRTOS_src/queue.c
Invoking: MCU C Compiler
arm-none-eabi-gcc -D__REDLIB__ -DDEBUG -D__CODE_RED -DLIB_MCU_LPC134x=134 -DLIB_MCU_LPC176x=176 -D__TARGET_PORT=LIB_MCU_LPC176x -I"/home/carlos/workspace fiuba/wsRTO/CMSISv2p00_LPC17xx/inc" -I"/home/carlos/workspace fiuba/wsRTO/Lib_FreeRTOS_7p0p1/FreeRTOS_portable" -I"/home/carlos/workspace fiuba/wsRTO/Lib_FreeRTOS_7p0p1/FreeRTOS_include" -I"/home/carlos/workspace fiuba/wsRTO/Lib_API_CAPI/inc" -I"/home/carlos/workspace fiuba/wsRTO/Lib_MCU_LPC176x/inc" -I"/home/carlos/workspace fiuba/wsRTO/Lib_Contenedores/inc" -Og -g3 -Wall -c -fmessage-length=0 -fno-builtin -ffunction-sections -fdata-sections -mcpu=cortex-m3 -mthumb -D__REDLIB__ -specs=redlib.specs -MMD -MP -MF"FreeRTOS_src/queue.d" -MT"FreeRTOS_src/queue.d" -I"/home/carlos/workspace fiuba/wsRTO/CMSISv2p00_LPC17xx/inc"  -o"FreeRTOS_src/queue.o" "../FreeRTOS_src/queue.c"
Finished building: ../FreeRTOS_src/queue.c
 
Building file: ../FreeRTOS_src/tasks.c
Invoking: MCU C Compiler
arm-none-eabi-gcc -D__REDLIB__ -DDEBUG -D__CODE_RED -DLIB_MCU_LPC134x=134 -DLIB_MCU_LPC176x=176 -D__TARGET_PORT=LIB_MCU_LPC176x -I"/home/carlos/workspace fiuba/wsRTO/CMSISv2p00_LPC17xx/inc" -I"/home/carlos/workspace fiuba/wsRTO/Lib_FreeRTOS_7p0p1/FreeRTOS_portable" -I"/home/carlos/workspace fiuba/wsRTO/Lib_FreeRTOS_7p0p1/FreeRTOS_include" -I"/home/carlos/workspace fiuba/wsRTO/Lib_API_CAPI/inc" -I"/home/carlos/workspace fiuba/wsRTO/Lib_MCU_LPC176x/inc" -I"/home/carlos/workspace fiuba/wsRTO/Lib_Contenedores/inc" -Og -g3 -Wall -c -fmessage-length=0 -fno-builtin -ffunction-sections -fdata-sections -mcpu=cortex-m3 -mthumb -D__REDLIB__ -specs=redlib.specs -MMD -MP -MF"FreeRTOS_src/tasks.d" -MT"FreeRTOS_src/tasks.d" -I"/home/carlos/workspace fiuba/wsRTO/CMSISv2p00_LPC17xx/inc"  -o"FreeRTOS_src/tasks.o" "../FreeRTOS_src/tasks.c"
../FreeRTOS_src/tasks.c: In function 'vTaskSwitchContext':
../FreeRTOS_src/tasks.c:1692:3: warning: passing argument 1 of 'vTraceEvtSwitchOut' from incompatible pointer type [enabled by default]
   traceTASK_SWITCHED_OUT();
   ^
In file included from /home/carlos/workspace fiuba/wsRTO/Lib_FreeRTOS_7p0p1/FreeRTOS_include/FreeRTOS.h:79:0,
                 from ../FreeRTOS_src/tasks.c:70:
/home/carlos/workspace fiuba/wsRTO/Lib_FreeRTOS_7p0p1/FreeRTOS_include/trace.h:20:13: note: expected 'char *' but argument is of type 'signed char (*)[12]'
 extern void vTraceEvtSwitchOut(char * pcTaskName, xTaskHandle pxCurrentTCB);
             ^
../FreeRTOS_src/tasks.c:1728:3: warning: passing argument 1 of 'vTraceEvtSwitchIn' from incompatible pointer type [enabled by default]
   traceTASK_SWITCHED_IN();
   ^
In file included from /home/carlos/workspace fiuba/wsRTO/Lib_FreeRTOS_7p0p1/FreeRTOS_include/FreeRTOS.h:79:0,
                 from ../FreeRTOS_src/tasks.c:70:
/home/carlos/workspace fiuba/wsRTO/Lib_FreeRTOS_7p0p1/FreeRTOS_include/trace.h:21:13: note: expected 'char *' but argument is of type 'signed char (*)[12]'
 extern void vTraceEvtSwitchIn(char * pcTaskName, xTaskHandle pxCurrentTCB);
             ^
Finished building: ../FreeRTOS_src/tasks.c
 
Building file: ../FreeRTOS_src/timers.c
Invoking: MCU C Compiler
arm-none-eabi-gcc -D__REDLIB__ -DDEBUG -D__CODE_RED -DLIB_MCU_LPC134x=134 -DLIB_MCU_LPC176x=176 -D__TARGET_PORT=LIB_MCU_LPC176x -I"/home/carlos/workspace fiuba/wsRTO/CMSISv2p00_LPC17xx/inc" -I"/home/carlos/workspace fiuba/wsRTO/Lib_FreeRTOS_7p0p1/FreeRTOS_portable" -I"/home/carlos/workspace fiuba/wsRTO/Lib_FreeRTOS_7p0p1/FreeRTOS_include" -I"/home/carlos/workspace fiuba/wsRTO/Lib_API_CAPI/inc" -I"/home/carlos/workspace fiuba/wsRTO/Lib_MCU_LPC176x/inc" -I"/home/carlos/workspace fiuba/wsRTO/Lib_Contenedores/inc" -Og -g3 -Wall -c -fmessage-length=0 -fno-builtin -ffunction-sections -fdata-sections -mcpu=cortex-m3 -mthumb -D__REDLIB__ -specs=redlib.specs -MMD -MP -MF"FreeRTOS_src/timers.d" -MT"FreeRTOS_src/timers.d" -I"/home/carlos/workspace fiuba/wsRTO/CMSISv2p00_LPC17xx/inc"  -o"FreeRTOS_src/timers.o" "../FreeRTOS_src/timers.c"
Finished building: ../FreeRTOS_src/timers.c
 
Building file: ../FreeRTOS_src/trace.c
Invoking: MCU C Compiler
arm-none-eabi-gcc -D__REDLIB__ -DDEBUG -D__CODE_RED -DLIB_MCU_LPC134x=134 -DLIB_MCU_LPC176x=176 -D__TARGET_PORT=LIB_MCU_LPC176x -I"/home/carlos/workspace fiuba/wsRTO/CMSISv2p00_LPC17xx/inc" -I"/home/carlos/workspace fiuba/wsRTO/Lib_FreeRTOS_7p0p1/FreeRTOS_portable" -I"/home/carlos/workspace fiuba/wsRTO/Lib_FreeRTOS_7p0p1/FreeRTOS_include" -I"/home/carlos/workspace fiuba/wsRTO/Lib_API_CAPI/inc" -I"/home/carlos/workspace fiuba/wsRTO/Lib_MCU_LPC176x/inc" -I"/home/carlos/workspace fiuba/wsRTO/Lib_Contenedores/inc" -Og -g3 -Wall -c -fmessage-length=0 -fno-builtin -ffunction-sections -fdata-sections -mcpu=cortex-m3 -mthumb -D__REDLIB__ -specs=redlib.specs -MMD -MP -MF"FreeRTOS_src/trace.d" -MT"FreeRTOS_src/trace.d" -I"/home/carlos/workspace fiuba/wsRTO/CMSISv2p00_LPC17xx/inc"  -o"FreeRTOS_src/trace.o" "../FreeRTOS_src/trace.c"
../FreeRTOS_src/trace.c: In function 'bSendKernelPacketToUART':
../FreeRTOS_src/trace.c:97:7: warning: unused variable 'buff' [-Wunused-variable]
  char buff[11]="0000000000";
       ^
../FreeRTOS_src/trace.c: In function 'bSendTaskPacketToUART':
../FreeRTOS_src/trace.c:127:7: warning: unused variable 'buff2' [-Wunused-variable]
  char buff2[11]="0000000000";
       ^
../FreeRTOS_src/trace.c:126:7: warning: unused variable 'buff' [-Wunused-variable]
  char buff[11]="0000000000";
       ^
Finished building: ../FreeRTOS_src/trace.c
 
Building file: ../FreeRTOS_portable/MemMang/heap_2.c
Invoking: MCU C Compiler
arm-none-eabi-gcc -D__REDLIB__ -DDEBUG -D__CODE_RED -DLIB_MCU_LPC134x=134 -DLIB_MCU_LPC176x=176 -D__TARGET_PORT=LIB_MCU_LPC176x -I"/home/carlos/workspace fiuba/wsRTO/CMSISv2p00_LPC17xx/inc" -I"/home/carlos/workspace fiuba/wsRTO/Lib_FreeRTOS_7p0p1/FreeRTOS_portable" -I"/home/carlos/workspace fiuba/wsRTO/Lib_FreeRTOS_7p0p1/FreeRTOS_include" -I"/home/carlos/workspace fiuba/wsRTO/Lib_API_CAPI/inc" -I"/home/carlos/workspace fiuba/wsRTO/Lib_MCU_LPC176x/inc" -I"/home/carlos/workspace fiuba/wsRTO/Lib_Contenedores/inc" -Og -g3 -Wall -c -fmessage-length=0 -fno-builtin -ffunction-sections -fdata-sections -mcpu=cortex-m3 -mthumb -D__REDLIB__ -specs=redlib.specs -MMD -MP -MF"FreeRTOS_portable/MemMang/heap_2.d" -MT"FreeRTOS_portable/MemMang/heap_2.d" -I"/home/carlos/workspace fiuba/wsRTO/CMSISv2p00_LPC17xx/inc"  -o"FreeRTOS_portable/MemMang/heap_2.o" "../FreeRTOS_portable/MemMang/heap_2.c"
Finished building: ../FreeRTOS_portable/MemMang/heap_2.c
 
Building file: ../FreeRTOS_portable/port.c
Invoking: MCU C Compiler
arm-none-eabi-gcc -D__REDLIB__ -DDEBUG -D__CODE_RED -DLIB_MCU_LPC134x=134 -DLIB_MCU_LPC176x=176 -D__TARGET_PORT=LIB_MCU_LPC176x -I"/home/carlos/workspace fiuba/wsRTO/CMSISv2p00_LPC17xx/inc" -I"/home/carlos/workspace fiuba/wsRTO/Lib_FreeRTOS_7p0p1/FreeRTOS_portable" -I"/home/carlos/workspace fiuba/wsRTO/Lib_FreeRTOS_7p0p1/FreeRTOS_include" -I"/home/carlos/workspace fiuba/wsRTO/Lib_API_CAPI/inc" -I"/home/carlos/workspace fiuba/wsRTO/Lib_MCU_LPC176x/inc" -I"/home/carlos/workspace fiuba/wsRTO/Lib_Contenedores/inc" -Og -g3 -Wall -c -fmessage-length=0 -fno-builtin -ffunction-sections -fdata-sections -mcpu=cortex-m3 -mthumb -D__REDLIB__ -specs=redlib.specs -MMD -MP -MF"FreeRTOS_portable/port.d" -MT"FreeRTOS_portable/port.d" -I"/home/carlos/workspace fiuba/wsRTO/CMSISv2p00_LPC17xx/inc"  -o"FreeRTOS_portable/port.o" "../FreeRTOS_portable/port.c"
Finished building: ../FreeRTOS_portable/port.c
 
Building target: libLib_FreeRTOS_7p0p1.a
Invoking: MCU Archiver
arm-none-eabi-ar -r  "libLib_FreeRTOS_7p0p1.a"  ./demo_code/basic_io.o ./demo_code/consoleprint.o  ./FreeRTOS_src/list.o ./FreeRTOS_src/queue.o ./FreeRTOS_src/tasks.o ./FreeRTOS_src/timers.o ./FreeRTOS_src/trace.o  ./FreeRTOS_portable/MemMang/heap_2.o  ./FreeRTOS_portable/port.o   
arm-none-eabi-ar: creating libLib_FreeRTOS_7p0p1.a
Finished building target: libLib_FreeRTOS_7p0p1.a
 
make --no-print-directory post-build
Performing post-build steps
arm-none-eabi-size libLib_FreeRTOS_7p0p1.a ; # arm-none-eabi-objdump -h -S libLib_FreeRTOS_7p0p1.a >libLib_FreeRTOS_7p0p1.lss
   text	   data	    bss	    dec	    hex	filename
     96	      0	     52	    148	     94	basic_io.o (ex libLib_FreeRTOS_7p0p1.a)
     20	      0	      0	     20	     14	consoleprint.o (ex libLib_FreeRTOS_7p0p1.a)
    152	      0	      0	    152	     98	list.o (ex libLib_FreeRTOS_7p0p1.a)
   1380	      0	      0	   1380	    564	queue.o (ex libLib_FreeRTOS_7p0p1.a)
   3352	      8	    324	   3684	    e64	tasks.o (ex libLib_FreeRTOS_7p0p1.a)
      0	      0	      0	      0	      0	timers.o (ex libLib_FreeRTOS_7p0p1.a)
    608	      0	      0	    608	    260	trace.o (ex libLib_FreeRTOS_7p0p1.a)
    268	      4	  10260	  10532	   2924	heap_2.o (ex libLib_FreeRTOS_7p0p1.a)
    320	      4	      0	    324	    144	port.o (ex libLib_FreeRTOS_7p0p1.a)
 
17:36:56 **** Incremental Build of configuration Debug for project Lib_LCD_Texto ****
make all 
Building file: ../src/LCD_text.c
Invoking: MCU C Compiler
arm-none-eabi-gcc -D__REDLIB__ -DDEBUG -D__CODE_RED -I"/home/carlos/workspace fiuba/wsRTO/Lib_LCD_Texto/inc" -I"/home/carlos/workspace fiuba/wsRTO/Lib_Contenedores/inc" -I"/home/carlos/workspace fiuba/wsRTO/Lib_API_CAPI/inc" -Og -g3 -Wall -c -fmessage-length=0 -fno-builtin -ffunction-sections -fdata-sections -mcpu=cortex-m3 -mthumb -D__REDLIB__ -specs=redlib.specs -MMD -MP -MF"src/LCD_text.d" -MT"src/LCD_text.d" -o "src/LCD_text.o" "../src/LCD_text.c"
Finished building: ../src/LCD_text.c
 
Building target: libLib_LCD_Texto.a
Invoking: MCU Archiver
arm-none-eabi-ar -r  "libLib_LCD_Texto.a"  ./src/LCD_text.o   
arm-none-eabi-ar: creating libLib_LCD_Texto.a
Finished building target: libLib_LCD_Texto.a
 
make --no-print-directory post-build
Performing post-build steps
arm-none-eabi-size "libLib_LCD_Texto.a" ; # arm-none-eabi-objdump -h -S "libLib_LCD_Texto.a" >"libLib_LCD_Texto.lss"
   text	   data	    bss	    dec	    hex	filename
    564	      0	    200	    764	    2fc	LCD_text.o (ex libLib_LCD_Texto.a)
 
17:36:56 **** Incremental Build of configuration Debug for project Lib_MCU_LPC176x ****
make all 
Building file: ../vendor drivers/src/debug_frmwrk.c
Invoking: MCU C Compiler
arm-none-eabi-gcc -D__REDLIB__ -DDEBUG -D__CODE_RED -D__USE_CMSIS=CMSISv2p00_LPC17xx -I"/home/carlos/workspace fiuba/wsRTO/CMSISv2p00_LPC17xx/inc" -I"/home/carlos/workspace fiuba/wsRTO/Lib_MCU_LPC176x/inc" -I"/home/carlos/workspace fiuba/wsRTO/Lib_Contenedores/inc" -I"/home/carlos/workspace fiuba/wsRTO/Lib_MCU_LPC176x/vendor drivers/inc" -I"/home/carlos/workspace fiuba/wsRTO/Lib_API_CAPI/inc" -Og -g3 -Wall -c -fmessage-length=0 -fno-builtin -ffunction-sections -fdata-sections -mcpu=cortex-m3 -mthumb -D__REDLIB__ -specs=redlib.specs -MMD -MP -MF"vendor drivers/src/debug_frmwrk.d" -MT"vendor\ drivers/src/debug_frmwrk.d" -o "vendor drivers/src/debug_frmwrk.o" "../vendor drivers/src/debug_frmwrk.c"
../vendor drivers/src/debug_frmwrk.c: In function 'debug_frmwrk_init':
../vendor drivers/src/debug_frmwrk.c:289:2: warning: passing argument 1 of 'UART_Init' from incompatible pointer type [enabled by default]
  UART_Init(DEBUG_UART_PORT, &UARTConfigStruct);
  ^
In file included from /home/carlos/workspace fiuba/wsRTO/Lib_MCU_LPC176x/vendor drivers/inc/debug_frmwrk.h:24:0,
                 from ../vendor drivers/src/debug_frmwrk.c:20:
/home/carlos/workspace fiuba/wsRTO/Lib_MCU_LPC176x/vendor drivers/inc/lpc17xx_uart.h:578:6: note: expected 'struct LPC_UART_TypeDef *' but argument is of type 'struct LPC_UART0_TypeDef *'
 void UART_Init(LPC_UART_TypeDef *UARTx, UART_CFG_Type *UART_ConfigStruct);
      ^
../vendor drivers/src/debug_frmwrk.c:292:2: warning: passing argument 1 of 'UART_TxCmd' from incompatible pointer type [enabled by default]
  UART_TxCmd(DEBUG_UART_PORT, ENABLE);
  ^
In file included from /home/carlos/workspace fiuba/wsRTO/Lib_MCU_LPC176x/vendor drivers/inc/debug_frmwrk.h:24:0,
                 from ../vendor drivers/src/debug_frmwrk.c:20:
/home/carlos/workspace fiuba/wsRTO/Lib_MCU_LPC176x/vendor drivers/inc/lpc17xx_uart.h:601:6: note: expected 'struct LPC_UART_TypeDef *' but argument is of type 'struct LPC_UART0_TypeDef *'
 void UART_TxCmd(LPC_UART_TypeDef *UARTx, FunctionalState NewState);
      ^
Finished building: ../vendor drivers/src/debug_frmwrk.c
 
Building file: ../vendor drivers/src/lpc17xx_adc.c
Invoking: MCU C Compiler
arm-none-eabi-gcc -D__REDLIB__ -DDEBUG -D__CODE_RED -D__USE_CMSIS=CMSISv2p00_LPC17xx -I"/home/carlos/workspace fiuba/wsRTO/CMSISv2p00_LPC17xx/inc" -I"/home/carlos/workspace fiuba/wsRTO/Lib_MCU_LPC176x/inc" -I"/home/carlos/workspace fiuba/wsRTO/Lib_Contenedores/inc" -I"/home/carlos/workspace fiuba/wsRTO/Lib_MCU_LPC176x/vendor drivers/inc" -I"/home/carlos/workspace fiuba/wsRTO/Lib_API_CAPI/inc" -Og -g3 -Wall -c -fmessage-length=0 -fno-builtin -ffunction-sections -fdata-sections -mcpu=cortex-m3 -mthumb -D__REDLIB__ -specs=redlib.specs -MMD -MP -MF"vendor drivers/src/lpc17xx_adc.d" -MT"vendor\ drivers/src/lpc17xx_adc.d" -o "vendor drivers/src/lpc17xx_adc.o" "../vendor drivers/src/lpc17xx_adc.c"
Finished building: ../vendor drivers/src/lpc17xx_adc.c
 
Building file: ../vendor drivers/src/lpc17xx_can.c
Invoking: MCU C Compiler
arm-none-eabi-gcc -D__REDLIB__ -DDEBUG -D__CODE_RED -D__USE_CMSIS=CMSISv2p00_LPC17xx -I"/home/carlos/workspace fiuba/wsRTO/CMSISv2p00_LPC17xx/inc" -I"/home/carlos/workspace fiuba/wsRTO/Lib_MCU_LPC176x/inc" -I"/home/carlos/workspace fiuba/wsRTO/Lib_Contenedores/inc" -I"/home/carlos/workspace fiuba/wsRTO/Lib_MCU_LPC176x/vendor drivers/inc" -I"/home/carlos/workspace fiuba/wsRTO/Lib_API_CAPI/inc" -Og -g3 -Wall -c -fmessage-length=0 -fno-builtin -ffunction-sections -fdata-sections -mcpu=cortex-m3 -mthumb -D__REDLIB__ -specs=redlib.specs -MMD -MP -MF"vendor drivers/src/lpc17xx_can.d" -MT"vendor\ drivers/src/lpc17xx_can.d" -o "vendor drivers/src/lpc17xx_can.o" "../vendor drivers/src/lpc17xx_can.c"
../vendor drivers/src/lpc17xx_can.c: In function 'CAN_Init':
../vendor drivers/src/lpc17xx_can.c:138:11: warning: variable 'temp' set but not used [-Wunused-but-set-variable]
  uint32_t temp;
           ^
../vendor drivers/src/lpc17xx_can.c: In function 'CAN_LoadGroupEntry':
../vendor drivers/src/lpc17xx_can.c:1034:33: warning: 'buf1' may be used uninitialized in this function [-Wmaybe-uninitialized]
     LPC_CANAF_RAM->mask[cnt1+1] = buf1;
                                 ^
../vendor drivers/src/lpc17xx_can.c:1033:33: warning: 'buf0' may be used uninitialized in this function [-Wmaybe-uninitialized]
     LPC_CANAF_RAM->mask[cnt1]   = buf0;
                                 ^
Finished building: ../vendor drivers/src/lpc17xx_can.c
 
Building file: ../vendor drivers/src/lpc17xx_clkpwr.c
Invoking: MCU C Compiler
arm-none-eabi-gcc -D__REDLIB__ -DDEBUG -D__CODE_RED -D__USE_CMSIS=CMSISv2p00_LPC17xx -I"/home/carlos/workspace fiuba/wsRTO/CMSISv2p00_LPC17xx/inc" -I"/home/carlos/workspace fiuba/wsRTO/Lib_MCU_LPC176x/inc" -I"/home/carlos/workspace fiuba/wsRTO/Lib_Contenedores/inc" -I"/home/carlos/workspace fiuba/wsRTO/Lib_MCU_LPC176x/vendor drivers/inc" -I"/home/carlos/workspace fiuba/wsRTO/Lib_API_CAPI/inc" -Og -g3 -Wall -c -fmessage-length=0 -fno-builtin -ffunction-sections -fdata-sections -mcpu=cortex-m3 -mthumb -D__REDLIB__ -specs=redlib.specs -MMD -MP -MF"vendor drivers/src/lpc17xx_clkpwr.d" -MT"vendor\ drivers/src/lpc17xx_clkpwr.d" -o "vendor drivers/src/lpc17xx_clkpwr.o" "../vendor drivers/src/lpc17xx_clkpwr.c"
Finished building: ../vendor drivers/src/lpc17xx_clkpwr.c
 
Building file: ../vendor drivers/src/lpc17xx_dac.c
Invoking: MCU C Compiler
arm-none-eabi-gcc -D__REDLIB__ -DDEBUG -D__CODE_RED -D__USE_CMSIS=CMSISv2p00_LPC17xx -I"/home/carlos/workspace fiuba/wsRTO/CMSISv2p00_LPC17xx/inc" -I"/home/carlos/workspace fiuba/wsRTO/Lib_MCU_LPC176x/inc" -I"/home/carlos/workspace fiuba/wsRTO/Lib_Contenedores/inc" -I"/home/carlos/workspace fiuba/wsRTO/Lib_MCU_LPC176x/vendor drivers/inc" -I"/home/carlos/workspace fiuba/wsRTO/Lib_API_CAPI/inc" -Og -g3 -Wall -c -fmessage-length=0 -fno-builtin -ffunction-sections -fdata-sections -mcpu=cortex-m3 -mthumb -D__REDLIB__ -specs=redlib.specs -MMD -MP -MF"vendor drivers/src/lpc17xx_dac.d" -MT"vendor\ drivers/src/lpc17xx_dac.d" -o "vendor drivers/src/lpc17xx_dac.o" "../vendor drivers/src/lpc17xx_dac.c"
Finished building: ../vendor drivers/src/lpc17xx_dac.c
 
Building file: ../vendor drivers/src/lpc17xx_emac.c
Invoking: MCU C Compiler
arm-none-eabi-gcc -D__REDLIB__ -DDEBUG -D__CODE_RED -D__USE_CMSIS=CMSISv2p00_LPC17xx -I"/home/carlos/workspace fiuba/wsRTO/CMSISv2p00_LPC17xx/inc" -I"/home/carlos/workspace fiuba/wsRTO/Lib_MCU_LPC176x/inc" -I"/home/carlos/workspace fiuba/wsRTO/Lib_Contenedores/inc" -I"/home/carlos/workspace fiuba/wsRTO/Lib_MCU_LPC176x/vendor drivers/inc" -I"/home/carlos/workspace fiuba/wsRTO/Lib_API_CAPI/inc" -Og -g3 -Wall -c -fmessage-length=0 -fno-builtin -ffunction-sections -fdata-sections -mcpu=cortex-m3 -mthumb -D__REDLIB__ -specs=redlib.specs -MMD -MP -MF"vendor drivers/src/lpc17xx_emac.d" -MT"vendor\ drivers/src/lpc17xx_emac.d" -o "vendor drivers/src/lpc17xx_emac.o" "../vendor drivers/src/lpc17xx_emac.c"
Finished building: ../vendor drivers/src/lpc17xx_emac.c
 
Building file: ../vendor drivers/src/lpc17xx_exti.c
Invoking: MCU C Compiler
arm-none-eabi-gcc -D__REDLIB__ -DDEBUG -D__CODE_RED -D__USE_CMSIS=CMSISv2p00_LPC17xx -I"/home/carlos/workspace fiuba/wsRTO/CMSISv2p00_LPC17xx/inc" -I"/home/carlos/workspace fiuba/wsRTO/Lib_MCU_LPC176x/inc" -I"/home/carlos/workspace fiuba/wsRTO/Lib_Contenedores/inc" -I"/home/carlos/workspace fiuba/wsRTO/Lib_MCU_LPC176x/vendor drivers/inc" -I"/home/carlos/workspace fiuba/wsRTO/Lib_API_CAPI/inc" -Og -g3 -Wall -c -fmessage-length=0 -fno-builtin -ffunction-sections -fdata-sections -mcpu=cortex-m3 -mthumb -D__REDLIB__ -specs=redlib.specs -MMD -MP -MF"vendor drivers/src/lpc17xx_exti.d" -MT"vendor\ drivers/src/lpc17xx_exti.d" -o "vendor drivers/src/lpc17xx_exti.o" "../vendor drivers/src/lpc17xx_exti.c"
Finished building: ../vendor drivers/src/lpc17xx_exti.c
 
Building file: ../vendor drivers/src/lpc17xx_gpio.c
Invoking: MCU C Compiler
arm-none-eabi-gcc -D__REDLIB__ -DDEBUG -D__CODE_RED -D__USE_CMSIS=CMSISv2p00_LPC17xx -I"/home/carlos/workspace fiuba/wsRTO/CMSISv2p00_LPC17xx/inc" -I"/home/carlos/workspace fiuba/wsRTO/Lib_MCU_LPC176x/inc" -I"/home/carlos/workspace fiuba/wsRTO/Lib_Contenedores/inc" -I"/home/carlos/workspace fiuba/wsRTO/Lib_MCU_LPC176x/vendor drivers/inc" -I"/home/carlos/workspace fiuba/wsRTO/Lib_API_CAPI/inc" -Og -g3 -Wall -c -fmessage-length=0 -fno-builtin -ffunction-sections -fdata-sections -mcpu=cortex-m3 -mthumb -D__REDLIB__ -specs=redlib.specs -MMD -MP -MF"vendor drivers/src/lpc17xx_gpio.d" -MT"vendor\ drivers/src/lpc17xx_gpio.d" -o "vendor drivers/src/lpc17xx_gpio.o" "../vendor drivers/src/lpc17xx_gpio.c"
Finished building: ../vendor drivers/src/lpc17xx_gpio.c
 
Building file: ../vendor drivers/src/lpc17xx_i2c.c
Invoking: MCU C Compiler
arm-none-eabi-gcc -D__REDLIB__ -DDEBUG -D__CODE_RED -D__USE_CMSIS=CMSISv2p00_LPC17xx -I"/home/carlos/workspace fiuba/wsRTO/CMSISv2p00_LPC17xx/inc" -I"/home/carlos/workspace fiuba/wsRTO/Lib_MCU_LPC176x/inc" -I"/home/carlos/workspace fiuba/wsRTO/Lib_Contenedores/inc" -I"/home/carlos/workspace fiuba/wsRTO/Lib_MCU_LPC176x/vendor drivers/inc" -I"/home/carlos/workspace fiuba/wsRTO/Lib_API_CAPI/inc" -Og -g3 -Wall -c -fmessage-length=0 -fno-builtin -ffunction-sections -fdata-sections -mcpu=cortex-m3 -mthumb -D__REDLIB__ -specs=redlib.specs -MMD -MP -MF"vendor drivers/src/lpc17xx_i2c.d" -MT"vendor\ drivers/src/lpc17xx_i2c.d" -o "vendor drivers/src/lpc17xx_i2c.o" "../vendor drivers/src/lpc17xx_i2c.c"
../vendor drivers/src/lpc17xx_i2c.c: In function 'I2C_SetClock':
../vendor drivers/src/lpc17xx_i2c.c:234:17: warning: 'temp' may be used uninitialized in this function [-Wmaybe-uninitialized]
  I2Cx->I2SCLL = (uint32_t)(temp - I2Cx->I2SCLH);
                 ^
Finished building: ../vendor drivers/src/lpc17xx_i2c.c
 
Building file: ../vendor drivers/src/lpc17xx_i2s.c
Invoking: MCU C Compiler
arm-none-eabi-gcc -D__REDLIB__ -DDEBUG -D__CODE_RED -D__USE_CMSIS=CMSISv2p00_LPC17xx -I"/home/carlos/workspace fiuba/wsRTO/CMSISv2p00_LPC17xx/inc" -I"/home/carlos/workspace fiuba/wsRTO/Lib_MCU_LPC176x/inc" -I"/home/carlos/workspace fiuba/wsRTO/Lib_Contenedores/inc" -I"/home/carlos/workspace fiuba/wsRTO/Lib_MCU_LPC176x/vendor drivers/inc" -I"/home/carlos/workspace fiuba/wsRTO/Lib_API_CAPI/inc" -Og -g3 -Wall -c -fmessage-length=0 -fno-builtin -ffunction-sections -fdata-sections -mcpu=cortex-m3 -mthumb -D__REDLIB__ -specs=redlib.specs -MMD -MP -MF"vendor drivers/src/lpc17xx_i2s.d" -MT"vendor\ drivers/src/lpc17xx_i2s.d" -o "vendor drivers/src/lpc17xx_i2s.o" "../vendor drivers/src/lpc17xx_i2s.c"
Finished building: ../vendor drivers/src/lpc17xx_i2s.c
 
Building file: ../vendor drivers/src/lpc17xx_libcfg_default.c
Invoking: MCU C Compiler
arm-none-eabi-gcc -D__REDLIB__ -DDEBUG -D__CODE_RED -D__USE_CMSIS=CMSISv2p00_LPC17xx -I"/home/carlos/workspace fiuba/wsRTO/CMSISv2p00_LPC17xx/inc" -I"/home/carlos/workspace fiuba/wsRTO/Lib_MCU_LPC176x/inc" -I"/home/carlos/workspace fiuba/wsRTO/Lib_Contenedores/inc" -I"/home/carlos/workspace fiuba/wsRTO/Lib_MCU_LPC176x/vendor drivers/inc" -I"/home/carlos/workspace fiuba/wsRTO/Lib_API_CAPI/inc" -Og -g3 -Wall -c -fmessage-length=0 -fno-builtin -ffunction-sections -fdata-sections -mcpu=cortex-m3 -mthumb -D__REDLIB__ -specs=redlib.specs -MMD -MP -MF"vendor drivers/src/lpc17xx_libcfg_default.d" -MT"vendor\ drivers/src/lpc17xx_libcfg_default.d" -o "vendor drivers/src/lpc17xx_libcfg_default.o" "../vendor drivers/src/lpc17xx_libcfg_default.c"
Finished building: ../vendor drivers/src/lpc17xx_libcfg_default.c
 
Building file: ../vendor drivers/src/lpc17xx_mcpwm.c
Invoking: MCU C Compiler
arm-none-eabi-gcc -D__REDLIB__ -DDEBUG -D__CODE_RED -D__USE_CMSIS=CMSISv2p00_LPC17xx -I"/home/carlos/workspace fiuba/wsRTO/CMSISv2p00_LPC17xx/inc" -I"/home/carlos/workspace fiuba/wsRTO/Lib_MCU_LPC176x/inc" -I"/home/carlos/workspace fiuba/wsRTO/Lib_Contenedores/inc" -I"/home/carlos/workspace fiuba/wsRTO/Lib_MCU_LPC176x/vendor drivers/inc" -I"/home/carlos/workspace fiuba/wsRTO/Lib_API_CAPI/inc" -Og -g3 -Wall -c -fmessage-length=0 -fno-builtin -ffunction-sections -fdata-sections -mcpu=cortex-m3 -mthumb -D__REDLIB__ -specs=redlib.specs -MMD -MP -MF"vendor drivers/src/lpc17xx_mcpwm.d" -MT"vendor\ drivers/src/lpc17xx_mcpwm.d" -o "vendor drivers/src/lpc17xx_mcpwm.o" "../vendor drivers/src/lpc17xx_mcpwm.c"
Finished building: ../vendor drivers/src/lpc17xx_mcpwm.c
 
Building file: ../vendor drivers/src/lpc17xx_nvic.c
Invoking: MCU C Compiler
arm-none-eabi-gcc -D__REDLIB__ -DDEBUG -D__CODE_RED -D__USE_CMSIS=CMSISv2p00_LPC17xx -I"/home/carlos/workspace fiuba/wsRTO/CMSISv2p00_LPC17xx/inc" -I"/home/carlos/workspace fiuba/wsRTO/Lib_MCU_LPC176x/inc" -I"/home/carlos/workspace fiuba/wsRTO/Lib_Contenedores/inc" -I"/home/carlos/workspace fiuba/wsRTO/Lib_MCU_LPC176x/vendor drivers/inc" -I"/home/carlos/workspace fiuba/wsRTO/Lib_API_CAPI/inc" -Og -g3 -Wall -c -fmessage-length=0 -fno-builtin -ffunction-sections -fdata-sections -mcpu=cortex-m3 -mthumb -D__REDLIB__ -specs=redlib.specs -MMD -MP -MF"vendor drivers/src/lpc17xx_nvic.d" -MT"vendor\ drivers/src/lpc17xx_nvic.d" -o "vendor drivers/src/lpc17xx_nvic.o" "../vendor drivers/src/lpc17xx_nvic.c"
Finished building: ../vendor drivers/src/lpc17xx_nvic.c
 
Building file: ../vendor drivers/src/lpc17xx_pinsel.c
Invoking: MCU C Compiler
arm-none-eabi-gcc -D__REDLIB__ -DDEBUG -D__CODE_RED -D__USE_CMSIS=CMSISv2p00_LPC17xx -I"/home/carlos/workspace fiuba/wsRTO/CMSISv2p00_LPC17xx/inc" -I"/home/carlos/workspace fiuba/wsRTO/Lib_MCU_LPC176x/inc" -I"/home/carlos/workspace fiuba/wsRTO/Lib_Contenedores/inc" -I"/home/carlos/workspace fiuba/wsRTO/Lib_MCU_LPC176x/vendor drivers/inc" -I"/home/carlos/workspace fiuba/wsRTO/Lib_API_CAPI/inc" -Og -g3 -Wall -c -fmessage-length=0 -fno-builtin -ffunction-sections -fdata-sections -mcpu=cortex-m3 -mthumb -D__REDLIB__ -specs=redlib.specs -MMD -MP -MF"vendor drivers/src/lpc17xx_pinsel.d" -MT"vendor\ drivers/src/lpc17xx_pinsel.d" -o "vendor drivers/src/lpc17xx_pinsel.o" "../vendor drivers/src/lpc17xx_pinsel.c"
Finished building: ../vendor drivers/src/lpc17xx_pinsel.c
 
Building file: ../vendor drivers/src/lpc17xx_pwm.c
Invoking: MCU C Compiler
arm-none-eabi-gcc -D__REDLIB__ -DDEBUG -D__CODE_RED -D__USE_CMSIS=CMSISv2p00_LPC17xx -I"/home/carlos/workspace fiuba/wsRTO/CMSISv2p00_LPC17xx/inc" -I"/home/carlos/workspace fiuba/wsRTO/Lib_MCU_LPC176x/inc" -I"/home/carlos/workspace fiuba/wsRTO/Lib_Contenedores/inc" -I"/home/carlos/workspace fiuba/wsRTO/Lib_MCU_LPC176x/vendor drivers/inc" -I"/home/carlos/workspace fiuba/wsRTO/Lib_API_CAPI/inc" -Og -g3 -Wall -c -fmessage-length=0 -fno-builtin -ffunction-sections -fdata-sections -mcpu=cortex-m3 -mthumb -D__REDLIB__ -specs=redlib.specs -MMD -MP -MF"vendor drivers/src/lpc17xx_pwm.d" -MT"vendor\ drivers/src/lpc17xx_pwm.d" -o "vendor drivers/src/lpc17xx_pwm.o" "../vendor drivers/src/lpc17xx_pwm.c"
Finished building: ../vendor drivers/src/lpc17xx_pwm.c
 
Building file: ../vendor drivers/src/lpc17xx_qei.c
Invoking: MCU C Compiler
arm-none-eabi-gcc -D__REDLIB__ -DDEBUG -D__CODE_RED -D__USE_CMSIS=CMSISv2p00_LPC17xx -I"/home/carlos/workspace fiuba/wsRTO/CMSISv2p00_LPC17xx/inc" -I"/home/carlos/workspace fiuba/wsRTO/Lib_MCU_LPC176x/inc" -I"/home/carlos/workspace fiuba/wsRTO/Lib_Contenedores/inc" -I"/home/carlos/workspace fiuba/wsRTO/Lib_MCU_LPC176x/vendor drivers/inc" -I"/home/carlos/workspace fiuba/wsRTO/Lib_API_CAPI/inc" -Og -g3 -Wall -c -fmessage-length=0 -fno-builtin -ffunction-sections -fdata-sections -mcpu=cortex-m3 -mthumb -D__REDLIB__ -specs=redlib.specs -MMD -MP -MF"vendor drivers/src/lpc17xx_qei.d" -MT"vendor\ drivers/src/lpc17xx_qei.d" -o "vendor drivers/src/lpc17xx_qei.o" "../vendor drivers/src/lpc17xx_qei.c"
Finished building: ../vendor drivers/src/lpc17xx_qei.c
 
Building file: ../vendor drivers/src/lpc17xx_rit.c
Invoking: MCU C Compiler
arm-none-eabi-gcc -D__REDLIB__ -DDEBUG -D__CODE_RED -D__USE_CMSIS=CMSISv2p00_LPC17xx -I"/home/carlos/workspace fiuba/wsRTO/CMSISv2p00_LPC17xx/inc" -I"/home/carlos/workspace fiuba/wsRTO/Lib_MCU_LPC176x/inc" -I"/home/carlos/workspace fiuba/wsRTO/Lib_Contenedores/inc" -I"/home/carlos/workspace fiuba/wsRTO/Lib_MCU_LPC176x/vendor drivers/inc" -I"/home/carlos/workspace fiuba/wsRTO/Lib_API_CAPI/inc" -Og -g3 -Wall -c -fmessage-length=0 -fno-builtin -ffunction-sections -fdata-sections -mcpu=cortex-m3 -mthumb -D__REDLIB__ -specs=redlib.specs -MMD -MP -MF"vendor drivers/src/lpc17xx_rit.d" -MT"vendor\ drivers/src/lpc17xx_rit.d" -o "vendor drivers/src/lpc17xx_rit.o" "../vendor drivers/src/lpc17xx_rit.c"
Finished building: ../vendor drivers/src/lpc17xx_rit.c
 
Building file: ../vendor drivers/src/lpc17xx_rtc.c
Invoking: MCU C Compiler
arm-none-eabi-gcc -D__REDLIB__ -DDEBUG -D__CODE_RED -D__USE_CMSIS=CMSISv2p00_LPC17xx -I"/home/carlos/workspace fiuba/wsRTO/CMSISv2p00_LPC17xx/inc" -I"/home/carlos/workspace fiuba/wsRTO/Lib_MCU_LPC176x/inc" -I"/home/carlos/workspace fiuba/wsRTO/Lib_Contenedores/inc" -I"/home/carlos/workspace fiuba/wsRTO/Lib_MCU_LPC176x/vendor drivers/inc" -I"/home/carlos/workspace fiuba/wsRTO/Lib_API_CAPI/inc" -Og -g3 -Wall -c -fmessage-length=0 -fno-builtin -ffunction-sections -fdata-sections -mcpu=cortex-m3 -mthumb -D__REDLIB__ -specs=redlib.specs -MMD -MP -MF"vendor drivers/src/lpc17xx_rtc.d" -MT"vendor\ drivers/src/lpc17xx_rtc.d" -o "vendor drivers/src/lpc17xx_rtc.o" "../vendor drivers/src/lpc17xx_rtc.c"
Finished building: ../vendor drivers/src/lpc17xx_rtc.c
 
Building file: ../vendor drivers/src/lpc17xx_spi.c
Invoking: MCU C Compiler
arm-none-eabi-gcc -D__REDLIB__ -DDEBUG -D__CODE_RED -D__USE_CMSIS=CMSISv2p00_LPC17xx -I"/home/carlos/workspace fiuba/wsRTO/CMSISv2p00_LPC17xx/inc" -I"/home/carlos/workspace fiuba/wsRTO/Lib_MCU_LPC176x/inc" -I"/home/carlos/workspace fiuba/wsRTO/Lib_Contenedores/inc" -I"/home/carlos/workspace fiuba/wsRTO/Lib_MCU_LPC176x/vendor drivers/inc" -I"/home/carlos/workspace fiuba/wsRTO/Lib_API_CAPI/inc" -Og -g3 -Wall -c -fmessage-length=0 -fno-builtin -ffunction-sections -fdata-sections -mcpu=cortex-m3 -mthumb -D__REDLIB__ -specs=redlib.specs -MMD -MP -MF"vendor drivers/src/lpc17xx_spi.d" -MT"vendor\ drivers/src/lpc17xx_spi.d" -o "vendor drivers/src/lpc17xx_spi.o" "../vendor drivers/src/lpc17xx_spi.c"
../vendor drivers/src/lpc17xx_spi.c: In function 'SPI_ReadWrite':
../vendor drivers/src/lpc17xx_spi.c:296:26: warning: 'stat' may be used uninitialized in this function [-Wmaybe-uninitialized]
   dataCfg->status = stat | SPI_STAT_DONE;
                          ^
../vendor drivers/src/lpc17xx_spi.c:261:13: warning: 'wdata16' may be used uninitialized in this function [-Wmaybe-uninitialized]
      wdata16++;
             ^
../vendor drivers/src/lpc17xx_spi.c:282:17: warning: 'rdata16' may be used uninitialized in this function [-Wmaybe-uninitialized]
      *(rdata16) = (uint16_t) temp;
                 ^
../vendor drivers/src/lpc17xx_spi.c:258:12: warning: 'wdata8' may be used uninitialized in this function [-Wmaybe-uninitialized]
      wdata8++;
            ^
../vendor drivers/src/lpc17xx_spi.c:280:12: warning: 'rdata8' may be used uninitialized in this function [-Wmaybe-uninitialized]
      rdata8++;
            ^
Finished building: ../vendor drivers/src/lpc17xx_spi.c
 
Building file: ../vendor drivers/src/lpc17xx_ssp.c
Invoking: MCU C Compiler
arm-none-eabi-gcc -D__REDLIB__ -DDEBUG -D__CODE_RED -D__USE_CMSIS=CMSISv2p00_LPC17xx -I"/home/carlos/workspace fiuba/wsRTO/CMSISv2p00_LPC17xx/inc" -I"/home/carlos/workspace fiuba/wsRTO/Lib_MCU_LPC176x/inc" -I"/home/carlos/workspace fiuba/wsRTO/Lib_Contenedores/inc" -I"/home/carlos/workspace fiuba/wsRTO/Lib_MCU_LPC176x/vendor drivers/inc" -I"/home/carlos/workspace fiuba/wsRTO/Lib_API_CAPI/inc" -Og -g3 -Wall -c -fmessage-length=0 -fno-builtin -ffunction-sections -fdata-sections -mcpu=cortex-m3 -mthumb -D__REDLIB__ -specs=redlib.specs -MMD -MP -MF"vendor drivers/src/lpc17xx_ssp.d" -MT"vendor\ drivers/src/lpc17xx_ssp.d" -o "vendor drivers/src/lpc17xx_ssp.o" "../vendor drivers/src/lpc17xx_ssp.c"
../vendor drivers/src/lpc17xx_ssp.c: In function 'SSP_ReadWrite':
../vendor drivers/src/lpc17xx_ssp.c:413:14: warning: 'wdata16' may be used uninitialized in this function [-Wmaybe-uninitialized]
       wdata16++;
              ^
../vendor drivers/src/lpc17xx_ssp.c:438:18: warning: 'rdata16' may be used uninitialized in this function [-Wmaybe-uninitialized]
       *(rdata16) = (uint16_t) tmp;
                  ^
../vendor drivers/src/lpc17xx_ssp.c:409:13: warning: 'wdata8' may be used uninitialized in this function [-Wmaybe-uninitialized]
       wdata8++;
             ^
../vendor drivers/src/lpc17xx_ssp.c:436:13: warning: 'rdata8' may be used uninitialized in this function [-Wmaybe-uninitialized]
       rdata8++;
             ^
Finished building: ../vendor drivers/src/lpc17xx_ssp.c
 
Building file: ../vendor drivers/src/lpc17xx_systick.c
Invoking: MCU C Compiler
arm-none-eabi-gcc -D__REDLIB__ -DDEBUG -D__CODE_RED -D__USE_CMSIS=CMSISv2p00_LPC17xx -I"/home/carlos/workspace fiuba/wsRTO/CMSISv2p00_LPC17xx/inc" -I"/home/carlos/workspace fiuba/wsRTO/Lib_MCU_LPC176x/inc" -I"/home/carlos/workspace fiuba/wsRTO/Lib_Contenedores/inc" -I"/home/carlos/workspace fiuba/wsRTO/Lib_MCU_LPC176x/vendor drivers/inc" -I"/home/carlos/workspace fiuba/wsRTO/Lib_API_CAPI/inc" -Og -g3 -Wall -c -fmessage-length=0 -fno-builtin -ffunction-sections -fdata-sections -mcpu=cortex-m3 -mthumb -D__REDLIB__ -specs=redlib.specs -MMD -MP -MF"vendor drivers/src/lpc17xx_systick.d" -MT"vendor\ drivers/src/lpc17xx_systick.d" -o "vendor drivers/src/lpc17xx_systick.o" "../vendor drivers/src/lpc17xx_systick.c"
Finished building: ../vendor drivers/src/lpc17xx_systick.c
 
Building file: ../vendor drivers/src/lpc17xx_timer.c
Invoking: MCU C Compiler
arm-none-eabi-gcc -D__REDLIB__ -DDEBUG -D__CODE_RED -D__USE_CMSIS=CMSISv2p00_LPC17xx -I"/home/carlos/workspace fiuba/wsRTO/CMSISv2p00_LPC17xx/inc" -I"/home/carlos/workspace fiuba/wsRTO/Lib_MCU_LPC176x/inc" -I"/home/carlos/workspace fiuba/wsRTO/Lib_Contenedores/inc" -I"/home/carlos/workspace fiuba/wsRTO/Lib_MCU_LPC176x/vendor drivers/inc" -I"/home/carlos/workspace fiuba/wsRTO/Lib_API_CAPI/inc" -Og -g3 -Wall -c -fmessage-length=0 -fno-builtin -ffunction-sections -fdata-sections -mcpu=cortex-m3 -mthumb -D__REDLIB__ -specs=redlib.specs -MMD -MP -MF"vendor drivers/src/lpc17xx_timer.d" -MT"vendor\ drivers/src/lpc17xx_timer.d" -o "vendor drivers/src/lpc17xx_timer.o" "../vendor drivers/src/lpc17xx_timer.c"
../vendor drivers/src/lpc17xx_timer.c: In function 'getPClock':
../vendor drivers/src/lpc17xx_timer.c:75:2: warning: 'clkdlycnt' may be used uninitialized in this function [-Wmaybe-uninitialized]
  return clkdlycnt;
  ^
Finished building: ../vendor drivers/src/lpc17xx_timer.c
 
Building file: ../vendor drivers/src/lpc17xx_uart.c
Invoking: MCU C Compiler
arm-none-eabi-gcc -D__REDLIB__ -DDEBUG -D__CODE_RED -D__USE_CMSIS=CMSISv2p00_LPC17xx -I"/home/carlos/workspace fiuba/wsRTO/CMSISv2p00_LPC17xx/inc" -I"/home/carlos/workspace fiuba/wsRTO/Lib_MCU_LPC176x/inc" -I"/home/carlos/workspace fiuba/wsRTO/Lib_Contenedores/inc" -I"/home/carlos/workspace fiuba/wsRTO/Lib_MCU_LPC176x/vendor drivers/inc" -I"/home/carlos/workspace fiuba/wsRTO/Lib_API_CAPI/inc" -Og -g3 -Wall -c -fmessage-length=0 -fno-builtin -ffunction-sections -fdata-sections -mcpu=cortex-m3 -mthumb -D__REDLIB__ -specs=redlib.specs -MMD -MP -MF"vendor drivers/src/lpc17xx_uart.d" -MT"vendor\ drivers/src/lpc17xx_uart.d" -o "vendor drivers/src/lpc17xx_uart.o" "../vendor drivers/src/lpc17xx_uart.c"
../vendor drivers/src/lpc17xx_uart.c: In function 'uart_set_divisors':
../vendor drivers/src/lpc17xx_uart.c:77:12: warning: comparison of distinct pointer types lacks a cast [enabled by default]
  if (UARTx == LPC_UART0)
            ^
../vendor drivers/src/lpc17xx_uart.c: In function 'UART_Init':
../vendor drivers/src/lpc17xx_uart.c:197:11: warning: comparison of distinct pointer types lacks a cast [enabled by default]
  if(UARTx == LPC_UART0)
           ^
../vendor drivers/src/lpc17xx_uart.c: In function 'UART_DeInit':
../vendor drivers/src/lpc17xx_uart.c:400:12: warning: comparison of distinct pointer types lacks a cast [enabled by default]
  if (UARTx == LPC_UART0)
            ^
../vendor drivers/src/lpc17xx_uart.c: In function 'uart_set_divisors':
../vendor drivers/src/lpc17xx_uart.c:95:7: warning: 'uClk' may be used uninitialized in this function [-Wmaybe-uninitialized]
  uClk = uClk >> 4; /* div by 16 */
       ^
../vendor drivers/src/lpc17xx_uart.c: In function 'UART_IntConfig':
../vendor drivers/src/lpc17xx_uart.c:728:29: warning: 'tmp' may be used uninitialized in this function [-Wmaybe-uninitialized]
    UARTx->/*DLIER.*/IER &= (~tmp) & UART_IER_BITMASK;
                             ^
../vendor drivers/src/lpc17xx_uart.c: In function 'UART_FullModemConfigMode':
../vendor drivers/src/lpc17xx_uart.c:1187:14: warning: 'tmp' may be used uninitialized in this function [-Wmaybe-uninitialized]
   UARTx->MCR &= (~tmp) & UART1_MCR_BITMASK;
              ^
Finished building: ../vendor drivers/src/lpc17xx_uart.c
 
Building file: ../vendor drivers/src/lpc17xx_wdt.c
Invoking: MCU C Compiler
arm-none-eabi-gcc -D__REDLIB__ -DDEBUG -D__CODE_RED -D__USE_CMSIS=CMSISv2p00_LPC17xx -I"/home/carlos/workspace fiuba/wsRTO/CMSISv2p00_LPC17xx/inc" -I"/home/carlos/workspace fiuba/wsRTO/Lib_MCU_LPC176x/inc" -I"/home/carlos/workspace fiuba/wsRTO/Lib_Contenedores/inc" -I"/home/carlos/workspace fiuba/wsRTO/Lib_MCU_LPC176x/vendor drivers/inc" -I"/home/carlos/workspace fiuba/wsRTO/Lib_API_CAPI/inc" -Og -g3 -Wall -c -fmessage-length=0 -fno-builtin -ffunction-sections -fdata-sections -mcpu=cortex-m3 -mthumb -D__REDLIB__ -specs=redlib.specs -MMD -MP -MF"vendor drivers/src/lpc17xx_wdt.d" -MT"vendor\ drivers/src/lpc17xx_wdt.d" -o "vendor drivers/src/lpc17xx_wdt.o" "../vendor drivers/src/lpc17xx_wdt.c"
Finished building: ../vendor drivers/src/lpc17xx_wdt.c
 
Building file: ../src/lpc_17xx_AIN.c
Invoking: MCU C Compiler
arm-none-eabi-gcc -D__REDLIB__ -DDEBUG -D__CODE_RED -D__USE_CMSIS=CMSISv2p00_LPC17xx -I"/home/carlos/workspace fiuba/wsRTO/CMSISv2p00_LPC17xx/inc" -I"/home/carlos/workspace fiuba/wsRTO/Lib_MCU_LPC176x/inc" -I"/home/carlos/workspace fiuba/wsRTO/Lib_Contenedores/inc" -I"/home/carlos/workspace fiuba/wsRTO/Lib_MCU_LPC176x/vendor drivers/inc" -I"/home/carlos/workspace fiuba/wsRTO/Lib_API_CAPI/inc" -Og -g3 -Wall -c -fmessage-length=0 -fno-builtin -ffunction-sections -fdata-sections -mcpu=cortex-m3 -mthumb -D__REDLIB__ -specs=redlib.specs -MMD -MP -MF"src/lpc_17xx_AIN.d" -MT"src/lpc_17xx_AIN.d" -o "src/lpc_17xx_AIN.o" "../src/lpc_17xx_AIN.c"
Finished building: ../src/lpc_17xx_AIN.c
 
Building file: ../src/lpc_17xx_GPIO.c
Invoking: MCU C Compiler
arm-none-eabi-gcc -D__REDLIB__ -DDEBUG -D__CODE_RED -D__USE_CMSIS=CMSISv2p00_LPC17xx -I"/home/carlos/workspace fiuba/wsRTO/CMSISv2p00_LPC17xx/inc" -I"/home/carlos/workspace fiuba/wsRTO/Lib_MCU_LPC176x/inc" -I"/home/carlos/workspace fiuba/wsRTO/Lib_Contenedores/inc" -I"/home/carlos/workspace fiuba/wsRTO/Lib_MCU_LPC176x/vendor drivers/inc" -I"/home/carlos/workspace fiuba/wsRTO/Lib_API_CAPI/inc" -Og -g3 -Wall -c -fmessage-length=0 -fno-builtin -ffunction-sections -fdata-sections -mcpu=cortex-m3 -mthumb -D__REDLIB__ -specs=redlib.specs -MMD -MP -MF"src/lpc_17xx_GPIO.d" -MT"src/lpc_17xx_GPIO.d" -o "src/lpc_17xx_GPIO.o" "../src/lpc_17xx_GPIO.c"
Finished building: ../src/lpc_17xx_GPIO.c
 
Building file: ../src/lpc_17xx_PERIF.c
Invoking: MCU C Compiler
arm-none-eabi-gcc -D__REDLIB__ -DDEBUG -D__CODE_RED -D__USE_CMSIS=CMSISv2p00_LPC17xx -I"/home/carlos/workspace fiuba/wsRTO/CMSISv2p00_LPC17xx/inc" -I"/home/carlos/workspace fiuba/wsRTO/Lib_MCU_LPC176x/inc" -I"/home/carlos/workspace fiuba/wsRTO/Lib_Contenedores/inc" -I"/home/carlos/workspace fiuba/wsRTO/Lib_MCU_LPC176x/vendor drivers/inc" -I"/home/carlos/workspace fiuba/wsRTO/Lib_API_CAPI/inc" -Og -g3 -Wall -c -fmessage-length=0 -fno-builtin -ffunction-sections -fdata-sections -mcpu=cortex-m3 -mthumb -D__REDLIB__ -specs=redlib.specs -MMD -MP -MF"src/lpc_17xx_PERIF.d" -MT"src/lpc_17xx_PERIF.d" -o "src/lpc_17xx_PERIF.o" "../src/lpc_17xx_PERIF.c"
Finished building: ../src/lpc_17xx_PERIF.c
 
Building file: ../src/lpc_17xx_PIN.c
Invoking: MCU C Compiler
arm-none-eabi-gcc -D__REDLIB__ -DDEBUG -D__CODE_RED -D__USE_CMSIS=CMSISv2p00_LPC17xx -I"/home/carlos/workspace fiuba/wsRTO/CMSISv2p00_LPC17xx/inc" -I"/home/carlos/workspace fiuba/wsRTO/Lib_MCU_LPC176x/inc" -I"/home/carlos/workspace fiuba/wsRTO/Lib_Contenedores/inc" -I"/home/carlos/workspace fiuba/wsRTO/Lib_MCU_LPC176x/vendor drivers/inc" -I"/home/carlos/workspace fiuba/wsRTO/Lib_API_CAPI/inc" -Og -g3 -Wall -c -fmessage-length=0 -fno-builtin -ffunction-sections -fdata-sections -mcpu=cortex-m3 -mthumb -D__REDLIB__ -specs=redlib.specs -MMD -MP -MF"src/lpc_17xx_PIN.d" -MT"src/lpc_17xx_PIN.d" -o "src/lpc_17xx_PIN.o" "../src/lpc_17xx_PIN.c"
Finished building: ../src/lpc_17xx_PIN.c
 
Building file: ../src/lpc_17xx_PORT.c
Invoking: MCU C Compiler
arm-none-eabi-gcc -D__REDLIB__ -DDEBUG -D__CODE_RED -D__USE_CMSIS=CMSISv2p00_LPC17xx -I"/home/carlos/workspace fiuba/wsRTO/CMSISv2p00_LPC17xx/inc" -I"/home/carlos/workspace fiuba/wsRTO/Lib_MCU_LPC176x/inc" -I"/home/carlos/workspace fiuba/wsRTO/Lib_Contenedores/inc" -I"/home/carlos/workspace fiuba/wsRTO/Lib_MCU_LPC176x/vendor drivers/inc" -I"/home/carlos/workspace fiuba/wsRTO/Lib_API_CAPI/inc" -Og -g3 -Wall -c -fmessage-length=0 -fno-builtin -ffunction-sections -fdata-sections -mcpu=cortex-m3 -mthumb -D__REDLIB__ -specs=redlib.specs -MMD -MP -MF"src/lpc_17xx_PORT.d" -MT"src/lpc_17xx_PORT.d" -o "src/lpc_17xx_PORT.o" "../src/lpc_17xx_PORT.c"
Finished building: ../src/lpc_17xx_PORT.c
 
Building file: ../src/lpc_17xx_RTC.c
Invoking: MCU C Compiler
arm-none-eabi-gcc -D__REDLIB__ -DDEBUG -D__CODE_RED -D__USE_CMSIS=CMSISv2p00_LPC17xx -I"/home/carlos/workspace fiuba/wsRTO/CMSISv2p00_LPC17xx/inc" -I"/home/carlos/workspace fiuba/wsRTO/Lib_MCU_LPC176x/inc" -I"/home/carlos/workspace fiuba/wsRTO/Lib_Contenedores/inc" -I"/home/carlos/workspace fiuba/wsRTO/Lib_MCU_LPC176x/vendor drivers/inc" -I"/home/carlos/workspace fiuba/wsRTO/Lib_API_CAPI/inc" -Og -g3 -Wall -c -fmessage-length=0 -fno-builtin -ffunction-sections -fdata-sections -mcpu=cortex-m3 -mthumb -D__REDLIB__ -specs=redlib.specs -MMD -MP -MF"src/lpc_17xx_RTC.d" -MT"src/lpc_17xx_RTC.d" -o "src/lpc_17xx_RTC.o" "../src/lpc_17xx_RTC.c"
Finished building: ../src/lpc_17xx_RTC.c
 
Building file: ../src/lpc_17xx_SSP.c
Invoking: MCU C Compiler
arm-none-eabi-gcc -D__REDLIB__ -DDEBUG -D__CODE_RED -D__USE_CMSIS=CMSISv2p00_LPC17xx -I"/home/carlos/workspace fiuba/wsRTO/CMSISv2p00_LPC17xx/inc" -I"/home/carlos/workspace fiuba/wsRTO/Lib_MCU_LPC176x/inc" -I"/home/carlos/workspace fiuba/wsRTO/Lib_Contenedores/inc" -I"/home/carlos/workspace fiuba/wsRTO/Lib_MCU_LPC176x/vendor drivers/inc" -I"/home/carlos/workspace fiuba/wsRTO/Lib_API_CAPI/inc" -Og -g3 -Wall -c -fmessage-length=0 -fno-builtin -ffunction-sections -fdata-sections -mcpu=cortex-m3 -mthumb -D__REDLIB__ -specs=redlib.specs -MMD -MP -MF"src/lpc_17xx_SSP.d" -MT"src/lpc_17xx_SSP.d" -o "src/lpc_17xx_SSP.o" "../src/lpc_17xx_SSP.c"
Finished building: ../src/lpc_17xx_SSP.c
 
Building file: ../src/lpc_17xx_TIMER.c
Invoking: MCU C Compiler
arm-none-eabi-gcc -D__REDLIB__ -DDEBUG -D__CODE_RED -D__USE_CMSIS=CMSISv2p00_LPC17xx -I"/home/carlos/workspace fiuba/wsRTO/CMSISv2p00_LPC17xx/inc" -I"/home/carlos/workspace fiuba/wsRTO/Lib_MCU_LPC176x/inc" -I"/home/carlos/workspace fiuba/wsRTO/Lib_Contenedores/inc" -I"/home/carlos/workspace fiuba/wsRTO/Lib_MCU_LPC176x/vendor drivers/inc" -I"/home/carlos/workspace fiuba/wsRTO/Lib_API_CAPI/inc" -Og -g3 -Wall -c -fmessage-length=0 -fno-builtin -ffunction-sections -fdata-sections -mcpu=cortex-m3 -mthumb -D__REDLIB__ -specs=redlib.specs -MMD -MP -MF"src/lpc_17xx_TIMER.d" -MT"src/lpc_17xx_TIMER.d" -o "src/lpc_17xx_TIMER.o" "../src/lpc_17xx_TIMER.c"
Finished building: ../src/lpc_17xx_TIMER.c
 
Building file: ../src/lpc_17xx_UART.c
Invoking: MCU C Compiler
arm-none-eabi-gcc -D__REDLIB__ -DDEBUG -D__CODE_RED -D__USE_CMSIS=CMSISv2p00_LPC17xx -I"/home/carlos/workspace fiuba/wsRTO/CMSISv2p00_LPC17xx/inc" -I"/home/carlos/workspace fiuba/wsRTO/Lib_MCU_LPC176x/inc" -I"/home/carlos/workspace fiuba/wsRTO/Lib_Contenedores/inc" -I"/home/carlos/workspace fiuba/wsRTO/Lib_MCU_LPC176x/vendor drivers/inc" -I"/home/carlos/workspace fiuba/wsRTO/Lib_API_CAPI/inc" -Og -g3 -Wall -c -fmessage-length=0 -fno-builtin -ffunction-sections -fdata-sections -mcpu=cortex-m3 -mthumb -D__REDLIB__ -specs=redlib.specs -MMD -MP -MF"src/lpc_17xx_UART.d" -MT"src/lpc_17xx_UART.d" -o "src/lpc_17xx_UART.o" "../src/lpc_17xx_UART.c"
../src/lpc_17xx_UART.c: In function 'getIRQNumber':
../src/lpc_17xx_UART.c:131:2: warning: 'IRQNumber' may be used uninitialized in this function [-Wmaybe-uninitialized]
  return IRQNumber;
  ^
Finished building: ../src/lpc_17xx_UART.c
 
Building target: libLib_MCU_LPC176x.a
Invoking: MCU Archiver
arm-none-eabi-ar -r  "libLib_MCU_LPC176x.a"  ./vendor\ drivers/src/debug_frmwrk.o ./vendor\ drivers/src/lpc17xx_adc.o ./vendor\ drivers/src/lpc17xx_can.o ./vendor\ drivers/src/lpc17xx_clkpwr.o ./vendor\ drivers/src/lpc17xx_dac.o ./vendor\ drivers/src/lpc17xx_emac.o ./vendor\ drivers/src/lpc17xx_exti.o ./vendor\ drivers/src/lpc17xx_gpio.o ./vendor\ drivers/src/lpc17xx_i2c.o ./vendor\ drivers/src/lpc17xx_i2s.o ./vendor\ drivers/src/lpc17xx_libcfg_default.o ./vendor\ drivers/src/lpc17xx_mcpwm.o ./vendor\ drivers/src/lpc17xx_nvic.o ./vendor\ drivers/src/lpc17xx_pinsel.o ./vendor\ drivers/src/lpc17xx_pwm.o ./vendor\ drivers/src/lpc17xx_qei.o ./vendor\ drivers/src/lpc17xx_rit.o ./vendor\ drivers/src/lpc17xx_rtc.o ./vendor\ drivers/src/lpc17xx_spi.o ./vendor\ drivers/src/lpc17xx_ssp.o ./vendor\ drivers/src/lpc17xx_systick.o ./vendor\ drivers/src/lpc17xx_timer.o ./vendor\ drivers/src/lpc17xx_uart.o ./vendor\ drivers/src/lpc17xx_wdt.o  ./src/lpc_17xx_AIN.o ./src/lpc_17xx_GPIO.o ./src/lpc_17xx_PERIF.o ./src/lpc_17xx_PIN.o ./src/lpc_17xx_PORT.o ./src/lpc_17xx_RTC.o ./src/lpc_17xx_SSP.o ./src/lpc_17xx_TIMER.o ./src/lpc_17xx_UART.o   
arm-none-eabi-ar: creating libLib_MCU_LPC176x.a
Finished building target: libLib_MCU_LPC176x.a
 
make --no-print-directory post-build
Performing post-build steps
arm-none-eabi-size "libLib_MCU_LPC176x.a" ; # arm-none-eabi-objdump -h -S "libLib_MCU_LPC176x.a" >"libLib_MCU_LPC176x.lss"
   text	   data	    bss	    dec	    hex	filename
   1196	      0	      0	   1196	    4ac	debug_frmwrk.o (ex libLib_MCU_LPC176x.a)
    740	      0	      0	    740	    2e4	lpc17xx_adc.o (ex libLib_MCU_LPC176x.a)
   6636	      0	     10	   6646	   19f6	lpc17xx_can.o (ex libLib_MCU_LPC176x.a)
    320	      0	      0	    320	    140	lpc17xx_clkpwr.o (ex libLib_MCU_LPC176x.a)
    272	      0	      0	    272	    110	lpc17xx_dac.o (ex libLib_MCU_LPC176x.a)
   1608	      0	  10852	  12460	   30ac	lpc17xx_emac.o (ex libLib_MCU_LPC176x.a)
    192	      0	      0	    192	     c0	lpc17xx_exti.o (ex libLib_MCU_LPC176x.a)
    892	      0	      0	    892	    37c	lpc17xx_gpio.o (ex libLib_MCU_LPC176x.a)
   2812	      0	     52	   2864	    b30	lpc17xx_i2c.o (ex libLib_MCU_LPC176x.a)
   1764	      0	      0	   1764	    6e4	lpc17xx_i2s.o (ex libLib_MCU_LPC176x.a)
      4	      0	      0	      4	      4	lpc17xx_libcfg_default.o (ex libLib_MCU_LPC176x.a)
   1020	      0	      0	   1020	    3fc	lpc17xx_mcpwm.o (ex libLib_MCU_LPC176x.a)
    128	      0	      0	    128	     80	lpc17xx_nvic.o (ex libLib_MCU_LPC176x.a)
    248	      0	      0	    248	     f8	lpc17xx_pinsel.o (ex libLib_MCU_LPC176x.a)
   1568	      0	      0	   1568	    620	lpc17xx_pwm.o (ex libLib_MCU_LPC176x.a)
   1280	      0	      0	   1280	    500	lpc17xx_qei.o (ex libLib_MCU_LPC176x.a)
    384	      0	      0	    384	    180	lpc17xx_rit.o (ex libLib_MCU_LPC176x.a)
   2304	      0	      0	   2304	    900	lpc17xx_rtc.o (ex libLib_MCU_LPC176x.a)
    888	      0	      0	    888	    378	lpc17xx_spi.o (ex libLib_MCU_LPC176x.a)
   1760	      0	      0	   1760	    6e0	lpc17xx_ssp.o (ex libLib_MCU_LPC176x.a)
    308	      0	      0	    308	    134	lpc17xx_systick.o (ex libLib_MCU_LPC176x.a)
   1612	      0	      0	   1612	    64c	lpc17xx_timer.o (ex libLib_MCU_LPC176x.a)
   3140	      0	      0	   3140	    c44	lpc17xx_uart.o (ex libLib_MCU_LPC176x.a)
    380	      0	      0	    380	    17c	lpc17xx_wdt.o (ex libLib_MCU_LPC176x.a)
    356	      0	      1	    357	    165	lpc_17xx_AIN.o (ex libLib_MCU_LPC176x.a)
     88	      0	      0	     88	     58	lpc_17xx_GPIO.o (ex libLib_MCU_LPC176x.a)
    288	      0	      0	    288	    120	lpc_17xx_PERIF.o (ex libLib_MCU_LPC176x.a)
     56	      0	      0	     56	     38	lpc_17xx_PIN.o (ex libLib_MCU_LPC176x.a)
    112	      0	      0	    112	     70	lpc_17xx_PORT.o (ex libLib_MCU_LPC176x.a)
    284	      0	      4	    288	    120	lpc_17xx_RTC.o (ex libLib_MCU_LPC176x.a)
    548	      0	      0	    548	    224	lpc_17xx_SSP.o (ex libLib_MCU_LPC176x.a)
    620	      0	      0	    620	    26c	lpc_17xx_TIMER.o (ex libLib_MCU_LPC176x.a)
    776	      0	      0	    776	    308	lpc_17xx_UART.o (ex libLib_MCU_LPC176x.a)
 
17:46:54 **** Incremental Build of configuration Debug for project CMSISv2p00_LPC17xx ****
make all 
make: No se hace nada para «all».
17:46:55 **** Incremental Build of configuration Debug for project Ejercicio 3.2 ****
make all 
Building target: Ejercicio 3.2.axf
Invoking: MCU Linker
arm-none-eabi-gcc -nostdlib -L"/home/carlos/workspace fiuba/wsRTO/Lib_FreeRTOS_7p0p1/Debug_LPC176x" -L"/home/carlos/workspace fiuba/wsRTO/CMSISv2p00_LPC17xx/Debug" -L"/home/carlos/workspace fiuba/wsRTO/Lib_API_CAPI/Debug" -L"/home/carlos/workspace fiuba/wsRTO/Lib_Contenedores/Debug" -L"/home/carlos/workspace fiuba/wsRTO/Lib_MCU_LPC176x/Debug" -Xlinker -Map="Ejercicio 3.2.map" -Xlinker --gc-sections -mcpu=cortex-m3 -mthumb -T "Ejercicio2_1_Debug.ld" -o "Ejercicio 3.2.axf"  ./src/cr_startup_lpc17.o ./src/main.o   -lLib_FreeRTOS_7p0p1 -lCMSISv2p00_LPC17xx -lLib_API_CAPI -lLib_Contenedores -lLib_MCU_LPC176x
Finished building target: Ejercicio 3.2.axf
 
make --no-print-directory post-build
Performing post-build steps
arm-none-eabi-size "Ejercicio 3.2.axf"; # arm-none-eabi-objcopy -O binary "Ejercicio 3.2.axf" "Ejercicio 3.2.bin" ; checksum -p LPC1769 -d "Ejercicio 3.2.bin";
   text	   data	    bss	    dec	    hex	filename
   8516	     20	  18988	  27524	   6b84	Ejercicio 3.2.axf
 
17:46:55 **** Incremental Build of configuration Debug for project Ejercicio2.1 ****
make all 
Building target: Ejercicio2.1.axf
Invoking: MCU Linker
[...]
   8104	     20	  18968	  27092	   69d4	Ejercicio5.1.axf
 
18:47:51 **** Build of configuration Debug for project CMSISv2p00_LPC17xx ****
make all 
make: No se hace nada para «all».
18:47:53 **** Build of configuration Debug for project Ejercicio 3.2 ****
make all 
Building target: Ejercicio 3.2.axf
Invoking: MCU Linker
arm-none-eabi-gcc -nostdlib -L"/home/carlos/workspace fiuba/wsRTO/Lib_FreeRTOS_7p0p1/Debug_LPC176x" -L"/home/carlos/workspace fiuba/wsRTO/CMSISv2p00_LPC17xx/Debug" -L"/home/carlos/workspace fiuba/wsRTO/Lib_API_CAPI/Debug" -L"/home/carlos/workspace fiuba/wsRTO/Lib_Contenedores/Debug" -L"/home/carlos/workspace fiuba/wsRTO/Lib_MCU_LPC176x/Debug" -Xlinker -Map="Ejercicio 3.2.map" -Xlinker --gc-sections -mcpu=cortex-m3 -mthumb -T "Ejercicio2_1_Debug.ld" -o "Ejercicio 3.2.axf"  ./src/cr_startup_lpc17.o ./src/main.o   -lLib_FreeRTOS_7p0p1 -lCMSISv2p00_LPC17xx -lLib_API_CAPI -lLib_Contenedores -lLib_MCU_LPC176x
Finished building target: Ejercicio 3.2.axf
 
make --no-print-directory post-build
Performing post-build steps
arm-none-eabi-size "Ejercicio 3.2.axf"; # arm-none-eabi-objcopy -O binary "Ejercicio 3.2.axf" "Ejercicio 3.2.bin" ; checksum -p LPC1769 -d "Ejercicio 3.2.bin";
   text	   data	    bss	    dec	    hex	filename
   8540	     20	  18984	  27544	   6b98	Ejercicio 3.2.axf
 
18:47:54 **** Build of configuration Debug for project Ejercicio2.1 ****
make all 
Building target: Ejercicio2.1.axf
Invoking: MCU Linker
arm-none-eabi-gcc -nostdlib -L"/home/carlos/workspace fiuba/wsRTO/Lib_FreeRTOS_7p0p1/Debug_LPC176x" -L"/home/carlos/workspace fiuba/wsRTO/CMSISv2p00_LPC17xx/Debug" -L"/home/carlos/workspace fiuba/wsRTO/Lib_API_CAPI/Debug" -L"/home/carlos/workspace fiuba/wsRTO/Lib_Contenedores/Debug" -L"/home/carlos/workspace fiuba/wsRTO/Lib_MCU_LPC176x/Debug" -Xlinker -Map="Ejercicio2.1.map" -Xlinker --gc-sections -mcpu=cortex-m3 -mthumb -T "Ejercicio2_1_Debug.ld" -o "Ejercicio2.1.axf"  ./src/cr_startup_lpc17.o ./src/main.o   -lLib_FreeRTOS_7p0p1 -lCMSISv2p00_LPC17xx -lLib_API_CAPI -lLib_Contenedores -lLib_MCU_LPC176x
Finished building target: Ejercicio2.1.axf
 
make --no-print-directory post-build
Performing post-build steps
arm-none-eabi-size "Ejercicio2.1.axf"; # arm-none-eabi-objcopy -O binary "Ejercicio2.1.axf" "Ejercicio2.1.bin" ; checksum -p LPC1769 -d "Ejercicio2.1.bin";
   text	   data	    bss	    dec	    hex	filename
   8648	     20	  18972	  27640	   6bf8	Ejercicio2.1.axf
 
18:47:55 **** Build of configuration Debug for project Ejercicio4.1 ****
make all 
Building target: Ejercicio4.1.axf
Invoking: MCU Linker
arm-none-eabi-gcc -nostdlib -L"/home/carlos/workspace fiuba/wsRTO/Lib_FreeRTOS_7p0p1/Debug_LPC176x" -L"/home/carlos/workspace fiuba/wsRTO/CMSISv2p00_LPC17xx/Debug" -L"/home/carlos/workspace fiuba/wsRTO/Lib_API_CAPI/Debug" -L"/home/carlos/workspace fiuba/wsRTO/Lib_Contenedores/Debug" -L"/home/carlos/workspace fiuba/wsRTO/Lib_MCU_LPC176x/Debug" -Xlinker -Map="Ejercicio4.1.map" -Xlinker --gc-sections -mcpu=cortex-m3 -mthumb -T "Ejercicio2_1_Debug.ld" -o "Ejercicio4.1.axf"  ./src/cr_startup_lpc17.o ./src/main.o   -lLib_FreeRTOS_7p0p1 -lCMSISv2p00_LPC17xx -lLib_API_CAPI -lLib_Contenedores -lLib_MCU_LPC176x
Finished building target: Ejercicio4.1.axf
 
make --no-print-directory post-build
Performing post-build steps
arm-none-eabi-size "Ejercicio4.1.axf"; # arm-none-eabi-objcopy -O binary "Ejercicio4.1.axf" "Ejercicio4.1.bin" ; checksum -p LPC1769 -d "Ejercicio4.1.bin";
   text	   data	    bss	    dec	    hex	filename
   8644	     20	  18972	  27636	   6bf4	Ejercicio4.1.axf
 
18:47:55 **** Build of configuration Debug for project Ejercicio4.2 ****
make all 
Building target: Ejercicio4.2.axf
Invoking: MCU Linker
arm-none-eabi-gcc -nostdlib -L"/home/carlos/workspace fiuba/wsRTO/Lib_FreeRTOS_7p0p1/Debug_LPC176x" -L"/home/carlos/workspace fiuba/wsRTO/CMSISv2p00_LPC17xx/Debug" -L"/home/carlos/workspace fiuba/wsRTO/Lib_API_CAPI/Debug" -L"/home/carlos/workspace fiuba/wsRTO/Lib_Contenedores/Debug" -L"/home/carlos/workspace fiuba/wsRTO/Lib_MCU_LPC176x/Debug" -Xlinker -Map="Ejercicio4.2.map" -Xlinker --gc-sections -mcpu=cortex-m3 -mthumb -T "Ejercicio2_1_Debug.ld" -o "Ejercicio4.2.axf"  ./src/cr_startup_lpc17.o ./src/main.o   -lLib_FreeRTOS_7p0p1 -lCMSISv2p00_LPC17xx -lLib_API_CAPI -lLib_Contenedores -lLib_MCU_LPC176x
Finished building target: Ejercicio4.2.axf
 
make --no-print-directory post-build
Performing post-build steps
arm-none-eabi-size "Ejercicio4.2.axf"; # arm-none-eabi-objcopy -O binary "Ejercicio4.2.axf" "Ejercicio4.2.bin" ; checksum -p LPC1769 -d "Ejercicio4.2.bin";
   text	   data	    bss	    dec	    hex	filename
   8856	     20	  18976	  27852	   6ccc	Ejercicio4.2.axf
 
18:47:56 **** Build of configuration Debug for project Ejercicio5.1 ****
make all 
Building file: ../src/main.c
Invoking: MCU C Compiler
arm-none-eabi-gcc -D__REDLIB__ -DDEBUG -D__CODE_RED -D__USE_CMSIS=CMSISv2p00_LPC17xx -I"/home/carlos/workspace fiuba/wsRTO/CMSISv2p00_LPC17xx/inc" -I"/home/carlos/workspace fiuba/wsRTO/Lib_FreeRTOS_7p0p1/demo_code" -I"/home/carlos/workspace fiuba/wsRTO/Lib_API_CAPI/inc" -I"/home/carlos/workspace fiuba/wsRTO/Lib_Contenedores/inc" -I"/home/carlos/workspace fiuba/wsRTO/Lib_MCU_LPC176x/inc" -I"/home/carlos/workspace fiuba/wsRTO/Lib_FreeRTOS_7p0p1/FreeRTOS_include" -I"/home/carlos/workspace fiuba/wsRTO/Lib_FreeRTOS_7p0p1/FreeRTOS_portable" -Og -g3 -Wall -c -fmessage-length=0 -fno-builtin -ffunction-sections -fdata-sections -mcpu=cortex-m3 -mthumb -D__REDLIB__ -specs=redlib.specs -MMD -MP -MF"src/main.d" -MT"src/main.d" -o "src/main.o" "../src/main.c"
../src/main.c: In function 'taskLED':
../src/main.c:83:2: warning: statement with no effect [-Wunused-value]
  (void *)pvParameters;
  ^
Finished building: ../src/main.c
 
Building target: Ejercicio5.1.axf
Invoking: MCU Linker
arm-none-eabi-gcc -nostdlib -L"/home/carlos/workspace fiuba/wsRTO/Lib_FreeRTOS_7p0p1/Debug_LPC176x" -L"/home/carlos/workspace fiuba/wsRTO/CMSISv2p00_LPC17xx/Debug" -L"/home/carlos/workspace fiuba/wsRTO/Lib_API_CAPI/Debug" -L"/home/carlos/workspace fiuba/wsRTO/Lib_Contenedores/Debug" -L"/home/carlos/workspace fiuba/wsRTO/Lib_MCU_LPC176x/Debug" -Xlinker -Map="Ejercicio5.1.map" -Xlinker --gc-sections -mcpu=cortex-m3 -mthumb -T "Template_Debug.ld" -o "Ejercicio5.1.axf"  ./src/cr_startup_lpc17.o ./src/main.o   -lLib_FreeRTOS_7p0p1 -lCMSISv2p00_LPC17xx -lLib_API_CAPI -lLib_Contenedores -lLib_MCU_LPC176x
Finished building target: Ejercicio5.1.axf
 
make --no-print-directory post-build
Performing post-build steps
arm-none-eabi-size "Ejercicio5.1.axf"; # arm-none-eabi-objcopy -O binary "Ejercicio5.1.axf" "Ejercicio5.1.bin" ; checksum -p LPC1769 -d "Ejercicio5.1.bin";
   text	   data	    bss	    dec	    hex	filename
   8112	     20	  18968	  27100	   69dc	Ejercicio5.1.axf
 
18:47:57 **** Build of configuration Debug for project Ejercicio5.2 ****
make all 
Building target: Ejercicio5.2.axf
Invoking: MCU Linker
arm-none-eabi-gcc -nostdlib -L"/home/carlos/workspace fiuba/wsRTO/Lib_FreeRTOS_7p0p1/Debug_LPC176x" -L"/home/carlos/workspace fiuba/wsRTO/CMSISv2p00_LPC17xx/Debug" -L"/home/carlos/workspace fiuba/wsRTO/Lib_API_CAPI/Debug" -L"/home/carlos/workspace fiuba/wsRTO/Lib_Contenedores/Debug" -L"/home/carlos/workspace fiuba/wsRTO/Lib_MCU_LPC176x/Debug" -Xlinker -Map="Ejercicio5.2.map" -Xlinker --gc-sections -mcpu=cortex-m3 -mthumb -T "Template_Debug.ld" -o "Ejercicio5.2.axf"  ./src/cr_startup_lpc17.o ./src/main.o   -lLib_FreeRTOS_7p0p1 -lCMSISv2p00_LPC17xx -lLib_API_CAPI -lLib_Contenedores -lLib_MCU_LPC176x
Finished building target: Ejercicio5.2.axf
 
make --no-print-directory post-build
Performing post-build steps
arm-none-eabi-size "Ejercicio5.2.axf"; # arm-none-eabi-objcopy -O binary "Ejercicio5.2.axf" "Ejercicio5.2.bin" ; checksum -p LPC1769 -d "Ejercicio5.2.bin";
   text	   data	    bss	    dec	    hex	filename
   7584	     28	  18972	  26584	   67d8	Ejercicio5.2.axf
 
18:47:58 **** Build of configuration Debug for project Lib_API_CAPI ****
make all 
make: No se hace nada para «all».
18:47:58 **** Build of configuration Debug for project Lib_Contenedores ****
make all 
make: No se hace nada para «all».
18:47:58 **** Build of configuration Debug_LPC176x for project Lib_FreeRTOS_7p0p1 ****
make all 
make: No se hace nada para «all».
18:47:59 **** Build of configuration Debug for project Lib_LCD_Texto ****
make all 
make: No se hace nada para «all».
18:47:59 **** Build of configuration Debug for project Lib_MCU_LPC176x ****
make all 
make: No se hace nada para «all».
18:48:00 **** Build of configuration Debug for project Template1 ****
make all 
Building file: ../src/main.c
Invoking: MCU C Compiler
arm-none-eabi-gcc -D__REDLIB__ -DDEBUG -D__CODE_RED -D__USE_CMSIS=CMSISv2p00_LPC17xx -I"/home/carlos/workspace fiuba/wsRTO/CMSISv2p00_LPC17xx/inc" -I"/home/carlos/workspace fiuba/wsRTO/Lib_FreeRTOS_7p0p1/demo_code" -I"/home/carlos/workspace fiuba/wsRTO/Lib_API_CAPI/inc" -I"/home/carlos/workspace fiuba/wsRTO/Lib_Contenedores/inc" -I"/home/carlos/workspace fiuba/wsRTO/Lib_MCU_LPC176x/inc" -I"/home/carlos/workspace fiuba/wsRTO/Lib_FreeRTOS_7p0p1/FreeRTOS_include" -I"/home/carlos/workspace fiuba/wsRTO/Lib_FreeRTOS_7p0p1/FreeRTOS_portable" -O0 -g3 -Wall -c -fmessage-length=0 -fno-builtin -ffunction-sections -fdata-sections -mcpu=cortex-m3 -mthumb -D__REDLIB__ -specs=redlib.specs -MMD -MP -MF"src/main.d" -MT"src/main.d" -o "src/main.o" "../src/main.c"
../src/main.c: In function 'main':
../src/main.c:67:2: error: 'contadorTiempoOprimido' undeclared (first use in this function)
  contadorTiempoOprimido = -1;
  ^
../src/main.c:67:2: note: each undeclared identifier is reported only once for each function it appears in
../src/main.c:72:2: error: 'queue' undeclared (first use in this function)
  queue = xQueueCreate(10, sizeof(long));
  ^
../src/main.c: In function 'vApplicationTickHook':
../src/main.c:89:5: error: 'contadorTiempoOprimido' undeclared (first use in this function)
  if(contadorTiempoOprimido >= 0)
     ^
make: *** [src/main.o] Error 1
18:48:26 **** Incremental Build of configuration Debug for project CMSISv2p00_LPC17xx ****
make all 
make: No se hace nada para «all».
18:48:26 **** Incremental Build of configuration Debug for project Ejercicio 3.2 ****
make all 
make: No se hace nada para «all».
18:48:27 **** Incremental Build of configuration Debug for project Ejercicio2.1 ****
make all 
make: No se hace nada para «all».
18:48:27 **** Incremental Build of configuration Debug for project Ejercicio4.1 ****
make all 
make: No se hace nada para «all».
18:48:27 **** Incremental Build of configuration Debug for project Ejercicio4.2 ****
make all 
make: No se hace nada para «all».
18:48:28 **** Incremental Build of configuration Debug for project Ejercicio5.1 ****
make all 
make: No se hace nada para «all».
18:48:28 **** Incremental Build of configuration Debug for project Ejercicio5.2 ****
make all 
make: No se hace nada para «all».
18:48:29 **** Incremental Build of configuration Debug for project Lib_API_CAPI ****
make all 
make: No se hace nada para «all».
18:48:29 **** Incremental Build of configuration Debug for project Lib_Contenedores ****
make all 
make: No se hace nada para «all».
18:48:29 **** Incremental Build of configuration Debug_LPC176x for project Lib_FreeRTOS_7p0p1 ****
make all 
make: No se hace nada para «all».
18:48:30 **** Incremental Build of configuration Debug for project Lib_LCD_Texto ****
make all 
make: No se hace nada para «all».
18:48:30 **** Incremental Build of configuration Debug for project Lib_MCU_LPC176x ****
make all 
make: No se hace nada para «all».
18:48:31 **** Incremental Build of configuration Debug for project Template1 ****
make all 
Building file: ../src/main.c
Invoking: MCU C Compiler
arm-none-eabi-gcc -D__REDLIB__ -DDEBUG -D__CODE_RED -D__USE_CMSIS=CMSISv2p00_LPC17xx -I"/home/carlos/workspace fiuba/wsRTO/CMSISv2p00_LPC17xx/inc" -I"/home/carlos/workspace fiuba/wsRTO/Lib_FreeRTOS_7p0p1/demo_code" -I"/home/carlos/workspace fiuba/wsRTO/Lib_API_CAPI/inc" -I"/home/carlos/workspace fiuba/wsRTO/Lib_Contenedores/inc" -I"/home/carlos/workspace fiuba/wsRTO/Lib_MCU_LPC176x/inc" -I"/home/carlos/workspace fiuba/wsRTO/Lib_FreeRTOS_7p0p1/FreeRTOS_include" -I"/home/carlos/workspace fiuba/wsRTO/Lib_FreeRTOS_7p0p1/FreeRTOS_portable" -O0 -g3 -Wall -c -fmessage-length=0 -fno-builtin -ffunction-sections -fdata-sections -mcpu=cortex-m3 -mthumb -D__REDLIB__ -specs=redlib.specs -MMD -MP -MF"src/main.d" -MT"src/main.d" -o "src/main.o" "../src/main.c"
In file included from /home/carlos/workspace fiuba/wsRTO/Lib_FreeRTOS_7p0p1/FreeRTOS_include/trace.h:14:0,
                 from /home/carlos/workspace fiuba/wsRTO/Lib_FreeRTOS_7p0p1/FreeRTOS_include/FreeRTOS.h:79,
                 from ../src/main.c:26:
../src/main.c: In function 'main':
../src/main.c:73:5: error: 'queue' undeclared (first use in this function)
    &queue,
     ^
/home/carlos/workspace fiuba/wsRTO/Lib_FreeRTOS_7p0p1/FreeRTOS_include/task.h:276:166: note: in definition of macro 'xTaskCreate'
 #define xTaskCreate( pvTaskCode, pcName, usStackDepth, pvParameters, uxPriority, pxCreatedTask ) xTaskGenericCreate( ( pvTaskCode ), ( pcName ), ( usStackDepth ), ( pvParameters ), ( uxPriority ), ( pxCreatedTask ), ( NULL ), ( NULL ) )
                                                                                                                                                                      ^
../src/main.c:73:5: note: each undeclared identifier is reported only once for each function it appears in
    &queue,
     ^
/home/carlos/workspace fiuba/wsRTO/Lib_FreeRTOS_7p0p1/FreeRTOS_include/task.h:276:166: note: in definition of macro 'xTaskCreate'
 #define xTaskCreate( pvTaskCode, pcName, usStackDepth, pvParameters, uxPriority, pxCreatedTask ) xTaskGenericCreate( ( pvTaskCode ), ( pcName ), ( usStackDepth ), ( pvParameters ), ( uxPriority ), ( pxCreatedTask ), ( NULL ), ( NULL ) )
                                                                                                                                                                      ^
make: *** [src/main.o] Error 1
18:48:41 **** Incremental Build of configuration Debug for project CMSISv2p00_LPC17xx ****
make all 
make: No se hace nada para «all».
18:48:41 **** Incremental Build of configuration Debug for project Ejercicio 3.2 ****
make all 
make: No se hace nada para «all».
18:48:41 **** Incremental Build of configuration Debug for project Ejercicio2.1 ****
make all 
make: No se hace nada para «all».
18:48:42 **** Incremental Build of configuration Debug for project Ejercicio4.1 ****
make all 
make: No se hace nada para «all».
18:48:42 **** Incremental Build of configuration Debug for project Ejercicio4.2 ****
make all 
make: No se hace nada para «all».
18:48:43 **** Incremental Build of configuration Debug for project Ejercicio5.1 ****
make all 
make: No se hace nada para «all».
18:48:43 **** Incremental Build of configuration Debug for project Ejercicio5.2 ****
make all 
make: No se hace nada para «all».
18:48:44 **** Incremental Build of configuration Debug for project Lib_API_CAPI ****
make all 
make: No se hace nada para «all».
18:48:44 **** Incremental Build of configuration Debug for project Lib_Contenedores ****
make all 
make: No se hace nada para «all».
18:48:44 **** Incremental Build of configuration Debug_LPC176x for project Lib_FreeRTOS_7p0p1 ****
make all 
make: No se hace nada para «all».
18:48:45 **** Incremental Build of configuration Debug for project Lib_LCD_Texto ****
make all 
make: No se hace nada para «all».
18:48:45 **** Incremental Build of configuration Debug for project Lib_MCU_LPC176x ****
make all 
make: No se hace nada para «all».
18:48:46 **** Incremental Build of configuration Debug for project Template1 ****
make all 
Building file: ../src/main.c
Invoking: MCU C Compiler
arm-none-eabi-gcc -D__REDLIB__ -DDEBUG -D__CODE_RED -D__USE_CMSIS=CMSISv2p00_LPC17xx -I"/home/carlos/workspace fiuba/wsRTO/CMSISv2p00_LPC17xx/inc" -I"/home/carlos/workspace fiuba/wsRTO/Lib_FreeRTOS_7p0p1/demo_code" -I"/home/carlos/workspace fiuba/wsRTO/Lib_API_CAPI/inc" -I"/home/carlos/workspace fiuba/wsRTO/Lib_Contenedores/inc" -I"/home/carlos/workspace fiuba/wsRTO/Lib_MCU_LPC176x/inc" -I"/home/carlos/workspace fiuba/wsRTO/Lib_FreeRTOS_7p0p1/FreeRTOS_include" -I"/home/carlos/workspace fiuba/wsRTO/Lib_FreeRTOS_7p0p1/FreeRTOS_portable" -O0 -g3 -Wall -c -fmessage-length=0 -fno-builtin -ffunction-sections -fdata-sections -mcpu=cortex-m3 -mthumb -D__REDLIB__ -specs=redlib.specs -MMD -MP -MF"src/main.d" -MT"src/main.d" -o "src/main.o" "../src/main.c"
Finished building: ../src/main.c
 
Building target: Template1.axf
Invoking: MCU Linker
arm-none-eabi-gcc -nostdlib -L"/home/carlos/workspace fiuba/wsRTO/Lib_FreeRTOS_7p0p1/Debug_LPC176x" -L"/home/carlos/workspace fiuba/wsRTO/CMSISv2p00_LPC17xx/Debug" -L"/home/carlos/workspace fiuba/wsRTO/Lib_API_CAPI/Debug" -L"/home/carlos/workspace fiuba/wsRTO/Lib_Contenedores/Debug" -L"/home/carlos/workspace fiuba/wsRTO/Lib_MCU_LPC176x/Debug" -Xlinker -Map="Template1.map" -Xlinker --gc-sections -mcpu=cortex-m3 -mthumb -T "Ejercicio2_1_Debug.ld" -o "Template1.axf"  ./src/cr_startup_lpc17.o ./src/main.o   -lLib_FreeRTOS_7p0p1 -lCMSISv2p00_LPC17xx -lLib_API_CAPI -lLib_Contenedores -lLib_MCU_LPC176x
Finished building target: Template1.axf
 
make --no-print-directory post-build
Performing post-build steps
arm-none-eabi-size "Template1.axf"; # arm-none-eabi-objcopy -O binary "Template1.axf" "Template1.bin" ; checksum -p LPC1769 -d "Template1.bin";
   text	   data	    bss	    dec	    hex	filename
   6732	     16	  18948	  25696	   6460	Template1.axf
 
18:49:44 **** Incremental Build of configuration Debug for project CMSISv2p00_LPC17xx ****
make all 
make: No se hace nada para «all».
18:49:45 **** Incremental Build of configuration Debug for project Template1 ****
make all 
make: No se hace nada para «all».
18:51:00 **** Incremental Build of configuration Debug for project CMSISv2p00_LPC17xx ****
make all 
make: No se hace nada para «all».
18:51:00 **** Incremental Build of configuration Debug for project Template1 ****
make all 
Building file: ../src/main.c
Invoking: MCU C Compiler
arm-none-eabi-gcc -D__REDLIB__ -DDEBUG -D__CODE_RED -D__USE_CMSIS=CMSISv2p00_LPC17xx -I"/home/carlos/workspace fiuba/wsRTO/CMSISv2p00_LPC17xx/inc" -I"/home/carlos/workspace fiuba/wsRTO/Lib_FreeRTOS_7p0p1/demo_code" -I"/home/carlos/workspace fiuba/wsRTO/Lib_API_CAPI/inc" -I"/home/carlos/workspace fiuba/wsRTO/Lib_Contenedores/inc" -I"/home/carlos/workspace fiuba/wsRTO/Lib_MCU_LPC176x/inc" -I"/home/carlos/workspace fiuba/wsRTO/Lib_FreeRTOS_7p0p1/FreeRTOS_include" -I"/home/carlos/workspace fiuba/wsRTO/Lib_FreeRTOS_7p0p1/FreeRTOS_portable" -O0 -g3 -Wall -c -fmessage-length=0 -fno-builtin -ffunction-sections -fdata-sections -mcpu=cortex-m3 -mthumb -D__REDLIB__ -specs=redlib.specs -MMD -MP -MF"src/main.d" -MT"src/main.d" -o "src/main.o" "../src/main.c"
Finished building: ../src/main.c
 
Building target: Template1.axf
Invoking: MCU Linker
arm-none-eabi-gcc -nostdlib -L"/home/carlos/workspace fiuba/wsRTO/Lib_FreeRTOS_7p0p1/Debug_LPC176x" -L"/home/carlos/workspace fiuba/wsRTO/CMSISv2p00_LPC17xx/Debug" -L"/home/carlos/workspace fiuba/wsRTO/Lib_API_CAPI/Debug" -L"/home/carlos/workspace fiuba/wsRTO/Lib_Contenedores/Debug" -L"/home/carlos/workspace fiuba/wsRTO/Lib_MCU_LPC176x/Debug" -Xlinker -Map="Template1.map" -Xlinker --gc-sections -mcpu=cortex-m3 -mthumb -T "Ejercicio2_1_Debug.ld" -o "Template1.axf"  ./src/cr_startup_lpc17.o ./src/main.o   -lLib_FreeRTOS_7p0p1 -lCMSISv2p00_LPC17xx -lLib_API_CAPI -lLib_Contenedores -lLib_MCU_LPC176x
Finished building target: Template1.axf
 
make --no-print-directory post-build
Performing post-build steps
arm-none-eabi-size "Template1.axf"; # arm-none-eabi-objcopy -O binary "Template1.axf" "Template1.bin" ; checksum -p LPC1769 -d "Template1.bin";
   text	   data	    bss	    dec	    hex	filename
   6744	     16	  18948	  25708	   646c	Template1.axf
 
