18:51:00 **** Incremental Build of configuration Debug for project Template1 ****
make all 
Building file: ../src/main.c
Invoking: MCU C Compiler
arm-none-eabi-gcc -D__REDLIB__ -DDEBUG -D__CODE_RED -D__USE_CMSIS=CMSISv2p00_LPC17xx -I"/home/carlos/workspace fiuba/wsRTO/CMSISv2p00_LPC17xx/inc" -I"/home/carlos/workspace fiuba/wsRTO/Lib_FreeRTOS_7p0p1/demo_code" -I"/home/carlos/workspace fiuba/wsRTO/Lib_API_CAPI/inc" -I"/home/carlos/workspace fiuba/wsRTO/Lib_Contenedores/inc" -I"/home/carlos/workspace fiuba/wsRTO/Lib_MCU_LPC176x/inc" -I"/home/carlos/workspace fiuba/wsRTO/Lib_FreeRTOS_7p0p1/FreeRTOS_include" -I"/home/carlos/workspace fiuba/wsRTO/Lib_FreeRTOS_7p0p1/FreeRTOS_portable" -O0 -g3 -Wall -c -fmessage-length=0 -fno-builtin -ffunction-sections -fdata-sections -mcpu=cortex-m3 -mthumb -D__REDLIB__ -specs=redlib.specs -MMD -MP -MF"src/main.d" -MT"src/main.d" -o "src/main.o" "../src/main.c"
Finished building: ../src/main.c
 
Building target: Template1.axf
Invoking: MCU Linker
arm-none-eabi-gcc -nostdlib -L"/home/carlos/workspace fiuba/wsRTO/Lib_FreeRTOS_7p0p1/Debug_LPC176x" -L"/home/carlos/workspace fiuba/wsRTO/CMSISv2p00_LPC17xx/Debug" -L"/home/carlos/workspace fiuba/wsRTO/Lib_API_CAPI/Debug" -L"/home/carlos/workspace fiuba/wsRTO/Lib_Contenedores/Debug" -L"/home/carlos/workspace fiuba/wsRTO/Lib_MCU_LPC176x/Debug" -Xlinker -Map="Template1.map" -Xlinker --gc-sections -mcpu=cortex-m3 -mthumb -T "Ejercicio2_1_Debug.ld" -o "Template1.axf"  ./src/cr_startup_lpc17.o ./src/main.o   -lLib_FreeRTOS_7p0p1 -lCMSISv2p00_LPC17xx -lLib_API_CAPI -lLib_Contenedores -lLib_MCU_LPC176x
Finished building target: Template1.axf
 
make --no-print-directory post-build
Performing post-build steps
arm-none-eabi-size "Template1.axf"; # arm-none-eabi-objcopy -O binary "Template1.axf" "Template1.bin" ; checksum -p LPC1769 -d "Template1.bin";
   text	   data	    bss	    dec	    hex	filename
   6744	     16	  18948	  25708	   646c	Template1.axf
 

18:51:00 Build Finished (took 260ms)

