Archive member included because of file (symbol)

C:\wsRTO\Lib_FreeRTOS_7p0p1\Debug_LPC176x\libLib_FreeRTOS_7p0p1.a(queue.o)
                              ./src/main.o (xQueueCreate)
C:\wsRTO\Lib_FreeRTOS_7p0p1\Debug_LPC176x\libLib_FreeRTOS_7p0p1.a(tasks.o)
                              ./src/main.o (xTaskGenericCreate)
C:\wsRTO\Lib_FreeRTOS_7p0p1\Debug_LPC176x\libLib_FreeRTOS_7p0p1.a(trace.o)
                              C:\wsRTO\Lib_FreeRTOS_7p0p1\Debug_LPC176x\libLib_FreeRTOS_7p0p1.a(tasks.o) (vTraceEvtTaskCreated)
C:\wsRTO\Lib_FreeRTOS_7p0p1\Debug_LPC176x\libLib_FreeRTOS_7p0p1.a(heap_2.o)
                              C:\wsRTO\Lib_FreeRTOS_7p0p1\Debug_LPC176x\libLib_FreeRTOS_7p0p1.a(queue.o) (pvPortMalloc)
C:\wsRTO\Lib_FreeRTOS_7p0p1\Debug_LPC176x\libLib_FreeRTOS_7p0p1.a(port.o)
                              C:\wsRTO\Lib_FreeRTOS_7p0p1\Debug_LPC176x\libLib_FreeRTOS_7p0p1.a(tasks.o) (pxPortInitialiseStack)
C:\wsRTO\Lib_FreeRTOS_7p0p1\Debug_LPC176x\libLib_FreeRTOS_7p0p1.a(list.o)
                              C:\wsRTO\Lib_FreeRTOS_7p0p1\Debug_LPC176x\libLib_FreeRTOS_7p0p1.a(queue.o) (vListInitialise)
C:\wsRTO\CMSISv2p00_LPC17xx\Debug\libCMSISv2p00_LPC17xx.a(system_LPC17xx.o)
                              ./src/cr_startup_lpc17.o (SystemInit)
C:\wsRTO\Lib_API_CAPI\Debug\libLib_API_CAPI.a(GPIO.o)
                              ./src/main.o (Activar)
C:\wsRTO\Lib_API_CAPI\Debug\libLib_API_CAPI.a(UART.o)
                              C:\wsRTO\Lib_FreeRTOS_7p0p1\Debug_LPC176x\libLib_FreeRTOS_7p0p1.a(trace.o) (UARTputs)
C:\wsRTO\Lib_Contenedores\Debug\libLib_Contenedores.a(ColaCircular.o)
                              C:\wsRTO\Lib_API_CAPI\Debug\libLib_API_CAPI.a(UART.o) (ColaDisponible)
C:\wsRTO\Lib_MCU_LPC176x\Debug\libLib_MCU_LPC176x.a(lpc_17xx_GPIO.o)
                              C:\wsRTO\Lib_API_CAPI\Debug\libLib_API_CAPI.a(GPIO.o) (Direccion)
C:\wsRTO\Lib_MCU_LPC176x\Debug\libLib_MCU_LPC176x.a(lpc_17xx_PIN.o)
                              C:\wsRTO\Lib_API_CAPI\Debug\libLib_API_CAPI.a(GPIO.o) (PIN_Init)
C:\wsRTO\Lib_MCU_LPC176x\Debug\libLib_MCU_LPC176x.a(lpc_17xx_UART.o)
                              C:\wsRTO\Lib_FreeRTOS_7p0p1\Debug_LPC176x\libLib_FreeRTOS_7p0p1.a(trace.o) (UARTInit)
C:\wsRTO\Lib_MCU_LPC176x\Debug\libLib_MCU_LPC176x.a(lpc17xx_gpio.o)
                              C:\wsRTO\Lib_MCU_LPC176x\Debug\libLib_MCU_LPC176x.a(lpc_17xx_GPIO.o) (GPIO_SetDir)
C:\wsRTO\Lib_MCU_LPC176x\Debug\libLib_MCU_LPC176x.a(lpc17xx_pinsel.o)
                              C:\wsRTO\Lib_MCU_LPC176x\Debug\libLib_MCU_LPC176x.a(lpc_17xx_PIN.o) (PINSEL_ConfigPin)
C:\wsRTO\Lib_MCU_LPC176x\Debug\libLib_MCU_LPC176x.a(lpc17xx_uart.o)
                              C:\wsRTO\Lib_MCU_LPC176x\Debug\libLib_MCU_LPC176x.a(lpc_17xx_UART.o) (UART_Init)
C:\wsRTO\Lib_MCU_LPC176x\Debug\libLib_MCU_LPC176x.a(lpc_17xx_PERIF.o)
                              C:\wsRTO\Lib_MCU_LPC176x\Debug\libLib_MCU_LPC176x.a(lpc_17xx_UART.o) (PERIPH_Init)
C:\wsRTO\Lib_MCU_LPC176x\Debug\libLib_MCU_LPC176x.a(lpc17xx_clkpwr.o)
                              C:\wsRTO\Lib_MCU_LPC176x\Debug\libLib_MCU_LPC176x.a(lpc_17xx_PERIF.o) (CLKPWR_SetPCLKDiv)
C:\wsRTO\Lib_MCU_LPC176x\Debug\libLib_MCU_LPC176x.a(lpc17xx_libcfg_default.o)
                              C:\wsRTO\Lib_MCU_LPC176x\Debug\libLib_MCU_LPC176x.a(lpc17xx_uart.o) (check_failed)
c:/nxp/lpcxpresso_7.2.0_153/lpcxpresso/tools/bin/../lib/gcc/arm-none-eabi/4.8.3/../../../../arm-none-eabi/lib/armv7-m\libcr_semihost.a(_cr__main.o)
                              ./src/cr_startup_lpc17.o (__main)
c:/nxp/lpcxpresso_7.2.0_153/lpcxpresso/tools/bin/../lib/gcc/arm-none-eabi/4.8.3/../../../../arm-none-eabi/lib/armv7-m\libcr_c.a(memcpy.o)
                              C:\wsRTO\Lib_FreeRTOS_7p0p1\Debug_LPC176x\libLib_FreeRTOS_7p0p1.a(queue.o) (memcpy)
c:/nxp/lpcxpresso_7.2.0_153/lpcxpresso/tools/bin/../lib/gcc/arm-none-eabi/4.8.3/../../../../arm-none-eabi/lib/armv7-m\libcr_c.a(memset.o)
                              C:\wsRTO\Lib_FreeRTOS_7p0p1\Debug_LPC176x\libLib_FreeRTOS_7p0p1.a(tasks.o) (memset)
c:/nxp/lpcxpresso_7.2.0_153/lpcxpresso/tools/bin/../lib/gcc/arm-none-eabi/4.8.3/../../../../arm-none-eabi/lib/armv7-m\libcr_c.a(fpprintf.o)
                              C:\wsRTO\Lib_FreeRTOS_7p0p1\Debug_LPC176x\libLib_FreeRTOS_7p0p1.a(tasks.o) (sprintf)
c:/nxp/lpcxpresso_7.2.0_153/lpcxpresso/tools/bin/../lib/gcc/arm-none-eabi/4.8.3/../../../../arm-none-eabi/lib/armv7-m\libcr_c.a(initio.o)
                              c:/nxp/lpcxpresso_7.2.0_153/lpcxpresso/tools/bin/../lib/gcc/arm-none-eabi/4.8.3/../../../../arm-none-eabi/lib/armv7-m\libcr_semihost.a(_cr__main.o) (_initio)
c:/nxp/lpcxpresso_7.2.0_153/lpcxpresso/tools/bin/../lib/gcc/arm-none-eabi/4.8.3/../../../../arm-none-eabi/lib/armv7-m\libcr_c.a(printf.o)
[...]
Memory Configuration

Name             Origin             Length             Attributes
MFlash512        0x00000000         0x00080000         xr
RamLoc32         0x10000000         0x00008000         xrw
RamAHB32         0x2007c000         0x00008000         xrw
*default*        0x00000000         0xffffffff

Linker script and memory map

LOAD ./src/cr_startup_lpc17.o
LOAD ./src/main.o
LOAD C:\wsRTO\Lib_FreeRTOS_7p0p1\Debug_LPC176x\libLib_FreeRTOS_7p0p1.a
LOAD C:\wsRTO\CMSISv2p00_LPC17xx\Debug\libCMSISv2p00_LPC17xx.a
LOAD C:\wsRTO\Lib_API_CAPI\Debug\libLib_API_CAPI.a
LOAD C:\wsRTO\Lib_Contenedores\Debug\libLib_Contenedores.a
LOAD C:\wsRTO\Lib_MCU_LPC176x\Debug\libLib_MCU_LPC176x.a
START GROUP
LOAD c:/nxp/lpcxpresso_7.2.0_153/lpcxpresso/tools/bin/../lib/gcc/arm-none-eabi/4.8.3/../../../../arm-none-eabi/lib/armv7-m\libcr_semihost.a
LOAD c:/nxp/lpcxpresso_7.2.0_153/lpcxpresso/tools/bin/../lib/gcc/arm-none-eabi/4.8.3/../../../../arm-none-eabi/lib/armv7-m\libcr_c.a
LOAD c:/nxp/lpcxpresso_7.2.0_153/lpcxpresso/tools/bin/../lib/gcc/arm-none-eabi/4.8.3/armv7-m\libcr_eabihelpers.a
END GROUP
                0x00080000                __top_MFlash512 = 0x80000
                0x10008000                __top_RamLoc32 = 0x10008000
                0x20084000                __top_RamAHB32 = 0x20084000

.text           0x00000000     0x2164
 FILL mask 0xff
                0x00000000                __vectors_start__ = ABSOLUTE (.)
 *(.isr_vector)
 .isr_vector    0x00000000       0xcc ./src/cr_startup_lpc17.o
                0x00000000                g_pfnVectors
                0x000000cc                . = ALIGN (0x4)
                0x000000cc                __section_table_start = .
                0x000000cc                __data_section_table = .
                0x000000cc        0x4 LONG 0x2164 LOADADDR (.data)
                0x000000d0        0x4 LONG 0x10000000 ADDR (.data)
                0x000000d4        0x4 LONG 0x14 SIZEOF (.data)
                0x000000d8        0x4 LONG 0x2164 LOADADDR (.data_RAM2)
                0x000000dc        0x4 LONG 0x2007c000 ADDR (.data_RAM2)
                0x000000e0        0x4 LONG 0x0 SIZEOF (.data_RAM2)
                0x000000e4                __data_section_table_end = .
                0x000000e4                __bss_section_table = .
                0x000000e4        0x4 LONG 0x10000018 ADDR (.bss)
                0x000000e8        0x4 LONG 0x4a3c SIZEOF (.bss)
                0x000000ec        0x4 LONG 0x2007c000 ADDR (.bss_RAM2)
                0x000000f0        0x4 LONG 0x0 SIZEOF (.bss_RAM2)
                0x000000f4                __bss_section_table_end = .
                0x000000f4                __section_table_end = .
 *(.after_vectors*)
 *(.text*)
 .text.ResetISR
                0x000000f4       0x5c ./src/cr_startup_lpc17.o
                0x000000f4                ResetISR
 .text.NMI_Handler
                0x00000150        0x8 ./src/cr_startup_lpc17.o
                0x00000150                NMI_Handler
 .text.HardFault_Handler
                0x00000158        0x8 ./src/cr_startup_lpc17.o
                0x00000158                HardFault_Handler
 .text.MemManage_Handler
                0x00000160        0x8 ./src/cr_startup_lpc17.o
                0x00000160                MemManage_Handler
 .text.BusFault_Handler
                0x00000168        0x8 ./src/cr_startup_lpc17.o
                0x00000168                BusFault_Handler
 .text.UsageFault_Handler
                0x00000170        0x8 ./src/cr_startup_lpc17.o
                0x00000170                UsageFault_Handler
 .text.DebugMon_Handler
                0x00000178        0x8 ./src/cr_startup_lpc17.o
                0x00000178                DebugMon_Handler
 .text.IntDefaultHandler
                0x00000180        0x8 ./src/cr_startup_lpc17.o
                0x00000180                TIMER2_IRQHandler
                0x00000180                RIT_IRQHandler
                0x00000180                I2C0_IRQHandler
                0x00000180                USBActivity_IRQHandler
                0x00000180                PWM1_IRQHandler
                0x00000180                I2C1_IRQHandler
                0x00000180                EINT2_IRQHandler
                0x00000180                EINT3_IRQHandler
                0x00000180                CANActivity_IRQHandler
                0x00000180                TIMER3_IRQHandler
                0x00000180                IntDefaultHandler
                0x00000180                PLL0_IRQHandler
                0x00000180                CAN_IRQHandler
                0x00000180                PLL1_IRQHandler
                0x00000180                SSP0_IRQHandler
                0x00000180                I2S_IRQHandler
                0x00000180                I2C2_IRQHandler
                0x00000180                RTC_IRQHandler
                0x00000180                TIMER0_IRQHandler
                0x00000180                SPI_IRQHandler
                0x00000180                EINT1_IRQHandler
                0x00000180                TIMER1_IRQHandler
                0x00000180                ADC_IRQHandler
                0x00000180                SSP1_IRQHandler
                0x00000180                USB_IRQHandler
                0x00000180                BOD_IRQHandler
                0x00000180                WDT_IRQHandler
                0x00000180                QEI_IRQHandler
                0x00000180                EINT0_IRQHandler
                0x00000180                DMA_IRQHandler
                0x00000180                MCPWM_IRQHandler
                0x00000180                ENET_IRQHandler
 .text.setupHardware
                0x00000188       0x48 ./src/main.o
 .text.taskLed  0x000001d0       0x54 ./src/main.o
                0x000001d0                taskLed
 .text.taskPulsador
                0x00000224       0x98 ./src/main.o
                0x00000224                taskPulsador
 .text.main     0x000002bc       0x88 ./src/main.o
                0x000002bc                main
 .text.vApplicationTickHook
                0x00000344       0x1c ./src/main.o
                0x00000344                vApplicationTickHook
 .text.vApplicationIdleHook
                0x00000360       0x10 ./src/main.o
                0x00000360                vApplicationIdleHook
 .text.prvIsQueueFull
                0x00000370       0x1c C:\wsRTO\Lib_FreeRTOS_7p0p1\Debug_LPC176x\libLib_FreeRTOS_7p0p1.a(queue.o)
 .text.prvIsQueueEmpty
                0x0000038c       0x1c C:\wsRTO\Lib_FreeRTOS_7p0p1\Debug_LPC176x\libLib_FreeRTOS_7p0p1.a(queue.o)
 .text.prvCopyDataToQueue
                0x000003a8       0x5c C:\wsRTO\Lib_FreeRTOS_7p0p1\Debug_LPC176x\libLib_FreeRTOS_7p0p1.a(queue.o)
 .text.prvCopyDataFromQueue
                0x00000404       0x24 C:\wsRTO\Lib_FreeRTOS_7p0p1\Debug_LPC176x\libLib_FreeRTOS_7p0p1.a(queue.o)
 .text.prvUnlockQueue
                0x00000428       0x68 C:\wsRTO\Lib_FreeRTOS_7p0p1\Debug_LPC176x\libLib_FreeRTOS_7p0p1.a(queue.o)
 .text.xQueueCreate
                0x00000490       0x60 C:\wsRTO\Lib_FreeRTOS_7p0p1\Debug_LPC176x\libLib_FreeRTOS_7p0p1.a(queue.o)
                0x00000490                xQueueCreate
 .text.xQueueGenericSend
                0x000004f0       0xd0 C:\wsRTO\Lib_FreeRTOS_7p0p1\Debug_LPC176x\libLib_FreeRTOS_7p0p1.a(queue.o)
                0x000004f0                xQueueGenericSend
 .text.xQueueGenericReceive
                0x000005c0      0x108 C:\wsRTO\Lib_FreeRTOS_7p0p1\Debug_LPC176x\libLib_FreeRTOS_7p0p1.a(queue.o)
                0x000005c0                xQueueGenericReceive
 .text.usTaskCheckFreeStackSpace
                0x000006c8       0x14 C:\wsRTO\Lib_FreeRTOS_7p0p1\Debug_LPC176x\libLib_FreeRTOS_7p0p1.a(tasks.o)
 .text.prvDeleteTCB
                0x000006dc       0x14 C:\wsRTO\Lib_FreeRTOS_7p0p1\Debug_LPC176x\libLib_FreeRTOS_7p0p1.a(tasks.o)
 .text.prvAllocateTCBAndStack
                0x000006f0       0x38 C:\wsRTO\Lib_FreeRTOS_7p0p1\Debug_LPC176x\libLib_FreeRTOS_7p0p1.a(tasks.o)
 .text.prvInitialiseTCBVariables
                0x00000728       0x38 C:\wsRTO\Lib_FreeRTOS_7p0p1\Debug_LPC176x\libLib_FreeRTOS_7p0p1.a(tasks.o)
 .text.prvInitialiseTaskLists
                0x00000760       0x68 C:\wsRTO\Lib_FreeRTOS_7p0p1\Debug_LPC176x\libLib_FreeRTOS_7p0p1.a(tasks.o)
 .text.prvAddCurrentTaskToDelayedList
                0x000007c8       0x54 C:\wsRTO\Lib_FreeRTOS_7p0p1\Debug_LPC176x\libLib_FreeRTOS_7p0p1.a(tasks.o)
 .text.xTaskGenericCreate
                0x0000081c      0x110 C:\wsRTO\Lib_FreeRTOS_7p0p1\Debug_LPC176x\libLib_FreeRTOS_7p0p1.a(tasks.o)
                0x0000081c                xTaskGenericCreate
 .text.vTaskStartScheduler
                0x0000092c       0x4c C:\wsRTO\Lib_FreeRTOS_7p0p1\Debug_LPC176x\libLib_FreeRTOS_7p0p1.a(tasks.o)
                0x0000092c                vTaskStartScheduler
 .text.vTaskSuspendAll
                0x00000978       0x10 C:\wsRTO\Lib_FreeRTOS_7p0p1\Debug_LPC176x\libLib_FreeRTOS_7p0p1.a(tasks.o)
                0x00000978                vTaskSuspendAll
 .text.xTaskGetTickCount
                0x00000988       0x18 C:\wsRTO\Lib_FreeRTOS_7p0p1\Debug_LPC176x\libLib_FreeRTOS_7p0p1.a(tasks.o)
                0x00000988                xTaskGetTickCount
 .text.vTaskIncrementTick
                0x000009a0       0xfc C:\wsRTO\Lib_FreeRTOS_7p0p1\Debug_LPC176x\libLib_FreeRTOS_7p0p1.a(tasks.o)
                0x000009a0                vTaskIncrementTick
 .text.xTaskResumeAll
                0x00000a9c       0xdc C:\wsRTO\Lib_FreeRTOS_7p0p1\Debug_LPC176x\libLib_FreeRTOS_7p0p1.a(tasks.o)
                0x00000a9c                xTaskResumeAll
 .text.vTaskDelay
                0x00000b78       0x38 C:\wsRTO\Lib_FreeRTOS_7p0p1\Debug_LPC176x\libLib_FreeRTOS_7p0p1.a(tasks.o)
                0x00000b78                vTaskDelay
 .text.prvCheckTasksWaitingTermination
                0x00000bb0       0x50 C:\wsRTO\Lib_FreeRTOS_7p0p1\Debug_LPC176x\libLib_FreeRTOS_7p0p1.a(tasks.o)
 .text.prvIdleTask
                0x00000c00        0xc C:\wsRTO\Lib_FreeRTOS_7p0p1\Debug_LPC176x\libLib_FreeRTOS_7p0p1.a(tasks.o)
 .text.vTaskSwitchContext
                0x00000c0c       0xe0 C:\wsRTO\Lib_FreeRTOS_7p0p1\Debug_LPC176x\libLib_FreeRTOS_7p0p1.a(tasks.o)
                0x00000c0c                vTaskSwitchContext
 .text.vTaskPlaceOnEventList
                0x00000cec       0x40 C:\wsRTO\Lib_FreeRTOS_7p0p1\Debug_LPC176x\libLib_FreeRTOS_7p0p1.a(tasks.o)
                0x00000cec                vTaskPlaceOnEventList
 .text.xTaskRemoveFromEventList
                0x00000d2c       0x6c C:\wsRTO\Lib_FreeRTOS_7p0p1\Debug_LPC176x\libLib_FreeRTOS_7p0p1.a(tasks.o)
                0x00000d2c                xTaskRemoveFromEventList
 .text.vTaskSetTimeOutState
                0x00000d98       0x18 C:\wsRTO\Lib_FreeRTOS_7p0p1\Debug_LPC176x\libLib_FreeRTOS_7p0p1.a(tasks.o)
                0x00000d98                vTaskSetTimeOutState
 .text.xTaskCheckForTimeOut
                0x00000db0       0x60 C:\wsRTO\Lib_FreeRTOS_7p0p1\Debug_LPC176x\libLib_FreeRTOS_7p0p1.a(tasks.o)
                0x00000db0                xTaskCheckForTimeOut
 .text.vTaskMissedYield
                0x00000e10        0xc C:\wsRTO\Lib_FreeRTOS_7p0p1\Debug_LPC176x\libLib_FreeRTOS_7p0p1.a(tasks.o)
                0x00000e10                vTaskMissedYield
 .text.uxTaskGetStackHighWaterMark
                0x00000e1c       0x18 C:\wsRTO\Lib_FreeRTOS_7p0p1\Debug_LPC176x\libLib_FreeRTOS_7p0p1.a(tasks.o)
                0x00000e1c                uxTaskGetStackHighWaterMark
 .text.xTaskGetCurrentTaskHandle
                0x00000e34        0xc C:\wsRTO\Lib_FreeRTOS_7p0p1\Debug_LPC176x\libLib_FreeRTOS_7p0p1.a(tasks.o)
                0x00000e34                xTaskGetCurrentTaskHandle
 .text.vTaskPriorityInherit
                0x00000e40       0x70 C:\wsRTO\Lib_FreeRTOS_7p0p1\Debug_LPC176x\libLib_FreeRTOS_7p0p1.a(tasks.o)
                0x00000e40                vTaskPriorityInherit
 .text.vTaskPriorityDisinherit
                0x00000eb0       0x48 C:\wsRTO\Lib_FreeRTOS_7p0p1\Debug_LPC176x\libLib_FreeRTOS_7p0p1.a(tasks.o)
                0x00000eb0                vTaskPriorityDisinherit
 .text.vMemCopy_N_Bytes
                0x00000ef8       0x14 C:\wsRTO\Lib_FreeRTOS_7p0p1\Debug_LPC176x\libLib_FreeRTOS_7p0p1.a(trace.o)
                0x00000ef8                vMemCopy_N_Bytes
 .text.bSendKernelPacketToUART
                0x00000f0c       0x58 C:\wsRTO\Lib_FreeRTOS_7p0p1\Debug_LPC176x\libLib_FreeRTOS_7p0p1.a(trace.o)
                0x00000f0c                bSendKernelPacketToUART
 .text.bSendTaskPacketToUART
                0x00000f64       0x50 C:\wsRTO\Lib_FreeRTOS_7p0p1\Debug_LPC176x\libLib_FreeRTOS_7p0p1.a(trace.o)
                0x00000f64                bSendTaskPacketToUART
 .text.vTraceEvtTaskCreated
                0x00000fb4       0x40 C:\wsRTO\Lib_FreeRTOS_7p0p1\Debug_LPC176x\libLib_FreeRTOS_7p0p1.a(trace.o)
                0x00000fb4                vTraceEvtTaskCreated
 .text.vTraceEvtTick
                0x00000ff4        0x4 C:\wsRTO\Lib_FreeRTOS_7p0p1\Debug_LPC176x\libLib_FreeRTOS_7p0p1.a(trace.o)
                0x00000ff4                vTraceEvtTick
 .text.vTraceEvtSwitchOut
                0x00000ff8       0x48 C:\wsRTO\Lib_FreeRTOS_7p0p1\Debug_LPC176x\libLib_FreeRTOS_7p0p1.a(trace.o)
                0x00000ff8                vTraceEvtSwitchOut
 .text.vTraceEvtSwitchIn
                0x00001040       0x4c C:\wsRTO\Lib_FreeRTOS_7p0p1\Debug_LPC176x\libLib_FreeRTOS_7p0p1.a(trace.o)
                0x00001040                vTraceEvtSwitchIn
 .text.pvPortMalloc
                0x0000108c       0xbc C:\wsRTO\Lib_FreeRTOS_7p0p1\Debug_LPC176x\libLib_FreeRTOS_7p0p1.a(heap_2.o)
                0x0000108c                pvPortMalloc
 .text.vPortFree
                0x00001148       0x40 C:\wsRTO\Lib_FreeRTOS_7p0p1\Debug_LPC176x\libLib_FreeRTOS_7p0p1.a(heap_2.o)
                0x00001148                vPortFree
 .text.prvSetupTimerInterrupt
                0x00001188       0x18 C:\wsRTO\Lib_FreeRTOS_7p0p1\Debug_LPC176x\libLib_FreeRTOS_7p0p1.a(port.o)
 .text.pxPortInitialiseStack
                0x000011a0       0x1c C:\wsRTO\Lib_FreeRTOS_7p0p1\Debug_LPC176x\libLib_FreeRTOS_7p0p1.a(port.o)
                0x000011a0                pxPortInitialiseStack
 .text.vPortSVCHandler
                0x000011bc       0x20 C:\wsRTO\Lib_FreeRTOS_7p0p1\Debug_LPC176x\libLib_FreeRTOS_7p0p1.a(port.o)
                0x000011bc                vPortSVCHandler
 .text.vPortStartFirstTask
                0x000011dc       0x14 C:\wsRTO\Lib_FreeRTOS_7p0p1\Debug_LPC176x\libLib_FreeRTOS_7p0p1.a(port.o)
                0x000011dc                vPortStartFirstTask
 .text.xPortStartScheduler
                0x000011f0       0x30 C:\wsRTO\Lib_FreeRTOS_7p0p1\Debug_LPC176x\libLib_FreeRTOS_7p0p1.a(port.o)
                0x000011f0                xPortStartScheduler
 .text.vPortYieldFromISR
                0x00001220       0x10 C:\wsRTO\Lib_FreeRTOS_7p0p1\Debug_LPC176x\libLib_FreeRTOS_7p0p1.a(port.o)
                0x00001220                vPortYieldFromISR
 .text.vPortEnterCritical
                0x00001230       0x18 C:\wsRTO\Lib_FreeRTOS_7p0p1\Debug_LPC176x\libLib_FreeRTOS_7p0p1.a(port.o)
                0x00001230                vPortEnterCritical
 .text.vPortExitCritical
                0x00001248       0x18 C:\wsRTO\Lib_FreeRTOS_7p0p1\Debug_LPC176x\libLib_FreeRTOS_7p0p1.a(port.o)
                0x00001248                vPortExitCritical
 .text.xPortPendSVHandler
                0x00001260       0x3c C:\wsRTO\Lib_FreeRTOS_7p0p1\Debug_LPC176x\libLib_FreeRTOS_7p0p1.a(port.o)
                0x00001260                xPortPendSVHandler
 .text.xPortSysTickHandler
                0x0000129c       0x24 C:\wsRTO\Lib_FreeRTOS_7p0p1\Debug_LPC176x\libLib_FreeRTOS_7p0p1.a(port.o)
                0x0000129c                xPortSysTickHandler
 .text.vListInitialise
                0x000012c0       0x18 C:\wsRTO\Lib_FreeRTOS_7p0p1\Debug_LPC176x\libLib_FreeRTOS_7p0p1.a(list.o)
                0x000012c0                vListInitialise
 .text.vListInitialiseItem
                0x000012d8        0x8 C:\wsRTO\Lib_FreeRTOS_7p0p1\Debug_LPC176x\libLib_FreeRTOS_7p0p1.a(list.o)
                0x000012d8                vListInitialiseItem
 .text.vListInsertEnd
                0x000012e0       0x1c C:\wsRTO\Lib_FreeRTOS_7p0p1\Debug_LPC176x\libLib_FreeRTOS_7p0p1.a(list.o)
                0x000012e0                vListInsertEnd
 .text.vListInsert
                0x000012fc       0x38 C:\wsRTO\Lib_FreeRTOS_7p0p1\Debug_LPC176x\libLib_FreeRTOS_7p0p1.a(list.o)
                0x000012fc                vListInsert
 .text.vListRemove
                0x00001334       0x24 C:\wsRTO\Lib_FreeRTOS_7p0p1\Debug_LPC176x\libLib_FreeRTOS_7p0p1.a(list.o)
                0x00001334                vListRemove
 .text.SystemInit
                0x00001358       0xe0 C:\wsRTO\CMSISv2p00_LPC17xx\Debug\libCMSISv2p00_LPC17xx.a(system_LPC17xx.o)
                0x00001358                SystemInit
 .text.Activar  0x00001438       0x18 C:\wsRTO\Lib_API_CAPI\Debug\libLib_API_CAPI.a(GPIO.o)
                0x00001438                Activar
 .text.Pasivar  0x00001450       0x18 C:\wsRTO\Lib_API_CAPI\Debug\libLib_API_CAPI.a(GPIO.o)
                0x00001450                Pasivar
 .text.GPIO_Init
                0x00001468       0x34 C:\wsRTO\Lib_API_CAPI\Debug\libLib_API_CAPI.a(GPIO.o)
                0x00001468                GPIO_Init
 .text.UARTputs
                0x0000149c       0x44 C:\wsRTO\Lib_API_CAPI\Debug\libLib_API_CAPI.a(UART.o)
                0x0000149c                UARTputs
 .text.ColaReponerPuntero
                0x000014e0       0x10 C:\wsRTO\Lib_Contenedores\Debug\libLib_Contenedores.a(ColaCircular.o)
 .text.ColaDisponible
                0x000014f0        0x8 C:\wsRTO\Lib_Contenedores\Debug\libLib_Contenedores.a(ColaCircular.o)
                0x000014f0                ColaDisponible
 .text.ColaLlena
                0x000014f8       0x10 C:\wsRTO\Lib_Contenedores\Debug\libLib_Contenedores.a(ColaCircular.o)
                0x000014f8                ColaLlena
 .text.ColaPoner
                0x00001508       0x30 C:\wsRTO\Lib_Contenedores\Debug\libLib_Contenedores.a(ColaCircular.o)
                0x00001508                ColaPoner
 .text.ColaVacia
                0x00001538        0xc C:\wsRTO\Lib_Contenedores\Debug\libLib_Contenedores.a(ColaCircular.o)
                0x00001538                ColaVacia
 .text.ColaSacar
                0x00001544       0x2c C:\wsRTO\Lib_Contenedores\Debug\libLib_Contenedores.a(ColaCircular.o)
                0x00001544                ColaSacar
 .text.Direccion
                0x00001570       0x18 C:\wsRTO\Lib_MCU_LPC176x\Debug\libLib_MCU_LPC176x.a(lpc_17xx_GPIO.o)
                0x00001570                Direccion
 .text.Set      0x00001588       0x10 C:\wsRTO\Lib_MCU_LPC176x\Debug\libLib_MCU_LPC176x.a(lpc_17xx_GPIO.o)
                0x00001588                Set
 .text.Clear    0x00001598       0x10 C:\wsRTO\Lib_MCU_LPC176x\Debug\libLib_MCU_LPC176x.a(lpc_17xx_GPIO.o)
                0x00001598                Clear
 .text.isActivo
                0x000015a8       0x20 C:\wsRTO\Lib_MCU_LPC176x\Debug\libLib_MCU_LPC176x.a(lpc_17xx_GPIO.o)
                0x000015a8                isActivo
 .text.PIN_Init
                0x000015c8       0x38 C:\wsRTO\Lib_MCU_LPC176x\Debug\libLib_MCU_LPC176x.a(lpc_17xx_PIN.o)
                0x000015c8                PIN_Init
 .text.getUartPtr
                0x00001600       0x34 C:\wsRTO\Lib_MCU_LPC176x\Debug\libLib_MCU_LPC176x.a(lpc_17xx_UART.o)
 .text.UARTputchar
                0x00001634       0x14 C:\wsRTO\Lib_MCU_LPC176x\Debug\libLib_MCU_LPC176x.a(lpc_17xx_UART.o)
                0x00001634                UARTputchar
 .text.UARTgetchar
                0x00001648        0xc C:\wsRTO\Lib_MCU_LPC176x\Debug\libLib_MCU_LPC176x.a(lpc_17xx_UART.o)
                0x00001648                UARTgetchar
 .text.UART_IntTransmision
                0x00001654       0x2c C:\wsRTO\Lib_MCU_LPC176x\Debug\libLib_MCU_LPC176x.a(lpc_17xx_UART.o)
                0x00001654                UART_IntTransmision
 .text.UART_IntRecepcion
                0x00001680       0x20 C:\wsRTO\Lib_MCU_LPC176x\Debug\libLib_MCU_LPC176x.a(lpc_17xx_UART.o)
                0x00001680                UART_IntRecepcion
 .text.UART_ISR
                0x000016a0       0x30 C:\wsRTO\Lib_MCU_LPC176x\Debug\libLib_MCU_LPC176x.a(lpc_17xx_UART.o)
 .text.UART0_IRQHandler
                0x000016d0       0x10 C:\wsRTO\Lib_MCU_LPC176x\Debug\libLib_MCU_LPC176x.a(lpc_17xx_UART.o)
                0x000016d0                UART0_IRQHandler
 .text.UART1_IRQHandler
                0x000016e0       0x10 C:\wsRTO\Lib_MCU_LPC176x\Debug\libLib_MCU_LPC176x.a(lpc_17xx_UART.o)
                0x000016e0                UART1_IRQHandler
 .text.UART2_IRQHandler
                0x000016f0       0x10 C:\wsRTO\Lib_MCU_LPC176x\Debug\libLib_MCU_LPC176x.a(lpc_17xx_UART.o)
                0x000016f0                UART2_IRQHandler
 .text.UART3_IRQHandler
                0x00001700       0x10 C:\wsRTO\Lib_MCU_LPC176x\Debug\libLib_MCU_LPC176x.a(lpc_17xx_UART.o)
                0x00001700                UART3_IRQHandler
 .text.GPIO_GetPointer
                0x00001710       0x3c C:\wsRTO\Lib_MCU_LPC176x\Debug\libLib_MCU_LPC176x.a(lpc17xx_gpio.o)
 .text.GPIO_SetDir
                0x0000174c       0x20 C:\wsRTO\Lib_MCU_LPC176x\Debug\libLib_MCU_LPC176x.a(lpc17xx_gpio.o)
                0x0000174c                GPIO_SetDir
 .text.GPIO_SetValue
                0x0000176c       0x10 C:\wsRTO\Lib_MCU_LPC176x\Debug\libLib_MCU_LPC176x.a(lpc17xx_gpio.o)
                0x0000176c                GPIO_SetValue
 .text.GPIO_ClearValue
                0x0000177c       0x10 C:\wsRTO\Lib_MCU_LPC176x\Debug\libLib_MCU_LPC176x.a(lpc17xx_gpio.o)
                0x0000177c                GPIO_ClearValue
 .text.GPIO_ReadValue
                0x0000178c       0x10 C:\wsRTO\Lib_MCU_LPC176x\Debug\libLib_MCU_LPC176x.a(lpc17xx_gpio.o)
                0x0000178c                GPIO_ReadValue
 .text.set_PinFunc
                0x0000179c       0x38 C:\wsRTO\Lib_MCU_LPC176x\Debug\libLib_MCU_LPC176x.a(lpc17xx_pinsel.o)
 .text.set_ResistorMode
                0x000017d4       0x34 C:\wsRTO\Lib_MCU_LPC176x\Debug\libLib_MCU_LPC176x.a(lpc17xx_pinsel.o)
 .text.set_OpenDrainMode
                0x00001808       0x30 C:\wsRTO\Lib_MCU_LPC176x\Debug\libLib_MCU_LPC176x.a(lpc17xx_pinsel.o)
 .text.PINSEL_ConfigPin
                0x00001838       0x24 C:\wsRTO\Lib_MCU_LPC176x\Debug\libLib_MCU_LPC176x.a(lpc17xx_pinsel.o)
                0x00001838                PINSEL_ConfigPin
 .text.UART_SendByte
                0x0000185c       0x3c C:\wsRTO\Lib_MCU_LPC176x\Debug\libLib_MCU_LPC176x.a(lpc17xx_uart.o)
                0x0000185c                UART_SendByte
 .text.UART_ReceiveByte
                0x00001898       0x3c C:\wsRTO\Lib_MCU_LPC176x\Debug\libLib_MCU_LPC176x.a(lpc17xx_uart.o)
                0x00001898                UART_ReceiveByte
 .text.UART_GetIntId
                0x000018d4       0x40 C:\wsRTO\Lib_MCU_LPC176x\Debug\libLib_MCU_LPC176x.a(lpc17xx_uart.o)
                0x000018d4                UART_GetIntId
 .text.check_failed
                0x00001914        0x4 C:\wsRTO\Lib_MCU_LPC176x\Debug\libLib_MCU_LPC176x.a(lpc17xx_libcfg_default.o)
                0x00001914                check_failed
 .text.__main   0x00001918       0x14 c:/nxp/lpcxpresso_7.2.0_153/lpcxpresso/tools/bin/../lib/gcc/arm-none-eabi/4.8.3/../../../../arm-none-eabi/lib/armv7-m\libcr_semihost.a(_cr__main.o)
                0x00001918                __CR_SEMIHOST
                0x00001918                __main
 .text.memcpy   0x0000192c        0x4 c:/nxp/lpcxpresso_7.2.0_153/lpcxpresso/tools/bin/../lib/gcc/arm-none-eabi/4.8.3/../../../../arm-none-eabi/lib/armv7-m\libcr_c.a(memcpy.o)
                0x0000192c                memcpy
 .text.memset   0x00001930        0x4 c:/nxp/lpcxpresso_7.2.0_153/lpcxpresso/tools/bin/../lib/gcc/arm-none-eabi/4.8.3/../../../../arm-none-eabi/lib/armv7-m\libcr_c.a(memset.o)
                0x00001930                memset
 .text._initio  0x00001934       0xa4 c:/nxp/lpcxpresso_7.2.0_153/lpcxpresso/tools/bin/../lib/gcc/arm-none-eabi/4.8.3/../../../../arm-none-eabi/lib/armv7-m\libcr_c.a(initio.o)
                0x00001934                _initio
 .text.setvbuf  0x000019d8       0x40 c:/nxp/lpcxpresso_7.2.0_153/lpcxpresso/tools/bin/../lib/gcc/arm-none-eabi/4.8.3/../../../../arm-none-eabi/lib/armv7-m\libcr_c.a(setvbuf.o)
                0x000019d8                setvbuf
 .text.strlen   0x00001a18       0x4a c:/nxp/lpcxpresso_7.2.0_153/lpcxpresso/tools/bin/../lib/gcc/arm-none-eabi/4.8.3/../../../../arm-none-eabi/lib/armv7-m\libcr_c.a(strlen.o)
                0x00001a18                strlen
 .text.strncpy  0x00001a62       0x58 c:/nxp/lpcxpresso_7.2.0_153/lpcxpresso/tools/bin/../lib/gcc/arm-none-eabi/4.8.3/../../../../arm-none-eabi/lib/armv7-m\libcr_c.a(strncpy.o)
                0x00001a62                strncpy
 .text._deferredlazyseek
                0x00001aba       0x44 c:/nxp/lpcxpresso_7.2.0_153/lpcxpresso/tools/bin/../lib/gcc/arm-none-eabi/4.8.3/../../../../arm-none-eabi/lib/armv7-m\libcr_c.a(_deferredlazyseek.o)
                0x00001aba                _deferredlazyseek
 .text._fdopen  0x00001afe       0x6a c:/nxp/lpcxpresso_7.2.0_153/lpcxpresso/tools/bin/../lib/gcc/arm-none-eabi/4.8.3/../../../../arm-none-eabi/lib/armv7-m\libcr_c.a(_fdopen.o)
                0x00001afe                _fdopen
 .text._fflush  0x00001b68       0x58 c:/nxp/lpcxpresso_7.2.0_153/lpcxpresso/tools/bin/../lib/gcc/arm-none-eabi/4.8.3/../../../../arm-none-eabi/lib/armv7-m\libcr_c.a(_fflush.o)
                0x00001b68                _fflush
 .text._Cwritebuf
                0x00001bc0       0x70 c:/nxp/lpcxpresso_7.2.0_153/lpcxpresso/tools/bin/../lib/gcc/arm-none-eabi/4.8.3/../../../../arm-none-eabi/lib/armv7-m\libcr_c.a(_writebuf.o)
                0x00001bc0                _Cwritebuf
 .text.malloc   0x00001c30       0xc4 c:/nxp/lpcxpresso_7.2.0_153/lpcxpresso/tools/bin/../lib/gcc/arm-none-eabi/4.8.3/../../../../arm-none-eabi/lib/armv7-m\libcr_c.a(alloc.o)
                0x00001c30                malloc
 .text.free     0x00001cf4        0xc c:/nxp/lpcxpresso_7.2.0_153/lpcxpresso/tools/bin/../lib/gcc/arm-none-eabi/4.8.3/../../../../arm-none-eabi/lib/armv7-m\libcr_c.a(alloc.o)
                0x00001cf4                free
 .text._Csys_alloc
                0x00001d00       0x20 c:/nxp/lpcxpresso_7.2.0_153/lpcxpresso/tools/bin/../lib/gcc/arm-none-eabi/4.8.3/../../../../arm-none-eabi/lib/armv7-m\libcr_c.a(alloc.o)
                0x00001d00                _Csys_alloc
 .text.fclose   0x00001d20       0x6c c:/nxp/lpcxpresso_7.2.0_153/lpcxpresso/tools/bin/../lib/gcc/arm-none-eabi/4.8.3/../../../../arm-none-eabi/lib/armv7-m\libcr_c.a(fclose.o)
                0x00001d20                fclose
 .text.fflush   0x00001d8c       0x30 c:/nxp/lpcxpresso_7.2.0_153/lpcxpresso/tools/bin/../lib/gcc/arm-none-eabi/4.8.3/../../../../arm-none-eabi/lib/armv7-m\libcr_c.a(fflush.o)
                0x00001d8c                fflush
 .text.fseek    0x00001dbc      0x10c c:/nxp/lpcxpresso_7.2.0_153/lpcxpresso/tools/bin/../lib/gcc/arm-none-eabi/4.8.3/../../../../arm-none-eabi/lib/armv7-m\libcr_c.a(fseek.o)
                0x00001dbc                fseek
 .text.ftell    0x00001ec8       0x4c c:/nxp/lpcxpresso_7.2.0_153/lpcxpresso/tools/bin/../lib/gcc/arm-none-eabi/4.8.3/../../../../arm-none-eabi/lib/armv7-m\libcr_c.a(ftell.o)
                0x00001ec8                ftell
 .text.remove   0x00001f14       0x14 c:/nxp/lpcxpresso_7.2.0_153/lpcxpresso/tools/bin/../lib/gcc/arm-none-eabi/4.8.3/../../../../arm-none-eabi/lib/armv7-m\libcr_c.a(remove.o)
                0x00001f14                remove
 .text._sbrk    0x00001f28       0x40 c:/nxp/lpcxpresso_7.2.0_153/lpcxpresso/tools/bin/../lib/gcc/arm-none-eabi/4.8.3/../../../../arm-none-eabi/lib/armv7-m\libcr_c.a(_cr_sbrk.o)
                0x00001f28                _sbrk
 .text._do_fflush
                0x00001f68       0x44 c:/nxp/lpcxpresso_7.2.0_153/lpcxpresso/tools/bin/../lib/gcc/arm-none-eabi/4.8.3/../../../../arm-none-eabi/lib/armv7-m\libcr_c.a(_do_fflush.o)
                0x00001f68                _do_fflush
 .text.__check_heap_overflow
                0x00001fac       0x2c c:/nxp/lpcxpresso_7.2.0_153/lpcxpresso/tools/bin/../lib/gcc/arm-none-eabi/4.8.3/../../../../arm-none-eabi/lib/armv7-m\libcr_c.a(_cr_check_heap.o)
                0x00001fac                __check_heap_overflow
 .text.__aeabi_memcpy
                0x00001fd8       0x2a c:/nxp/lpcxpresso_7.2.0_153/lpcxpresso/tools/bin/../lib/gcc/arm-none-eabi/4.8.3/armv7-m\libcr_eabihelpers.a(memcpy.o)
                0x00001fd8                __aeabi_memcpy4
                0x00001fd8                __aeabi_memcpy8
                0x00001fd8                __aeabi_memcpy
 .text.__aeabi_memset_lowlevel
                0x00002002       0x2c c:/nxp/lpcxpresso_7.2.0_153/lpcxpresso/tools/bin/../lib/gcc/arm-none-eabi/4.8.3/armv7-m\libcr_eabihelpers.a(memcpy.o)
                0x00002002                __aeabi_lowlevel_memset
 *fill*         0x0000202e        0x2 
 .text.__sys_appexit
                0x00002030        0xc c:/nxp/lpcxpresso_7.2.0_153/lpcxpresso/tools/bin/../lib/gcc/arm-none-eabi/4.8.3/../../../../arm-none-eabi/lib/armv7-m\libcr_semihost.a(__sys_appexit.o)
                0x00002030                __sys_appexit
                0x00002030                __exit
 .text.__sys_close
                0x0000203c        0xc c:/nxp/lpcxpresso_7.2.0_153/lpcxpresso/tools/bin/../lib/gcc/arm-none-eabi/4.8.3/../../../../arm-none-eabi/lib/armv7-m\libcr_semihost.a(__sys_close.o)
                0x0000203c                __sys_close
 .text.__sys_flen
                0x00002048        0xc c:/nxp/lpcxpresso_7.2.0_153/lpcxpresso/tools/bin/../lib/gcc/arm-none-eabi/4.8.3/../../../../arm-none-eabi/lib/armv7-m\libcr_semihost.a(__sys_flen.o)
                0x00002048                __sys_flen
 .text.__sys_istty
                0x00002054        0xc c:/nxp/lpcxpresso_7.2.0_153/lpcxpresso/tools/bin/../lib/gcc/arm-none-eabi/4.8.3/../../../../arm-none-eabi/lib/armv7-m\libcr_semihost.a(__sys_istty.o)
                0x00002054                __sys_istty
 .text.__sys_remove
                0x00002060        0xc c:/nxp/lpcxpresso_7.2.0_153/lpcxpresso/tools/bin/../lib/gcc/arm-none-eabi/4.8.3/../../../../arm-none-eabi/lib/armv7-m\libcr_semihost.a(__sys_remove.o)
                0x00002060                __sys_remove
 .text.__sys_seek
                0x0000206c        0xc c:/nxp/lpcxpresso_7.2.0_153/lpcxpresso/tools/bin/../lib/gcc/arm-none-eabi/4.8.3/../../../../arm-none-eabi/lib/armv7-m\libcr_semihost.a(__sys_seek.o)
                0x0000206c                __sys_seek
 .text.__sys_tmpnam
                0x00002078        0xc c:/nxp/lpcxpresso_7.2.0_153/lpcxpresso/tools/bin/../lib/gcc/arm-none-eabi/4.8.3/../../../../arm-none-eabi/lib/armv7-m\libcr_semihost.a(__sys_tmpnam.o)
                0x00002078                __sys_tmpnam
 .text.__sys_write
                0x00002084        0xc c:/nxp/lpcxpresso_7.2.0_153/lpcxpresso/tools/bin/../lib/gcc/arm-none-eabi/4.8.3/../../../../arm-none-eabi/lib/armv7-m\libcr_semihost.a(__sys_write.o)
                0x00002084                __sys_write
                0x00002084                __write
 *(.rodata .rodata.* .constdata .constdata.*)
 .rodata        0x00002090       0x18 ./src/main.o
 .rodata.str1.4
                0x000020a8       0x19 C:\wsRTO\Lib_FreeRTOS_7p0p1\Debug_LPC176x\libLib_FreeRTOS_7p0p1.a(tasks.o)
                                 0x20 (size before relaxing)
 *fill*         0x000020c1        0x3 
 .rodata.str1.4
                0x000020c4       0x59 C:\wsRTO\Lib_FreeRTOS_7p0p1\Debug_LPC176x\libLib_FreeRTOS_7p0p1.a(trace.o)
                                 0x5c (size before relaxing)
 *fill*         0x0000211d        0x3 
 .rodata.str1.4
                0x00002120       0x28 C:\wsRTO\Lib_MCU_LPC176x\Debug\libLib_MCU_LPC176x.a(lpc17xx_uart.o)
 .rodata.str1.1
                0x00002148        0x4 c:/nxp/lpcxpresso_7.2.0_153/lpcxpresso/tools/bin/../lib/gcc/arm-none-eabi/4.8.3/../../../../arm-none-eabi/lib/armv7-m\libcr_c.a(initio.o)
 .rodata.str1.1
                0x0000214c       0x18 c:/nxp/lpcxpresso_7.2.0_153/lpcxpresso/tools/bin/../lib/gcc/arm-none-eabi/4.8.3/../../../../arm-none-eabi/lib/armv7-m\libcr_c.a(alloc.o)
                0x00002164                . = ALIGN (0x4)

.glue_7         0x00002164        0x0
 .glue_7        0x00000000        0x0 linker stubs

.glue_7t        0x00002164        0x0
 .glue_7t       0x00000000        0x0 linker stubs

.vfp11_veneer   0x00002164        0x0
 .vfp11_veneer  0x00000000        0x0 linker stubs

.v4_bx          0x00002164        0x0
 .v4_bx         0x00000000        0x0 linker stubs

.iplt           0x00002164        0x0
 .iplt          0x00000000        0x0 ./src/cr_startup_lpc17.o

.rel.dyn        0x00002164        0x0
 .rel.iplt      0x00000000        0x0 ./src/cr_startup_lpc17.o

.ARM.extab
 *(.ARM.extab* .gnu.linkonce.armextab.*)
                0x00002164                __exidx_start = .

.ARM.exidx
 *(.ARM.exidx* .gnu.linkonce.armexidx.*)
                0x00002164                __exidx_end = .
                0x00002164                _etext = .

.data_RAM2      0x2007c000        0x0 load address 0x00002164
 FILL mask 0xff
 *(.ramfunc.$RAM2)
 *(.ramfunc.$RamAHB32)
 *(.data.$RAM2*)
 *(.data.$RamAHB32*)
                0x2007c000                . = ALIGN (0x4)

.uninit_RESERVED
                0x10000000        0x0
 *(.bss.$RESERVED*)
                0x10000000                . = ALIGN (0x4)
                0x10000000                _end_uninit_RESERVED = .

.data           0x10000000       0x14 load address 0x00002164
 FILL mask 0xff
                0x10000000                _data = .
 *(vtable)
 *(.ramfunc*)
 *(.data*)
 .data.contadorTiempoOprimido
                0x10000000        0x4 ./src/main.o
                0x10000000                contadorTiempoOprimido
 .data.xNextTaskUnblockTime
                0x10000004        0x4 C:\wsRTO\Lib_FreeRTOS_7p0p1\Debug_LPC176x\libLib_FreeRTOS_7p0p1.a(tasks.o)
 .data.uxPreviousTask
                0x10000008        0x4 C:\wsRTO\Lib_FreeRTOS_7p0p1\Debug_LPC176x\libLib_FreeRTOS_7p0p1.a(tasks.o)
 .data.xFreeBytesRemaining
                0x1000000c        0x4 C:\wsRTO\Lib_FreeRTOS_7p0p1\Debug_LPC176x\libLib_FreeRTOS_7p0p1.a(heap_2.o)
 .data.uxCriticalNesting
                0x10000010        0x4 C:\wsRTO\Lib_FreeRTOS_7p0p1\Debug_LPC176x\libLib_FreeRTOS_7p0p1.a(port.o)
                0x10000014                . = ALIGN (0x4)
                0x10000014                _edata = .

.igot.plt       0x10000014        0x0 load address 0x00002178
 .igot.plt      0x00000000        0x0 ./src/cr_startup_lpc17.o

.bss_RAM2       0x2007c000        0x0
 *(.bss.$RAM2*)
 *(.bss.$RamAHB32*)
                0x2007c000                . = ALIGN (0x4)

.bss            0x10000018     0x4a3c
                0x10000018                _bss = .
 *(.bss*)
 .bss.uxTopReadyPriority
                0x10000018        0x4 C:\wsRTO\Lib_FreeRTOS_7p0p1\Debug_LPC176x\libLib_FreeRTOS_7p0p1.a(tasks.o)
 .bss.uxTasksDeleted
                0x1000001c        0x4 C:\wsRTO\Lib_FreeRTOS_7p0p1\Debug_LPC176x\libLib_FreeRTOS_7p0p1.a(tasks.o)
 .bss.uxCurrentNumberOfTasks
                0x10000020        0x4 C:\wsRTO\Lib_FreeRTOS_7p0p1\Debug_LPC176x\libLib_FreeRTOS_7p0p1.a(tasks.o)
 .bss.pxReadyTasksLists
                0x10000024       0x64 C:\wsRTO\Lib_FreeRTOS_7p0p1\Debug_LPC176x\libLib_FreeRTOS_7p0p1.a(tasks.o)
 .bss.pxOverflowDelayedTaskList
                0x10000088        0x4 C:\wsRTO\Lib_FreeRTOS_7p0p1\Debug_LPC176x\libLib_FreeRTOS_7p0p1.a(tasks.o)
 .bss.xTasksWaitingTermination
                0x1000008c       0x14 C:\wsRTO\Lib_FreeRTOS_7p0p1\Debug_LPC176x\libLib_FreeRTOS_7p0p1.a(tasks.o)
 .bss.xTracing  0x100000a0        0x4 C:\wsRTO\Lib_FreeRTOS_7p0p1\Debug_LPC176x\libLib_FreeRTOS_7p0p1.a(tasks.o)
 .bss.pxDelayedTaskList
                0x100000a4        0x4 C:\wsRTO\Lib_FreeRTOS_7p0p1\Debug_LPC176x\libLib_FreeRTOS_7p0p1.a(tasks.o)
 .bss.xPendingReadyList
                0x100000a8       0x14 C:\wsRTO\Lib_FreeRTOS_7p0p1\Debug_LPC176x\libLib_FreeRTOS_7p0p1.a(tasks.o)
 .bss.xSchedulerRunning
                0x100000bc        0x4 C:\wsRTO\Lib_FreeRTOS_7p0p1\Debug_LPC176x\libLib_FreeRTOS_7p0p1.a(tasks.o)
 .bss.xMissedYield
                0x100000c0        0x4 C:\wsRTO\Lib_FreeRTOS_7p0p1\Debug_LPC176x\libLib_FreeRTOS_7p0p1.a(tasks.o)
 .bss.pcTraceBuffer
                0x100000c4        0x4 C:\wsRTO\Lib_FreeRTOS_7p0p1\Debug_LPC176x\libLib_FreeRTOS_7p0p1.a(tasks.o)
 .bss.pxCurrentTCB
                0x100000c8        0x4 C:\wsRTO\Lib_FreeRTOS_7p0p1\Debug_LPC176x\libLib_FreeRTOS_7p0p1.a(tasks.o)
                0x100000c8                pxCurrentTCB
 .bss.xSuspendedTaskList
                0x100000cc       0x14 C:\wsRTO\Lib_FreeRTOS_7p0p1\Debug_LPC176x\libLib_FreeRTOS_7p0p1.a(tasks.o)
 .bss.xDelayedTaskList1
                0x100000e0       0x14 C:\wsRTO\Lib_FreeRTOS_7p0p1\Debug_LPC176x\libLib_FreeRTOS_7p0p1.a(tasks.o)
 .bss.xDelayedTaskList2
                0x100000f4       0x14 C:\wsRTO\Lib_FreeRTOS_7p0p1\Debug_LPC176x\libLib_FreeRTOS_7p0p1.a(tasks.o)
 .bss.uxTaskNumber
                0x10000108        0x4 C:\wsRTO\Lib_FreeRTOS_7p0p1\Debug_LPC176x\libLib_FreeRTOS_7p0p1.a(tasks.o)
 .bss.uxSchedulerSuspended
                0x1000010c        0x4 C:\wsRTO\Lib_FreeRTOS_7p0p1\Debug_LPC176x\libLib_FreeRTOS_7p0p1.a(tasks.o)
 .bss.uxMissedTicks
                0x10000110        0x4 C:\wsRTO\Lib_FreeRTOS_7p0p1\Debug_LPC176x\libLib_FreeRTOS_7p0p1.a(tasks.o)
 .bss.pcTraceBufferEnd
                0x10000114        0x4 C:\wsRTO\Lib_FreeRTOS_7p0p1\Debug_LPC176x\libLib_FreeRTOS_7p0p1.a(tasks.o)
 .bss.xNumOfOverflows
                0x10000118        0x4 C:\wsRTO\Lib_FreeRTOS_7p0p1\Debug_LPC176x\libLib_FreeRTOS_7p0p1.a(tasks.o)
 .bss.xTickCount
                0x1000011c        0x4 C:\wsRTO\Lib_FreeRTOS_7p0p1\Debug_LPC176x\libLib_FreeRTOS_7p0p1.a(tasks.o)
 .bss.uxTopUsedPriority
                0x10000120        0x4 C:\wsRTO\Lib_FreeRTOS_7p0p1\Debug_LPC176x\libLib_FreeRTOS_7p0p1.a(tasks.o)
 *fill*         0x10000124        0x4 
 .bss.xHeap     0x10000128     0x2800 C:\wsRTO\Lib_FreeRTOS_7p0p1\Debug_LPC176x\libLib_FreeRTOS_7p0p1.a(heap_2.o)
 .bss.xStart    0x10002928        0x8 C:\wsRTO\Lib_FreeRTOS_7p0p1\Debug_LPC176x\libLib_FreeRTOS_7p0p1.a(heap_2.o)
 .bss.xHeapHasBeenInitialised.5229
                0x10002930        0x4 C:\wsRTO\Lib_FreeRTOS_7p0p1\Debug_LPC176x\libLib_FreeRTOS_7p0p1.a(heap_2.o)
 .bss.xEnd      0x10002934        0x8 C:\wsRTO\Lib_FreeRTOS_7p0p1\Debug_LPC176x\libLib_FreeRTOS_7p0p1.a(heap_2.o)
 .bss.errno     0x1000293c        0x4 c:/nxp/lpcxpresso_7.2.0_153/lpcxpresso/tools/bin/../lib/gcc/arm-none-eabi/4.8.3/../../../../arm-none-eabi/lib/armv7-m\libcr_c.a(errno.o)
                0x1000293c                errno
 *(COMMON)
 COMMON         0x10002940       0x48 ./src/main.o
                0x10002940                ledAzul
                0x10002950                sem
                0x10002954                ledRojo
                0x10002964                ledVerde
                0x10002974                tiempoOprimido
                0x10002978                pulsador
 COMMON         0x10002988       0x30 C:\wsRTO\Lib_FreeRTOS_7p0p1\Debug_LPC176x\libLib_FreeRTOS_7p0p1.a(trace.o)
                0x10002988                trace_console
 COMMON         0x100029b8     0x1f50 C:\wsRTO\Lib_MCU_LPC176x\Debug\libLib_MCU_LPC176x.a(lpc_17xx_UART.o)
                0x100029b8                UARTvector
                0x100029c8                UART_RxBuffer
                0x10003968                UART_TxBuffer
 COMMON         0x10004908        0x4 c:/nxp/lpcxpresso_7.2.0_153/lpcxpresso/tools/bin/../lib/gcc/arm-none-eabi/4.8.3/../../../../arm-none-eabi/lib/armv7-m\libcr_c.a(initio.o)
                0x10004908                _extra
 COMMON         0x1000490c      0x140 c:/nxp/lpcxpresso_7.2.0_153/lpcxpresso/tools/bin/../lib/gcc/arm-none-eabi/4.8.3/../../../../arm-none-eabi/lib/armv7-m\libcr_c.a(stdio.o)
                0x1000490c                __Ciob
 COMMON         0x10004a4c        0x8 c:/nxp/lpcxpresso_7.2.0_153/lpcxpresso/tools/bin/../lib/gcc/arm-none-eabi/4.8.3/../../../../arm-none-eabi/lib/armv7-m\libcr_c.a(__init_alloc.o)
                0x10004a4c                __heaps
                0x10004a50                __end_of_heap
                0x10004a54                . = ALIGN (0x4)
                0x10004a54                _ebss = .
                0x10004a54                PROVIDE (end, .)

.noinit_RAM2    0x2007c000        0x0
 *(.noinit.$RAM2*)
 *(.noinit.$RamAHB32*)
                0x2007c000                . = ALIGN (0x4)

.noinit         0x10004a54        0x0
                0x10004a54                _noinit = .
 *(.noinit*)
                0x10004a54                . = ALIGN (0x4)
                0x10004a54                _end_noinit = .
                0x10004a54                PROVIDE (_pvHeapStart, .)
                0x10008000                PROVIDE (_vStackTop, (__top_RamLoc32 - 0x0))
OUTPUT(Ejercicio2.3.axf elf32-littlearm)

.debug_info     0x00000000     0x9588
 .debug_info    0x00000000      0x182 ./src/cr_startup_lpc17.o
 .debug_info    0x00000182      0x9f9 ./src/main.o
 .debug_info    0x00000b7b      0xf2e C:\wsRTO\Lib_FreeRTOS_7p0p1\Debug_LPC176x\libLib_FreeRTOS_7p0p1.a(queue.o)
 .debug_info    0x00001aa9     0x199d C:\wsRTO\Lib_FreeRTOS_7p0p1\Debug_LPC176x\libLib_FreeRTOS_7p0p1.a(tasks.o)
 .debug_info    0x00003446      0x8c9 C:\wsRTO\Lib_FreeRTOS_7p0p1\Debug_LPC176x\libLib_FreeRTOS_7p0p1.a(trace.o)
 .debug_info    0x00003d0f      0x307 C:\wsRTO\Lib_FreeRTOS_7p0p1\Debug_LPC176x\libLib_FreeRTOS_7p0p1.a(heap_2.o)
 .debug_info    0x00004016      0x21c C:\wsRTO\Lib_FreeRTOS_7p0p1\Debug_LPC176x\libLib_FreeRTOS_7p0p1.a(port.o)
 .debug_info    0x00004232      0x2a2 C:\wsRTO\Lib_FreeRTOS_7p0p1\Debug_LPC176x\libLib_FreeRTOS_7p0p1.a(list.o)
 .debug_info    0x000044d4      0x318 C:\wsRTO\CMSISv2p00_LPC17xx\Debug\libCMSISv2p00_LPC17xx.a(system_LPC17xx.o)
 .debug_info    0x000047ec      0x2bf C:\wsRTO\Lib_API_CAPI\Debug\libLib_API_CAPI.a(GPIO.o)
 .debug_info    0x00004aab      0x3b5 C:\wsRTO\Lib_API_CAPI\Debug\libLib_API_CAPI.a(UART.o)
 .debug_info    0x00004e60      0x2ae C:\wsRTO\Lib_Contenedores\Debug\libLib_Contenedores.a(ColaCircular.o)
 .debug_info    0x0000510e      0x28d C:\wsRTO\Lib_MCU_LPC176x\Debug\libLib_MCU_LPC176x.a(lpc_17xx_GPIO.o)
 .debug_info    0x0000539b      0x14f C:\wsRTO\Lib_MCU_LPC176x\Debug\libLib_MCU_LPC176x.a(lpc_17xx_PIN.o)
 .debug_info    0x000054ea     0x13aa C:\wsRTO\Lib_MCU_LPC176x\Debug\libLib_MCU_LPC176x.a(lpc_17xx_UART.o)
 .debug_info    0x00006894      0xe57 C:\wsRTO\Lib_MCU_LPC176x\Debug\libLib_MCU_LPC176x.a(lpc17xx_gpio.o)
 .debug_info    0x000076eb      0x47d C:\wsRTO\Lib_MCU_LPC176x\Debug\libLib_MCU_LPC176x.a(lpc17xx_pinsel.o)
 .debug_info    0x00007b68     0x195d C:\wsRTO\Lib_MCU_LPC176x\Debug\libLib_MCU_LPC176x.a(lpc17xx_uart.o)
 .debug_info    0x000094c5       0xc3 C:\wsRTO\Lib_MCU_LPC176x\Debug\libLib_MCU_LPC176x.a(lpc17xx_libcfg_default.o)

.debug_abbrev   0x00000000     0x1d81
 .debug_abbrev  0x00000000       0xb9 ./src/cr_startup_lpc17.o
 .debug_abbrev  0x000000b9      0x15f ./src/main.o
 .debug_abbrev  0x00000218      0x277 C:\wsRTO\Lib_FreeRTOS_7p0p1\Debug_LPC176x\libLib_FreeRTOS_7p0p1.a(queue.o)
 .debug_abbrev  0x0000048f      0x295 C:\wsRTO\Lib_FreeRTOS_7p0p1\Debug_LPC176x\libLib_FreeRTOS_7p0p1.a(tasks.o)
 .debug_abbrev  0x00000724      0x236 C:\wsRTO\Lib_FreeRTOS_7p0p1\Debug_LPC176x\libLib_FreeRTOS_7p0p1.a(trace.o)
 .debug_abbrev  0x0000095a      0x1c0 C:\wsRTO\Lib_FreeRTOS_7p0p1\Debug_LPC176x\libLib_FreeRTOS_7p0p1.a(heap_2.o)
 .debug_abbrev  0x00000b1a      0x146 C:\wsRTO\Lib_FreeRTOS_7p0p1\Debug_LPC176x\libLib_FreeRTOS_7p0p1.a(port.o)
 .debug_abbrev  0x00000c60       0xc7 C:\wsRTO\Lib_FreeRTOS_7p0p1\Debug_LPC176x\libLib_FreeRTOS_7p0p1.a(list.o)
 .debug_abbrev  0x00000d27       0xe6 C:\wsRTO\CMSISv2p00_LPC17xx\Debug\libCMSISv2p00_LPC17xx.a(system_LPC17xx.o)
 .debug_abbrev  0x00000e0d      0x149 C:\wsRTO\Lib_API_CAPI\Debug\libLib_API_CAPI.a(GPIO.o)
 .debug_abbrev  0x00000f56      0x13c C:\wsRTO\Lib_API_CAPI\Debug\libLib_API_CAPI.a(UART.o)
 .debug_abbrev  0x00001092      0x14e C:\wsRTO\Lib_Contenedores\Debug\libLib_Contenedores.a(ColaCircular.o)
 .debug_abbrev  0x000011e0      0x155 C:\wsRTO\Lib_MCU_LPC176x\Debug\libLib_MCU_LPC176x.a(lpc_17xx_GPIO.o)
 .debug_abbrev  0x00001335       0xe0 C:\wsRTO\Lib_MCU_LPC176x\Debug\libLib_MCU_LPC176x.a(lpc_17xx_PIN.o)
 .debug_abbrev  0x00001415      0x31c C:\wsRTO\Lib_MCU_LPC176x\Debug\libLib_MCU_LPC176x.a(lpc_17xx_UART.o)
 .debug_abbrev  0x00001731      0x228 C:\wsRTO\Lib_MCU_LPC176x\Debug\libLib_MCU_LPC176x.a(lpc17xx_gpio.o)
 .debug_abbrev  0x00001959      0x16e C:\wsRTO\Lib_MCU_LPC176x\Debug\libLib_MCU_LPC176x.a(lpc17xx_pinsel.o)
 .debug_abbrev  0x00001ac7      0x24e C:\wsRTO\Lib_MCU_LPC176x\Debug\libLib_MCU_LPC176x.a(lpc17xx_uart.o)
 .debug_abbrev  0x00001d15       0x6c C:\wsRTO\Lib_MCU_LPC176x\Debug\libLib_MCU_LPC176x.a(lpc17xx_libcfg_default.o)

.debug_aranges  0x00000000      0x868
 .debug_aranges
                0x00000000       0x58 ./src/cr_startup_lpc17.o
 .debug_aranges
                0x00000058       0x48 ./src/main.o
 .debug_aranges
                0x000000a0       0xc0 C:\wsRTO\Lib_FreeRTOS_7p0p1\Debug_LPC176x\libLib_FreeRTOS_7p0p1.a(queue.o)
 .debug_aranges
                0x00000160      0x158 C:\wsRTO\Lib_FreeRTOS_7p0p1\Debug_LPC176x\libLib_FreeRTOS_7p0p1.a(tasks.o)
 .debug_aranges
                0x000002b8       0x68 C:\wsRTO\Lib_FreeRTOS_7p0p1\Debug_LPC176x\libLib_FreeRTOS_7p0p1.a(trace.o)
 .debug_aranges
                0x00000320       0x38 C:\wsRTO\Lib_FreeRTOS_7p0p1\Debug_LPC176x\libLib_FreeRTOS_7p0p1.a(heap_2.o)
 .debug_aranges
                0x00000358       0x70 C:\wsRTO\Lib_FreeRTOS_7p0p1\Debug_LPC176x\libLib_FreeRTOS_7p0p1.a(port.o)
 .debug_aranges
                0x000003c8       0x40 C:\wsRTO\Lib_FreeRTOS_7p0p1\Debug_LPC176x\libLib_FreeRTOS_7p0p1.a(list.o)
 .debug_aranges
                0x00000408       0x28 C:\wsRTO\CMSISv2p00_LPC17xx\Debug\libCMSISv2p00_LPC17xx.a(system_LPC17xx.o)
 .debug_aranges
                0x00000430       0x40 C:\wsRTO\Lib_API_CAPI\Debug\libLib_API_CAPI.a(GPIO.o)
 .debug_aranges
                0x00000470       0x38 C:\wsRTO\Lib_API_CAPI\Debug\libLib_API_CAPI.a(UART.o)
 .debug_aranges
                0x000004a8       0x58 C:\wsRTO\Lib_Contenedores\Debug\libLib_Contenedores.a(ColaCircular.o)
 .debug_aranges
                0x00000500       0x38 C:\wsRTO\Lib_MCU_LPC176x\Debug\libLib_MCU_LPC176x.a(lpc_17xx_GPIO.o)
 .debug_aranges
                0x00000538       0x20 C:\wsRTO\Lib_MCU_LPC176x\Debug\libLib_MCU_LPC176x.a(lpc_17xx_PIN.o)
 .debug_aranges
                0x00000558       0xb0 C:\wsRTO\Lib_MCU_LPC176x\Debug\libLib_MCU_LPC176x.a(lpc_17xx_UART.o)
 .debug_aranges
                0x00000608       0xf8 C:\wsRTO\Lib_MCU_LPC176x\Debug\libLib_MCU_LPC176x.a(lpc17xx_gpio.o)
 .debug_aranges
                0x00000700       0x48 C:\wsRTO\Lib_MCU_LPC176x\Debug\libLib_MCU_LPC176x.a(lpc17xx_pinsel.o)
 .debug_aranges
                0x00000748      0x100 C:\wsRTO\Lib_MCU_LPC176x\Debug\libLib_MCU_LPC176x.a(lpc17xx_uart.o)
 .debug_aranges
                0x00000848       0x20 C:\wsRTO\Lib_MCU_LPC176x\Debug\libLib_MCU_LPC176x.a(lpc17xx_libcfg_default.o)

.debug_ranges   0x00000000      0x750
 .debug_ranges  0x00000000       0x48 ./src/cr_startup_lpc17.o
 .debug_ranges  0x00000048       0x38 ./src/main.o
 .debug_ranges  0x00000080       0xb0 C:\wsRTO\Lib_FreeRTOS_7p0p1\Debug_LPC176x\libLib_FreeRTOS_7p0p1.a(queue.o)
 .debug_ranges  0x00000130      0x160 C:\wsRTO\Lib_FreeRTOS_7p0p1\Debug_LPC176x\libLib_FreeRTOS_7p0p1.a(tasks.o)
 .debug_ranges  0x00000290       0x58 C:\wsRTO\Lib_FreeRTOS_7p0p1\Debug_LPC176x\libLib_FreeRTOS_7p0p1.a(trace.o)
 .debug_ranges  0x000002e8       0x28 C:\wsRTO\Lib_FreeRTOS_7p0p1\Debug_LPC176x\libLib_FreeRTOS_7p0p1.a(heap_2.o)
 .debug_ranges  0x00000310       0x60 C:\wsRTO\Lib_FreeRTOS_7p0p1\Debug_LPC176x\libLib_FreeRTOS_7p0p1.a(port.o)
 .debug_ranges  0x00000370       0x30 C:\wsRTO\Lib_FreeRTOS_7p0p1\Debug_LPC176x\libLib_FreeRTOS_7p0p1.a(list.o)
 .debug_ranges  0x000003a0       0x18 C:\wsRTO\CMSISv2p00_LPC17xx\Debug\libCMSISv2p00_LPC17xx.a(system_LPC17xx.o)
 .debug_ranges  0x000003b8       0x30 C:\wsRTO\Lib_API_CAPI\Debug\libLib_API_CAPI.a(GPIO.o)
 .debug_ranges  0x000003e8       0x28 C:\wsRTO\Lib_API_CAPI\Debug\libLib_API_CAPI.a(UART.o)
 .debug_ranges  0x00000410       0x48 C:\wsRTO\Lib_Contenedores\Debug\libLib_Contenedores.a(ColaCircular.o)
 .debug_ranges  0x00000458       0x28 C:\wsRTO\Lib_MCU_LPC176x\Debug\libLib_MCU_LPC176x.a(lpc_17xx_GPIO.o)
 .debug_ranges  0x00000480       0x10 C:\wsRTO\Lib_MCU_LPC176x\Debug\libLib_MCU_LPC176x.a(lpc_17xx_PIN.o)
 .debug_ranges  0x00000490       0xa0 C:\wsRTO\Lib_MCU_LPC176x\Debug\libLib_MCU_LPC176x.a(lpc_17xx_UART.o)
 .debug_ranges  0x00000530       0xe8 C:\wsRTO\Lib_MCU_LPC176x\Debug\libLib_MCU_LPC176x.a(lpc17xx_gpio.o)
 .debug_ranges  0x00000618       0x38 C:\wsRTO\Lib_MCU_LPC176x\Debug\libLib_MCU_LPC176x.a(lpc17xx_pinsel.o)
 .debug_ranges  0x00000650       0xf0 C:\wsRTO\Lib_MCU_LPC176x\Debug\libLib_MCU_LPC176x.a(lpc17xx_uart.o)
 .debug_ranges  0x00000740       0x10 C:\wsRTO\Lib_MCU_LPC176x\Debug\libLib_MCU_LPC176x.a(lpc17xx_libcfg_default.o)

.debug_macro    0x00000000     0x63f4
 .debug_macro   0x00000000       0x52 ./src/cr_startup_lpc17.o
 .debug_macro   0x00000052      0x856 ./src/cr_startup_lpc17.o
 .debug_macro   0x000008a8       0x10 ./src/cr_startup_lpc17.o
 .debug_macro   0x000008b8      0x122 ./src/cr_startup_lpc17.o
 .debug_macro   0x000009da      0x5b9 ./src/cr_startup_lpc17.o
 .debug_macro   0x00000f93      0x163 ./src/main.o
 .debug_macro   0x000010f6       0x1c ./src/main.o
 .debug_macro   0x00001112       0x2e ./src/main.o
 .debug_macro   0x00001140       0x18 ./src/main.o
 .debug_macro   0x00001158      0x7af ./src/main.o
 .debug_macro   0x00001907      0x2c7 ./src/main.o
 .debug_macro   0x00001bce       0x82 ./src/main.o
 .debug_macro   0x00001c50       0x34 ./src/main.o
 .debug_macro   0x00001c84       0x16 ./src/main.o
 .debug_macro   0x00001c9a       0x46 ./src/main.o
 .debug_macro   0x00001ce0       0xd0 ./src/main.o
 .debug_macro   0x00001db0       0xa3 ./src/main.o
 .debug_macro   0x00001e53       0x12 ./src/main.o
 .debug_macro   0x00001e65       0x1f ./src/main.o
 .debug_macro   0x00001e84       0x49 ./src/main.o
 .debug_macro   0x00001ecd       0x57 ./src/main.o
 .debug_macro   0x00001f24      0x177 ./src/main.o
 .debug_macro   0x0000209b       0x6a ./src/main.o
 .debug_macro   0x00002105       0x62 ./src/main.o
 .debug_macro   0x00002167       0x22 ./src/main.o
 .debug_macro   0x00002189       0x58 ./src/main.o
 .debug_macro   0x000021e1      0x618 ./src/main.o
 .debug_macro   0x000027f9      0x182 C:\wsRTO\Lib_FreeRTOS_7p0p1\Debug_LPC176x\libLib_FreeRTOS_7p0p1.a(queue.o)
 .debug_macro   0x0000297b      0x862 C:\wsRTO\Lib_FreeRTOS_7p0p1\Debug_LPC176x\libLib_FreeRTOS_7p0p1.a(queue.o)
 .debug_macro   0x000031dd       0x28 C:\wsRTO\Lib_FreeRTOS_7p0p1\Debug_LPC176x\libLib_FreeRTOS_7p0p1.a(queue.o)
 .debug_macro   0x00003205       0xca C:\wsRTO\Lib_FreeRTOS_7p0p1\Debug_LPC176x\libLib_FreeRTOS_7p0p1.a(queue.o)
 .debug_macro   0x000032cf       0x49 C:\wsRTO\Lib_FreeRTOS_7p0p1\Debug_LPC176x\libLib_FreeRTOS_7p0p1.a(queue.o)
 .debug_macro   0x00003318      0x19b C:\wsRTO\Lib_FreeRTOS_7p0p1\Debug_LPC176x\libLib_FreeRTOS_7p0p1.a(tasks.o)
 .debug_macro   0x000034b3       0xa0 C:\wsRTO\Lib_FreeRTOS_7p0p1\Debug_LPC176x\libLib_FreeRTOS_7p0p1.a(tasks.o)
 .debug_macro   0x00003553       0x22 C:\wsRTO\Lib_FreeRTOS_7p0p1\Debug_LPC176x\libLib_FreeRTOS_7p0p1.a(tasks.o)
 .debug_macro   0x00003575       0x61 C:\wsRTO\Lib_FreeRTOS_7p0p1\Debug_LPC176x\libLib_FreeRTOS_7p0p1.a(tasks.o)
 .debug_macro   0x000035d6       0x16 C:\wsRTO\Lib_FreeRTOS_7p0p1\Debug_LPC176x\libLib_FreeRTOS_7p0p1.a(tasks.o)
 .debug_macro   0x000035ec      0x15f C:\wsRTO\Lib_FreeRTOS_7p0p1\Debug_LPC176x\libLib_FreeRTOS_7p0p1.a(trace.o)
 .debug_macro   0x0000374b      0x12f C:\wsRTO\Lib_FreeRTOS_7p0p1\Debug_LPC176x\libLib_FreeRTOS_7p0p1.a(heap_2.o)
 .debug_macro   0x0000387a      0x13e C:\wsRTO\Lib_FreeRTOS_7p0p1\Debug_LPC176x\libLib_FreeRTOS_7p0p1.a(port.o)
 .debug_macro   0x000039b8      0x110 C:\wsRTO\Lib_FreeRTOS_7p0p1\Debug_LPC176x\libLib_FreeRTOS_7p0p1.a(list.o)
 .debug_macro   0x00003ac8      0x12b C:\wsRTO\CMSISv2p00_LPC17xx\Debug\libCMSISv2p00_LPC17xx.a(system_LPC17xx.o)
 .debug_macro   0x00003bf3      0x856 C:\wsRTO\CMSISv2p00_LPC17xx\Debug\libCMSISv2p00_LPC17xx.a(system_LPC17xx.o)
 .debug_macro   0x00004449       0x31 C:\wsRTO\Lib_API_CAPI\Debug\libLib_API_CAPI.a(GPIO.o)
 .debug_macro   0x0000447a      0x850 C:\wsRTO\Lib_API_CAPI\Debug\libLib_API_CAPI.a(GPIO.o)
 .debug_macro   0x00004cca       0x68 C:\wsRTO\Lib_API_CAPI\Debug\libLib_API_CAPI.a(UART.o)
 .debug_macro   0x00004d32       0x24 C:\wsRTO\Lib_Contenedores\Debug\libLib_Contenedores.a(ColaCircular.o)
 .debug_macro   0x00004d56       0xa4 C:\wsRTO\Lib_MCU_LPC176x\Debug\libLib_MCU_LPC176x.a(lpc_17xx_GPIO.o)
 .debug_macro   0x00004dfa      0x856 C:\wsRTO\Lib_MCU_LPC176x\Debug\libLib_MCU_LPC176x.a(lpc_17xx_GPIO.o)
 .debug_macro   0x00005650       0x63 C:\wsRTO\Lib_MCU_LPC176x\Debug\libLib_MCU_LPC176x.a(lpc_17xx_GPIO.o)
 .debug_macro   0x000056b3       0x40 C:\wsRTO\Lib_MCU_LPC176x\Debug\libLib_MCU_LPC176x.a(lpc_17xx_GPIO.o)
 .debug_macro   0x000056f3       0x96 C:\wsRTO\Lib_MCU_LPC176x\Debug\libLib_MCU_LPC176x.a(lpc_17xx_PIN.o)
 .debug_macro   0x00005789      0x13f C:\wsRTO\Lib_MCU_LPC176x\Debug\libLib_MCU_LPC176x.a(lpc_17xx_PIN.o)
 .debug_macro   0x000058c8       0xd8 C:\wsRTO\Lib_MCU_LPC176x\Debug\libLib_MCU_LPC176x.a(lpc_17xx_UART.o)
 .debug_macro   0x000059a0      0x334 C:\wsRTO\Lib_MCU_LPC176x\Debug\libLib_MCU_LPC176x.a(lpc_17xx_UART.o)
 .debug_macro   0x00005cd4       0x96 C:\wsRTO\Lib_MCU_LPC176x\Debug\libLib_MCU_LPC176x.a(lpc17xx_gpio.o)
 .debug_macro   0x00005d6a       0xd8 C:\wsRTO\Lib_MCU_LPC176x\Debug\libLib_MCU_LPC176x.a(lpc17xx_gpio.o)
 .debug_macro   0x00005e42       0x8d C:\wsRTO\Lib_MCU_LPC176x\Debug\libLib_MCU_LPC176x.a(lpc17xx_pinsel.o)
 .debug_macro   0x00005ecf       0x9f C:\wsRTO\Lib_MCU_LPC176x\Debug\libLib_MCU_LPC176x.a(lpc17xx_uart.o)
 .debug_macro   0x00005f6e      0x2fd C:\wsRTO\Lib_MCU_LPC176x\Debug\libLib_MCU_LPC176x.a(lpc17xx_uart.o)
 .debug_macro   0x0000626b       0x5a C:\wsRTO\Lib_MCU_LPC176x\Debug\libLib_MCU_LPC176x.a(lpc17xx_libcfg_default.o)
 .debug_macro   0x000062c5       0x5d C:\wsRTO\Lib_MCU_LPC176x\Debug\libLib_MCU_LPC176x.a(lpc17xx_libcfg_default.o)
 .debug_macro   0x00006322       0xd2 C:\wsRTO\Lib_MCU_LPC176x\Debug\libLib_MCU_LPC176x.a(lpc17xx_libcfg_default.o)

.debug_line     0x00000000     0x3ce7
 .debug_line    0x00000000      0x1e7 ./src/cr_startup_lpc17.o
 .debug_line    0x000001e7      0x45b ./src/main.o
 .debug_line    0x00000642      0x4f7 C:\wsRTO\Lib_FreeRTOS_7p0p1\Debug_LPC176x\libLib_FreeRTOS_7p0p1.a(queue.o)
 .debug_line    0x00000b39      0x7a5 C:\wsRTO\Lib_FreeRTOS_7p0p1\Debug_LPC176x\libLib_FreeRTOS_7p0p1.a(tasks.o)
 .debug_line    0x000012de      0x40e C:\wsRTO\Lib_FreeRTOS_7p0p1\Debug_LPC176x\libLib_FreeRTOS_7p0p1.a(trace.o)
 .debug_line    0x000016ec      0x2fb C:\wsRTO\Lib_FreeRTOS_7p0p1\Debug_LPC176x\libLib_FreeRTOS_7p0p1.a(heap_2.o)
 .debug_line    0x000019e7      0x31e C:\wsRTO\Lib_FreeRTOS_7p0p1\Debug_LPC176x\libLib_FreeRTOS_7p0p1.a(port.o)
 .debug_line    0x00001d05      0x2d8 C:\wsRTO\Lib_FreeRTOS_7p0p1\Debug_LPC176x\libLib_FreeRTOS_7p0p1.a(list.o)
 .debug_line    0x00001fdd      0x1d8 C:\wsRTO\CMSISv2p00_LPC17xx\Debug\libCMSISv2p00_LPC17xx.a(system_LPC17xx.o)
 .debug_line    0x000021b5       0xee C:\wsRTO\Lib_API_CAPI\Debug\libLib_API_CAPI.a(GPIO.o)
 .debug_line    0x000022a3      0x1ca C:\wsRTO\Lib_API_CAPI\Debug\libLib_API_CAPI.a(UART.o)
 .debug_line    0x0000246d      0x137 C:\wsRTO\Lib_Contenedores\Debug\libLib_Contenedores.a(ColaCircular.o)
 .debug_line    0x000025a4      0x232 C:\wsRTO\Lib_MCU_LPC176x\Debug\libLib_MCU_LPC176x.a(lpc_17xx_GPIO.o)
 .debug_line    0x000027d6      0x1ee C:\wsRTO\Lib_MCU_LPC176x\Debug\libLib_MCU_LPC176x.a(lpc_17xx_PIN.o)
 .debug_line    0x000029c4      0x3e7 C:\wsRTO\Lib_MCU_LPC176x\Debug\libLib_MCU_LPC176x.a(lpc_17xx_UART.o)
 .debug_line    0x00002dab      0x476 C:\wsRTO\Lib_MCU_LPC176x\Debug\libLib_MCU_LPC176x.a(lpc17xx_gpio.o)
 .debug_line    0x00003221      0x242 C:\wsRTO\Lib_MCU_LPC176x\Debug\libLib_MCU_LPC176x.a(lpc17xx_pinsel.o)
 .debug_line    0x00003463      0x711 C:\wsRTO\Lib_MCU_LPC176x\Debug\libLib_MCU_LPC176x.a(lpc17xx_uart.o)
 .debug_line    0x00003b74      0x173 C:\wsRTO\Lib_MCU_LPC176x\Debug\libLib_MCU_LPC176x.a(lpc17xx_libcfg_default.o)

.debug_str      0x00000000    0x17af9
 .debug_str     0x00000000     0x3b92 ./src/cr_startup_lpc17.o
                               0x3c1d (size before relaxing)
 .debug_str     0x00003b92     0xbec7 ./src/main.o
                               0xf9f6 (size before relaxing)
 .debug_str     0x0000fa59      0xff5 C:\wsRTO\Lib_FreeRTOS_7p0p1\Debug_LPC176x\libLib_FreeRTOS_7p0p1.a(queue.o)
                               0xa5d9 (size before relaxing)
 .debug_str     0x00010a4e     0x16c9 C:\wsRTO\Lib_FreeRTOS_7p0p1\Debug_LPC176x\libLib_FreeRTOS_7p0p1.a(tasks.o)
                               0xb09a (size before relaxing)
 .debug_str     0x00012117      0x346 C:\wsRTO\Lib_FreeRTOS_7p0p1\Debug_LPC176x\libLib_FreeRTOS_7p0p1.a(trace.o)
                               0x9b75 (size before relaxing)
 .debug_str     0x0001245d      0x453 C:\wsRTO\Lib_FreeRTOS_7p0p1\Debug_LPC176x\libLib_FreeRTOS_7p0p1.a(heap_2.o)
                               0x9bc0 (size before relaxing)
 .debug_str     0x000128b0      0x2f5 C:\wsRTO\Lib_FreeRTOS_7p0p1\Debug_LPC176x\libLib_FreeRTOS_7p0p1.a(port.o)
                               0x9a27 (size before relaxing)
 .debug_str     0x00012ba5       0x4d C:\wsRTO\Lib_FreeRTOS_7p0p1\Debug_LPC176x\libLib_FreeRTOS_7p0p1.a(list.o)
                               0x982f (size before relaxing)
 .debug_str     0x00012bf2      0x52a C:\wsRTO\CMSISv2p00_LPC17xx\Debug\libCMSISv2p00_LPC17xx.a(system_LPC17xx.o)
                               0x800d (size before relaxing)
 .debug_str     0x0001311c       0x84 C:\wsRTO\Lib_API_CAPI\Debug\libLib_API_CAPI.a(GPIO.o)
                               0x26c8 (size before relaxing)
 .debug_str     0x000131a0       0x80 C:\wsRTO\Lib_API_CAPI\Debug\libLib_API_CAPI.a(UART.o)
                               0x2b0c (size before relaxing)
 .debug_str     0x00013220       0x6d C:\wsRTO\Lib_Contenedores\Debug\libLib_Contenedores.a(ColaCircular.o)
                               0x2557 (size before relaxing)
 .debug_str     0x0001328d      0x441 C:\wsRTO\Lib_MCU_LPC176x\Debug\libLib_MCU_LPC176x.a(lpc_17xx_GPIO.o)
                               0x814b (size before relaxing)
 .debug_str     0x000136ce      0x509 C:\wsRTO\Lib_MCU_LPC176x\Debug\libLib_MCU_LPC176x.a(lpc_17xx_PIN.o)
                               0x8409 (size before relaxing)
 .debug_str     0x00013bd7     0x1ed8 C:\wsRTO\Lib_MCU_LPC176x\Debug\libLib_MCU_LPC176x.a(lpc_17xx_UART.o)
                               0x9ef3 (size before relaxing)
 .debug_str     0x00015aaf      0x55b C:\wsRTO\Lib_MCU_LPC176x\Debug\libLib_MCU_LPC176x.a(lpc17xx_gpio.o)
                               0x8574 (size before relaxing)
 .debug_str     0x0001600a      0x209 C:\wsRTO\Lib_MCU_LPC176x\Debug\libLib_MCU_LPC176x.a(lpc17xx_pinsel.o)
                               0x849b (size before relaxing)
 .debug_str     0x00016213     0x18b2 C:\wsRTO\Lib_MCU_LPC176x\Debug\libLib_MCU_LPC176x.a(lpc17xx_uart.o)
                               0xb2f4 (size before relaxing)
 .debug_str     0x00017ac5       0x34 C:\wsRTO\Lib_MCU_LPC176x\Debug\libLib_MCU_LPC176x.a(lpc17xx_libcfg_default.o)
                               0x3e24 (size before relaxing)

.comment        0x00000000       0x70
 .comment       0x00000000       0x70 ./src/cr_startup_lpc17.o
                                 0x71 (size before relaxing)
 .comment       0x00000000       0x71 ./src/main.o
 .comment       0x00000000       0x71 C:\wsRTO\Lib_FreeRTOS_7p0p1\Debug_LPC176x\libLib_FreeRTOS_7p0p1.a(queue.o)
 .comment       0x00000000       0x71 C:\wsRTO\Lib_FreeRTOS_7p0p1\Debug_LPC176x\libLib_FreeRTOS_7p0p1.a(tasks.o)
 .comment       0x00000000       0x71 C:\wsRTO\Lib_FreeRTOS_7p0p1\Debug_LPC176x\libLib_FreeRTOS_7p0p1.a(trace.o)
 .comment       0x00000000       0x71 C:\wsRTO\Lib_FreeRTOS_7p0p1\Debug_LPC176x\libLib_FreeRTOS_7p0p1.a(heap_2.o)
 .comment       0x00000000       0x71 C:\wsRTO\Lib_FreeRTOS_7p0p1\Debug_LPC176x\libLib_FreeRTOS_7p0p1.a(port.o)
 .comment       0x00000000       0x71 C:\wsRTO\Lib_FreeRTOS_7p0p1\Debug_LPC176x\libLib_FreeRTOS_7p0p1.a(list.o)
 .comment       0x00000000       0x71 C:\wsRTO\CMSISv2p00_LPC17xx\Debug\libCMSISv2p00_LPC17xx.a(system_LPC17xx.o)
 .comment       0x00000000       0x71 C:\wsRTO\Lib_API_CAPI\Debug\libLib_API_CAPI.a(GPIO.o)
 .comment       0x00000000       0x71 C:\wsRTO\Lib_API_CAPI\Debug\libLib_API_CAPI.a(UART.o)
 .comment       0x00000000       0x71 C:\wsRTO\Lib_Contenedores\Debug\libLib_Contenedores.a(ColaCircular.o)
 .comment       0x00000000       0x71 C:\wsRTO\Lib_MCU_LPC176x\Debug\libLib_MCU_LPC176x.a(lpc_17xx_GPIO.o)
 .comment       0x00000000       0x71 C:\wsRTO\Lib_MCU_LPC176x\Debug\libLib_MCU_LPC176x.a(lpc_17xx_PIN.o)
 .comment       0x00000000       0x71 C:\wsRTO\Lib_MCU_LPC176x\Debug\libLib_MCU_LPC176x.a(lpc_17xx_UART.o)
 .comment       0x00000000       0x71 C:\wsRTO\Lib_MCU_LPC176x\Debug\libLib_MCU_LPC176x.a(lpc17xx_gpio.o)
 .comment       0x00000000       0x71 C:\wsRTO\Lib_MCU_LPC176x\Debug\libLib_MCU_LPC176x.a(lpc17xx_pinsel.o)
 .comment       0x00000000       0x71 C:\wsRTO\Lib_MCU_LPC176x\Debug\libLib_MCU_LPC176x.a(lpc17xx_uart.o)
 .comment       0x00000000       0x71 C:\wsRTO\Lib_MCU_LPC176x\Debug\libLib_MCU_LPC176x.a(lpc17xx_libcfg_default.o)
 .comment       0x00000000       0x71 c:/nxp/lpcxpresso_7.2.0_153/lpcxpresso/tools/bin/../lib/gcc/arm-none-eabi/4.8.3/../../../../arm-none-eabi/lib/armv7-m\libcr_semihost.a(_cr__main.o)
 .comment       0x00000000       0x71 c:/nxp/lpcxpresso_7.2.0_153/lpcxpresso/tools/bin/../lib/gcc/arm-none-eabi/4.8.3/../../../../arm-none-eabi/lib/armv7-m\libcr_c.a(memcpy.o)
 .comment       0x00000000       0x71 c:/nxp/lpcxpresso_7.2.0_153/lpcxpresso/tools/bin/../lib/gcc/arm-none-eabi/4.8.3/../../../../arm-none-eabi/lib/armv7-m\libcr_c.a(memset.o)
 .comment       0x00000000       0x71 c:/nxp/lpcxpresso_7.2.0_153/lpcxpresso/tools/bin/../lib/gcc/arm-none-eabi/4.8.3/../../../../arm-none-eabi/lib/armv7-m\libcr_c.a(initio.o)
 .comment       0x00000000       0x71 c:/nxp/lpcxpresso_7.2.0_153/lpcxpresso/tools/bin/../lib/gcc/arm-none-eabi/4.8.3/../../../../arm-none-eabi/lib/armv7-m\libcr_c.a(setvbuf.o)
 .comment       0x00000000       0x71 c:/nxp/lpcxpresso_7.2.0_153/lpcxpresso/tools/bin/../lib/gcc/arm-none-eabi/4.8.3/../../../../arm-none-eabi/lib/armv7-m\libcr_c.a(stdio.o)
 .comment       0x00000000       0x71 c:/nxp/lpcxpresso_7.2.0_153/lpcxpresso/tools/bin/../lib/gcc/arm-none-eabi/4.8.3/../../../../arm-none-eabi/lib/armv7-m\libcr_c.a(strlen.o)
 .comment       0x00000000       0x71 c:/nxp/lpcxpresso_7.2.0_153/lpcxpresso/tools/bin/../lib/gcc/arm-none-eabi/4.8.3/../../../../arm-none-eabi/lib/armv7-m\libcr_c.a(strncpy.o)
 .comment       0x00000000       0x71 c:/nxp/lpcxpresso_7.2.0_153/lpcxpresso/tools/bin/../lib/gcc/arm-none-eabi/4.8.3/../../../../arm-none-eabi/lib/armv7-m\libcr_c.a(_deferredlazyseek.o)
 .comment       0x00000000       0x71 c:/nxp/lpcxpresso_7.2.0_153/lpcxpresso/tools/bin/../lib/gcc/arm-none-eabi/4.8.3/../../../../arm-none-eabi/lib/armv7-m\libcr_c.a(_fdopen.o)
 .comment       0x00000000       0x71 c:/nxp/lpcxpresso_7.2.0_153/lpcxpresso/tools/bin/../lib/gcc/arm-none-eabi/4.8.3/../../../../arm-none-eabi/lib/armv7-m\libcr_c.a(_fflush.o)
 .comment       0x00000000       0x71 c:/nxp/lpcxpresso_7.2.0_153/lpcxpresso/tools/bin/../lib/gcc/arm-none-eabi/4.8.3/../../../../arm-none-eabi/lib/armv7-m\libcr_c.a(_writebuf.o)
 .comment       0x00000000       0x71 c:/nxp/lpcxpresso_7.2.0_153/lpcxpresso/tools/bin/../lib/gcc/arm-none-eabi/4.8.3/../../../../arm-none-eabi/lib/armv7-m\libcr_c.a(alloc.o)
 .comment       0x00000000       0x71 c:/nxp/lpcxpresso_7.2.0_153/lpcxpresso/tools/bin/../lib/gcc/arm-none-eabi/4.8.3/../../../../arm-none-eabi/lib/armv7-m\libcr_c.a(errno.o)
 .comment       0x00000000       0x71 c:/nxp/lpcxpresso_7.2.0_153/lpcxpresso/tools/bin/../lib/gcc/arm-none-eabi/4.8.3/../../../../arm-none-eabi/lib/armv7-m\libcr_c.a(fclose.o)
 .comment       0x00000000       0x71 c:/nxp/lpcxpresso_7.2.0_153/lpcxpresso/tools/bin/../lib/gcc/arm-none-eabi/4.8.3/../../../../arm-none-eabi/lib/armv7-m\libcr_c.a(fflush.o)
 .comment       0x00000000       0x71 c:/nxp/lpcxpresso_7.2.0_153/lpcxpresso/tools/bin/../lib/gcc/arm-none-eabi/4.8.3/../../../../arm-none-eabi/lib/armv7-m\libcr_c.a(fseek.o)
 .comment       0x00000000       0x71 c:/nxp/lpcxpresso_7.2.0_153/lpcxpresso/tools/bin/../lib/gcc/arm-none-eabi/4.8.3/../../../../arm-none-eabi/lib/armv7-m\libcr_c.a(ftell.o)
 .comment       0x00000000       0x71 c:/nxp/lpcxpresso_7.2.0_153/lpcxpresso/tools/bin/../lib/gcc/arm-none-eabi/4.8.3/../../../../arm-none-eabi/lib/armv7-m\libcr_c.a(remove.o)
 .comment       0x00000000       0x71 c:/nxp/lpcxpresso_7.2.0_153/lpcxpresso/tools/bin/../lib/gcc/arm-none-eabi/4.8.3/../../../../arm-none-eabi/lib/armv7-m\libcr_c.a(__init_alloc.o)
 .comment       0x00000000       0x71 c:/nxp/lpcxpresso_7.2.0_153/lpcxpresso/tools/bin/../lib/gcc/arm-none-eabi/4.8.3/../../../../arm-none-eabi/lib/armv7-m\libcr_c.a(_cr_sbrk.o)
 .comment       0x00000000       0x71 c:/nxp/lpcxpresso_7.2.0_153/lpcxpresso/tools/bin/../lib/gcc/arm-none-eabi/4.8.3/../../../../arm-none-eabi/lib/armv7-m\libcr_c.a(_do_fflush.o)
 .comment       0x00000000       0x71 c:/nxp/lpcxpresso_7.2.0_153/lpcxpresso/tools/bin/../lib/gcc/arm-none-eabi/4.8.3/../../../../arm-none-eabi/lib/armv7-m\libcr_c.a(_cr_check_heap.o)

.ARM.attributes
                0x00000000       0x31
 .ARM.attributes
                0x00000000       0x33 ./src/cr_startup_lpc17.o
 .ARM.attributes
                0x00000033       0x33 ./src/main.o
 .ARM.attributes
                0x00000066       0x33 C:\wsRTO\Lib_FreeRTOS_7p0p1\Debug_LPC176x\libLib_FreeRTOS_7p0p1.a(queue.o)
 .ARM.attributes
                0x00000099       0x33 C:\wsRTO\Lib_FreeRTOS_7p0p1\Debug_LPC176x\libLib_FreeRTOS_7p0p1.a(tasks.o)
 .ARM.attributes
                0x000000cc       0x33 C:\wsRTO\Lib_FreeRTOS_7p0p1\Debug_LPC176x\libLib_FreeRTOS_7p0p1.a(trace.o)
 .ARM.attributes
                0x000000ff       0x33 C:\wsRTO\Lib_FreeRTOS_7p0p1\Debug_LPC176x\libLib_FreeRTOS_7p0p1.a(heap_2.o)
 .ARM.attributes
                0x00000132       0x33 C:\wsRTO\Lib_FreeRTOS_7p0p1\Debug_LPC176x\libLib_FreeRTOS_7p0p1.a(port.o)
 .ARM.attributes
                0x00000165       0x33 C:\wsRTO\Lib_FreeRTOS_7p0p1\Debug_LPC176x\libLib_FreeRTOS_7p0p1.a(list.o)
 .ARM.attributes
                0x00000198       0x33 C:\wsRTO\CMSISv2p00_LPC17xx\Debug\libCMSISv2p00_LPC17xx.a(system_LPC17xx.o)
 .ARM.attributes
                0x000001cb       0x33 C:\wsRTO\Lib_API_CAPI\Debug\libLib_API_CAPI.a(GPIO.o)
 .ARM.attributes
                0x000001fe       0x33 C:\wsRTO\Lib_API_CAPI\Debug\libLib_API_CAPI.a(UART.o)
 .ARM.attributes
                0x00000231       0x33 C:\wsRTO\Lib_Contenedores\Debug\libLib_Contenedores.a(ColaCircular.o)
 .ARM.attributes
                0x00000264       0x33 C:\wsRTO\Lib_MCU_LPC176x\Debug\libLib_MCU_LPC176x.a(lpc_17xx_GPIO.o)
 .ARM.attributes
                0x00000297       0x33 C:\wsRTO\Lib_MCU_LPC176x\Debug\libLib_MCU_LPC176x.a(lpc_17xx_PIN.o)
 .ARM.attributes
                0x000002ca       0x33 C:\wsRTO\Lib_MCU_LPC176x\Debug\libLib_MCU_LPC176x.a(lpc_17xx_UART.o)
 .ARM.attributes
                0x000002fd       0x33 C:\wsRTO\Lib_MCU_LPC176x\Debug\libLib_MCU_LPC176x.a(lpc17xx_gpio.o)
 .ARM.attributes
                0x00000330       0x33 C:\wsRTO\Lib_MCU_LPC176x\Debug\libLib_MCU_LPC176x.a(lpc17xx_pinsel.o)
 .ARM.attributes
                0x00000363       0x33 C:\wsRTO\Lib_MCU_LPC176x\Debug\libLib_MCU_LPC176x.a(lpc17xx_uart.o)
 .ARM.attributes
                0x00000396       0x33 C:\wsRTO\Lib_MCU_LPC176x\Debug\libLib_MCU_LPC176x.a(lpc17xx_libcfg_default.o)
 .ARM.attributes
                0x000003c9       0x33 c:/nxp/lpcxpresso_7.2.0_153/lpcxpresso/tools/bin/../lib/gcc/arm-none-eabi/4.8.3/../../../../arm-none-eabi/lib/armv7-m\libcr_semihost.a(_cr__main.o)
 .ARM.attributes
                0x000003fc       0x33 c:/nxp/lpcxpresso_7.2.0_153/lpcxpresso/tools/bin/../lib/gcc/arm-none-eabi/4.8.3/../../../../arm-none-eabi/lib/armv7-m\libcr_c.a(memcpy.o)
 .ARM.attributes
                0x0000042f       0x33 c:/nxp/lpcxpresso_7.2.0_153/lpcxpresso/tools/bin/../lib/gcc/arm-none-eabi/4.8.3/../../../../arm-none-eabi/lib/armv7-m\libcr_c.a(memset.o)
 .ARM.attributes
                0x00000462       0x33 c:/nxp/lpcxpresso_7.2.0_153/lpcxpresso/tools/bin/../lib/gcc/arm-none-eabi/4.8.3/../../../../arm-none-eabi/lib/armv7-m\libcr_c.a(initio.o)
 .ARM.attributes
                0x00000495       0x33 c:/nxp/lpcxpresso_7.2.0_153/lpcxpresso/tools/bin/../lib/gcc/arm-none-eabi/4.8.3/../../../../arm-none-eabi/lib/armv7-m\libcr_c.a(setvbuf.o)
 .ARM.attributes
                0x000004c8       0x33 c:/nxp/lpcxpresso_7.2.0_153/lpcxpresso/tools/bin/../lib/gcc/arm-none-eabi/4.8.3/../../../../arm-none-eabi/lib/armv7-m\libcr_c.a(stdio.o)
 .ARM.attributes
                0x000004fb       0x33 c:/nxp/lpcxpresso_7.2.0_153/lpcxpresso/tools/bin/../lib/gcc/arm-none-eabi/4.8.3/../../../../arm-none-eabi/lib/armv7-m\libcr_c.a(strlen.o)
 .ARM.attributes
                0x0000052e       0x33 c:/nxp/lpcxpresso_7.2.0_153/lpcxpresso/tools/bin/../lib/gcc/arm-none-eabi/4.8.3/../../../../arm-none-eabi/lib/armv7-m\libcr_c.a(strncpy.o)
 .ARM.attributes
                0x00000561       0x33 c:/nxp/lpcxpresso_7.2.0_153/lpcxpresso/tools/bin/../lib/gcc/arm-none-eabi/4.8.3/../../../../arm-none-eabi/lib/armv7-m\libcr_c.a(_deferredlazyseek.o)
 .ARM.attributes
                0x00000594       0x33 c:/nxp/lpcxpresso_7.2.0_153/lpcxpresso/tools/bin/../lib/gcc/arm-none-eabi/4.8.3/../../../../arm-none-eabi/lib/armv7-m\libcr_c.a(_fdopen.o)
 .ARM.attributes
                0x000005c7       0x33 c:/nxp/lpcxpresso_7.2.0_153/lpcxpresso/tools/bin/../lib/gcc/arm-none-eabi/4.8.3/../../../../arm-none-eabi/lib/armv7-m\libcr_c.a(_fflush.o)
 .ARM.attributes
                0x000005fa       0x33 c:/nxp/lpcxpresso_7.2.0_153/lpcxpresso/tools/bin/../lib/gcc/arm-none-eabi/4.8.3/../../../../arm-none-eabi/lib/armv7-m\libcr_c.a(_writebuf.o)
 .ARM.attributes
                0x0000062d       0x33 c:/nxp/lpcxpresso_7.2.0_153/lpcxpresso/tools/bin/../lib/gcc/arm-none-eabi/4.8.3/../../../../arm-none-eabi/lib/armv7-m\libcr_c.a(alloc.o)
 .ARM.attributes
                0x00000660       0x33 c:/nxp/lpcxpresso_7.2.0_153/lpcxpresso/tools/bin/../lib/gcc/arm-none-eabi/4.8.3/../../../../arm-none-eabi/lib/armv7-m\libcr_c.a(errno.o)
 .ARM.attributes
                0x00000693       0x33 c:/nxp/lpcxpresso_7.2.0_153/lpcxpresso/tools/bin/../lib/gcc/arm-none-eabi/4.8.3/../../../../arm-none-eabi/lib/armv7-m\libcr_c.a(fclose.o)
 .ARM.attributes
                0x000006c6       0x33 c:/nxp/lpcxpresso_7.2.0_153/lpcxpresso/tools/bin/../lib/gcc/arm-none-eabi/4.8.3/../../../../arm-none-eabi/lib/armv7-m\libcr_c.a(fflush.o)
 .ARM.attributes
                0x000006f9       0x33 c:/nxp/lpcxpresso_7.2.0_153/lpcxpresso/tools/bin/../lib/gcc/arm-none-eabi/4.8.3/../../../../arm-none-eabi/lib/armv7-m\libcr_c.a(fseek.o)
 .ARM.attributes
                0x0000072c       0x33 c:/nxp/lpcxpresso_7.2.0_153/lpcxpresso/tools/bin/../lib/gcc/arm-none-eabi/4.8.3/../../../../arm-none-eabi/lib/armv7-m\libcr_c.a(ftell.o)
 .ARM.attributes
                0x0000075f       0x33 c:/nxp/lpcxpresso_7.2.0_153/lpcxpresso/tools/bin/../lib/gcc/arm-none-eabi/4.8.3/../../../../arm-none-eabi/lib/armv7-m\libcr_c.a(remove.o)
 .ARM.attributes
                0x00000792       0x33 c:/nxp/lpcxpresso_7.2.0_153/lpcxpresso/tools/bin/../lib/gcc/arm-none-eabi/4.8.3/../../../../arm-none-eabi/lib/armv7-m\libcr_c.a(__init_alloc.o)
 .ARM.attributes
                0x000007c5       0x33 c:/nxp/lpcxpresso_7.2.0_153/lpcxpresso/tools/bin/../lib/gcc/arm-none-eabi/4.8.3/../../../../arm-none-eabi/lib/armv7-m\libcr_c.a(_cr_sbrk.o)
 .ARM.attributes
                0x000007f8       0x33 c:/nxp/lpcxpresso_7.2.0_153/lpcxpresso/tools/bin/../lib/gcc/arm-none-eabi/4.8.3/../../../../arm-none-eabi/lib/armv7-m\libcr_c.a(_do_fflush.o)
 .ARM.attributes
                0x0000082b       0x33 c:/nxp/lpcxpresso_7.2.0_153/lpcxpresso/tools/bin/../lib/gcc/arm-none-eabi/4.8.3/../../../../arm-none-eabi/lib/armv7-m\libcr_c.a(_cr_check_heap.o)
 .ARM.attributes
                0x0000085e       0x21 c:/nxp/lpcxpresso_7.2.0_153/lpcxpresso/tools/bin/../lib/gcc/arm-none-eabi/4.8.3/armv7-m\libcr_eabihelpers.a(memcpy.o)
 .ARM.attributes
                0x0000087f       0x21 c:/nxp/lpcxpresso_7.2.0_153/lpcxpresso/tools/bin/../lib/gcc/arm-none-eabi/4.8.3/../../../../arm-none-eabi/lib/armv7-m\libcr_semihost.a(__sys_appexit.o)
 .ARM.attributes
                0x000008a0       0x21 c:/nxp/lpcxpresso_7.2.0_153/lpcxpresso/tools/bin/../lib/gcc/arm-none-eabi/4.8.3/../../../../arm-none-eabi/lib/armv7-m\libcr_semihost.a(__sys_close.o)
 .ARM.attributes
                0x000008c1       0x21 c:/nxp/lpcxpresso_7.2.0_153/lpcxpresso/tools/bin/../lib/gcc/arm-none-eabi/4.8.3/../../../../arm-none-eabi/lib/armv7-m\libcr_semihost.a(__sys_flen.o)
 .ARM.attributes
                0x000008e2       0x21 c:/nxp/lpcxpresso_7.2.0_153/lpcxpresso/tools/bin/../lib/gcc/arm-none-eabi/4.8.3/../../../../arm-none-eabi/lib/armv7-m\libcr_semihost.a(__sys_istty.o)
 .ARM.attributes
                0x00000903       0x21 c:/nxp/lpcxpresso_7.2.0_153/lpcxpresso/tools/bin/../lib/gcc/arm-none-eabi/4.8.3/../../../../arm-none-eabi/lib/armv7-m\libcr_semihost.a(__sys_remove.o)
 .ARM.attributes
                0x00000924       0x21 c:/nxp/lpcxpresso_7.2.0_153/lpcxpresso/tools/bin/../lib/gcc/arm-none-eabi/4.8.3/../../../../arm-none-eabi/lib/armv7-m\libcr_semihost.a(__sys_seek.o)
 .ARM.attributes
                0x00000945       0x21 c:/nxp/lpcxpresso_7.2.0_153/lpcxpresso/tools/bin/../lib/gcc/arm-none-eabi/4.8.3/../../../../arm-none-eabi/lib/armv7-m\libcr_semihost.a(__sys_tmpnam.o)
 .ARM.attributes
                0x00000966       0x21 c:/nxp/lpcxpresso_7.2.0_153/lpcxpresso/tools/bin/../lib/gcc/arm-none-eabi/4.8.3/../../../../arm-none-eabi/lib/armv7-m\libcr_semihost.a(__sys_write.o)

.debug_frame    0x00000000     0x1524
 .debug_frame   0x00000000       0xd8 ./src/cr_startup_lpc17.o
 .debug_frame   0x000000d8       0xbc ./src/main.o
 .debug_frame   0x00000194      0x228 C:\wsRTO\Lib_FreeRTOS_7p0p1\Debug_LPC176x\libLib_FreeRTOS_7p0p1.a(queue.o)
 .debug_frame   0x000003bc      0x408 C:\wsRTO\Lib_FreeRTOS_7p0p1\Debug_LPC176x\libLib_FreeRTOS_7p0p1.a(tasks.o)
 .debug_frame   0x000007c4      0x10c C:\wsRTO\Lib_FreeRTOS_7p0p1\Debug_LPC176x\libLib_FreeRTOS_7p0p1.a(trace.o)
 .debug_frame   0x000008d0       0x68 C:\wsRTO\Lib_FreeRTOS_7p0p1\Debug_LPC176x\libLib_FreeRTOS_7p0p1.a(heap_2.o)
 .debug_frame   0x00000938       0xd0 C:\wsRTO\Lib_FreeRTOS_7p0p1\Debug_LPC176x\libLib_FreeRTOS_7p0p1.a(port.o)
 .debug_frame   0x00000a08       0x68 C:\wsRTO\Lib_FreeRTOS_7p0p1\Debug_LPC176x\libLib_FreeRTOS_7p0p1.a(list.o)
 .debug_frame   0x00000a70       0x3c C:\wsRTO\CMSISv2p00_LPC17xx\Debug\libCMSISv2p00_LPC17xx.a(system_LPC17xx.o)
 .debug_frame   0x00000aac       0x84 C:\wsRTO\Lib_API_CAPI\Debug\libLib_API_CAPI.a(GPIO.o)
 .debug_frame   0x00000b30       0x80 C:\wsRTO\Lib_API_CAPI\Debug\libLib_API_CAPI.a(UART.o)
 .debug_frame   0x00000bb0       0xa8 C:\wsRTO\Lib_Contenedores\Debug\libLib_Contenedores.a(ColaCircular.o)
 .debug_frame   0x00000c58       0x70 C:\wsRTO\Lib_MCU_LPC176x\Debug\libLib_MCU_LPC176x.a(lpc_17xx_GPIO.o)
 .debug_frame   0x00000cc8       0x28 C:\wsRTO\Lib_MCU_LPC176x\Debug\libLib_MCU_LPC176x.a(lpc_17xx_PIN.o)
 .debug_frame   0x00000cf0      0x1d0 C:\wsRTO\Lib_MCU_LPC176x\Debug\libLib_MCU_LPC176x.a(lpc_17xx_UART.o)
 .debug_frame   0x00000ec0      0x2b0 C:\wsRTO\Lib_MCU_LPC176x\Debug\libLib_MCU_LPC176x.a(lpc17xx_gpio.o)
 .debug_frame   0x00001170       0x88 C:\wsRTO\Lib_MCU_LPC176x\Debug\libLib_MCU_LPC176x.a(lpc17xx_pinsel.o)
 .debug_frame   0x000011f8      0x30c C:\wsRTO\Lib_MCU_LPC176x\Debug\libLib_MCU_LPC176x.a(lpc17xx_uart.o)
 .debug_frame   0x00001504       0x20 C:\wsRTO\Lib_MCU_LPC176x\Debug\libLib_MCU_LPC176x.a(lpc17xx_libcfg_default.o)

.debug_loc      0x00000000     0x4239
 .debug_loc     0x00000000      0x7f1 C:\wsRTO\Lib_FreeRTOS_7p0p1\Debug_LPC176x\libLib_FreeRTOS_7p0p1.a(queue.o)
 .debug_loc     0x000007f1      0xd4a C:\wsRTO\Lib_FreeRTOS_7p0p1\Debug_LPC176x\libLib_FreeRTOS_7p0p1.a(tasks.o)
 .debug_loc     0x0000153b      0x2c4 C:\wsRTO\Lib_FreeRTOS_7p0p1\Debug_LPC176x\libLib_FreeRTOS_7p0p1.a(trace.o)
 .debug_loc     0x000017ff      0x1c8 C:\wsRTO\Lib_FreeRTOS_7p0p1\Debug_LPC176x\libLib_FreeRTOS_7p0p1.a(heap_2.o)
 .debug_loc     0x000019c7       0x5f C:\wsRTO\Lib_FreeRTOS_7p0p1\Debug_LPC176x\libLib_FreeRTOS_7p0p1.a(port.o)
 .debug_loc     0x00001a26       0x44 C:\wsRTO\Lib_FreeRTOS_7p0p1\Debug_LPC176x\libLib_FreeRTOS_7p0p1.a(list.o)
 .debug_loc     0x00001a6a      0x1a2 C:\wsRTO\Lib_API_CAPI\Debug\libLib_API_CAPI.a(GPIO.o)
 .debug_loc     0x00001c0c       0xe7 C:\wsRTO\Lib_API_CAPI\Debug\libLib_API_CAPI.a(UART.o)
 .debug_loc     0x00001cf3      0x122 C:\wsRTO\Lib_Contenedores\Debug\libLib_Contenedores.a(ColaCircular.o)
 .debug_loc     0x00001e15       0xc0 C:\wsRTO\Lib_MCU_LPC176x\Debug\libLib_MCU_LPC176x.a(lpc_17xx_GPIO.o)
 .debug_loc     0x00001ed5       0x21 C:\wsRTO\Lib_MCU_LPC176x\Debug\libLib_MCU_LPC176x.a(lpc_17xx_PIN.o)
 .debug_loc     0x00001ef6      0x48d C:\wsRTO\Lib_MCU_LPC176x\Debug\libLib_MCU_LPC176x.a(lpc_17xx_UART.o)
 .debug_loc     0x00002383      0xc56 C:\wsRTO\Lib_MCU_LPC176x\Debug\libLib_MCU_LPC176x.a(lpc17xx_gpio.o)
 .debug_loc     0x00002fd9      0x1e7 C:\wsRTO\Lib_MCU_LPC176x\Debug\libLib_MCU_LPC176x.a(lpc17xx_pinsel.o)
 .debug_loc     0x000031c0     0x1079 C:\wsRTO\Lib_MCU_LPC176x\Debug\libLib_MCU_LPC176x.a(lpc17xx_uart.o)
