Archive member included because of file (symbol)

/home/carlos/ciaa-ide/workspace/freertos_lpc43xx/Debug/libfreertos_lpc43xx.a(tasks.o)
                              ./src/main.o (xTaskGenericCreate)
/home/carlos/ciaa-ide/workspace/freertos_lpc43xx/Debug/libfreertos_lpc43xx.a(FreeRTOSCommonHooks.o)
                              /home/carlos/ciaa-ide/workspace/freertos_lpc43xx/Debug/libfreertos_lpc43xx.a(tasks.o) (vApplicationIdleHook)
/home/carlos/ciaa-ide/workspace/freertos_lpc43xx/Debug/libfreertos_lpc43xx.a(heap_2.o)
                              /home/carlos/ciaa-ide/workspace/freertos_lpc43xx/Debug/libfreertos_lpc43xx.a(tasks.o) (pvPortMalloc)
/home/carlos/ciaa-ide/workspace/freertos_lpc43xx/Debug/libfreertos_lpc43xx.a(list.o)
                              /home/carlos/ciaa-ide/workspace/freertos_lpc43xx/Debug/libfreertos_lpc43xx.a(tasks.o) (vListInitialise)
/home/carlos/ciaa-ide/workspace/freertos_lpc43xx/Debug/libfreertos_lpc43xx.a(port.o)
                              /home/carlos/ciaa-ide/workspace/freertos_lpc43xx/Debug/libfreertos_lpc43xx.a(tasks.o) (pxPortInitialiseStack)
/home/carlos/ciaa-ide/workspace/lpcopen_lpc4337/Debug/liblpcopen_lpc4337.a(board.o)
                              ./src/main.o (Board_LED_Set)
/home/carlos/ciaa-ide/workspace/lpcopen_lpc4337/Debug/liblpcopen_lpc4337.a(chip_18xx_43xx.o)
                              /home/carlos/ciaa-ide/workspace/freertos_lpc43xx/Debug/libfreertos_lpc43xx.a(port.o) (SystemCoreClock)
/home/carlos/ciaa-ide/workspace/lpcopen_lpc4337/Debug/liblpcopen_lpc4337.a(clock_18xx_43xx.o)
                              /home/carlos/ciaa-ide/workspace/lpcopen_lpc4337/Debug/liblpcopen_lpc4337.a(chip_18xx_43xx.o) (Chip_Clock_GetClockInputHz)
/home/carlos/ciaa-ide/workspace/lpcopen_lpc4337/Debug/liblpcopen_lpc4337.a(cr_startup_lpc43xx.o)
                              (ResetISR)
/home/carlos/ciaa-ide/workspace/lpcopen_lpc4337/Debug/liblpcopen_lpc4337.a(gpio_18xx_43xx.o)
                              /home/carlos/ciaa-ide/workspace/lpcopen_lpc4337/Debug/liblpcopen_lpc4337.a(board.o) (Chip_GPIO_Init)
/home/carlos/ciaa-ide/workspace/lpcopen_lpc4337/Debug/liblpcopen_lpc4337.a(i2s_18xx_43xx.o)
                              /home/carlos/ciaa-ide/workspace/lpcopen_lpc4337/Debug/liblpcopen_lpc4337.a(board.o) (Chip_I2S_Init)
/home/carlos/ciaa-ide/workspace/lpcopen_lpc4337/Debug/liblpcopen_lpc4337.a(sysinit.o)
                              /home/carlos/ciaa-ide/workspace/lpcopen_lpc4337/Debug/liblpcopen_lpc4337.a(cr_startup_lpc43xx.o) (SystemInit)
/home/carlos/ciaa-ide/workspace/lpcopen_lpc4337/Debug/liblpcopen_lpc4337.a(uart_18xx_43xx.o)
                              /home/carlos/ciaa-ide/workspace/lpcopen_lpc4337/Debug/liblpcopen_lpc4337.a(board.o) (Chip_UART_Init)
/home/carlos/ciaa-ide/workspace/lpcopen_lpc4337/Debug/liblpcopen_lpc4337.a(uda1380.o)
                              /home/carlos/ciaa-ide/workspace/lpcopen_lpc4337/Debug/liblpcopen_lpc4337.a(board.o) (UDA1380_Init)
/home/carlos/ciaa-ide/workspace/lpcopen_lpc4337/Debug/liblpcopen_lpc4337.a(board_sysinit.o)
                              /home/carlos/ciaa-ide/workspace/lpcopen_lpc4337/Debug/liblpcopen_lpc4337.a(sysinit.o) (Board_SystemInit)
/home/carlos/ciaa-ide/workspace/lpcopen_lpc4337/Debug/liblpcopen_lpc4337.a(fpu_init.o)
                              /home/carlos/ciaa-ide/workspace/lpcopen_lpc4337/Debug/liblpcopen_lpc4337.a(sysinit.o) (fpuInit)
/home/carlos/ciaa-ide/workspace/lpcopen_lpc4337/Debug/liblpcopen_lpc4337.a(i2c_18xx_43xx.o)
                              /home/carlos/ciaa-ide/workspace/lpcopen_lpc4337/Debug/liblpcopen_lpc4337.a(uda1380.o) (Chip_I2C_EventHandlerPolling)
/home/carlos/ciaa-ide/workspace/lpcopen_lpc4337/Debug/liblpcopen_lpc4337.a(ring_buffer.o)
                              /home/carlos/ciaa-ide/workspace/lpcopen_lpc4337/Debug/liblpcopen_lpc4337.a(uart_18xx_43xx.o) (RingBuffer_Insert)
/home/carlos/ciaa-ide/workspace/lpcopen_lpc4337/Debug/liblpcopen_lpc4337.a(sysinit_18xx_43xx.o)
                              /home/carlos/ciaa-ide/workspace/lpcopen_lpc4337/Debug/liblpcopen_lpc4337.a(board_sysinit.o) (Chip_SetupCoreClock)
/home/carlos/ciaa-ide/gcc-arm-none-eabi-4_9-2015q1/bin/../lib/gcc/arm-none-eabi/4.9.3/armv7e-m/softfp/libgcc.a(_aeabi_uldivmod.o)
                              /home/carlos/ciaa-ide/workspace/lpcopen_lpc4337/Debug/liblpcopen_lpc4337.a(i2s_18xx_43xx.o) (__aeabi_uldivmod)
/home/carlos/ciaa-ide/gcc-arm-none-eabi-4_9-2015q1/bin/../lib/gcc/arm-none-eabi/4.9.3/armv7e-m/softfp/libgcc.a(bpabi.o)
                              /home/carlos/ciaa-ide/gcc-arm-none-eabi-4_9-2015q1/bin/../lib/gcc/arm-none-eabi/4.9.3/armv7e-m/softfp/libgcc.a(_aeabi_uldivmod.o) (__gnu_uldivmod_helper)
/home/carlos/ciaa-ide/gcc-arm-none-eabi-4_9-2015q1/bin/../lib/gcc/arm-none-eabi/4.9.3/armv7e-m/softfp/libgcc.a(_dvmd_tls.o)
                              /home/carlos/ciaa-ide/gcc-arm-none-eabi-4_9-2015q1/bin/../lib/gcc/arm-none-eabi/4.9.3/armv7e-m/softfp/libgcc.a(_aeabi_uldivmod.o) (__aeabi_ldiv0)
[...]
Memory Configuration

Name             Origin             Length             Attributes
MFlashA512       0x1a000000         0x00080000         xr
MFlashB512       0x1b000000         0x00080000         xr
RamLoc32         0x10000000         0x00008000         xrw
RamLoc40         0x10080000         0x0000a000         xrw
RamAHB32         0x20000000         0x00008000         xrw
RamAHB16         0x20008000         0x00004000         xrw
RamAHB_ETB16     0x2000c000         0x00004000         xrw
*default*        0x00000000         0xffffffff

Linker script and memory map

LOAD /home/carlos/ciaa-ide/gcc-arm-none-eabi-4_9-2015q1/bin/../lib/gcc/arm-none-eabi/4.9.3/armv7e-m/softfp/crti.o
LOAD /home/carlos/ciaa-ide/gcc-arm-none-eabi-4_9-2015q1/bin/../lib/gcc/arm-none-eabi/4.9.3/armv7e-m/softfp/crtbegin.o
LOAD /home/carlos/ciaa-ide/gcc-arm-none-eabi-4_9-2015q1/bin/../lib/gcc/arm-none-eabi/4.9.3/../../../../arm-none-eabi/lib/armv7e-m/softfp/crt0.o
LOAD ./src/main.o
LOAD /home/carlos/ciaa-ide/workspace/freertos_lpc43xx/Debug/libfreertos_lpc43xx.a
LOAD /home/carlos/ciaa-ide/workspace/lpcopen_lpc4337/Debug/liblpcopen_lpc4337.a
START GROUP
LOAD /home/carlos/ciaa-ide/gcc-arm-none-eabi-4_9-2015q1/bin/../lib/gcc/arm-none-eabi/4.9.3/armv7e-m/softfp/libgcc.a
LOAD /home/carlos/ciaa-ide/gcc-arm-none-eabi-4_9-2015q1/bin/../lib/gcc/arm-none-eabi/4.9.3/../../../../arm-none-eabi/lib/armv7e-m/softfp/libg_nano.a
LOAD /home/carlos/ciaa-ide/gcc-arm-none-eabi-4_9-2015q1/bin/../lib/gcc/arm-none-eabi/4.9.3/../../../../arm-none-eabi/lib/armv7e-m/softfp/libc_nano.a
END GROUP
START GROUP
LOAD /home/carlos/ciaa-ide/gcc-arm-none-eabi-4_9-2015q1/bin/../lib/gcc/arm-none-eabi/4.9.3/armv7e-m/softfp/libgcc.a
LOAD /home/carlos/ciaa-ide/gcc-arm-none-eabi-4_9-2015q1/bin/../lib/gcc/arm-none-eabi/4.9.3/../../../../arm-none-eabi/lib/armv7e-m/softfp/libc_nano.a
END GROUP
LOAD /home/carlos/ciaa-ide/gcc-arm-none-eabi-4_9-2015q1/bin/../lib/gcc/arm-none-eabi/4.9.3/armv7e-m/softfp/crtend.o
LOAD /home/carlos/ciaa-ide/gcc-arm-none-eabi-4_9-2015q1/bin/../lib/gcc/arm-none-eabi/4.9.3/armv7e-m/softfp/crtn.o
START GROUP
LOAD /home/carlos/ciaa-ide/gcc-arm-none-eabi-4_9-2015q1/bin/../lib/gcc/arm-none-eabi/4.9.3/armv7e-m/softfp/libgcc.a
LOAD /home/carlos/ciaa-ide/gcc-arm-none-eabi-4_9-2015q1/bin/../lib/gcc/arm-none-eabi/4.9.3/../../../../arm-none-eabi/lib/armv7e-m/softfp/libc.a
LOAD /home/carlos/ciaa-ide/gcc-arm-none-eabi-4_9-2015q1/bin/../lib/gcc/arm-none-eabi/4.9.3/../../../../arm-none-eabi/lib/armv7e-m/softfp/libm.a
END GROUP
                0x1a080000                __top_MFlashA512 = 0x1a080000
                0x1b080000                __top_MFlashB512 = 0x1b080000
                0x10008000                __top_RamLoc32 = 0x10008000
                0x1008a000                __top_RamLoc40 = 0x1008a000
                0x20008000                __top_RamAHB32 = 0x20008000
                0x2000c000                __top_RamAHB16 = 0x2000c000
                0x20010000                __top_RamAHB_ETB16 = 0x20010000

.text_Flash2    0x1b000000        0x0
 FILL mask 0xff
 *(.text_Flash2*)
 *(.text_MFlashB512*)
 *(.text.$Flash2*)
 *(.text.$MFlashB512*)
 *(.rodata.$Flash2*)
 *(.rodata.$MFlashB512*)

.text           0x1a000000     0x23a8
 FILL mask 0xff
                0x1a000000                __vectors_start__ = ABSOLUTE (.)
 *(.isr_vector)
 .isr_vector    0x1a000000      0x114 /home/carlos/ciaa-ide/workspace/lpcopen_lpc4337/Debug/liblpcopen_lpc4337.a(cr_startup_lpc43xx.o)
                0x1a000000                g_pfnVectors
                0x1a000114                . = ALIGN (0x4)
                0x1a000114                __section_table_start = .
                0x1a000114                __data_section_table = .
                0x1a000114        0x4 LONG 0x1a0023a8 LOADADDR (.data)
                0x1a000118        0x4 LONG 0x10000000 ADDR (.data)
                0x1a00011c        0x4 LONG 0x4c SIZEOF (.data)
                0x1a000120        0x4 LONG 0x1a0023a8 LOADADDR (.data_RAM2)
                0x1a000124        0x4 LONG 0x10080000 ADDR (.data_RAM2)
                0x1a000128        0x4 LONG 0x0 SIZEOF (.data_RAM2)
                0x1a00012c        0x4 LONG 0x1a0023a8 LOADADDR (.data_RAM3)
                0x1a000130        0x4 LONG 0x20000000 ADDR (.data_RAM3)
                0x1a000134        0x4 LONG 0x0 SIZEOF (.data_RAM3)
                0x1a000138        0x4 LONG 0x1a0023a8 LOADADDR (.data_RAM4)
                0x1a00013c        0x4 LONG 0x20008000 ADDR (.data_RAM4)
                0x1a000140        0x4 LONG 0x0 SIZEOF (.data_RAM4)
                0x1a000144        0x4 LONG 0x1a0023a8 LOADADDR (.data_RAM5)
                0x1a000148        0x4 LONG 0x2000c000 ADDR (.data_RAM5)
                0x1a00014c        0x4 LONG 0x0 SIZEOF (.data_RAM5)
                0x1a000150                __data_section_table_end = .
                0x1a000150                __bss_section_table = .
                0x1a000150        0x4 LONG 0x1000004c ADDR (.bss)
                0x1a000154        0x4 LONG 0x1160 SIZEOF (.bss)
                0x1a000158        0x4 LONG 0x10080000 ADDR (.bss_RAM2)
                0x1a00015c        0x4 LONG 0x0 SIZEOF (.bss_RAM2)
                0x1a000160        0x4 LONG 0x20000000 ADDR (.bss_RAM3)
                0x1a000164        0x4 LONG 0x0 SIZEOF (.bss_RAM3)
                0x1a000168        0x4 LONG 0x20008000 ADDR (.bss_RAM4)
                0x1a00016c        0x4 LONG 0x0 SIZEOF (.bss_RAM4)
                0x1a000170        0x4 LONG 0x2000c000 ADDR (.bss_RAM5)
                0x1a000174        0x4 LONG 0x0 SIZEOF (.bss_RAM5)
                0x1a000178                __bss_section_table_end = .
                0x1a000178                __section_table_end = .
 *(.after_vectors*)
 .after_vectors
                0x1a000178       0xbc /home/carlos/ciaa-ide/workspace/lpcopen_lpc4337/Debug/liblpcopen_lpc4337.a(cr_startup_lpc43xx.o)
                0x1a000178                data_init
                0x1a0001bc                bss_init
                0x1a0001f4                NMI_Handler
                0x1a0001fc                HardFault_Handler
                0x1a000204                MemManage_Handler
                0x1a00020c                BusFault_Handler
                0x1a000214                UsageFault_Handler
                0x1a000224                DebugMon_Handler
                0x1a00022c                TIMER2_IRQHandler
                0x1a00022c                RIT_IRQHandler
                0x1a00022c                ADCHS_IRQHandler
                0x1a00022c                I2C0_IRQHandler
                0x1a00022c                SDIO_IRQHandler
                0x1a00022c                ATIMER_IRQHandler
                0x1a00022c                I2C1_IRQHandler
                0x1a00022c                UART1_IRQHandler
                0x1a00022c                GPIO5_IRQHandler
                0x1a00022c                CAN1_IRQHandler
                0x1a00022c                USB1_IRQHandler
                0x1a00022c                I2S0_IRQHandler
                0x1a00022c                TIMER3_IRQHandler
                0x1a00022c                UART0_IRQHandler
                0x1a00022c                SGPIO_IRQHandler
                0x1a00022c                ADC0_IRQHandler
                0x1a00022c                GPIO6_IRQHandler
                0x1a00022c                IntDefaultHandler
                0x1a00022c                GPIO1_IRQHandler
                0x1a00022c                SSP0_IRQHandler
                0x1a00022c                ADC1_IRQHandler
                0x1a00022c                FLASHEEPROM_IRQHandler
                0x1a00022c                RTC_IRQHandler
                0x1a00022c                TIMER0_IRQHandler
                0x1a00022c                SPI_IRQHandler
                0x1a00022c                LCD_IRQHandler
                0x1a00022c                TIMER1_IRQHandler
                0x1a00022c                UART2_IRQHandler
                0x1a00022c                GPIO2_IRQHandler
                0x1a00022c                I2S1_IRQHandler
                0x1a00022c                SSP1_IRQHandler
                0x1a00022c                USB0_IRQHandler
                0x1a00022c                GPIO3_IRQHandler
                0x1a00022c                SCT_IRQHandler
                0x1a00022c                MX_CORE_IRQHandler
                0x1a00022c                WDT_IRQHandler
                0x1a00022c                GPIO7_IRQHandler
                0x1a00022c                SPIFI_IRQHandler
                0x1a00022c                QEI_IRQHandler
                0x1a00022c                ETH_IRQHandler
                0x1a00022c                CAN0_IRQHandler
                0x1a00022c                GINT0_IRQHandler
                0x1a00022c                DAC_IRQHandler
                0x1a00022c                M0SUB_IRQHandler
                0x1a00022c                GPIO0_IRQHandler
                0x1a00022c                DMA_IRQHandler
                0x1a00022c                EVRT_IRQHandler
                0x1a00022c                UART3_IRQHandler
                0x1a00022c                MCPWM_IRQHandler
                0x1a00022c                GINT1_IRQHandler
                0x1a00022c                GPIO4_IRQHandler
                0x000002fc                . = 0x2fc
 *fill*         0x1a000234       0xc8 ff
                0x1a0002fc                PROVIDE (__CRP_WORD_START__, .)
 *(.crp)
 .crp           0x1a0002fc        0x4 /home/carlos/ciaa-ide/workspace/lpcopen_lpc4337/Debug/liblpcopen_lpc4337.a(cr_startup_lpc43xx.o)
                0x1a0002fc                CRP_WORD
                0x1a000300                PROVIDE (__CRP_WORD_END__, .)
                0x00000001                ASSERT (! ((__CRP_WORD_START__ == __CRP_WORD_END__)), Linker CRP Enabled, but no CRP_WORD provided within application)
 *(.text*)
 .text.setupHardware
                0x1a000300       0x10 ./src/main.o
 .text.taskBlink
                0x1a000310       0x58 ./src/main.o
 .text.main     0x1a000368       0x34 ./src/main.o
                0x1a000368                main
 .text.xTaskGenericCreate
                0x1a00039c      0x160 /home/carlos/ciaa-ide/workspace/freertos_lpc43xx/Debug/libfreertos_lpc43xx.a(tasks.o)
                0x1a00039c                xTaskGenericCreate
 .text.vTaskDelayUntil
                0x1a0004fc       0xc0 /home/carlos/ciaa-ide/workspace/freertos_lpc43xx/Debug/libfreertos_lpc43xx.a(tasks.o)
                0x1a0004fc                vTaskDelayUntil
 .text.vTaskStartScheduler
                0x1a0005bc       0x64 /home/carlos/ciaa-ide/workspace/freertos_lpc43xx/Debug/libfreertos_lpc43xx.a(tasks.o)
                0x1a0005bc                vTaskStartScheduler
 .text.vTaskSuspendAll
                0x1a000620       0x1c /home/carlos/ciaa-ide/workspace/freertos_lpc43xx/Debug/libfreertos_lpc43xx.a(tasks.o)
                0x1a000620                vTaskSuspendAll
 .text.xTaskResumeAll
                0x1a00063c      0x10c /home/carlos/ciaa-ide/workspace/freertos_lpc43xx/Debug/libfreertos_lpc43xx.a(tasks.o)
                0x1a00063c                xTaskResumeAll
 .text.xTaskGetTickCount
                0x1a000748       0x24 /home/carlos/ciaa-ide/workspace/freertos_lpc43xx/Debug/libfreertos_lpc43xx.a(tasks.o)
                0x1a000748                xTaskGetTickCount
 .text.xTaskIncrementTick
                0x1a00076c      0x170 /home/carlos/ciaa-ide/workspace/freertos_lpc43xx/Debug/libfreertos_lpc43xx.a(tasks.o)
                0x1a00076c                xTaskIncrementTick
 .text.vTaskSwitchContext
                0x1a0008dc       0xf0 /home/carlos/ciaa-ide/workspace/freertos_lpc43xx/Debug/libfreertos_lpc43xx.a(tasks.o)
                0x1a0008dc                vTaskSwitchContext
 .text.prvIdleTask
                0x1a0009cc       0x24 /home/carlos/ciaa-ide/workspace/freertos_lpc43xx/Debug/libfreertos_lpc43xx.a(tasks.o)
 .text.prvInitialiseTCBVariables
                0x1a0009f0       0x90 /home/carlos/ciaa-ide/workspace/freertos_lpc43xx/Debug/libfreertos_lpc43xx.a(tasks.o)
 .text.prvInitialiseTaskLists
                0x1a000a80       0x7c /home/carlos/ciaa-ide/workspace/freertos_lpc43xx/Debug/libfreertos_lpc43xx.a(tasks.o)
 .text.prvCheckTasksWaitingTermination
                0x1a000afc       0x74 /home/carlos/ciaa-ide/workspace/freertos_lpc43xx/Debug/libfreertos_lpc43xx.a(tasks.o)
 .text.prvAddCurrentTaskToDelayedList
                0x1a000b70       0x6c /home/carlos/ciaa-ide/workspace/freertos_lpc43xx/Debug/libfreertos_lpc43xx.a(tasks.o)
 .text.prvAllocateTCBAndStack
                0x1a000bdc       0x64 /home/carlos/ciaa-ide/workspace/freertos_lpc43xx/Debug/libfreertos_lpc43xx.a(tasks.o)
 .text.prvDeleteTCB
                0x1a000c40       0x20 /home/carlos/ciaa-ide/workspace/freertos_lpc43xx/Debug/libfreertos_lpc43xx.a(tasks.o)
 .text.prvResetNextTaskUnblockTime
                0x1a000c60       0x48 /home/carlos/ciaa-ide/workspace/freertos_lpc43xx/Debug/libfreertos_lpc43xx.a(tasks.o)
 .text.vApplicationMallocFailedHook
                0x1a000ca8        0xc /home/carlos/ciaa-ide/workspace/freertos_lpc43xx/Debug/libfreertos_lpc43xx.a(FreeRTOSCommonHooks.o)
                0x1a000ca8                vApplicationMallocFailedHook
 .text.vApplicationIdleHook
                0x1a000cb4       0x10 /home/carlos/ciaa-ide/workspace/freertos_lpc43xx/Debug/libfreertos_lpc43xx.a(FreeRTOSCommonHooks.o)
                0x1a000cb4                vApplicationIdleHook
 .text.vApplicationStackOverflowHook
                0x1a000cc4       0x10 /home/carlos/ciaa-ide/workspace/freertos_lpc43xx/Debug/libfreertos_lpc43xx.a(FreeRTOSCommonHooks.o)
                0x1a000cc4                vApplicationStackOverflowHook
 .text.pvPortMalloc
                0x1a000cd4      0x124 /home/carlos/ciaa-ide/workspace/freertos_lpc43xx/Debug/libfreertos_lpc43xx.a(heap_2.o)
                0x1a000cd4                pvPortMalloc
 .text.vPortFree
                0x1a000df8       0x70 /home/carlos/ciaa-ide/workspace/freertos_lpc43xx/Debug/libfreertos_lpc43xx.a(heap_2.o)
                0x1a000df8                vPortFree
 .text.prvHeapInit
                0x1a000e68       0x50 /home/carlos/ciaa-ide/workspace/freertos_lpc43xx/Debug/libfreertos_lpc43xx.a(heap_2.o)
 .text.vListInitialise
                0x1a000eb8       0x40 /home/carlos/ciaa-ide/workspace/freertos_lpc43xx/Debug/libfreertos_lpc43xx.a(list.o)
                0x1a000eb8                vListInitialise
 .text.vListInitialiseItem
                0x1a000ef8       0x18 /home/carlos/ciaa-ide/workspace/freertos_lpc43xx/Debug/libfreertos_lpc43xx.a(list.o)
                0x1a000ef8                vListInitialiseItem
 .text.vListInsertEnd
                0x1a000f10       0x48 /home/carlos/ciaa-ide/workspace/freertos_lpc43xx/Debug/libfreertos_lpc43xx.a(list.o)
                0x1a000f10                vListInsertEnd
 .text.vListInsert
                0x1a000f58       0x70 /home/carlos/ciaa-ide/workspace/freertos_lpc43xx/Debug/libfreertos_lpc43xx.a(list.o)
                0x1a000f58                vListInsert
 .text.uxListRemove
                0x1a000fc8       0x54 /home/carlos/ciaa-ide/workspace/freertos_lpc43xx/Debug/libfreertos_lpc43xx.a(list.o)
                0x1a000fc8                uxListRemove
 .text.pxPortInitialiseStack
                0x1a00101c       0x64 /home/carlos/ciaa-ide/workspace/freertos_lpc43xx/Debug/libfreertos_lpc43xx.a(port.o)
                0x1a00101c                pxPortInitialiseStack
 .text.prvTaskExitError
                0x1a001080       0x20 /home/carlos/ciaa-ide/workspace/freertos_lpc43xx/Debug/libfreertos_lpc43xx.a(port.o)
 .text.SVC_Handler
                0x1a0010a0       0x20 /home/carlos/ciaa-ide/workspace/freertos_lpc43xx/Debug/libfreertos_lpc43xx.a(port.o)
                0x1a0010a0                SVC_Handler
 .text.prvPortStartFirstTask
                0x1a0010c0       0x1c /home/carlos/ciaa-ide/workspace/freertos_lpc43xx/Debug/libfreertos_lpc43xx.a(port.o)
 .text.xPortStartScheduler
                0x1a0010dc       0xd0 /home/carlos/ciaa-ide/workspace/freertos_lpc43xx/Debug/libfreertos_lpc43xx.a(port.o)
                0x1a0010dc                xPortStartScheduler
 .text.vPortYield
                0x1a0011ac       0x20 /home/carlos/ciaa-ide/workspace/freertos_lpc43xx/Debug/libfreertos_lpc43xx.a(port.o)
                0x1a0011ac                vPortYield
 .text.vPortEnterCritical
                0x1a0011cc       0x20 /home/carlos/ciaa-ide/workspace/freertos_lpc43xx/Debug/libfreertos_lpc43xx.a(port.o)
                0x1a0011cc                vPortEnterCritical
 .text.vPortExitCritical
                0x1a0011ec       0x30 /home/carlos/ciaa-ide/workspace/freertos_lpc43xx/Debug/libfreertos_lpc43xx.a(port.o)
                0x1a0011ec                vPortExitCritical
 .text.ulPortSetInterruptMask
                0x1a00121c       0x14 /home/carlos/ciaa-ide/workspace/freertos_lpc43xx/Debug/libfreertos_lpc43xx.a(port.o)
                0x1a00121c                ulPortSetInterruptMask
 .text.vPortClearInterruptMask
                0x1a001230        0x8 /home/carlos/ciaa-ide/workspace/freertos_lpc43xx/Debug/libfreertos_lpc43xx.a(port.o)
                0x1a001230                vPortClearInterruptMask
 .text.PendSV_Handler
                0x1a001238       0x58 /home/carlos/ciaa-ide/workspace/freertos_lpc43xx/Debug/libfreertos_lpc43xx.a(port.o)
                0x1a001238                PendSV_Handler
 .text.SysTick_Handler
                0x1a001290       0x28 /home/carlos/ciaa-ide/workspace/freertos_lpc43xx/Debug/libfreertos_lpc43xx.a(port.o)
                0x1a001290                SysTick_Handler
 .text.vPortSetupTimerInterrupt
                0x1a0012b8       0x34 /home/carlos/ciaa-ide/workspace/freertos_lpc43xx/Debug/libfreertos_lpc43xx.a(port.o)
                0x1a0012b8                vPortSetupTimerInterrupt
 .text.vPortEnableVFP
                0x1a0012ec       0x14 /home/carlos/ciaa-ide/workspace/freertos_lpc43xx/Debug/libfreertos_lpc43xx.a(port.o)
 .text.Chip_SCU_PinMuxSet
                0x1a001300       0x30 /home/carlos/ciaa-ide/workspace/lpcopen_lpc4337/Debug/liblpcopen_lpc4337.a(board.o)
 .text.Chip_SCU_PinMux
                0x1a001330       0x3c /home/carlos/ciaa-ide/workspace/lpcopen_lpc4337/Debug/liblpcopen_lpc4337.a(board.o)
 .text.Chip_ENET_RMIIEnable
                0x1a00136c       0x28 /home/carlos/ciaa-ide/workspace/lpcopen_lpc4337/Debug/liblpcopen_lpc4337.a(board.o)
 .text.Chip_GPIO_SetPinState
                0x1a001394       0x38 /home/carlos/ciaa-ide/workspace/lpcopen_lpc4337/Debug/liblpcopen_lpc4337.a(board.o)
 .text.Chip_GPIO_SetPinDIROutput
                0x1a0013cc       0x3c /home/carlos/ciaa-ide/workspace/lpcopen_lpc4337/Debug/liblpcopen_lpc4337.a(board.o)
 .text.Chip_GPIO_ClearValue
                0x1a001408       0x28 /home/carlos/ciaa-ide/workspace/lpcopen_lpc4337/Debug/liblpcopen_lpc4337.a(board.o)
 .text.Board_LED_Init
                0x1a001430       0xcc /home/carlos/ciaa-ide/workspace/lpcopen_lpc4337/Debug/liblpcopen_lpc4337.a(board.o)
 .text.Board_LED_Set
                0x1a0014fc       0x44 /home/carlos/ciaa-ide/workspace/lpcopen_lpc4337/Debug/liblpcopen_lpc4337.a(board.o)
                0x1a0014fc                Board_LED_Set
 .text.Board_Buttons_Init
                0x1a001540       0x58 /home/carlos/ciaa-ide/workspace/lpcopen_lpc4337/Debug/liblpcopen_lpc4337.a(board.o)
                0x1a001540                Board_Buttons_Init
 .text.Board_Init
                0x1a001598       0x58 /home/carlos/ciaa-ide/workspace/lpcopen_lpc4337/Debug/liblpcopen_lpc4337.a(board.o)
                0x1a001598                Board_Init
 .text.SystemCoreClockUpdate
                0x1a0015f0       0x18 /home/carlos/ciaa-ide/workspace/lpcopen_lpc4337/Debug/liblpcopen_lpc4337.a(chip_18xx_43xx.o)
                0x1a0015f0                SystemCoreClockUpdate
 .text.Chip_Clock_TestMainPLLMultiplier
                0x1a001608       0x48 /home/carlos/ciaa-ide/workspace/lpcopen_lpc4337/Debug/liblpcopen_lpc4337.a(clock_18xx_43xx.o)
 .text.Chip_Clock_GetDivRate
                0x1a001650       0x40 /home/carlos/ciaa-ide/workspace/lpcopen_lpc4337/Debug/liblpcopen_lpc4337.a(clock_18xx_43xx.o)
 .text.Chip_Clock_FindBaseClock
                0x1a001690       0x88 /home/carlos/ciaa-ide/workspace/lpcopen_lpc4337/Debug/liblpcopen_lpc4337.a(clock_18xx_43xx.o)
 .text.Chip_Clock_EnableCrystal
                0x1a001718       0x6c /home/carlos/ciaa-ide/workspace/lpcopen_lpc4337/Debug/liblpcopen_lpc4337.a(clock_18xx_43xx.o)
                0x1a001718                Chip_Clock_EnableCrystal
 .text.Chip_Clock_SetupMainPLLHz
                0x1a001784      0x128 /home/carlos/ciaa-ide/workspace/lpcopen_lpc4337/Debug/liblpcopen_lpc4337.a(clock_18xx_43xx.o)
                0x1a001784                Chip_Clock_SetupMainPLLHz
 .text.Chip_Clock_SetupMainPLLMult
                0x1a0018ac       0xfc /home/carlos/ciaa-ide/workspace/lpcopen_lpc4337/Debug/liblpcopen_lpc4337.a(clock_18xx_43xx.o)
                0x1a0018ac                Chip_Clock_SetupMainPLLMult
 .text.Chip_Clock_GetMainPLLHz
                0x1a0019a8       0xc0 /home/carlos/ciaa-ide/workspace/lpcopen_lpc4337/Debug/liblpcopen_lpc4337.a(clock_18xx_43xx.o)
                0x1a0019a8                Chip_Clock_GetMainPLLHz
 .text.Chip_Clock_DisableMainPLL
                0x1a001a68       0x1c /home/carlos/ciaa-ide/workspace/lpcopen_lpc4337/Debug/liblpcopen_lpc4337.a(clock_18xx_43xx.o)
                0x1a001a68                Chip_Clock_DisableMainPLL
 .text.Chip_Clock_SetDivider
                0x1a001a84       0x88 /home/carlos/ciaa-ide/workspace/lpcopen_lpc4337/Debug/liblpcopen_lpc4337.a(clock_18xx_43xx.o)
                0x1a001a84                Chip_Clock_SetDivider
 .text.Chip_Clock_GetDividerSource
                0x1a001b0c       0x40 /home/carlos/ciaa-ide/workspace/lpcopen_lpc4337/Debug/liblpcopen_lpc4337.a(clock_18xx_43xx.o)
                0x1a001b0c                Chip_Clock_GetDividerSource
 .text.Chip_Clock_GetDividerDivisor
                0x1a001b4c       0x38 /home/carlos/ciaa-ide/workspace/lpcopen_lpc4337/Debug/liblpcopen_lpc4337.a(clock_18xx_43xx.o)
                0x1a001b4c                Chip_Clock_GetDividerDivisor
 .text.Chip_Clock_GetClockInputHz
                0x1a001b84      0x140 /home/carlos/ciaa-ide/workspace/lpcopen_lpc4337/Debug/liblpcopen_lpc4337.a(clock_18xx_43xx.o)
                0x1a001b84                Chip_Clock_GetClockInputHz
 .text.Chip_Clock_GetBaseClocktHz
                0x1a001cc4       0x24 /home/carlos/ciaa-ide/workspace/lpcopen_lpc4337/Debug/liblpcopen_lpc4337.a(clock_18xx_43xx.o)
                0x1a001cc4                Chip_Clock_GetBaseClocktHz
 .text.Chip_Clock_SetBaseClock
                0x1a001ce8       0x9c /home/carlos/ciaa-ide/workspace/lpcopen_lpc4337/Debug/liblpcopen_lpc4337.a(clock_18xx_43xx.o)
                0x1a001ce8                Chip_Clock_SetBaseClock
 .text.Chip_Clock_GetBaseClock
                0x1a001d84       0x4c /home/carlos/ciaa-ide/workspace/lpcopen_lpc4337/Debug/liblpcopen_lpc4337.a(clock_18xx_43xx.o)
                0x1a001d84                Chip_Clock_GetBaseClock
 .text.Chip_Clock_GetRate
                0x1a001dd0       0x88 /home/carlos/ciaa-ide/workspace/lpcopen_lpc4337/Debug/liblpcopen_lpc4337.a(clock_18xx_43xx.o)
                0x1a001dd0                Chip_Clock_GetRate
 .text.ResetISR
                0x1a001e58       0xc4 /home/carlos/ciaa-ide/workspace/lpcopen_lpc4337/Debug/liblpcopen_lpc4337.a(cr_startup_lpc43xx.o)
                0x1a001e58                ResetISR
 .text.Chip_GPIO_Init
                0x1a001f1c       0x14 /home/carlos/ciaa-ide/workspace/lpcopen_lpc4337/Debug/liblpcopen_lpc4337.a(gpio_18xx_43xx.o)
                0x1a001f1c                Chip_GPIO_Init
 .text.Chip_GPIO_SetDir
                0x1a001f30       0x60 /home/carlos/ciaa-ide/workspace/lpcopen_lpc4337/Debug/liblpcopen_lpc4337.a(gpio_18xx_43xx.o)
                0x1a001f30                Chip_GPIO_SetDir
 .text.SystemInit
                0x1a001f90       0x28 /home/carlos/ciaa-ide/workspace/lpcopen_lpc4337/Debug/liblpcopen_lpc4337.a(sysinit.o)
                0x1a001f90                SystemInit
 .text.Chip_SCU_PinMuxSet
                0x1a001fb8       0x30 /home/carlos/ciaa-ide/workspace/lpcopen_lpc4337/Debug/liblpcopen_lpc4337.a(board_sysinit.o)
 .text.Chip_SCU_SetPinMuxing
                0x1a001fe8       0x48 /home/carlos/ciaa-ide/workspace/lpcopen_lpc4337/Debug/liblpcopen_lpc4337.a(board_sysinit.o)
 .text.Board_SetupMuxing
                0x1a002030       0x20 /home/carlos/ciaa-ide/workspace/lpcopen_lpc4337/Debug/liblpcopen_lpc4337.a(board_sysinit.o)
                0x1a002030                Board_SetupMuxing
 .text.Board_SetupClocking
                0x1a002050       0x90 /home/carlos/ciaa-ide/workspace/lpcopen_lpc4337/Debug/liblpcopen_lpc4337.a(board_sysinit.o)
                0x1a002050                Board_SetupClocking
 .text.Board_SystemInit
                0x1a0020e0       0x10 /home/carlos/ciaa-ide/workspace/lpcopen_lpc4337/Debug/liblpcopen_lpc4337.a(board_sysinit.o)
                0x1a0020e0                Board_SystemInit
 .text.fpuInit  0x1a0020f0       0x74 /home/carlos/ciaa-ide/workspace/lpcopen_lpc4337/Debug/liblpcopen_lpc4337.a(fpu_init.o)
                0x1a0020f0                fpuInit
 .text.Chip_SetupCoreClock
                0x1a002164       0xb8 /home/carlos/ciaa-ide/workspace/lpcopen_lpc4337/Debug/liblpcopen_lpc4337.a(sysinit_18xx_43xx.o)
                0x1a002164                Chip_SetupCoreClock
 .text.memcmp   0x1a00221c       0x20 /home/carlos/ciaa-ide/gcc-arm-none-eabi-4_9-2015q1/bin/../lib/gcc/arm-none-eabi/4.9.3/../../../../arm-none-eabi/lib/armv7e-m/softfp/libg_nano.a(lib_a-memcmp.o)
                0x1a00221c                memcmp
 .text.memset   0x1a00223c       0x10 /home/carlos/ciaa-ide/gcc-arm-none-eabi-4_9-2015q1/bin/../lib/gcc/arm-none-eabi/4.9.3/../../../../arm-none-eabi/lib/armv7e-m/softfp/libg_nano.a(lib_a-memset.o)
                0x1a00223c                memset
 *(.rodata .rodata.* .constdata .constdata.*)
 .rodata        0x1a00224c        0xc ./src/main.o
 .rodata        0x1a002258        0x8 /home/carlos/ciaa-ide/workspace/freertos_lpc43xx/Debug/libfreertos_lpc43xx.a(tasks.o)
 .rodata.ucExpectedStackBytes.10202
                0x1a002260       0x14 /home/carlos/ciaa-ide/workspace/freertos_lpc43xx/Debug/libfreertos_lpc43xx.a(tasks.o)
 .rodata.ExtRateIn
                0x1a002274        0x4 /home/carlos/ciaa-ide/workspace/lpcopen_lpc4337/Debug/liblpcopen_lpc4337.a(board.o)
                0x1a002274                ExtRateIn
 .rodata.OscRateIn
                0x1a002278        0x4 /home/carlos/ciaa-ide/workspace/lpcopen_lpc4337/Debug/liblpcopen_lpc4337.a(board.o)
                0x1a002278                OscRateIn
 .rodata.periph_to_base
                0x1a00227c       0x6c /home/carlos/ciaa-ide/workspace/lpcopen_lpc4337/Debug/liblpcopen_lpc4337.a(clock_18xx_43xx.o)
 .rodata        0x1a0022e8        0xc /home/carlos/ciaa-ide/workspace/lpcopen_lpc4337/Debug/liblpcopen_lpc4337.a(clock_18xx_43xx.o)
 .rodata.InitClkStates
                0x1a0022f4       0x10 /home/carlos/ciaa-ide/workspace/lpcopen_lpc4337/Debug/liblpcopen_lpc4337.a(board_sysinit.o)
 .rodata.spifipinmuxing
                0x1a002304       0x18 /home/carlos/ciaa-ide/workspace/lpcopen_lpc4337/Debug/liblpcopen_lpc4337.a(board_sysinit.o)
 .rodata.pinmuxing
                0x1a00231c       0x44 /home/carlos/ciaa-ide/workspace/lpcopen_lpc4337/Debug/liblpcopen_lpc4337.a(board_sysinit.o)
 .rodata.InitClkStates
                0x1a002360       0x48 /home/carlos/ciaa-ide/workspace/lpcopen_lpc4337/Debug/liblpcopen_lpc4337.a(sysinit_18xx_43xx.o)
                0x1a0023a8                . = ALIGN (0x4)

.glue_7         0x1a0023a8        0x0
 .glue_7        0x00000000        0x0 linker stubs

.glue_7t        0x1a0023a8        0x0
 .glue_7t       0x00000000        0x0 linker stubs

.vfp11_veneer   0x1a0023a8        0x0
 .vfp11_veneer  0x00000000        0x0 linker stubs

.v4_bx          0x1a0023a8        0x0
 .v4_bx         0x00000000        0x0 linker stubs

.iplt           0x1a0023a8        0x0
 .iplt          0x00000000        0x0 /home/carlos/ciaa-ide/gcc-arm-none-eabi-4_9-2015q1/bin/../lib/gcc/arm-none-eabi/4.9.3/armv7e-m/softfp/crtbegin.o

.rel.dyn        0x1a0023a8        0x0
 .rel.iplt      0x00000000        0x0 /home/carlos/ciaa-ide/gcc-arm-none-eabi-4_9-2015q1/bin/../lib/gcc/arm-none-eabi/4.9.3/armv7e-m/softfp/crtbegin.o

.ARM.extab
 *(.ARM.extab* .gnu.linkonce.armextab.*)
                0x1a0023a8                __exidx_start = .

.ARM.exidx
 *(.ARM.exidx* .gnu.linkonce.armexidx.*)
                0x1a0023a8                __exidx_end = .
                0x1a0023a8                _etext = .

.data_RAM2      0x10080000        0x0 load address 0x1a0023a8
 FILL mask 0xff
 *(.ramfunc.$RAM2)
 *(.ramfunc.$RamLoc40)
 *(.data.$RAM2*)
 *(.data.$RamLoc40*)
                0x10080000                . = ALIGN (0x4)

.data_RAM3      0x20000000        0x0 load address 0x1a0023a8
 FILL mask 0xff
 *(.ramfunc.$RAM3)
 *(.ramfunc.$RamAHB32)
 *(.data.$RAM3*)
 *(.data.$RamAHB32*)
                0x20000000                . = ALIGN (0x4)

.data_RAM4      0x20008000        0x0 load address 0x1a0023a8
 FILL mask 0xff
 *(.ramfunc.$RAM4)
 *(.ramfunc.$RamAHB16)
 *(.data.$RAM4*)
 *(.data.$RamAHB16*)
                0x20008000                . = ALIGN (0x4)

.data_RAM5      0x2000c000        0x0 load address 0x1a0023a8
 FILL mask 0xff
 *(.ramfunc.$RAM5)
 *(.ramfunc.$RamAHB_ETB16)
 *(.data.$RAM5*)
 *(.data.$RamAHB_ETB16*)
                0x2000c000                . = ALIGN (0x4)

.uninit_RESERVED
                0x10000000        0x0
 *(.bss.$RESERVED*)
                0x10000000                . = ALIGN (0x4)
                0x10000000                _end_uninit_RESERVED = .

.data           0x10000000       0x4c load address 0x1a0023a8
 FILL mask 0xff
                0x10000000                _data = .
 *(vtable)
 *(.ramfunc*)
 *(.data*)
 .data.xNextTaskUnblockTime
                0x10000000        0x4 /home/carlos/ciaa-ide/workspace/freertos_lpc43xx/Debug/libfreertos_lpc43xx.a(tasks.o)
 .data.xFreeBytesRemaining
                0x10000004        0x4 /home/carlos/ciaa-ide/workspace/freertos_lpc43xx/Debug/libfreertos_lpc43xx.a(heap_2.o)
 .data.uxCriticalNesting
                0x10000008        0x4 /home/carlos/ciaa-ide/workspace/freertos_lpc43xx/Debug/libfreertos_lpc43xx.a(port.o)
 .data.outputs  0x1000000c       0x40 /home/carlos/ciaa-ide/workspace/lpcopen_lpc4337/Debug/liblpcopen_lpc4337.a(board.o)
                0x1000000c                outputs
                0x1000004c                . = ALIGN (0x4)
                0x1000004c                _edata = .

.igot.plt       0x1000004c        0x0 load address 0x1a0023f4
 .igot.plt      0x00000000        0x0 /home/carlos/ciaa-ide/gcc-arm-none-eabi-4_9-2015q1/bin/../lib/gcc/arm-none-eabi/4.9.3/armv7e-m/softfp/crtbegin.o

.bss_RAM2       0x10080000        0x0
 *(.bss.$RAM2*)
 *(.bss.$RamLoc40*)
                0x10080000                . = ALIGN (0x4)

.bss_RAM3       0x20000000        0x0
 *(.bss.$RAM3*)
 *(.bss.$RamAHB32*)
                0x20000000                . = ALIGN (0x4)

.bss_RAM4       0x20008000        0x0
 *(.bss.$RAM4*)
 *(.bss.$RamAHB16*)
                0x20008000                . = ALIGN (0x4)

.bss_RAM5       0x2000c000        0x0
 *(.bss.$RAM5*)
 *(.bss.$RamAHB_ETB16*)
                0x2000c000                . = ALIGN (0x4)

.bss            0x1000004c     0x1160
                0x1000004c                _bss = .
 *(.bss*)
 .bss.pxCurrentTCB
                0x1000004c        0x4 /home/carlos/ciaa-ide/workspace/freertos_lpc43xx/Debug/libfreertos_lpc43xx.a(tasks.o)
                0x1000004c                pxCurrentTCB
 .bss.pxReadyTasksLists
                0x10000050       0xa0 /home/carlos/ciaa-ide/workspace/freertos_lpc43xx/Debug/libfreertos_lpc43xx.a(tasks.o)
 .bss.xDelayedTaskList1
                0x100000f0       0x14 /home/carlos/ciaa-ide/workspace/freertos_lpc43xx/Debug/libfreertos_lpc43xx.a(tasks.o)
 .bss.xDelayedTaskList2
                0x10000104       0x14 /home/carlos/ciaa-ide/workspace/freertos_lpc43xx/Debug/libfreertos_lpc43xx.a(tasks.o)
 .bss.pxDelayedTaskList
                0x10000118        0x4 /home/carlos/ciaa-ide/workspace/freertos_lpc43xx/Debug/libfreertos_lpc43xx.a(tasks.o)
 .bss.pxOverflowDelayedTaskList
                0x1000011c        0x4 /home/carlos/ciaa-ide/workspace/freertos_lpc43xx/Debug/libfreertos_lpc43xx.a(tasks.o)
 .bss.xPendingReadyList
                0x10000120       0x14 /home/carlos/ciaa-ide/workspace/freertos_lpc43xx/Debug/libfreertos_lpc43xx.a(tasks.o)
 .bss.xTasksWaitingTermination
                0x10000134       0x14 /home/carlos/ciaa-ide/workspace/freertos_lpc43xx/Debug/libfreertos_lpc43xx.a(tasks.o)
 .bss.uxTasksDeleted
                0x10000148        0x4 /home/carlos/ciaa-ide/workspace/freertos_lpc43xx/Debug/libfreertos_lpc43xx.a(tasks.o)
 .bss.xSuspendedTaskList
                0x1000014c       0x14 /home/carlos/ciaa-ide/workspace/freertos_lpc43xx/Debug/libfreertos_lpc43xx.a(tasks.o)
 .bss.uxCurrentNumberOfTasks
                0x10000160        0x4 /home/carlos/ciaa-ide/workspace/freertos_lpc43xx/Debug/libfreertos_lpc43xx.a(tasks.o)
 .bss.xTickCount
                0x10000164        0x4 /home/carlos/ciaa-ide/workspace/freertos_lpc43xx/Debug/libfreertos_lpc43xx.a(tasks.o)
 .bss.uxTopReadyPriority
                0x10000168        0x4 /home/carlos/ciaa-ide/workspace/freertos_lpc43xx/Debug/libfreertos_lpc43xx.a(tasks.o)
 .bss.xSchedulerRunning
                0x1000016c        0x4 /home/carlos/ciaa-ide/workspace/freertos_lpc43xx/Debug/libfreertos_lpc43xx.a(tasks.o)
 .bss.uxPendedTicks
                0x10000170        0x4 /home/carlos/ciaa-ide/workspace/freertos_lpc43xx/Debug/libfreertos_lpc43xx.a(tasks.o)
 .bss.xYieldPending
                0x10000174        0x4 /home/carlos/ciaa-ide/workspace/freertos_lpc43xx/Debug/libfreertos_lpc43xx.a(tasks.o)
 .bss.xNumOfOverflows
                0x10000178        0x4 /home/carlos/ciaa-ide/workspace/freertos_lpc43xx/Debug/libfreertos_lpc43xx.a(tasks.o)
 .bss.uxTaskNumber
                0x1000017c        0x4 /home/carlos/ciaa-ide/workspace/freertos_lpc43xx/Debug/libfreertos_lpc43xx.a(tasks.o)
 .bss.uxSchedulerSuspended
                0x10000180        0x4 /home/carlos/ciaa-ide/workspace/freertos_lpc43xx/Debug/libfreertos_lpc43xx.a(tasks.o)
 .bss.ucHeap    0x10000184     0x1000 /home/carlos/ciaa-ide/workspace/freertos_lpc43xx/Debug/libfreertos_lpc43xx.a(heap_2.o)
 .bss.xStart    0x10001184        0x8 /home/carlos/ciaa-ide/workspace/freertos_lpc43xx/Debug/libfreertos_lpc43xx.a(heap_2.o)
 .bss.xEnd      0x1000118c        0x8 /home/carlos/ciaa-ide/workspace/freertos_lpc43xx/Debug/libfreertos_lpc43xx.a(heap_2.o)
 .bss.xHeapHasBeenInitialised.9841
                0x10001194        0x4 /home/carlos/ciaa-ide/workspace/freertos_lpc43xx/Debug/libfreertos_lpc43xx.a(heap_2.o)
 .bss.ucMaxSysCallPriority
                0x10001198        0x1 /home/carlos/ciaa-ide/workspace/freertos_lpc43xx/Debug/libfreertos_lpc43xx.a(port.o)
 *fill*         0x10001199        0x3 
 .bss.ulMaxPRIGROUPValue
                0x1000119c        0x4 /home/carlos/ciaa-ide/workspace/freertos_lpc43xx/Debug/libfreertos_lpc43xx.a(port.o)
 .bss.audio_usb_pll_freq
                0x100011a0        0x8 /home/carlos/ciaa-ide/workspace/lpcopen_lpc4337/Debug/liblpcopen_lpc4337.a(clock_18xx_43xx.o)
 *(COMMON)
 COMMON         0x100011a8        0x4 /home/carlos/ciaa-ide/workspace/lpcopen_lpc4337/Debug/liblpcopen_lpc4337.a(chip_18xx_43xx.o)
                0x100011a8                SystemCoreClock
                0x100011ac                . = ALIGN (0x4)
                0x100011ac                _ebss = .
                0x100011ac                PROVIDE (end, .)

.noinit_RAM2    0x10080000        0x0
 *(.noinit.$RAM2*)
 *(.noinit.$RamLoc40*)
                0x10080000                . = ALIGN (0x4)

.noinit_RAM3    0x20000000        0x0
 *(.noinit.$RAM3*)
 *(.noinit.$RamAHB32*)
                0x20000000                . = ALIGN (0x4)

.noinit_RAM4    0x20008000        0x0
 *(.noinit.$RAM4*)
 *(.noinit.$RamAHB16*)
                0x20008000                . = ALIGN (0x4)

.noinit_RAM5    0x2000c000        0x0
 *(.noinit.$RAM5*)
 *(.noinit.$RamAHB_ETB16*)
                0x2000c000                . = ALIGN (0x4)

.noinit         0x100011ac        0x0
                0x100011ac                _noinit = .
 *(.noinit*)
                0x100011ac                . = ALIGN (0x4)
                0x100011ac                _end_noinit = .
                0x100011ac                PROVIDE (_pvHeapStart, .)
                0x10008000                PROVIDE (_vStackTop, (__top_RamLoc32 - 0x0))
OUTPUT(Ejercicio1.2.axf elf32-littlearm)

.debug_info     0x00000000     0x7a92
 .debug_info    0x00000000      0x17e ./src/main.o
 .debug_info    0x0000017e     0x13a3 /home/carlos/ciaa-ide/workspace/freertos_lpc43xx/Debug/libfreertos_lpc43xx.a(tasks.o)
 .debug_info    0x00001521      0x19a /home/carlos/ciaa-ide/workspace/freertos_lpc43xx/Debug/libfreertos_lpc43xx.a(FreeRTOSCommonHooks.o)
 .debug_info    0x000016bb      0x7d7 /home/carlos/ciaa-ide/workspace/freertos_lpc43xx/Debug/libfreertos_lpc43xx.a(heap_2.o)
 .debug_info    0x00001e92      0x2da /home/carlos/ciaa-ide/workspace/freertos_lpc43xx/Debug/libfreertos_lpc43xx.a(list.o)
 .debug_info    0x0000216c      0x81b /home/carlos/ciaa-ide/workspace/freertos_lpc43xx/Debug/libfreertos_lpc43xx.a(port.o)
 .debug_info    0x00002987     0x1797 /home/carlos/ciaa-ide/workspace/lpcopen_lpc4337/Debug/liblpcopen_lpc4337.a(board.o)
 .debug_info    0x0000411e      0xa43 /home/carlos/ciaa-ide/workspace/lpcopen_lpc4337/Debug/liblpcopen_lpc4337.a(chip_18xx_43xx.o)
 .debug_info    0x00004b61     0x13cf /home/carlos/ciaa-ide/workspace/lpcopen_lpc4337/Debug/liblpcopen_lpc4337.a(clock_18xx_43xx.o)
 .debug_info    0x00005f30      0x285 /home/carlos/ciaa-ide/workspace/lpcopen_lpc4337/Debug/liblpcopen_lpc4337.a(cr_startup_lpc43xx.o)
 .debug_info    0x000061b5      0x44c /home/carlos/ciaa-ide/workspace/lpcopen_lpc4337/Debug/liblpcopen_lpc4337.a(gpio_18xx_43xx.o)
 .debug_info    0x00006601       0xf5 /home/carlos/ciaa-ide/workspace/lpcopen_lpc4337/Debug/liblpcopen_lpc4337.a(sysinit.o)
 .debug_info    0x000066f6      0xb6e /home/carlos/ciaa-ide/workspace/lpcopen_lpc4337/Debug/liblpcopen_lpc4337.a(board_sysinit.o)
 .debug_info    0x00007264      0x13e /home/carlos/ciaa-ide/workspace/lpcopen_lpc4337/Debug/liblpcopen_lpc4337.a(fpu_init.o)
 .debug_info    0x000073a2      0x6f0 /home/carlos/ciaa-ide/workspace/lpcopen_lpc4337/Debug/liblpcopen_lpc4337.a(sysinit_18xx_43xx.o)

.debug_abbrev   0x00000000     0x1564
 .debug_abbrev  0x00000000       0xd5 ./src/main.o
 .debug_abbrev  0x000000d5      0x226 /home/carlos/ciaa-ide/workspace/freertos_lpc43xx/Debug/libfreertos_lpc43xx.a(tasks.o)
 .debug_abbrev  0x000002fb      0x111 /home/carlos/ciaa-ide/workspace/freertos_lpc43xx/Debug/libfreertos_lpc43xx.a(FreeRTOSCommonHooks.o)
 .debug_abbrev  0x0000040c      0x1ae /home/carlos/ciaa-ide/workspace/freertos_lpc43xx/Debug/libfreertos_lpc43xx.a(heap_2.o)
 .debug_abbrev  0x000005ba       0xdb /home/carlos/ciaa-ide/workspace/freertos_lpc43xx/Debug/libfreertos_lpc43xx.a(list.o)
 .debug_abbrev  0x00000695      0x1d6 /home/carlos/ciaa-ide/workspace/freertos_lpc43xx/Debug/libfreertos_lpc43xx.a(port.o)
 .debug_abbrev  0x0000086b      0x327 /home/carlos/ciaa-ide/workspace/lpcopen_lpc4337/Debug/liblpcopen_lpc4337.a(board.o)
 .debug_abbrev  0x00000b92      0x148 /home/carlos/ciaa-ide/workspace/lpcopen_lpc4337/Debug/liblpcopen_lpc4337.a(chip_18xx_43xx.o)
 .debug_abbrev  0x00000cda      0x2a1 /home/carlos/ciaa-ide/workspace/lpcopen_lpc4337/Debug/liblpcopen_lpc4337.a(clock_18xx_43xx.o)
 .debug_abbrev  0x00000f7b       0xfe /home/carlos/ciaa-ide/workspace/lpcopen_lpc4337/Debug/liblpcopen_lpc4337.a(cr_startup_lpc43xx.o)
 .debug_abbrev  0x00001079      0x111 /home/carlos/ciaa-ide/workspace/lpcopen_lpc4337/Debug/liblpcopen_lpc4337.a(gpio_18xx_43xx.o)
 .debug_abbrev  0x0000118a       0x9c /home/carlos/ciaa-ide/workspace/lpcopen_lpc4337/Debug/liblpcopen_lpc4337.a(sysinit.o)
 .debug_abbrev  0x00001226      0x18d /home/carlos/ciaa-ide/workspace/lpcopen_lpc4337/Debug/liblpcopen_lpc4337.a(board_sysinit.o)
 .debug_abbrev  0x000013b3       0x84 /home/carlos/ciaa-ide/workspace/lpcopen_lpc4337/Debug/liblpcopen_lpc4337.a(fpu_init.o)
 .debug_abbrev  0x00001437      0x12d /home/carlos/ciaa-ide/workspace/lpcopen_lpc4337/Debug/liblpcopen_lpc4337.a(sysinit_18xx_43xx.o)

.debug_aranges  0x00000000      0x718
 .debug_aranges
                0x00000000       0x30 ./src/main.o
 .debug_aranges
                0x00000030      0x148 /home/carlos/ciaa-ide/workspace/freertos_lpc43xx/Debug/libfreertos_lpc43xx.a(tasks.o)
 .debug_aranges
                0x00000178       0x40 /home/carlos/ciaa-ide/workspace/freertos_lpc43xx/Debug/libfreertos_lpc43xx.a(FreeRTOSCommonHooks.o)
 .debug_aranges
                0x000001b8       0x40 /home/carlos/ciaa-ide/workspace/freertos_lpc43xx/Debug/libfreertos_lpc43xx.a(heap_2.o)
 .debug_aranges
                0x000001f8       0x40 /home/carlos/ciaa-ide/workspace/freertos_lpc43xx/Debug/libfreertos_lpc43xx.a(list.o)
 .debug_aranges
                0x00000238       0x98 /home/carlos/ciaa-ide/workspace/freertos_lpc43xx/Debug/libfreertos_lpc43xx.a(port.o)
 .debug_aranges
                0x000002d0      0x150 /home/carlos/ciaa-ide/workspace/lpcopen_lpc4337/Debug/liblpcopen_lpc4337.a(board.o)
 .debug_aranges
                0x00000420       0x40 /home/carlos/ciaa-ide/workspace/lpcopen_lpc4337/Debug/liblpcopen_lpc4337.a(chip_18xx_43xx.o)
 .debug_aranges
                0x00000460      0x128 /home/carlos/ciaa-ide/workspace/lpcopen_lpc4337/Debug/liblpcopen_lpc4337.a(clock_18xx_43xx.o)
 .debug_aranges
                0x00000588       0x70 /home/carlos/ciaa-ide/workspace/lpcopen_lpc4337/Debug/liblpcopen_lpc4337.a(cr_startup_lpc43xx.o)
 .debug_aranges
                0x000005f8       0x68 /home/carlos/ciaa-ide/workspace/lpcopen_lpc4337/Debug/liblpcopen_lpc4337.a(gpio_18xx_43xx.o)
 .debug_aranges
                0x00000660       0x20 /home/carlos/ciaa-ide/workspace/lpcopen_lpc4337/Debug/liblpcopen_lpc4337.a(sysinit.o)
 .debug_aranges
                0x00000680       0x40 /home/carlos/ciaa-ide/workspace/lpcopen_lpc4337/Debug/liblpcopen_lpc4337.a(board_sysinit.o)
 .debug_aranges
                0x000006c0       0x20 /home/carlos/ciaa-ide/workspace/lpcopen_lpc4337/Debug/liblpcopen_lpc4337.a(fpu_init.o)
 .debug_aranges
                0x000006e0       0x38 /home/carlos/ciaa-ide/workspace/lpcopen_lpc4337/Debug/liblpcopen_lpc4337.a(sysinit_18xx_43xx.o)

.debug_ranges   0x00000000      0x628
 .debug_ranges  0x00000000       0x20 ./src/main.o
 .debug_ranges  0x00000020      0x138 /home/carlos/ciaa-ide/workspace/freertos_lpc43xx/Debug/libfreertos_lpc43xx.a(tasks.o)
 .debug_ranges  0x00000158       0x30 /home/carlos/ciaa-ide/workspace/freertos_lpc43xx/Debug/libfreertos_lpc43xx.a(FreeRTOSCommonHooks.o)
 .debug_ranges  0x00000188       0x30 /home/carlos/ciaa-ide/workspace/freertos_lpc43xx/Debug/libfreertos_lpc43xx.a(heap_2.o)
 .debug_ranges  0x000001b8       0x30 /home/carlos/ciaa-ide/workspace/freertos_lpc43xx/Debug/libfreertos_lpc43xx.a(list.o)
 .debug_ranges  0x000001e8       0x88 /home/carlos/ciaa-ide/workspace/freertos_lpc43xx/Debug/libfreertos_lpc43xx.a(port.o)
 .debug_ranges  0x00000270      0x140 /home/carlos/ciaa-ide/workspace/lpcopen_lpc4337/Debug/liblpcopen_lpc4337.a(board.o)
 .debug_ranges  0x000003b0       0x30 /home/carlos/ciaa-ide/workspace/lpcopen_lpc4337/Debug/liblpcopen_lpc4337.a(chip_18xx_43xx.o)
 .debug_ranges  0x000003e0      0x118 /home/carlos/ciaa-ide/workspace/lpcopen_lpc4337/Debug/liblpcopen_lpc4337.a(clock_18xx_43xx.o)
 .debug_ranges  0x000004f8       0x60 /home/carlos/ciaa-ide/workspace/lpcopen_lpc4337/Debug/liblpcopen_lpc4337.a(cr_startup_lpc43xx.o)
 .debug_ranges  0x00000558       0x58 /home/carlos/ciaa-ide/workspace/lpcopen_lpc4337/Debug/liblpcopen_lpc4337.a(gpio_18xx_43xx.o)
 .debug_ranges  0x000005b0       0x10 /home/carlos/ciaa-ide/workspace/lpcopen_lpc4337/Debug/liblpcopen_lpc4337.a(sysinit.o)
 .debug_ranges  0x000005c0       0x30 /home/carlos/ciaa-ide/workspace/lpcopen_lpc4337/Debug/liblpcopen_lpc4337.a(board_sysinit.o)
 .debug_ranges  0x000005f0       0x10 /home/carlos/ciaa-ide/workspace/lpcopen_lpc4337/Debug/liblpcopen_lpc4337.a(fpu_init.o)
 .debug_ranges  0x00000600       0x28 /home/carlos/ciaa-ide/workspace/lpcopen_lpc4337/Debug/liblpcopen_lpc4337.a(sysinit_18xx_43xx.o)

.debug_macro    0x00000000     0x9392
 .debug_macro   0x00000000      0x479 ./src/main.o
 .debug_macro   0x00000479      0x898 ./src/main.o
 .debug_macro   0x00000d11       0x22 ./src/main.o
 .debug_macro   0x00000d33       0x44 ./src/main.o
 .debug_macro   0x00000d77       0x1c ./src/main.o
 .debug_macro   0x00000d93      0x1f7 ./src/main.o
 .debug_macro   0x00000f8a       0x22 ./src/main.o
 .debug_macro   0x00000fac       0x7b ./src/main.o
 .debug_macro   0x00001027       0x58 ./src/main.o
 .debug_macro   0x0000107f       0x35 ./src/main.o
 .debug_macro   0x000010b4       0x9c ./src/main.o
 .debug_macro   0x00001150       0x16 ./src/main.o
 .debug_macro   0x00001166       0x97 ./src/main.o
 .debug_macro   0x000011fd      0x27a ./src/main.o
 .debug_macro   0x00001477       0xf6 ./src/main.o
 .debug_macro   0x0000156d       0x10 ./src/main.o
 .debug_macro   0x0000157d       0x52 ./src/main.o
 .debug_macro   0x000015cf       0x16 ./src/main.o
 .debug_macro   0x000015e5       0x43 ./src/main.o
 .debug_macro   0x00001628      0x180 ./src/main.o
 .debug_macro   0x000017a8       0x10 ./src/main.o
 .debug_macro   0x000017b8       0x22 ./src/main.o
 .debug_macro   0x000017da       0xbd ./src/main.o
 .debug_macro   0x00001897       0x16 ./src/main.o
 .debug_macro   0x000018ad      0x196 ./src/main.o
 .debug_macro   0x00001a43       0x20 ./src/main.o
 .debug_macro   0x00001a63       0x10 ./src/main.o
 .debug_macro   0x00001a73       0x28 ./src/main.o
 .debug_macro   0x00001a9b       0x3b ./src/main.o
 .debug_macro   0x00001ad6       0x2d ./src/main.o
 .debug_macro   0x00001b03       0x42 ./src/main.o
 .debug_macro   0x00001b45      0xd39 ./src/main.o
 .debug_macro   0x0000287e      0x2bc ./src/main.o
 .debug_macro   0x00002b3a      0x112 ./src/main.o
 .debug_macro   0x00002c4c       0x11 ./src/main.o
 .debug_macro   0x00002c5d       0x1e ./src/main.o
 .debug_macro   0x00002c7b       0x16 ./src/main.o
 .debug_macro   0x00002c91      0x2e6 ./src/main.o
 .debug_macro   0x00002f77       0x82 ./src/main.o
 .debug_macro   0x00002ff9      0x13d ./src/main.o
 .debug_macro   0x00003136      0x198 ./src/main.o
 .debug_macro   0x000032ce       0x34 ./src/main.o
 .debug_macro   0x00003302       0x58 ./src/main.o
 .debug_macro   0x0000335a      0x236 ./src/main.o
 .debug_macro   0x00003590      0x572 ./src/main.o
 .debug_macro   0x00003b02       0x16 ./src/main.o
 .debug_macro   0x00003b18      0x18a ./src/main.o
 .debug_macro   0x00003ca2       0x88 ./src/main.o
 .debug_macro   0x00003d2a      0x1b9 ./src/main.o
 .debug_macro   0x00003ee3      0x1da ./src/main.o
 .debug_macro   0x000040bd       0x40 ./src/main.o
 .debug_macro   0x000040fd       0x1c ./src/main.o
 .debug_macro   0x00004119       0x2e ./src/main.o
 .debug_macro   0x00004147       0x2e ./src/main.o
 .debug_macro   0x00004175       0x22 ./src/main.o
 .debug_macro   0x00004197      0x201 ./src/main.o
 .debug_macro   0x00004398       0xe0 ./src/main.o
 .debug_macro   0x00004478      0x34c ./src/main.o
 .debug_macro   0x000047c4       0xdc ./src/main.o
 .debug_macro   0x000048a0       0x94 ./src/main.o
 .debug_macro   0x00004934       0xb8 ./src/main.o
 .debug_macro   0x000049ec       0x4c ./src/main.o
 .debug_macro   0x00004a38       0x16 ./src/main.o
 .debug_macro   0x00004a4e      0x328 ./src/main.o
 .debug_macro   0x00004d76       0x3a ./src/main.o
 .debug_macro   0x00004db0       0xd0 ./src/main.o
 .debug_macro   0x00004e80       0x11 ./src/main.o
 .debug_macro   0x00004e91       0x22 ./src/main.o
 .debug_macro   0x00004eb3       0x40 ./src/main.o
 .debug_macro   0x00004ef3       0x40 ./src/main.o
 .debug_macro   0x00004f33      0x114 ./src/main.o
 .debug_macro   0x00005047       0xb6 ./src/main.o
 .debug_macro   0x000050fd       0x12 ./src/main.o
 .debug_macro   0x0000510f       0x1f ./src/main.o
 .debug_macro   0x0000512e      0x345 ./src/main.o
 .debug_macro   0x00005473       0x79 ./src/main.o
 .debug_macro   0x000054ec       0x69 ./src/main.o
 .debug_macro   0x00005555      0x4aa /home/carlos/ciaa-ide/workspace/freertos_lpc43xx/Debug/libfreertos_lpc43xx.a(tasks.o)
 .debug_macro   0x000059ff      0x88c /home/carlos/ciaa-ide/workspace/freertos_lpc43xx/Debug/libfreertos_lpc43xx.a(tasks.o)
 .debug_macro   0x0000628b       0x16 /home/carlos/ciaa-ide/workspace/freertos_lpc43xx/Debug/libfreertos_lpc43xx.a(tasks.o)
 .debug_macro   0x000062a1      0x10e /home/carlos/ciaa-ide/workspace/freertos_lpc43xx/Debug/libfreertos_lpc43xx.a(tasks.o)
 .debug_macro   0x000063af       0x86 /home/carlos/ciaa-ide/workspace/freertos_lpc43xx/Debug/libfreertos_lpc43xx.a(tasks.o)
 .debug_macro   0x00006435       0x4a /home/carlos/ciaa-ide/workspace/freertos_lpc43xx/Debug/libfreertos_lpc43xx.a(tasks.o)
 .debug_macro   0x0000647f       0x16 /home/carlos/ciaa-ide/workspace/freertos_lpc43xx/Debug/libfreertos_lpc43xx.a(tasks.o)
 .debug_macro   0x00006495       0x29 /home/carlos/ciaa-ide/workspace/freertos_lpc43xx/Debug/libfreertos_lpc43xx.a(tasks.o)
 .debug_macro   0x000064be       0x16 /home/carlos/ciaa-ide/workspace/freertos_lpc43xx/Debug/libfreertos_lpc43xx.a(tasks.o)
 .debug_macro   0x000064d4       0x35 /home/carlos/ciaa-ide/workspace/freertos_lpc43xx/Debug/libfreertos_lpc43xx.a(tasks.o)
 .debug_macro   0x00006509       0x74 /home/carlos/ciaa-ide/workspace/freertos_lpc43xx/Debug/libfreertos_lpc43xx.a(tasks.o)
 .debug_macro   0x0000657d      0x10e /home/carlos/ciaa-ide/workspace/freertos_lpc43xx/Debug/libfreertos_lpc43xx.a(tasks.o)
 .debug_macro   0x0000668b       0x91 /home/carlos/ciaa-ide/workspace/freertos_lpc43xx/Debug/libfreertos_lpc43xx.a(tasks.o)
 .debug_macro   0x0000671c       0x17 /home/carlos/ciaa-ide/workspace/freertos_lpc43xx/Debug/libfreertos_lpc43xx.a(tasks.o)
 .debug_macro   0x00006733      0x471 /home/carlos/ciaa-ide/workspace/freertos_lpc43xx/Debug/libfreertos_lpc43xx.a(FreeRTOSCommonHooks.o)
 .debug_macro   0x00006ba4      0x16d /home/carlos/ciaa-ide/workspace/freertos_lpc43xx/Debug/libfreertos_lpc43xx.a(FreeRTOSCommonHooks.o)
 .debug_macro   0x00006d11       0x76 /home/carlos/ciaa-ide/workspace/freertos_lpc43xx/Debug/libfreertos_lpc43xx.a(FreeRTOSCommonHooks.o)
 .debug_macro   0x00006d87       0x28 /home/carlos/ciaa-ide/workspace/freertos_lpc43xx/Debug/libfreertos_lpc43xx.a(FreeRTOSCommonHooks.o)
 .debug_macro   0x00006daf      0x124 /home/carlos/ciaa-ide/workspace/freertos_lpc43xx/Debug/libfreertos_lpc43xx.a(FreeRTOSCommonHooks.o)
 .debug_macro   0x00006ed3      0x42d /home/carlos/ciaa-ide/workspace/freertos_lpc43xx/Debug/libfreertos_lpc43xx.a(heap_2.o)
 .debug_macro   0x00007300       0x18 /home/carlos/ciaa-ide/workspace/freertos_lpc43xx/Debug/libfreertos_lpc43xx.a(heap_2.o)
 .debug_macro   0x00007318      0x3f5 /home/carlos/ciaa-ide/workspace/freertos_lpc43xx/Debug/libfreertos_lpc43xx.a(list.o)
 .debug_macro   0x0000770d      0x3f9 /home/carlos/ciaa-ide/workspace/freertos_lpc43xx/Debug/libfreertos_lpc43xx.a(port.o)
 .debug_macro   0x00007b06      0x417 /home/carlos/ciaa-ide/workspace/lpcopen_lpc4337/Debug/liblpcopen_lpc4337.a(board.o)
 .debug_macro   0x00007f1d       0x12 /home/carlos/ciaa-ide/workspace/lpcopen_lpc4337/Debug/liblpcopen_lpc4337.a(board.o)
 .debug_macro   0x00007f2f      0x2df /home/carlos/ciaa-ide/workspace/lpcopen_lpc4337/Debug/liblpcopen_lpc4337.a(chip_18xx_43xx.o)
 .debug_macro   0x0000820e      0x2e5 /home/carlos/ciaa-ide/workspace/lpcopen_lpc4337/Debug/liblpcopen_lpc4337.a(clock_18xx_43xx.o)
 .debug_macro   0x000084f3       0x24 /home/carlos/ciaa-ide/workspace/lpcopen_lpc4337/Debug/liblpcopen_lpc4337.a(cr_startup_lpc43xx.o)
 .debug_macro   0x00008517      0x2df /home/carlos/ciaa-ide/workspace/lpcopen_lpc4337/Debug/liblpcopen_lpc4337.a(gpio_18xx_43xx.o)
 .debug_macro   0x000087f6      0x3f7 /home/carlos/ciaa-ide/workspace/lpcopen_lpc4337/Debug/liblpcopen_lpc4337.a(sysinit.o)
 .debug_macro   0x00008bed      0x3f7 /home/carlos/ciaa-ide/workspace/lpcopen_lpc4337/Debug/liblpcopen_lpc4337.a(board_sysinit.o)
 .debug_macro   0x00008fe4       0xcf /home/carlos/ciaa-ide/workspace/lpcopen_lpc4337/Debug/liblpcopen_lpc4337.a(fpu_init.o)
 .debug_macro   0x000090b3      0x2df /home/carlos/ciaa-ide/workspace/lpcopen_lpc4337/Debug/liblpcopen_lpc4337.a(sysinit_18xx_43xx.o)

.debug_line     0x00000000     0x75d1
 .debug_line    0x00000000      0x86c ./src/main.o
 .debug_line    0x0000086c      0xf20 /home/carlos/ciaa-ide/workspace/freertos_lpc43xx/Debug/libfreertos_lpc43xx.a(tasks.o)
 .debug_line    0x0000178c      0x883 /home/carlos/ciaa-ide/workspace/freertos_lpc43xx/Debug/libfreertos_lpc43xx.a(FreeRTOSCommonHooks.o)
 .debug_line    0x0000200f      0x865 /home/carlos/ciaa-ide/workspace/freertos_lpc43xx/Debug/libfreertos_lpc43xx.a(heap_2.o)
 .debug_line    0x00002874      0x822 /home/carlos/ciaa-ide/workspace/freertos_lpc43xx/Debug/libfreertos_lpc43xx.a(list.o)
 .debug_line    0x00003096      0x8a5 /home/carlos/ciaa-ide/workspace/freertos_lpc43xx/Debug/libfreertos_lpc43xx.a(port.o)
 .debug_line    0x0000393b      0xad5 /home/carlos/ciaa-ide/workspace/lpcopen_lpc4337/Debug/liblpcopen_lpc4337.a(board.o)
 .debug_line    0x00004410      0x6e9 /home/carlos/ciaa-ide/workspace/lpcopen_lpc4337/Debug/liblpcopen_lpc4337.a(chip_18xx_43xx.o)
 .debug_line    0x00004af9      0x9f0 /home/carlos/ciaa-ide/workspace/lpcopen_lpc4337/Debug/liblpcopen_lpc4337.a(clock_18xx_43xx.o)
 .debug_line    0x000054e9       0xec /home/carlos/ciaa-ide/workspace/lpcopen_lpc4337/Debug/liblpcopen_lpc4337.a(cr_startup_lpc43xx.o)
 .debug_line    0x000055d5      0x73a /home/carlos/ciaa-ide/workspace/lpcopen_lpc4337/Debug/liblpcopen_lpc4337.a(gpio_18xx_43xx.o)
 .debug_line    0x00005d0f      0x761 /home/carlos/ciaa-ide/workspace/lpcopen_lpc4337/Debug/liblpcopen_lpc4337.a(sysinit.o)
 .debug_line    0x00006470      0x7dc /home/carlos/ciaa-ide/workspace/lpcopen_lpc4337/Debug/liblpcopen_lpc4337.a(board_sysinit.o)
 .debug_line    0x00006c4c      0x2ad /home/carlos/ciaa-ide/workspace/lpcopen_lpc4337/Debug/liblpcopen_lpc4337.a(fpu_init.o)
 .debug_line    0x00006ef9      0x6d8 /home/carlos/ciaa-ide/workspace/lpcopen_lpc4337/Debug/liblpcopen_lpc4337.a(sysinit_18xx_43xx.o)

.debug_str      0x00000000    0x1e447
 .debug_str     0x00000000    0x19764 ./src/main.o
                              0x199ce (size before relaxing)
 .debug_str     0x00019764     0x240b /home/carlos/ciaa-ide/workspace/freertos_lpc43xx/Debug/libfreertos_lpc43xx.a(tasks.o)
                              0x1b128 (size before relaxing)
 .debug_str     0x0001bb6f      0x856 /home/carlos/ciaa-ide/workspace/freertos_lpc43xx/Debug/libfreertos_lpc43xx.a(FreeRTOSCommonHooks.o)
                              0x1a170 (size before relaxing)
 .debug_str     0x0001c3c5      0x36e /home/carlos/ciaa-ide/workspace/freertos_lpc43xx/Debug/libfreertos_lpc43xx.a(heap_2.o)
                              0x19bac (size before relaxing)
 .debug_str     0x0001c733       0x97 /home/carlos/ciaa-ide/workspace/freertos_lpc43xx/Debug/libfreertos_lpc43xx.a(list.o)
                              0x18b1e (size before relaxing)
 .debug_str     0x0001c7ca      0x73f /home/carlos/ciaa-ide/workspace/freertos_lpc43xx/Debug/libfreertos_lpc43xx.a(port.o)
                              0x17d92 (size before relaxing)
 .debug_str     0x0001cf09      0x8d8 /home/carlos/ciaa-ide/workspace/lpcopen_lpc4337/Debug/liblpcopen_lpc4337.a(board.o)
                              0x18c12 (size before relaxing)
 .debug_str     0x0001d7e1      0x19c /home/carlos/ciaa-ide/workspace/lpcopen_lpc4337/Debug/liblpcopen_lpc4337.a(chip_18xx_43xx.o)
                              0x14df2 (size before relaxing)
 .debug_str     0x0001d97d      0x5e8 /home/carlos/ciaa-ide/workspace/lpcopen_lpc4337/Debug/liblpcopen_lpc4337.a(clock_18xx_43xx.o)
                              0x15345 (size before relaxing)
 .debug_str     0x0001df65      0x1d2 /home/carlos/ciaa-ide/workspace/lpcopen_lpc4337/Debug/liblpcopen_lpc4337.a(cr_startup_lpc43xx.o)
                               0x2700 (size before relaxing)
 .debug_str     0x0001e137       0xec /home/carlos/ciaa-ide/workspace/lpcopen_lpc4337/Debug/liblpcopen_lpc4337.a(gpio_18xx_43xx.o)
                              0x141f4 (size before relaxing)
 .debug_str     0x0001e223       0x1b /home/carlos/ciaa-ide/workspace/lpcopen_lpc4337/Debug/liblpcopen_lpc4337.a(sysinit.o)
                              0x178b6 (size before relaxing)
 .debug_str     0x0001e23e       0xd6 /home/carlos/ciaa-ide/workspace/lpcopen_lpc4337/Debug/liblpcopen_lpc4337.a(board_sysinit.o)
                              0x18675 (size before relaxing)
 .debug_str     0x0001e314       0xb5 /home/carlos/ciaa-ide/workspace/lpcopen_lpc4337/Debug/liblpcopen_lpc4337.a(fpu_init.o)
                               0x8ce7 (size before relaxing)
 .debug_str     0x0001e3c9       0x7e /home/carlos/ciaa-ide/workspace/lpcopen_lpc4337/Debug/liblpcopen_lpc4337.a(sysinit_18xx_43xx.o)
                              0x14c9a (size before relaxing)

.comment        0x00000000       0x70
 .comment       0x00000000       0x70 ./src/main.o
                                 0x71 (size before relaxing)
 .comment       0x00000000       0x71 /home/carlos/ciaa-ide/workspace/freertos_lpc43xx/Debug/libfreertos_lpc43xx.a(tasks.o)
 .comment       0x00000000       0x71 /home/carlos/ciaa-ide/workspace/freertos_lpc43xx/Debug/libfreertos_lpc43xx.a(FreeRTOSCommonHooks.o)
 .comment       0x00000000       0x71 /home/carlos/ciaa-ide/workspace/freertos_lpc43xx/Debug/libfreertos_lpc43xx.a(heap_2.o)
 .comment       0x00000000       0x71 /home/carlos/ciaa-ide/workspace/freertos_lpc43xx/Debug/libfreertos_lpc43xx.a(list.o)
 .comment       0x00000000       0x71 /home/carlos/ciaa-ide/workspace/freertos_lpc43xx/Debug/libfreertos_lpc43xx.a(port.o)
 .comment       0x00000000       0x71 /home/carlos/ciaa-ide/workspace/lpcopen_lpc4337/Debug/liblpcopen_lpc4337.a(board.o)
 .comment       0x00000000       0x71 /home/carlos/ciaa-ide/workspace/lpcopen_lpc4337/Debug/liblpcopen_lpc4337.a(chip_18xx_43xx.o)
 .comment       0x00000000       0x71 /home/carlos/ciaa-ide/workspace/lpcopen_lpc4337/Debug/liblpcopen_lpc4337.a(clock_18xx_43xx.o)
 .comment       0x00000000       0x71 /home/carlos/ciaa-ide/workspace/lpcopen_lpc4337/Debug/liblpcopen_lpc4337.a(cr_startup_lpc43xx.o)
 .comment       0x00000000       0x71 /home/carlos/ciaa-ide/workspace/lpcopen_lpc4337/Debug/liblpcopen_lpc4337.a(gpio_18xx_43xx.o)
 .comment       0x00000000       0x71 /home/carlos/ciaa-ide/workspace/lpcopen_lpc4337/Debug/liblpcopen_lpc4337.a(sysinit.o)
 .comment       0x00000000       0x71 /home/carlos/ciaa-ide/workspace/lpcopen_lpc4337/Debug/liblpcopen_lpc4337.a(board_sysinit.o)
 .comment       0x00000000       0x71 /home/carlos/ciaa-ide/workspace/lpcopen_lpc4337/Debug/liblpcopen_lpc4337.a(fpu_init.o)
 .comment       0x00000000       0x71 /home/carlos/ciaa-ide/workspace/lpcopen_lpc4337/Debug/liblpcopen_lpc4337.a(sysinit_18xx_43xx.o)

.ARM.attributes
                0x00000000       0x2e
 .ARM.attributes
                0x00000000       0x37 ./src/main.o
 .ARM.attributes
                0x00000037       0x37 /home/carlos/ciaa-ide/workspace/freertos_lpc43xx/Debug/libfreertos_lpc43xx.a(tasks.o)
 .ARM.attributes
                0x0000006e       0x37 /home/carlos/ciaa-ide/workspace/freertos_lpc43xx/Debug/libfreertos_lpc43xx.a(FreeRTOSCommonHooks.o)
 .ARM.attributes
                0x000000a5       0x37 /home/carlos/ciaa-ide/workspace/freertos_lpc43xx/Debug/libfreertos_lpc43xx.a(heap_2.o)
 .ARM.attributes
                0x000000dc       0x37 /home/carlos/ciaa-ide/workspace/freertos_lpc43xx/Debug/libfreertos_lpc43xx.a(list.o)
 .ARM.attributes
                0x00000113       0x37 /home/carlos/ciaa-ide/workspace/freertos_lpc43xx/Debug/libfreertos_lpc43xx.a(port.o)
 .ARM.attributes
                0x0000014a       0x37 /home/carlos/ciaa-ide/workspace/lpcopen_lpc4337/Debug/liblpcopen_lpc4337.a(board.o)
 .ARM.attributes
                0x00000181       0x37 /home/carlos/ciaa-ide/workspace/lpcopen_lpc4337/Debug/liblpcopen_lpc4337.a(chip_18xx_43xx.o)
 .ARM.attributes
                0x000001b8       0x37 /home/carlos/ciaa-ide/workspace/lpcopen_lpc4337/Debug/liblpcopen_lpc4337.a(clock_18xx_43xx.o)
 .ARM.attributes
                0x000001ef       0x37 /home/carlos/ciaa-ide/workspace/lpcopen_lpc4337/Debug/liblpcopen_lpc4337.a(cr_startup_lpc43xx.o)
 .ARM.attributes
                0x00000226       0x37 /home/carlos/ciaa-ide/workspace/lpcopen_lpc4337/Debug/liblpcopen_lpc4337.a(gpio_18xx_43xx.o)
 .ARM.attributes
                0x0000025d       0x37 /home/carlos/ciaa-ide/workspace/lpcopen_lpc4337/Debug/liblpcopen_lpc4337.a(sysinit.o)
 .ARM.attributes
                0x00000294       0x37 /home/carlos/ciaa-ide/workspace/lpcopen_lpc4337/Debug/liblpcopen_lpc4337.a(board_sysinit.o)
 .ARM.attributes
                0x000002cb       0x37 /home/carlos/ciaa-ide/workspace/lpcopen_lpc4337/Debug/liblpcopen_lpc4337.a(fpu_init.o)
 .ARM.attributes
                0x00000302       0x37 /home/carlos/ciaa-ide/workspace/lpcopen_lpc4337/Debug/liblpcopen_lpc4337.a(sysinit_18xx_43xx.o)
 .ARM.attributes
                0x00000339       0x32 /home/carlos/ciaa-ide/gcc-arm-none-eabi-4_9-2015q1/bin/../lib/gcc/arm-none-eabi/4.9.3/../../../../arm-none-eabi/lib/armv7e-m/softfp/libg_nano.a(lib_a-memcmp.o)
 .ARM.attributes
                0x0000036b       0x32 /home/carlos/ciaa-ide/gcc-arm-none-eabi-4_9-2015q1/bin/../lib/gcc/arm-none-eabi/4.9.3/../../../../arm-none-eabi/lib/armv7e-m/softfp/libg_nano.a(lib_a-memset.o)

.debug_frame    0x00000000     0x19dc
 .debug_frame   0x00000000       0x6c ./src/main.o
 .debug_frame   0x0000006c      0x560 /home/carlos/ciaa-ide/workspace/freertos_lpc43xx/Debug/libfreertos_lpc43xx.a(tasks.o)
 .debug_frame   0x000005cc       0xb0 /home/carlos/ciaa-ide/workspace/freertos_lpc43xx/Debug/libfreertos_lpc43xx.a(FreeRTOSCommonHooks.o)
 .debug_frame   0x0000067c       0xc0 /home/carlos/ciaa-ide/workspace/freertos_lpc43xx/Debug/libfreertos_lpc43xx.a(heap_2.o)
 .debug_frame   0x0000073c       0xd8 /home/carlos/ciaa-ide/workspace/freertos_lpc43xx/Debug/libfreertos_lpc43xx.a(list.o)
 .debug_frame   0x00000814      0x1ac /home/carlos/ciaa-ide/workspace/freertos_lpc43xx/Debug/libfreertos_lpc43xx.a(port.o)
 .debug_frame   0x000009c0      0x59c /home/carlos/ciaa-ide/workspace/lpcopen_lpc4337/Debug/liblpcopen_lpc4337.a(board.o)
 .debug_frame   0x00000f5c       0xa0 /home/carlos/ciaa-ide/workspace/lpcopen_lpc4337/Debug/liblpcopen_lpc4337.a(chip_18xx_43xx.o)
 .debug_frame   0x00000ffc      0x50c /home/carlos/ciaa-ide/workspace/lpcopen_lpc4337/Debug/liblpcopen_lpc4337.a(clock_18xx_43xx.o)
 .debug_frame   0x00001508      0x140 /home/carlos/ciaa-ide/workspace/lpcopen_lpc4337/Debug/liblpcopen_lpc4337.a(cr_startup_lpc43xx.o)
 .debug_frame   0x00001648      0x198 /home/carlos/ciaa-ide/workspace/lpcopen_lpc4337/Debug/liblpcopen_lpc4337.a(gpio_18xx_43xx.o)
 .debug_frame   0x000017e0       0x34 /home/carlos/ciaa-ide/workspace/lpcopen_lpc4337/Debug/liblpcopen_lpc4337.a(sysinit.o)
 .debug_frame   0x00001814       0xbc /home/carlos/ciaa-ide/workspace/lpcopen_lpc4337/Debug/liblpcopen_lpc4337.a(board_sysinit.o)
 .debug_frame   0x000018d0       0x38 /home/carlos/ciaa-ide/workspace/lpcopen_lpc4337/Debug/liblpcopen_lpc4337.a(fpu_init.o)
 .debug_frame   0x00001908       0x8c /home/carlos/ciaa-ide/workspace/lpcopen_lpc4337/Debug/liblpcopen_lpc4337.a(sysinit_18xx_43xx.o)
 .debug_frame   0x00001994       0x28 /home/carlos/ciaa-ide/gcc-arm-none-eabi-4_9-2015q1/bin/../lib/gcc/arm-none-eabi/4.9.3/../../../../arm-none-eabi/lib/armv7e-m/softfp/libg_nano.a(lib_a-memcmp.o)
 .debug_frame   0x000019bc       0x20 /home/carlos/ciaa-ide/gcc-arm-none-eabi-4_9-2015q1/bin/../lib/gcc/arm-none-eabi/4.9.3/../../../../arm-none-eabi/lib/armv7e-m/softfp/libg_nano.a(lib_a-memset.o)
