23:50:47 **** Clean-only build of configuration Debug for project CMSISv2p00_LPC17xx ****
make -r clean 
rm -rf  ./src/core_cm3.o ./src/system_LPC17xx.o  ./src/core_cm3.d ./src/system_LPC17xx.d  libCMSISv2p00_LPC17xx.a
 
23:50:47 **** Clean-only build of configuration Debug for project Template ****
make -r clean 
rm -rf  ./src/cr_startup_lpc17.o ./src/main.o  ./src/cr_startup_lpc17.d ./src/main.d  Template.axf
 
23:51:50 **** Build of configuration Debug for project CMSISv2p00_LPC17xx ****
make -r all 
Building file: ../src/core_cm3.c
Invoking: MCU C Compiler
arm-none-eabi-gcc -D__REDLIB__ -DDEBUG -D__CODE_RED -I../inc -O0 -Os -g3 -Wall -c -fmessage-length=0 -fno-builtin -ffunction-sections -fdata-sections -mcpu=cortex-m3 -mthumb -D__REDLIB__ -specs=redlib.specs -MMD -MP -MF"src/core_cm3.d" -MT"src/core_cm3.o" -MT"src/core_cm3.d" -o "src/core_cm3.o" "../src/core_cm3.c"
Finished building: ../src/core_cm3.c
 
Building file: ../src/system_LPC17xx.c
Invoking: MCU C Compiler
arm-none-eabi-gcc -D__REDLIB__ -DDEBUG -D__CODE_RED -I../inc -O0 -Os -g3 -Wall -c -fmessage-length=0 -fno-builtin -ffunction-sections -fdata-sections -mcpu=cortex-m3 -mthumb -D__REDLIB__ -specs=redlib.specs -MMD -MP -MF"src/system_LPC17xx.d" -MT"src/system_LPC17xx.o" -MT"src/system_LPC17xx.d" -o "src/system_LPC17xx.o" "../src/system_LPC17xx.c"
Finished building: ../src/system_LPC17xx.c
 
Building target: libCMSISv2p00_LPC17xx.a
Invoking: MCU Archiver
arm-none-eabi-ar -r  "libCMSISv2p00_LPC17xx.a"  ./src/core_cm3.o ./src/system_LPC17xx.o   
arm-none-eabi-ar: creating libCMSISv2p00_LPC17xx.a
Finished building target: libCMSISv2p00_LPC17xx.a
 
make --no-print-directory post-build
Performing post-build steps
arm-none-eabi-size libCMSISv2p00_LPC17xx.a ; # arm-none-eabi-objdump -h -S libCMSISv2p00_LPC17xx.a >libCMSISv2p00_LPC17xx.lss
   text	   data	    bss	    dec	    hex	filename
      0	      0	      0	      0	      0	core_cm3.o (ex libCMSISv2p00_LPC17xx.a)
    396	      4	      0	    400	    190	system_LPC17xx.o (ex libCMSISv2p00_LPC17xx.a)
 
23:51:50 **** Incremental Build of configuration Debug for project Lib_API_CAPI ****
make -r all 
make: No se hace nada para «all».
23:51:51 **** Incremental Build of configuration Debug for project Lib_Contenedores ****
make -r all 
make: No se hace nada para «all».
23:51:51 **** Incremental Build of configuration Debug for project Lib_MCU_LPC176x ****
make -r all 
make: No se hace nada para «all».
23:51:52 **** Build of configuration Debug for project MPU_test ****
make -r all 
Building file: ../src/MPU_test.c
Invoking: MCU C Compiler
arm-none-eabi-gcc -DDEBUG -D__CODE_RED -DCORE_M3 -D__LPC177X_8X__ -D__REDLIB__ -O0 -g3 -Wall -c -fmessage-length=0 -fno-builtin -ffunction-sections -fdata-sections -mcpu=cortex-m3 -mthumb -specs=redlib.specs -MMD -MP -MF"src/MPU_test.d" -MT"src/MPU_test.o" -MT"src/MPU_test.d" -o "src/MPU_test.o" "../src/MPU_test.c"
Finished building: ../src/MPU_test.c
 
Building file: ../src/cr_startup_lpc177x_8x.c
Invoking: MCU C Compiler
arm-none-eabi-gcc -DDEBUG -D__CODE_RED -DCORE_M3 -D__LPC177X_8X__ -D__REDLIB__ -O0 -g3 -Wall -c -fmessage-length=0 -fno-builtin -ffunction-sections -fdata-sections -mcpu=cortex-m3 -mthumb -specs=redlib.specs -MMD -MP -MF"src/cr_startup_lpc177x_8x.d" -MT"src/cr_startup_lpc177x_8x.o" -MT"src/cr_startup_lpc177x_8x.d" -o "src/cr_startup_lpc177x_8x.o" "../src/cr_startup_lpc177x_8x.c"
Finished building: ../src/cr_startup_lpc177x_8x.c
 
Building file: ../src/crp.c
Invoking: MCU C Compiler
arm-none-eabi-gcc -DDEBUG -D__CODE_RED -DCORE_M3 -D__LPC177X_8X__ -D__REDLIB__ -O0 -g3 -Wall -c -fmessage-length=0 -fno-builtin -ffunction-sections -fdata-sections -mcpu=cortex-m3 -mthumb -specs=redlib.specs -MMD -MP -MF"src/crp.d" -MT"src/crp.o" -MT"src/crp.d" -o "src/crp.o" "../src/crp.c"
Finished building: ../src/crp.c
 
Building target: MPU_test.axf
Invoking: MCU Linker
arm-none-eabi-gcc -nostdlib -L"/home/carlos/FIUBA/MPU/workspace/CMSISv2p00_LPC17xx/Debug" -L"/home/carlos/FIUBA/MPU/workspace/Lib_API_CAPI/Debug" -L"/home/carlos/FIUBA/MPU/workspace/Lib_Contenedores/Debug" -L"/home/carlos/FIUBA/MPU/workspace/Lib_MCU_LPC176x/Debug" -Xlinker -Map="MPU_test.map" -Xlinker --gc-sections -mcpu=cortex-m3 -mthumb -T "MPU_test_Debug.ld" -o "MPU_test.axf"  ./src/MPU_test.o ./src/cr_startup_lpc177x_8x.o ./src/crp.o   -lCMSISv2p00_LPC17xx -lLib_API_CAPI -lLib_MCU_LPC176x -lLib_Contenedores
Finished building target: MPU_test.axf
 
make --no-print-directory post-build
Performing post-build steps
arm-none-eabi-size "MPU_test.axf"; # arm-none-eabi-objcopy -v -O binary "MPU_test.axf" "MPU_test.bin" ; # checksum -p LPC1769 -d "MPU_test.bin";
   text	   data	    bss	    dec	    hex	filename
    792	      0	      4	    796	    31c	MPU_test.axf
 
23:51:52 **** Build of configuration Debug for project Template ****
make -r all 
Building file: ../src/cr_startup_lpc17.c
Invoking: MCU C Compiler
arm-none-eabi-gcc -D__REDLIB__ -DDEBUG -D__CODE_RED -D__USE_CMSIS=CMSISv2p00_LPC17xx -I"/home/carlos/FIUBA/MPU/workspace/CMSISv2p00_LPC17xx/inc" -I"/home/carlos/FIUBA/MPU/workspace/Lib_API_CAPI/inc" -I"/home/carlos/FIUBA/MPU/workspace/Lib_Contenedores/inc" -I"/home/carlos/FIUBA/MPU/workspace/Lib_MCU_LPC176x/inc" -O0 -g3 -Wall -c -fmessage-length=0 -fno-builtin -ffunction-sections -fdata-sections -mcpu=cortex-m3 -mthumb -D__REDLIB__ -specs=redlib.specs -MMD -MP -MF"src/cr_startup_lpc17.d" -MT"src/cr_startup_lpc17.o" -MT"src/cr_startup_lpc17.d" -o "src/cr_startup_lpc17.o" "../src/cr_startup_lpc17.c"
Finished building: ../src/cr_startup_lpc17.c
 
Building file: ../src/main.c
Invoking: MCU C Compiler
arm-none-eabi-gcc -D__REDLIB__ -DDEBUG -D__CODE_RED -D__USE_CMSIS=CMSISv2p00_LPC17xx -I"/home/carlos/FIUBA/MPU/workspace/CMSISv2p00_LPC17xx/inc" -I"/home/carlos/FIUBA/MPU/workspace/Lib_API_CAPI/inc" -I"/home/carlos/FIUBA/MPU/workspace/Lib_Contenedores/inc" -I"/home/carlos/FIUBA/MPU/workspace/Lib_MCU_LPC176x/inc" -O0 -g3 -Wall -c -fmessage-length=0 -fno-builtin -ffunction-sections -fdata-sections -mcpu=cortex-m3 -mthumb -D__REDLIB__ -specs=redlib.specs -MMD -MP -MF"src/main.d" -MT"src/main.o" -MT"src/main.d" -o "src/main.o" "../src/main.c"
Finished building: ../src/main.c
 
Building target: Template.axf
Invoking: MCU Linker
arm-none-eabi-gcc -nostdlib -L"/home/carlos/FIUBA/MPU/workspace/CMSISv2p00_LPC17xx/Debug" -L"/home/carlos/FIUBA/MPU/workspace/Lib_API_CAPI/Debug" -L"/home/carlos/FIUBA/MPU/workspace/Lib_Contenedores/Debug" -L"/home/carlos/FIUBA/MPU/workspace/Lib_MCU_LPC176x/Debug" -Xlinker -Map="Template.map" -Xlinker --gc-sections -mcpu=cortex-m3 -mthumb -T "Template_Debug.ld" -o "Template.axf"  ./src/cr_startup_lpc17.o ./src/main.o   -lCMSISv2p00_LPC17xx -lLib_API_CAPI -lLib_Contenedores -lLib_MCU_LPC176x
./src/cr_startup_lpc17.o:(.isr_vector+0x2c): undefined reference to `vPortSVCHandler'
./src/cr_startup_lpc17.o:(.isr_vector+0x38): undefined reference to `xPortPendSVHandler'
./src/cr_startup_lpc17.o:(.isr_vector+0x3c): undefined reference to `xPortSysTickHandler'
collect2: error: ld returned 1 exit status
make: *** [Template.axf] Error 1
23:52:04 **** Incremental Build of configuration Debug for project MPU_test ****
make -r all 
make: No se hace nada para «all».
23:59:59 **** Incremental Build of configuration Debug for project CMSISv2p00_LPC17xx ****
make -r all 
make: No se hace nada para «all».
23:59:59 **** Incremental Build of configuration Debug for project Lib_API_CAPI ****
make -r all 
make: No se hace nada para «all».
00:00:00 **** Incremental Build of configuration Debug for project Lib_Contenedores ****
make -r all 
make: No se hace nada para «all».
00:00:00 **** Incremental Build of configuration Debug for project Lib_MCU_LPC176x ****
make -r all 
make: No se hace nada para «all».
00:00:01 **** Incremental Build of configuration Debug for project MPU_test ****
make -r all 
Building file: ../src/MPU_test.c
Invoking: MCU C Compiler
arm-none-eabi-gcc -DDEBUG -D__CODE_RED -DCORE_M3 -D__LPC177X_8X__ -D__REDLIB__ -O0 -g3 -Wall -c -fmessage-length=0 -fno-builtin -ffunction-sections -fdata-sections -mcpu=cortex-m3 -mthumb -specs=redlib.specs -MMD -MP -MF"src/MPU_test.d" -MT"src/MPU_test.o" -MT"src/MPU_test.d" -o "src/MPU_test.o" "../src/MPU_test.c"
../src/MPU_test.c: In function 'main':
../src/MPU_test.c:24:2: warning: implicit declaration of function 'mpuSetup' [-Wimplicit-function-declaration]
  mpuSetup();
  ^
../src/MPU_test.c:27:2: error: 'SCB' undeclared (first use in this function)
  SCB->SHCSR |= SCB_SHCSR_MEMFAULTENA_Msk | SCB_SHCSR_USGFAULTENA_Msk | SCB_SHCSR_BUSFAULTENA_Msk;
  ^
../src/MPU_test.c:27:2: note: each undeclared identifier is reported only once for each function it appears in
../src/MPU_test.c:27:16: error: 'SCB_SHCSR_MEMFAULTENA_Msk' undeclared (first use in this function)
  SCB->SHCSR |= SCB_SHCSR_MEMFAULTENA_Msk | SCB_SHCSR_USGFAULTENA_Msk | SCB_SHCSR_BUSFAULTENA_Msk;
                ^
../src/MPU_test.c:27:44: error: 'SCB_SHCSR_USGFAULTENA_Msk' undeclared (first use in this function)
  SCB->SHCSR |= SCB_SHCSR_MEMFAULTENA_Msk | SCB_SHCSR_USGFAULTENA_Msk | SCB_SHCSR_BUSFAULTENA_Msk;
                                            ^
../src/MPU_test.c:27:72: error: 'SCB_SHCSR_BUSFAULTENA_Msk' undeclared (first use in this function)
  SCB->SHCSR |= SCB_SHCSR_MEMFAULTENA_Msk | SCB_SHCSR_USGFAULTENA_Msk | SCB_SHCSR_BUSFAULTENA_Msk;
                                                                        ^
make: *** [src/MPU_test.o] Error 1
00:00:34 **** Incremental Build of configuration Debug for project CMSISv2p00_LPC17xx ****
make -r all 
make: No se hace nada para «all».
00:00:34 **** Incremental Build of configuration Debug for project Lib_API_CAPI ****
make -r all 
make: No se hace nada para «all».
00:00:35 **** Incremental Build of configuration Debug for project Lib_Contenedores ****
make -r all 
make: No se hace nada para «all».
00:00:35 **** Incremental Build of configuration Debug for project Lib_MCU_LPC176x ****
make -r all 
make: No se hace nada para «all».
00:00:36 **** Incremental Build of configuration Debug for project MPU_test ****
make -r all 
Building file: ../src/MPU_test.c
Invoking: MCU C Compiler
arm-none-eabi-gcc -DDEBUG -D__CODE_RED -DCORE_M3 -D__LPC177X_8X__ -D__REDLIB__ -O0 -g3 -Wall -c -fmessage-length=0 -fno-builtin -ffunction-sections -fdata-sections -mcpu=cortex-m3 -mthumb -specs=redlib.specs -MMD -MP -MF"src/MPU_test.d" -MT"src/MPU_test.o" -MT"src/MPU_test.d" -o "src/MPU_test.o" "../src/MPU_test.c"
In file included from ../src/MPU_test.c:11:0:
../src/mpu.h:11:21: fatal error: LPC43xx.h: No such file or directory
 #include "LPC43xx.h"
                     ^
compilation terminated.
make: *** [src/MPU_test.o] Error 1
00:00:51 **** Incremental Build of configuration Debug for project CMSISv2p00_LPC17xx ****
make -r all 
make: No se hace nada para «all».
00:00:51 **** Incremental Build of configuration Debug for project Lib_API_CAPI ****
make -r all 
make: No se hace nada para «all».
00:00:52 **** Incremental Build of configuration Debug for project Lib_Contenedores ****
make -r all 
make: No se hace nada para «all».
00:00:52 **** Incremental Build of configuration Debug for project Lib_MCU_LPC176x ****
make -r all 
make: No se hace nada para «all».
00:00:53 **** Incremental Build of configuration Debug for project MPU_test ****
make -r all 
Building file: ../src/MPU_test.c
Invoking: MCU C Compiler
arm-none-eabi-gcc -DDEBUG -D__CODE_RED -DCORE_M3 -D__LPC177X_8X__ -D__REDLIB__ -O0 -g3 -Wall -c -fmessage-length=0 -fno-builtin -ffunction-sections -fdata-sections -mcpu=cortex-m3 -mthumb -specs=redlib.specs -MMD -MP -MF"src/MPU_test.d" -MT"src/MPU_test.o" -MT"src/MPU_test.d" -o "src/MPU_test.o" "../src/MPU_test.c"
In file included from ../src/MPU_test.c:11:0:
../src/mpu.h:11:21: fatal error: LPC17xx.h: No such file or directory
 #include "LPC17xx.h"
                     ^
compilation terminated.
make: *** [src/MPU_test.o] Error 1
00:01:00 **** Incremental Build of configuration Debug for project CMSISv2p00_LPC17xx ****
make -r all 
make: No se hace nada para «all».
00:01:00 **** Incremental Build of configuration Debug for project Lib_API_CAPI ****
make -r all 
make: No se hace nada para «all».
00:01:01 **** Incremental Build of configuration Debug for project Lib_Contenedores ****
make -r all 
make: No se hace nada para «all».
00:01:01 **** Incremental Build of configuration Debug for project Lib_MCU_LPC176x ****
make -r all 
make: No se hace nada para «all».
00:01:02 **** Incremental Build of configuration Debug for project MPU_test ****
make -r all 
Building file: ../src/MPU_test.c
Invoking: MCU C Compiler
arm-none-eabi-gcc -DDEBUG -D__CODE_RED -DCORE_M3 -D__LPC177X_8X__ -D__REDLIB__ -O0 -g3 -Wall -c -fmessage-length=0 -fno-builtin -ffunction-sections -fdata-sections -mcpu=cortex-m3 -mthumb -specs=redlib.specs -MMD -MP -MF"src/MPU_test.d" -MT"src/MPU_test.o" -MT"src/MPU_test.d" -o "src/MPU_test.o" "../src/MPU_test.c"
In file included from ../src/MPU_test.c:11:0:
../src/mpu.h:13:20: fatal error: kernel.h: No such file or directory
 #include "kernel.h"
                    ^
compilation terminated.
make: *** [src/MPU_test.o] Error 1
00:01:44 **** Incremental Build of configuration Debug for project CMSISv2p00_LPC17xx ****
make -r all 
make: No se hace nada para «all».
00:01:44 **** Incremental Build of configuration Debug for project Lib_API_CAPI ****
make -r all 
make: No se hace nada para «all».
00:01:45 **** Incremental Build of configuration Debug for project Lib_Contenedores ****
make -r all 
make: No se hace nada para «all».
00:01:46 **** Incremental Build of configuration Debug for project Lib_MCU_LPC176x ****
make -r all 
make: No se hace nada para «all».
00:01:46 **** Incremental Build of configuration Debug for project MPU_test ****
make -r all 
Building file: ../src/MPU_test.c
Invoking: MCU C Compiler
arm-none-eabi-gcc -DDEBUG -D__CODE_RED -DCORE_M3 -D__LPC177X_8X__ -D__REDLIB__ -O0 -g3 -Wall -c -fmessage-length=0 -fno-builtin -ffunction-sections -fdata-sections -mcpu=cortex-m3 -mthumb -specs=redlib.specs -MMD -MP -MF"src/MPU_test.d" -MT"src/MPU_test.o" -MT"src/MPU_test.d" -o "src/MPU_test.o" "../src/MPU_test.c"
In file included from ../src/MPU_test.c:11:0:
../src/mpu.h:11:21: fatal error: LPC17xx.h: No such file or directory
 #include "LPC17xx.h"
                     ^
compilation terminated.
make: *** [src/MPU_test.o] Error 1
00:02:14 **** Incremental Build of configuration Debug for project CMSISv2p00_LPC17xx ****
make -r all 
make: No se hace nada para «all».
00:02:14 **** Incremental Build of configuration Debug for project Lib_API_CAPI ****
make -r all 
make: No se hace nada para «all».
00:02:15 **** Incremental Build of configuration Debug for project Lib_Contenedores ****
make -r all 
make: No se hace nada para «all».
00:02:15 **** Incremental Build of configuration Debug for project Lib_MCU_LPC176x ****
make -r all 
make: No se hace nada para «all».
00:02:16 **** Incremental Build of configuration Debug for project MPU_test ****
make -r all 
Building file: ../src/MPU_test.c
Invoking: MCU C Compiler
arm-none-eabi-gcc -DDEBUG -D__CODE_RED -DCORE_M3 -D__LPC177X_8X__ -D__REDLIB__ -O0 -g3 -Wall -c -fmessage-length=0 -fno-builtin -ffunction-sections -fdata-sections -mcpu=cortex-m3 -mthumb -specs=redlib.specs -MMD -MP -MF"src/MPU_test.d" -MT"src/MPU_test.o" -MT"src/MPU_test.d" -o "src/MPU_test.o" "../src/MPU_test.c"
In file included from ../src/MPU_test.c:11:0:
../src/mpu.h:11:21: fatal error: LPC176x.h: No such file or directory
 #include "LPC176x.h"
                     ^
compilation terminated.
make: *** [src/MPU_test.o] Error 1
00:03:09 **** Incremental Build of configuration Debug for project CMSISv2p00_LPC17xx ****
make -r all 
make: No se hace nada para «all».
00:03:10 **** Incremental Build of configuration Debug for project Lib_API_CAPI ****
make -r all 
make: No se hace nada para «all».
00:03:10 **** Incremental Build of configuration Debug for project Lib_Contenedores ****
make -r all 
make: No se hace nada para «all».
00:03:11 **** Incremental Build of configuration Debug for project Lib_MCU_LPC176x ****
make -r all 
make: No se hace nada para «all».
00:03:11 **** Incremental Build of configuration Debug for project MPU_test ****
make -r all 
Building file: ../src/MPU_test.c
Invoking: MCU C Compiler
arm-none-eabi-gcc -DDEBUG -D__CODE_RED -DCORE_M3 -D__LPC177X_8X__ -D__REDLIB__ -O0 -g3 -Wall -c -fmessage-length=0 -fno-builtin -ffunction-sections -fdata-sections -mcpu=cortex-m3 -mthumb -specs=redlib.specs -MMD -MP -MF"src/MPU_test.d" -MT"src/MPU_test.o" -MT"src/MPU_test.d" -o "src/MPU_test.o" "../src/MPU_test.c"
In file included from ../src/MPU_test.c:11:0:
../src/mpu.h:11:21: fatal error: LPC17xx.h: No such file or directory
 #include <LPC17xx.h>
                     ^
compilation terminated.
make: *** [src/MPU_test.o] Error 1
00:03:23 **** Incremental Build of configuration Debug for project CMSISv2p00_LPC17xx ****
make -r all 
make: No se hace nada para «all».
00:03:24 **** Incremental Build of configuration Debug for project Lib_API_CAPI ****
make -r all 
make: No se hace nada para «all».
00:03:24 **** Incremental Build of configuration Debug for project Lib_Contenedores ****
make -r all 
make: No se hace nada para «all».
00:03:24 **** Incremental Build of configuration Debug for project Lib_MCU_LPC176x ****
make -r all 
make: No se hace nada para «all».
00:03:25 **** Incremental Build of configuration Debug for project MPU_test ****
make -r all 
Building file: ../src/MPU_test.c
Invoking: MCU C Compiler
arm-none-eabi-gcc -DDEBUG -D__CODE_RED -DCORE_M3 -D__LPC177X_8X__ -D__REDLIB__ -O0 -g3 -Wall -c -fmessage-length=0 -fno-builtin -ffunction-sections -fdata-sections -mcpu=cortex-m3 -mthumb -specs=redlib.specs -MMD -MP -MF"src/MPU_test.d" -MT"src/MPU_test.o" -MT"src/MPU_test.d" -o "src/MPU_test.o" "../src/MPU_test.c"
../src/MPU_test.c: In function 'main':
../src/MPU_test.c:29:2: error: 'SCB' undeclared (first use in this function)
  SCB->SHCSR |= SCB_SHCSR_MEMFAULTENA_Msk | SCB_SHCSR_USGFAULTENA_Msk | SCB_SHCSR_BUSFAULTENA_Msk;
  ^
../src/MPU_test.c:29:2: note: each undeclared identifier is reported only once for each function it appears in
../src/MPU_test.c:29:16: error: 'SCB_SHCSR_MEMFAULTENA_Msk' undeclared (first use in this function)
  SCB->SHCSR |= SCB_SHCSR_MEMFAULTENA_Msk | SCB_SHCSR_USGFAULTENA_Msk | SCB_SHCSR_BUSFAULTENA_Msk;
                ^
../src/MPU_test.c:29:44: error: 'SCB_SHCSR_USGFAULTENA_Msk' undeclared (first use in this function)
  SCB->SHCSR |= SCB_SHCSR_MEMFAULTENA_Msk | SCB_SHCSR_USGFAULTENA_Msk | SCB_SHCSR_BUSFAULTENA_Msk;
                                            ^
../src/MPU_test.c:29:72: error: 'SCB_SHCSR_BUSFAULTENA_Msk' undeclared (first use in this function)
  SCB->SHCSR |= SCB_SHCSR_MEMFAULTENA_Msk | SCB_SHCSR_USGFAULTENA_Msk | SCB_SHCSR_BUSFAULTENA_Msk;
                                                                        ^
make: *** [src/MPU_test.o] Error 1
00:03:50 **** Incremental Build of configuration Debug for project CMSISv2p00_LPC17xx ****
make -r all 
make: No se hace nada para «all».
00:03:51 **** Incremental Build of configuration Debug for project Lib_API_CAPI ****
make -r all 
make: No se hace nada para «all».
00:03:51 **** Incremental Build of configuration Debug for project Lib_Contenedores ****
make -r all 
make: No se hace nada para «all».
00:03:52 **** Incremental Build of configuration Debug for project Lib_MCU_LPC176x ****
make -r all 
make: No se hace nada para «all».
00:03:52 **** Incremental Build of configuration Debug for project MPU_test ****
make -r all 
Building file: ../src/MPU_test.c
Invoking: MCU C Compiler
arm-none-eabi-gcc -DDEBUG -D__CODE_RED -DCORE_M3 -D__LPC177X_8X__ -D__REDLIB__ -O0 -g3 -Wall -c -fmessage-length=0 -fno-builtin -ffunction-sections -fdata-sections -mcpu=cortex-m3 -mthumb -specs=redlib.specs -MMD -MP -MF"src/MPU_test.d" -MT"src/MPU_test.o" -MT"src/MPU_test.d" -o "src/MPU_test.o" "../src/MPU_test.c"
../src/MPU_test.c: In function 'main':
../src/MPU_test.c:29:2: error: 'SCB' undeclared (first use in this function)
  SCB->SHCSR |= SCB_SHCSR_MEMFAULTENA_Msk | SCB_SHCSR_USGFAULTENA_Msk | SCB_SHCSR_BUSFAULTENA_Msk;
  ^
../src/MPU_test.c:29:2: note: each undeclared identifier is reported only once for each function it appears in
../src/MPU_test.c:29:16: error: 'SCB_SHCSR_MEMFAULTENA_Msk' undeclared (first use in this function)
  SCB->SHCSR |= SCB_SHCSR_MEMFAULTENA_Msk | SCB_SHCSR_USGFAULTENA_Msk | SCB_SHCSR_BUSFAULTENA_Msk;
                ^
../src/MPU_test.c:29:44: error: 'SCB_SHCSR_USGFAULTENA_Msk' undeclared (first use in this function)
  SCB->SHCSR |= SCB_SHCSR_MEMFAULTENA_Msk | SCB_SHCSR_USGFAULTENA_Msk | SCB_SHCSR_BUSFAULTENA_Msk;
                                            ^
../src/MPU_test.c:29:72: error: 'SCB_SHCSR_BUSFAULTENA_Msk' undeclared (first use in this function)
  SCB->SHCSR |= SCB_SHCSR_MEMFAULTENA_Msk | SCB_SHCSR_USGFAULTENA_Msk | SCB_SHCSR_BUSFAULTENA_Msk;
                                                                        ^
make: *** [src/MPU_test.o] Error 1
00:04:15 **** Incremental Build of configuration Debug for project CMSISv2p00_LPC17xx ****
make -r all 
make: No se hace nada para «all».
00:04:15 **** Incremental Build of configuration Debug for project Lib_API_CAPI ****
make -r all 
make: No se hace nada para «all».
00:04:16 **** Incremental Build of configuration Debug for project Lib_Contenedores ****
make -r all 
make: No se hace nada para «all».
00:04:16 **** Incremental Build of configuration Debug for project Lib_MCU_LPC176x ****
make -r all 
make: No se hace nada para «all».
00:04:17 **** Incremental Build of configuration Debug for project MPU_test ****
make -r all 
Building file: ../src/MPU_test.c
Invoking: MCU C Compiler
arm-none-eabi-gcc -DDEBUG -D__CODE_RED -DCORE_M3 -D__LPC177X_8X__ -D__REDLIB__ -O0 -g3 -Wall -c -fmessage-length=0 -fno-builtin -ffunction-sections -fdata-sections -mcpu=cortex-m3 -mthumb -specs=redlib.specs -MMD -MP -MF"src/MPU_test.d" -MT"src/MPU_test.o" -MT"src/MPU_test.d" -o "src/MPU_test.o" "../src/MPU_test.c"
In file included from ../src/MPU_test.c:11:0:
../src/mpu.h:11:24: fatal error: LPC177x_8x.h: No such file or directory
 #include "LPC177x_8x.h"
                        ^
compilation terminated.
make: *** [src/MPU_test.o] Error 1
00:04:30 **** Incremental Build of configuration Debug for project CMSISv2p00_LPC17xx ****
make -r all 
make: No se hace nada para «all».
00:04:31 **** Incremental Build of configuration Debug for project Lib_API_CAPI ****
make -r all 
make: No se hace nada para «all».
00:04:31 **** Incremental Build of configuration Debug for project Lib_Contenedores ****
make -r all 
make: No se hace nada para «all».
00:04:32 **** Incremental Build of configuration Debug for project Lib_MCU_LPC176x ****
make -r all 
make: No se hace nada para «all».
00:04:32 **** Incremental Build of configuration Debug for project MPU_test ****
make -r all 
Building file: ../src/MPU_test.c
Invoking: MCU C Compiler
arm-none-eabi-gcc -DDEBUG -D__CODE_RED -DCORE_M3 -D__LPC177X_8X__ -D__REDLIB__ -O0 -g3 -Wall -c -fmessage-length=0 -fno-builtin -ffunction-sections -fdata-sections -mcpu=cortex-m3 -mthumb -specs=redlib.specs -MMD -MP -MF"src/MPU_test.d" -MT"src/MPU_test.o" -MT"src/MPU_test.d" -o "src/MPU_test.o" "../src/MPU_test.c"
In file included from ../src/MPU_test.c:11:0:
../src/mpu.h:11:24: fatal error: LPC177x_8x.h: No such file or directory
 #include <LPC177x_8x.h>
                        ^
compilation terminated.
make: *** [src/MPU_test.o] Error 1
00:04:57 **** Incremental Build of configuration Debug for project CMSISv2p00_LPC17xx ****
make -r all 
make: No se hace nada para «all».
00:04:58 **** Incremental Build of configuration Debug for project Lib_API_CAPI ****
make -r all 
make: No se hace nada para «all».
00:04:58 **** Incremental Build of configuration Debug for project Lib_Contenedores ****
make -r all 
make: No se hace nada para «all».
00:04:59 **** Incremental Build of configuration Debug for project Lib_MCU_LPC176x ****
make -r all 
make: No se hace nada para «all».
00:04:59 **** Incremental Build of configuration Debug for project MPU_test ****
make -r all 
Building file: ../src/MPU_test.c
Invoking: MCU C Compiler
arm-none-eabi-gcc -DDEBUG -D__CODE_RED -DCORE_M3 -D__LPC177X_8X__ -D__REDLIB__ -O0 -g3 -Wall -c -fmessage-length=0 -fno-builtin -ffunction-sections -fdata-sections -mcpu=cortex-m3 -mthumb -specs=redlib.specs -MMD -MP -MF"src/MPU_test.d" -MT"src/MPU_test.o" -MT"src/MPU_test.d" -o "src/MPU_test.o" "../src/MPU_test.c"
In file included from ../src/MPU_test.c:11:0:
../src/mpu.h:17:2: error: unknown type name 'uint32_t'
  uint32_t dataAddr;
  ^
../src/mpu.h:18:2: error: unknown type name 'uint32_t'
  uint32_t periAddr;
  ^
../src/mpu.h:81:27: error: unknown type name 'uint32_t'
 void mpuStackRegionConfig(uint32_t * stack);
                           ^
../src/MPU_test.c: In function 'main':
../src/MPU_test.c:29:2: error: 'SCB' undeclared (first use in this function)
  SCB->SHCSR |= SCB_SHCSR_MEMFAULTENA_Msk | SCB_SHCSR_USGFAULTENA_Msk | SCB_SHCSR_BUSFAULTENA_Msk;
  ^
../src/MPU_test.c:29:2: note: each undeclared identifier is reported only once for each function it appears in
../src/MPU_test.c:29:16: error: 'SCB_SHCSR_MEMFAULTENA_Msk' undeclared (first use in this function)
  SCB->SHCSR |= SCB_SHCSR_MEMFAULTENA_Msk | SCB_SHCSR_USGFAULTENA_Msk | SCB_SHCSR_BUSFAULTENA_Msk;
                ^
../src/MPU_test.c:29:44: error: 'SCB_SHCSR_USGFAULTENA_Msk' undeclared (first use in this function)
  SCB->SHCSR |= SCB_SHCSR_MEMFAULTENA_Msk | SCB_SHCSR_USGFAULTENA_Msk | SCB_SHCSR_BUSFAULTENA_Msk;
                                            ^
../src/MPU_test.c:29:72: error: 'SCB_SHCSR_BUSFAULTENA_Msk' undeclared (first use in this function)
  SCB->SHCSR |= SCB_SHCSR_MEMFAULTENA_Msk | SCB_SHCSR_USGFAULTENA_Msk | SCB_SHCSR_BUSFAULTENA_Msk;
                                                                        ^
make: *** [src/MPU_test.o] Error 1
00:05:23 **** Incremental Build of configuration Debug for project CMSISv2p00_LPC17xx ****
make -r all 
make: No se hace nada para «all».
00:05:24 **** Incremental Build of configuration Debug for project Lib_API_CAPI ****
make -r all 
make: No se hace nada para «all».
00:05:24 **** Incremental Build of configuration Debug for project Lib_Contenedores ****
make -r all 
make: No se hace nada para «all».
00:05:25 **** Incremental Build of configuration Debug for project Lib_MCU_LPC176x ****
make -r all 
make: No se hace nada para «all».
00:05:25 **** Incremental Build of configuration Debug for project MPU_test ****
make -r all 
Building file: ../src/MPU_test.c
Invoking: MCU C Compiler
arm-none-eabi-gcc -DDEBUG -D__CODE_RED -DCORE_M3 -D__LPC177X_8X__ -D__REDLIB__ -O0 -g3 -Wall -c -fmessage-length=0 -fno-builtin -ffunction-sections -fdata-sections -mcpu=cortex-m3 -mthumb -specs=redlib.specs -MMD -MP -MF"src/MPU_test.d" -MT"src/MPU_test.o" -MT"src/MPU_test.d" -o "src/MPU_test.o" "../src/MPU_test.c"
In file included from ../src/MPU_test.c:11:0:
../src/mpu.h:13:24: fatal error: LPC177x_8x.h: No such file or directory
 #include "LPC177x_8x.h"
                        ^
compilation terminated.
make: *** [src/MPU_test.o] Error 1
00:05:30 **** Incremental Build of configuration Debug for project CMSISv2p00_LPC17xx ****
make -r all 
make: No se hace nada para «all».
00:05:31 **** Incremental Build of configuration Debug for project Lib_API_CAPI ****
make -r all 
make: No se hace nada para «all».
00:05:31 **** Incremental Build of configuration Debug for project Lib_Contenedores ****
make -r all 
make: No se hace nada para «all».
00:05:32 **** Incremental Build of configuration Debug for project Lib_MCU_LPC176x ****
make -r all 
make: No se hace nada para «all».
00:05:32 **** Incremental Build of configuration Debug for project MPU_test ****
make -r all 
Building file: ../src/MPU_test.c
Invoking: MCU C Compiler
arm-none-eabi-gcc -DDEBUG -D__CODE_RED -DCORE_M3 -D__LPC177X_8X__ -D__REDLIB__ -O0 -g3 -Wall -c -fmessage-length=0 -fno-builtin -ffunction-sections -fdata-sections -mcpu=cortex-m3 -mthumb -specs=redlib.specs -MMD -MP -MF"src/MPU_test.d" -MT"src/MPU_test.o" -MT"src/MPU_test.d" -o "src/MPU_test.o" "../src/MPU_test.c"
In file included from ../src/MPU_test.c:11:0:
../src/mpu.h:16:2: error: unknown type name 'uint3O2_t'
  uint3O2_t dataAddr;
  ^
../src/MPU_test.c: In function 'main':
../src/MPU_test.c:29:2: error: 'SCB' undeclared (first use in this function)
  SCB->SHCSR |= SCB_SHCSR_MEMFAULTENA_Msk | SCB_SHCSR_USGFAULTENA_Msk | SCB_SHCSR_BUSFAULTENA_Msk;
  ^
../src/MPU_test.c:29:2: note: each undeclared identifier is reported only once for each function it appears in
../src/MPU_test.c:29:16: error: 'SCB_SHCSR_MEMFAULTENA_Msk' undeclared (first use in this function)
  SCB->SHCSR |= SCB_SHCSR_MEMFAULTENA_Msk | SCB_SHCSR_USGFAULTENA_Msk | SCB_SHCSR_BUSFAULTENA_Msk;
                ^
../src/MPU_test.c:29:44: error: 'SCB_SHCSR_USGFAULTENA_Msk' undeclared (first use in this function)
  SCB->SHCSR |= SCB_SHCSR_MEMFAULTENA_Msk | SCB_SHCSR_USGFAULTENA_Msk | SCB_SHCSR_BUSFAULTENA_Msk;
                                            ^
../src/MPU_test.c:29:72: error: 'SCB_SHCSR_BUSFAULTENA_Msk' undeclared (first use in this function)
  SCB->SHCSR |= SCB_SHCSR_MEMFAULTENA_Msk | SCB_SHCSR_USGFAULTENA_Msk | SCB_SHCSR_BUSFAULTENA_Msk;
                                                                        ^
make: *** [src/MPU_test.o] Error 1
00:05:36 **** Incremental Build of configuration Debug for project CMSISv2p00_LPC17xx ****
make -r all 
make: No se hace nada para «all».
00:05:36 **** Incremental Build of configuration Debug for project Lib_API_CAPI ****
make -r all 
make: No se hace nada para «all».
00:05:36 **** Incremental Build of configuration Debug for project Lib_Contenedores ****
make -r all 
make: No se hace nada para «all».
00:05:37 **** Incremental Build of configuration Debug for project Lib_MCU_LPC176x ****
make -r all 
make: No se hace nada para «all».
00:05:38 **** Incremental Build of configuration Debug for project MPU_test ****
make -r all 
Building file: ../src/MPU_test.c
Invoking: MCU C Compiler
arm-none-eabi-gcc -DDEBUG -D__CODE_RED -DCORE_M3 -D__LPC177X_8X__ -D__REDLIB__ -O0 -g3 -Wall -c -fmessage-length=0 -fno-builtin -ffunction-sections -fdata-sections -mcpu=cortex-m3 -mthumb -specs=redlib.specs -MMD -MP -MF"src/MPU_test.d" -MT"src/MPU_test.o" -MT"src/MPU_test.d" -o "src/MPU_test.o" "../src/MPU_test.c"
../src/MPU_test.c: In function 'main':
../src/MPU_test.c:29:2: error: 'SCB' undeclared (first use in this function)
  SCB->SHCSR |= SCB_SHCSR_MEMFAULTENA_Msk | SCB_SHCSR_USGFAULTENA_Msk | SCB_SHCSR_BUSFAULTENA_Msk;
  ^
../src/MPU_test.c:29:2: note: each undeclared identifier is reported only once for each function it appears in
../src/MPU_test.c:29:16: error: 'SCB_SHCSR_MEMFAULTENA_Msk' undeclared (first use in this function)
  SCB->SHCSR |= SCB_SHCSR_MEMFAULTENA_Msk | SCB_SHCSR_USGFAULTENA_Msk | SCB_SHCSR_BUSFAULTENA_Msk;
                ^
../src/MPU_test.c:29:44: error: 'SCB_SHCSR_USGFAULTENA_Msk' undeclared (first use in this function)
  SCB->SHCSR |= SCB_SHCSR_MEMFAULTENA_Msk | SCB_SHCSR_USGFAULTENA_Msk | SCB_SHCSR_BUSFAULTENA_Msk;
                                            ^
../src/MPU_test.c:29:72: error: 'SCB_SHCSR_BUSFAULTENA_Msk' undeclared (first use in this function)
  SCB->SHCSR |= SCB_SHCSR_MEMFAULTENA_Msk | SCB_SHCSR_USGFAULTENA_Msk | SCB_SHCSR_BUSFAULTENA_Msk;
                                                                        ^
make: *** [src/MPU_test.o] Error 1
00:06:09 **** Clean-only build of configuration Debug for project CMSISv2p00_LPC17xx ****
make -r clean 
rm -rf  ./src/core_cm3.o ./src/system_LPC17xx.o  ./src/core_cm3.d ./src/system_LPC17xx.d  libCMSISv2p00_LPC17xx.a
 
00:06:09 **** Clean-only build of configuration Debug for project Lib_API_CAPI ****
make -r clean 
rm -rf  ./src/AIN.o ./src/BUS.o ./src/GPIO.o ./src/PORT.o ./src/RTC.o ./src/TIMER.o ./src/UART.o  ./src/AIN.d ./src/BUS.d ./src/GPIO.d ./src/PORT.d ./src/RTC.d ./src/TIMER.d ./src/UART.d  libLib_API_CAPI.a
 
00:06:09 **** Clean-only build of configuration Debug for project Lib_Contenedores ****
make -r clean 
rm -rf  ./src/ColaCircular.o  ./src/ColaCircular.d  libLib_Contenedores.a
 
00:06:09 **** Clean-only build of configuration Debug for project Lib_MCU_LPC176x ****
make -r clean 
rm -rf  ./vendor\ drivers/src/debug_frmwrk.o ./vendor\ drivers/src/lpc17xx_adc.o ./vendor\ drivers/src/lpc17xx_can.o ./vendor\ drivers/src/lpc17xx_clkpwr.o ./vendor\ drivers/src/lpc17xx_dac.o ./vendor\ drivers/src/lpc17xx_emac.o ./vendor\ drivers/src/lpc17xx_exti.o ./vendor\ drivers/src/lpc17xx_gpio.o ./vendor\ drivers/src/lpc17xx_i2c.o ./vendor\ drivers/src/lpc17xx_i2s.o ./vendor\ drivers/src/lpc17xx_libcfg_default.o ./vendor\ drivers/src/lpc17xx_mcpwm.o ./vendor\ drivers/src/lpc17xx_nvic.o ./vendor\ drivers/src/lpc17xx_pinsel.o ./vendor\ drivers/src/lpc17xx_pwm.o ./vendor\ drivers/src/lpc17xx_qei.o ./vendor\ drivers/src/lpc17xx_rit.o ./vendor\ drivers/src/lpc17xx_rtc.o ./vendor\ drivers/src/lpc17xx_spi.o ./vendor\ drivers/src/lpc17xx_ssp.o ./vendor\ drivers/src/lpc17xx_systick.o ./vendor\ drivers/src/lpc17xx_timer.o ./vendor\ drivers/src/lpc17xx_uart.o ./vendor\ drivers/src/lpc17xx_wdt.o  ./src/lpc_17xx_AIN.o ./src/lpc_17xx_GPIO.o ./src/lpc_17xx_PERIF.o ./src/lpc_17xx_PIN.o ./src/lpc_17xx_PORT.o ./src/lpc_17xx_RTC.o ./src/lpc_17xx_SSP.o ./src/lpc_17xx_TIMER.o ./src/lpc_17xx_UART.o  ./vendor\ drivers/src/debug_frmwrk.d ./vendor\ drivers/src/lpc17xx_adc.d ./vendor\ drivers/src/lpc17xx_can.d ./vendor\ drivers/src/lpc17xx_clkpwr.d ./vendor\ drivers/src/lpc17xx_dac.d ./vendor\ drivers/src/lpc17xx_emac.d ./vendor\ drivers/src/lpc17xx_exti.d ./vendor\ drivers/src/lpc17xx_gpio.d ./vendor\ drivers/src/lpc17xx_i2c.d ./vendor\ drivers/src/lpc17xx_i2s.d ./vendor\ drivers/src/lpc17xx_libcfg_default.d ./vendor\ drivers/src/lpc17xx_mcpwm.d ./vendor\ drivers/src/lpc17xx_nvic.d ./vendor\ drivers/src/lpc17xx_pinsel.d ./vendor\ drivers/src/lpc17xx_pwm.d ./vendor\ drivers/src/lpc17xx_qei.d ./vendor\ drivers/src/lpc17xx_rit.d ./vendor\ drivers/src/lpc17xx_rtc.d ./vendor\ drivers/src/lpc17xx_spi.d ./vendor\ drivers/src/lpc17xx_ssp.d ./vendor\ drivers/src/lpc17xx_systick.d ./vendor\ drivers/src/lpc17xx_timer.d ./vendor\ drivers/src/lpc17xx_uart.d ./vendor\ drivers/src/lpc17xx_wdt.d  ./src/lpc_17xx_AIN.d ./src/lpc_17xx_GPIO.d ./src/lpc_17xx_PERIF.d ./src/lpc_17xx_PIN.d ./src/lpc_17xx_PORT.d ./src/lpc_17xx_RTC.d ./src/lpc_17xx_SSP.d ./src/lpc_17xx_TIMER.d ./src/lpc_17xx_UART.d  libLib_MCU_LPC176x.a
 
00:06:09 **** Clean-only build of configuration Debug for project MPU_test ****
make -r clean 
rm -rf  ./src/MPU_test.o ./src/cr_startup_lpc177x_8x.o ./src/crp.o ./src/mpu.o  ./src/MPU_test.d ./src/cr_startup_lpc177x_8x.d ./src/crp.d ./src/mpu.d  MPU_test.axf
 
00:06:09 **** Build of configuration Debug for project CMSISv2p00_LPC17xx ****
make -r all 
Building file: ../src/core_cm3.c
Invoking: MCU C Compiler
arm-none-eabi-gcc -D__REDLIB__ -DDEBUG -D__CODE_RED -I../inc -O0 -Os -g3 -Wall -c -fmessage-length=0 -fno-builtin -ffunction-sections -fdata-sections -mcpu=cortex-m3 -mthumb -D__REDLIB__ -specs=redlib.specs -MMD -MP -MF"src/core_cm3.d" -MT"src/core_cm3.o" -MT"src/core_cm3.d" -o "src/core_cm3.o" "../src/core_cm3.c"
Finished building: ../src/core_cm3.c
 
Building file: ../src/system_LPC17xx.c
Invoking: MCU C Compiler
arm-none-eabi-gcc -D__REDLIB__ -DDEBUG -D__CODE_RED -I../inc -O0 -Os -g3 -Wall -c -fmessage-length=0 -fno-builtin -ffunction-sections -fdata-sections -mcpu=cortex-m3 -mthumb -D__REDLIB__ -specs=redlib.specs -MMD -MP -MF"src/system_LPC17xx.d" -MT"src/system_LPC17xx.o" -MT"src/system_LPC17xx.d" -o "src/system_LPC17xx.o" "../src/system_LPC17xx.c"
Finished building: ../src/system_LPC17xx.c
 
Building target: libCMSISv2p00_LPC17xx.a
Invoking: MCU Archiver
arm-none-eabi-ar -r  "libCMSISv2p00_LPC17xx.a"  ./src/core_cm3.o ./src/system_LPC17xx.o   
arm-none-eabi-ar: creating libCMSISv2p00_LPC17xx.a
Finished building target: libCMSISv2p00_LPC17xx.a
 
make --no-print-directory post-build
Performing post-build steps
arm-none-eabi-size libCMSISv2p00_LPC17xx.a ; # arm-none-eabi-objdump -h -S libCMSISv2p00_LPC17xx.a >libCMSISv2p00_LPC17xx.lss
   text	   data	    bss	    dec	    hex	filename
      0	      0	      0	      0	      0	core_cm3.o (ex libCMSISv2p00_LPC17xx.a)
    396	      4	      0	    400	    190	system_LPC17xx.o (ex libCMSISv2p00_LPC17xx.a)
 
00:06:10 **** Build of configuration Debug for project Lib_API_CAPI ****
make -r all 
Building file: ../src/AIN.c
Invoking: MCU C Compiler
arm-none-eabi-gcc -D__REDLIB__ -DDEBUG -D__CODE_RED -I"/home/carlos/FIUBA/MPU/workspace/Lib_API_CAPI/inc" -I"/home/carlos/FIUBA/MPU/workspace/Lib_Contenedores/inc" -O0 -g3 -Wall -c -fmessage-length=0 -fno-builtin -ffunction-sections -fdata-sections -mcpu=cortex-m3 -mthumb -D__REDLIB__ -specs=redlib.specs -MMD -MP -MF"src/AIN.d" -MT"src/AIN.o" -MT"src/AIN.d" -o "src/AIN.o" "../src/AIN.c"
Finished building: ../src/AIN.c
 
Building file: ../src/BUS.c
Invoking: MCU C Compiler
arm-none-eabi-gcc -D__REDLIB__ -DDEBUG -D__CODE_RED -I"/home/carlos/FIUBA/MPU/workspace/Lib_API_CAPI/inc" -I"/home/carlos/FIUBA/MPU/workspace/Lib_Contenedores/inc" -O0 -g3 -Wall -c -fmessage-length=0 -fno-builtin -ffunction-sections -fdata-sections -mcpu=cortex-m3 -mthumb -D__REDLIB__ -specs=redlib.specs -MMD -MP -MF"src/BUS.d" -MT"src/BUS.o" -MT"src/BUS.d" -o "src/BUS.o" "../src/BUS.c"
Finished building: ../src/BUS.c
 
Building file: ../src/GPIO.c
Invoking: MCU C Compiler
arm-none-eabi-gcc -D__REDLIB__ -DDEBUG -D__CODE_RED -I"/home/carlos/FIUBA/MPU/workspace/Lib_API_CAPI/inc" -I"/home/carlos/FIUBA/MPU/workspace/Lib_Contenedores/inc" -O0 -g3 -Wall -c -fmessage-length=0 -fno-builtin -ffunction-sections -fdata-sections -mcpu=cortex-m3 -mthumb -D__REDLIB__ -specs=redlib.specs -MMD -MP -MF"src/GPIO.d" -MT"src/GPIO.o" -MT"src/GPIO.d" -o "src/GPIO.o" "../src/GPIO.c"
Finished building: ../src/GPIO.c
 
Building file: ../src/PORT.c
Invoking: MCU C Compiler
arm-none-eabi-gcc -D__REDLIB__ -DDEBUG -D__CODE_RED -I"/home/carlos/FIUBA/MPU/workspace/Lib_API_CAPI/inc" -I"/home/carlos/FIUBA/MPU/workspace/Lib_Contenedores/inc" -O0 -g3 -Wall -c -fmessage-length=0 -fno-builtin -ffunction-sections -fdata-sections -mcpu=cortex-m3 -mthumb -D__REDLIB__ -specs=redlib.specs -MMD -MP -MF"src/PORT.d" -MT"src/PORT.o" -MT"src/PORT.d" -o "src/PORT.o" "../src/PORT.c"
Finished building: ../src/PORT.c
 
Building file: ../src/RTC.c
Invoking: MCU C Compiler
arm-none-eabi-gcc -D__REDLIB__ -DDEBUG -D__CODE_RED -I"/home/carlos/FIUBA/MPU/workspace/Lib_API_CAPI/inc" -I"/home/carlos/FIUBA/MPU/workspace/Lib_Contenedores/inc" -O0 -g3 -Wall -c -fmessage-length=0 -fno-builtin -ffunction-sections -fdata-sections -mcpu=cortex-m3 -mthumb -D__REDLIB__ -specs=redlib.specs -MMD -MP -MF"src/RTC.d" -MT"src/RTC.o" -MT"src/RTC.d" -o "src/RTC.o" "../src/RTC.c"
../src/RTC.c: In function 'RTCset_date':
../src/RTC.c:19:3: warning: implicit declaration of function 'RTCInit' [-Wimplicit-function-declaration]
   status = RTCInit();
   ^
../src/RTC.c:25:2: warning: implicit declaration of function 'RTCconfigure_date' [-Wimplicit-function-declaration]
  RTCconfigure_date(date);
  ^
../src/RTC.c: In function 'RTCset_alarm':
../src/RTC.c:34:2: warning: implicit declaration of function 'RTCconfigure_alarm' [-Wimplicit-function-declaration]
  RTCconfigure_alarm(alarm_date);
  ^
../src/RTC.c:35:1: warning: control reaches end of non-void function [-Wreturn-type]
 }
 ^
Finished building: ../src/RTC.c
 
Building file: ../src/TIMER.c
Invoking: MCU C Compiler
arm-none-eabi-gcc -D__REDLIB__ -DDEBUG -D__CODE_RED -I"/home/carlos/FIUBA/MPU/workspace/Lib_API_CAPI/inc" -I"/home/carlos/FIUBA/MPU/workspace/Lib_Contenedores/inc" -O0 -g3 -Wall -c -fmessage-length=0 -fno-builtin -ffunction-sections -fdata-sections -mcpu=cortex-m3 -mthumb -D__REDLIB__ -specs=redlib.specs -MMD -MP -MF"src/TIMER.d" -MT"src/TIMER.o" -MT"src/TIMER.d" -o "src/TIMER.o" "../src/TIMER.c"
../src/TIMER.c: In function 'TIMERpwm_start':
../src/TIMER.c:36:3: warning: implicit declaration of function 'Timer1Init_for_PWM' [-Wimplicit-function-declaration]
   status = Timer1Init_for_PWM(frequency_in_hertz, duty_cycle_in_percentage);
   ^
../src/TIMER.c:43:1: warning: control reaches end of non-void function [-Wreturn-type]
 }
 ^
Finished building: ../src/TIMER.c
 
Building file: ../src/UART.c
Invoking: MCU C Compiler
arm-none-eabi-gcc -D__REDLIB__ -DDEBUG -D__CODE_RED -I"/home/carlos/FIUBA/MPU/workspace/Lib_API_CAPI/inc" -I"/home/carlos/FIUBA/MPU/workspace/Lib_Contenedores/inc" -O0 -g3 -Wall -c -fmessage-length=0 -fno-builtin -ffunction-sections -fdata-sections -mcpu=cortex-m3 -mthumb -D__REDLIB__ -specs=redlib.specs -MMD -MP -MF"src/UART.d" -MT"src/UART.o" -MT"src/UART.d" -o "src/UART.o" "../src/UART.c"
Finished building: ../src/UART.c
 
Building target: libLib_API_CAPI.a
Invoking: MCU Archiver
arm-none-eabi-ar -r  "libLib_API_CAPI.a"  ./src/AIN.o ./src/BUS.o ./src/GPIO.o ./src/PORT.o ./src/RTC.o ./src/TIMER.o ./src/UART.o   
arm-none-eabi-ar: creating libLib_API_CAPI.a
Finished building target: libLib_API_CAPI.a
 
make --no-print-directory post-build
Performing post-build steps
arm-none-eabi-size "libLib_API_CAPI.a" ; # arm-none-eabi-objdump -h -S "libLib_API_CAPI.a" >"libLib_API_CAPI.lss"
   text	   data	    bss	    dec	    hex	filename
      0	      0	      0	      0	      0	AIN.o (ex libLib_API_CAPI.a)
    312	      0	      0	    312	    138	BUS.o (ex libLib_API_CAPI.a)
    264	      0	      0	    264	    108	GPIO.o (ex libLib_API_CAPI.a)
    216	      0	      0	    216	     d8	PORT.o (ex libLib_API_CAPI.a)
     96	      0	      4	    100	     64	RTC.o (ex libLib_API_CAPI.a)
    140	      0	      8	    148	     94	TIMER.o (ex libLib_API_CAPI.a)
    288	      0	      0	    288	    120	UART.o (ex libLib_API_CAPI.a)
 
00:06:10 **** Build of configuration Debug for project Lib_Contenedores ****
make -r all 
Building file: ../src/ColaCircular.c
Invoking: MCU C Compiler
arm-none-eabi-gcc -D__REDLIB__ -DDEBUG -D__CODE_RED -I"/home/carlos/FIUBA/MPU/workspace/Lib_API_CAPI/inc" -I"/home/carlos/FIUBA/MPU/workspace/Lib_Contenedores/inc" -O0 -g3 -Wall -c -fmessage-length=0 -fno-builtin -ffunction-sections -fdata-sections -mcpu=cortex-m3 -mthumb -D__REDLIB__ -specs=redlib.specs -MMD -MP -MF"src/ColaCircular.d" -MT"src/ColaCircular.o" -MT"src/ColaCircular.d" -o "src/ColaCircular.o" "../src/ColaCircular.c"
Finished building: ../src/ColaCircular.c
 
Building target: libLib_Contenedores.a
Invoking: MCU Archiver
arm-none-eabi-ar -r  "libLib_Contenedores.a"  ./src/ColaCircular.o   
arm-none-eabi-ar: creating libLib_Contenedores.a
Finished building target: libLib_Contenedores.a
 
make --no-print-directory post-build
Performing post-build steps
arm-none-eabi-size "libLib_Contenedores.a" ; # arm-none-eabi-objdump -h -S "libLib_Contenedores.a" >"libLib_Contenedores.lss"
   text	   data	    bss	    dec	    hex	filename
    388	      0	      0	    388	    184	ColaCircular.o (ex libLib_Contenedores.a)
 
00:06:11 **** Build of configuration Debug for project Lib_MCU_LPC176x ****
make -r all 
Building file: ../vendor drivers/src/debug_frmwrk.c
Invoking: MCU C Compiler
arm-none-eabi-gcc -D__REDLIB__ -DDEBUG -D__CODE_RED -D__USE_CMSIS=CMSISv2p00_LPC17xx -I"/home/carlos/FIUBA/MPU/workspace/CMSISv2p00_LPC17xx/inc" -I"/home/carlos/FIUBA/MPU/workspace/Lib_MCU_LPC176x/inc" -I"/home/carlos/FIUBA/MPU/workspace/Lib_Contenedores/inc" -I"/home/carlos/FIUBA/MPU/workspace/Lib_MCU_LPC176x/vendor drivers/inc" -I"/home/carlos/FIUBA/MPU/workspace/Lib_API_CAPI/inc" -O0 -g3 -Wall -c -fmessage-length=0 -fno-builtin -ffunction-sections -fdata-sections -mcpu=cortex-m3 -mthumb -D__REDLIB__ -specs=redlib.specs -MMD -MP -MF"vendor drivers/src/debug_frmwrk.d" -MT"vendor\ drivers/src/debug_frmwrk.d" -o "vendor drivers/src/debug_frmwrk.o" "../vendor drivers/src/debug_frmwrk.c"
In file included from /home/carlos/FIUBA/MPU/workspace/Lib_MCU_LPC176x/vendor drivers/inc/lpc17xx_uart.h:31:0,
                 from /home/carlos/FIUBA/MPU/workspace/Lib_MCU_LPC176x/vendor drivers/inc/debug_frmwrk.h:24,
                 from ../vendor drivers/src/debug_frmwrk.c:20:
../vendor drivers/src/debug_frmwrk.c: In function 'debug_frmwrk_init':
/home/carlos/FIUBA/MPU/workspace/CMSISv2p00_LPC17xx/inc/LPC17xx.h:999:31: warning: passing argument 1 of 'UART_Init' from incompatible pointer type
 #define LPC_UART0             ((LPC_UART0_TypeDef     *) LPC_UART0_BASE    )
                               ^
/home/carlos/FIUBA/MPU/workspace/Lib_MCU_LPC176x/vendor drivers/inc/debug_frmwrk.h:29:25: note: in expansion of macro 'LPC_UART0'
 #define DEBUG_UART_PORT LPC_UART0
                         ^
../vendor drivers/src/debug_frmwrk.c:289:12: note: in expansion of macro 'DEBUG_UART_PORT'
  UART_Init(DEBUG_UART_PORT, &UARTConfigStruct);
            ^
In file included from /home/carlos/FIUBA/MPU/workspace/Lib_MCU_LPC176x/vendor drivers/inc/debug_frmwrk.h:24:0,
                 from ../vendor drivers/src/debug_frmwrk.c:20:
/home/carlos/FIUBA/MPU/workspace/Lib_MCU_LPC176x/vendor drivers/inc/lpc17xx_uart.h:578:6: note: expected 'struct LPC_UART_TypeDef *' but argument is of type 'struct LPC_UART0_TypeDef *'
 void UART_Init(LPC_UART_TypeDef *UARTx, UART_CFG_Type *UART_ConfigStruct);
      ^
In file included from /home/carlos/FIUBA/MPU/workspace/Lib_MCU_LPC176x/vendor drivers/inc/lpc17xx_uart.h:31:0,
                 from /home/carlos/FIUBA/MPU/workspace/Lib_MCU_LPC176x/vendor drivers/inc/debug_frmwrk.h:24,
                 from ../vendor drivers/src/debug_frmwrk.c:20:
/home/carlos/FIUBA/MPU/workspace/CMSISv2p00_LPC17xx/inc/LPC17xx.h:999:31: warning: passing argument 1 of 'UART_TxCmd' from incompatible pointer type
 #define LPC_UART0             ((LPC_UART0_TypeDef     *) LPC_UART0_BASE    )
                               ^
/home/carlos/FIUBA/MPU/workspace/Lib_MCU_LPC176x/vendor drivers/inc/debug_frmwrk.h:29:25: note: in expansion of macro 'LPC_UART0'
 #define DEBUG_UART_PORT LPC_UART0
                         ^
../vendor drivers/src/debug_frmwrk.c:292:13: note: in expansion of macro 'DEBUG_UART_PORT'
  UART_TxCmd(DEBUG_UART_PORT, ENABLE);
             ^
In file included from /home/carlos/FIUBA/MPU/workspace/Lib_MCU_LPC176x/vendor drivers/inc/debug_frmwrk.h:24:0,
                 from ../vendor drivers/src/debug_frmwrk.c:20:
/home/carlos/FIUBA/MPU/workspace/Lib_MCU_LPC176x/vendor drivers/inc/lpc17xx_uart.h:601:6: note: expected 'struct LPC_UART_TypeDef *' but argument is of type 'struct LPC_UART0_TypeDef *'
 void UART_TxCmd(LPC_UART_TypeDef *UARTx, FunctionalState NewState);
      ^
Finished building: ../vendor drivers/src/debug_frmwrk.c
 
Building file: ../vendor drivers/src/lpc17xx_adc.c
Invoking: MCU C Compiler
arm-none-eabi-gcc -D__REDLIB__ -DDEBUG -D__CODE_RED -D__USE_CMSIS=CMSISv2p00_LPC17xx -I"/home/carlos/FIUBA/MPU/workspace/CMSISv2p00_LPC17xx/inc" -I"/home/carlos/FIUBA/MPU/workspace/Lib_MCU_LPC176x/inc" -I"/home/carlos/FIUBA/MPU/workspace/Lib_Contenedores/inc" -I"/home/carlos/FIUBA/MPU/workspace/Lib_MCU_LPC176x/vendor drivers/inc" -I"/home/carlos/FIUBA/MPU/workspace/Lib_API_CAPI/inc" -O0 -g3 -Wall -c -fmessage-length=0 -fno-builtin -ffunction-sections -fdata-sections -mcpu=cortex-m3 -mthumb -D__REDLIB__ -specs=redlib.specs -MMD -MP -MF"vendor drivers/src/lpc17xx_adc.d" -MT"vendor\ drivers/src/lpc17xx_adc.d" -o "vendor drivers/src/lpc17xx_adc.o" "../vendor drivers/src/lpc17xx_adc.c"
Finished building: ../vendor drivers/src/lpc17xx_adc.c
 
Building file: ../vendor drivers/src/lpc17xx_can.c
Invoking: MCU C Compiler
arm-none-eabi-gcc -D__REDLIB__ -DDEBUG -D__CODE_RED -D__USE_CMSIS=CMSISv2p00_LPC17xx -I"/home/carlos/FIUBA/MPU/workspace/CMSISv2p00_LPC17xx/inc" -I"/home/carlos/FIUBA/MPU/workspace/Lib_MCU_LPC176x/inc" -I"/home/carlos/FIUBA/MPU/workspace/Lib_Contenedores/inc" -I"/home/carlos/FIUBA/MPU/workspace/Lib_MCU_LPC176x/vendor drivers/inc" -I"/home/carlos/FIUBA/MPU/workspace/Lib_API_CAPI/inc" -O0 -g3 -Wall -c -fmessage-length=0 -fno-builtin -ffunction-sections -fdata-sections -mcpu=cortex-m3 -mthumb -D__REDLIB__ -specs=redlib.specs -MMD -MP -MF"vendor drivers/src/lpc17xx_can.d" -MT"vendor\ drivers/src/lpc17xx_can.d" -o "vendor drivers/src/lpc17xx_can.o" "../vendor drivers/src/lpc17xx_can.c"
../vendor drivers/src/lpc17xx_can.c: In function 'CAN_Init':
../vendor drivers/src/lpc17xx_can.c:138:11: warning: variable 'temp' set but not used [-Wunused-but-set-variable]
  uint32_t temp;
           ^
Finished building: ../vendor drivers/src/lpc17xx_can.c
 
Building file: ../vendor drivers/src/lpc17xx_clkpwr.c
Invoking: MCU C Compiler
arm-none-eabi-gcc -D__REDLIB__ -DDEBUG -D__CODE_RED -D__USE_CMSIS=CMSISv2p00_LPC17xx -I"/home/carlos/FIUBA/MPU/workspace/CMSISv2p00_LPC17xx/inc" -I"/home/carlos/FIUBA/MPU/workspace/Lib_MCU_LPC176x/inc" -I"/home/carlos/FIUBA/MPU/workspace/Lib_Contenedores/inc" -I"/home/carlos/FIUBA/MPU/workspace/Lib_MCU_LPC176x/vendor drivers/inc" -I"/home/carlos/FIUBA/MPU/workspace/Lib_API_CAPI/inc" -O0 -g3 -Wall -c -fmessage-length=0 -fno-builtin -ffunction-sections -fdata-sections -mcpu=cortex-m3 -mthumb -D__REDLIB__ -specs=redlib.specs -MMD -MP -MF"vendor drivers/src/lpc17xx_clkpwr.d" -MT"vendor\ drivers/src/lpc17xx_clkpwr.d" -o "vendor drivers/src/lpc17xx_clkpwr.o" "../vendor drivers/src/lpc17xx_clkpwr.c"
Finished building: ../vendor drivers/src/lpc17xx_clkpwr.c
 
Building file: ../vendor drivers/src/lpc17xx_dac.c
Invoking: MCU C Compiler
arm-none-eabi-gcc -D__REDLIB__ -DDEBUG -D__CODE_RED -D__USE_CMSIS=CMSISv2p00_LPC17xx -I"/home/carlos/FIUBA/MPU/workspace/CMSISv2p00_LPC17xx/inc" -I"/home/carlos/FIUBA/MPU/workspace/Lib_MCU_LPC176x/inc" -I"/home/carlos/FIUBA/MPU/workspace/Lib_Contenedores/inc" -I"/home/carlos/FIUBA/MPU/workspace/Lib_MCU_LPC176x/vendor drivers/inc" -I"/home/carlos/FIUBA/MPU/workspace/Lib_API_CAPI/inc" -O0 -g3 -Wall -c -fmessage-length=0 -fno-builtin -ffunction-sections -fdata-sections -mcpu=cortex-m3 -mthumb -D__REDLIB__ -specs=redlib.specs -MMD -MP -MF"vendor drivers/src/lpc17xx_dac.d" -MT"vendor\ drivers/src/lpc17xx_dac.d" -o "vendor drivers/src/lpc17xx_dac.o" "../vendor drivers/src/lpc17xx_dac.c"
Finished building: ../vendor drivers/src/lpc17xx_dac.c
 
Building file: ../vendor drivers/src/lpc17xx_emac.c
Invoking: MCU C Compiler
arm-none-eabi-gcc -D__REDLIB__ -DDEBUG -D__CODE_RED -D__USE_CMSIS=CMSISv2p00_LPC17xx -I"/home/carlos/FIUBA/MPU/workspace/CMSISv2p00_LPC17xx/inc" -I"/home/carlos/FIUBA/MPU/workspace/Lib_MCU_LPC176x/inc" -I"/home/carlos/FIUBA/MPU/workspace/Lib_Contenedores/inc" -I"/home/carlos/FIUBA/MPU/workspace/Lib_MCU_LPC176x/vendor drivers/inc" -I"/home/carlos/FIUBA/MPU/workspace/Lib_API_CAPI/inc" -O0 -g3 -Wall -c -fmessage-length=0 -fno-builtin -ffunction-sections -fdata-sections -mcpu=cortex-m3 -mthumb -D__REDLIB__ -specs=redlib.specs -MMD -MP -MF"vendor drivers/src/lpc17xx_emac.d" -MT"vendor\ drivers/src/lpc17xx_emac.d" -o "vendor drivers/src/lpc17xx_emac.o" "../vendor drivers/src/lpc17xx_emac.c"
Finished building: ../vendor drivers/src/lpc17xx_emac.c
 
Building file: ../vendor drivers/src/lpc17xx_exti.c
Invoking: MCU C Compiler
arm-none-eabi-gcc -D__REDLIB__ -DDEBUG -D__CODE_RED -D__USE_CMSIS=CMSISv2p00_LPC17xx -I"/home/carlos/FIUBA/MPU/workspace/CMSISv2p00_LPC17xx/inc" -I"/home/carlos/FIUBA/MPU/workspace/Lib_MCU_LPC176x/inc" -I"/home/carlos/FIUBA/MPU/workspace/Lib_Contenedores/inc" -I"/home/carlos/FIUBA/MPU/workspace/Lib_MCU_LPC176x/vendor drivers/inc" -I"/home/carlos/FIUBA/MPU/workspace/Lib_API_CAPI/inc" -O0 -g3 -Wall -c -fmessage-length=0 -fno-builtin -ffunction-sections -fdata-sections -mcpu=cortex-m3 -mthumb -D__REDLIB__ -specs=redlib.specs -MMD -MP -MF"vendor drivers/src/lpc17xx_exti.d" -MT"vendor\ drivers/src/lpc17xx_exti.d" -o "vendor drivers/src/lpc17xx_exti.o" "../vendor drivers/src/lpc17xx_exti.c"
Finished building: ../vendor drivers/src/lpc17xx_exti.c
 
Building file: ../vendor drivers/src/lpc17xx_gpio.c
Invoking: MCU C Compiler
arm-none-eabi-gcc -D__REDLIB__ -DDEBUG -D__CODE_RED -D__USE_CMSIS=CMSISv2p00_LPC17xx -I"/home/carlos/FIUBA/MPU/workspace/CMSISv2p00_LPC17xx/inc" -I"/home/carlos/FIUBA/MPU/workspace/Lib_MCU_LPC176x/inc" -I"/home/carlos/FIUBA/MPU/workspace/Lib_Contenedores/inc" -I"/home/carlos/FIUBA/MPU/workspace/Lib_MCU_LPC176x/vendor drivers/inc" -I"/home/carlos/FIUBA/MPU/workspace/Lib_API_CAPI/inc" -O0 -g3 -Wall -c -fmessage-length=0 -fno-builtin -ffunction-sections -fdata-sections -mcpu=cortex-m3 -mthumb -D__REDLIB__ -specs=redlib.specs -MMD -MP -MF"vendor drivers/src/lpc17xx_gpio.d" -MT"vendor\ drivers/src/lpc17xx_gpio.d" -o "vendor drivers/src/lpc17xx_gpio.o" "../vendor drivers/src/lpc17xx_gpio.c"
Finished building: ../vendor drivers/src/lpc17xx_gpio.c
 
Building file: ../vendor drivers/src/lpc17xx_i2c.c
Invoking: MCU C Compiler
arm-none-eabi-gcc -D__REDLIB__ -DDEBUG -D__CODE_RED -D__USE_CMSIS=CMSISv2p00_LPC17xx -I"/home/carlos/FIUBA/MPU/workspace/CMSISv2p00_LPC17xx/inc" -I"/home/carlos/FIUBA/MPU/workspace/Lib_MCU_LPC176x/inc" -I"/home/carlos/FIUBA/MPU/workspace/Lib_Contenedores/inc" -I"/home/carlos/FIUBA/MPU/workspace/Lib_MCU_LPC176x/vendor drivers/inc" -I"/home/carlos/FIUBA/MPU/workspace/Lib_API_CAPI/inc" -O0 -g3 -Wall -c -fmessage-length=0 -fno-builtin -ffunction-sections -fdata-sections -mcpu=cortex-m3 -mthumb -D__REDLIB__ -specs=redlib.specs -MMD -MP -MF"vendor drivers/src/lpc17xx_i2c.d" -MT"vendor\ drivers/src/lpc17xx_i2c.d" -o "vendor drivers/src/lpc17xx_i2c.o" "../vendor drivers/src/lpc17xx_i2c.c"
Finished building: ../vendor drivers/src/lpc17xx_i2c.c
 
Building file: ../vendor drivers/src/lpc17xx_i2s.c
Invoking: MCU C Compiler
arm-none-eabi-gcc -D__REDLIB__ -DDEBUG -D__CODE_RED -D__USE_CMSIS=CMSISv2p00_LPC17xx -I"/home/carlos/FIUBA/MPU/workspace/CMSISv2p00_LPC17xx/inc" -I"/home/carlos/FIUBA/MPU/workspace/Lib_MCU_LPC176x/inc" -I"/home/carlos/FIUBA/MPU/workspace/Lib_Contenedores/inc" -I"/home/carlos/FIUBA/MPU/workspace/Lib_MCU_LPC176x/vendor drivers/inc" -I"/home/carlos/FIUBA/MPU/workspace/Lib_API_CAPI/inc" -O0 -g3 -Wall -c -fmessage-length=0 -fno-builtin -ffunction-sections -fdata-sections -mcpu=cortex-m3 -mthumb -D__REDLIB__ -specs=redlib.specs -MMD -MP -MF"vendor drivers/src/lpc17xx_i2s.d" -MT"vendor\ drivers/src/lpc17xx_i2s.d" -o "vendor drivers/src/lpc17xx_i2s.o" "../vendor drivers/src/lpc17xx_i2s.c"
Finished building: ../vendor drivers/src/lpc17xx_i2s.c
 
Building file: ../vendor drivers/src/lpc17xx_libcfg_default.c
Invoking: MCU C Compiler
arm-none-eabi-gcc -D__REDLIB__ -DDEBUG -D__CODE_RED -D__USE_CMSIS=CMSISv2p00_LPC17xx -I"/home/carlos/FIUBA/MPU/workspace/CMSISv2p00_LPC17xx/inc" -I"/home/carlos/FIUBA/MPU/workspace/Lib_MCU_LPC176x/inc" -I"/home/carlos/FIUBA/MPU/workspace/Lib_Contenedores/inc" -I"/home/carlos/FIUBA/MPU/workspace/Lib_MCU_LPC176x/vendor drivers/inc" -I"/home/carlos/FIUBA/MPU/workspace/Lib_API_CAPI/inc" -O0 -g3 -Wall -c -fmessage-length=0 -fno-builtin -ffunction-sections -fdata-sections -mcpu=cortex-m3 -mthumb -D__REDLIB__ -specs=redlib.specs -MMD -MP -MF"vendor drivers/src/lpc17xx_libcfg_default.d" -MT"vendor\ drivers/src/lpc17xx_libcfg_default.d" -o "vendor drivers/src/lpc17xx_libcfg_default.o" "../vendor drivers/src/lpc17xx_libcfg_default.c"
Finished building: ../vendor drivers/src/lpc17xx_libcfg_default.c
 
Building file: ../vendor drivers/src/lpc17xx_mcpwm.c
Invoking: MCU C Compiler
arm-none-eabi-gcc -D__REDLIB__ -DDEBUG -D__CODE_RED -D__USE_CMSIS=CMSISv2p00_LPC17xx -I"/home/carlos/FIUBA/MPU/workspace/CMSISv2p00_LPC17xx/inc" -I"/home/carlos/FIUBA/MPU/workspace/Lib_MCU_LPC176x/inc" -I"/home/carlos/FIUBA/MPU/workspace/Lib_Contenedores/inc" -I"/home/carlos/FIUBA/MPU/workspace/Lib_MCU_LPC176x/vendor drivers/inc" -I"/home/carlos/FIUBA/MPU/workspace/Lib_API_CAPI/inc" -O0 -g3 -Wall -c -fmessage-length=0 -fno-builtin -ffunction-sections -fdata-sections -mcpu=cortex-m3 -mthumb -D__REDLIB__ -specs=redlib.specs -MMD -MP -MF"vendor drivers/src/lpc17xx_mcpwm.d" -MT"vendor\ drivers/src/lpc17xx_mcpwm.d" -o "vendor drivers/src/lpc17xx_mcpwm.o" "../vendor drivers/src/lpc17xx_mcpwm.c"
Finished building: ../vendor drivers/src/lpc17xx_mcpwm.c
 
Building file: ../vendor drivers/src/lpc17xx_nvic.c
Invoking: MCU C Compiler
arm-none-eabi-gcc -D__REDLIB__ -DDEBUG -D__CODE_RED -D__USE_CMSIS=CMSISv2p00_LPC17xx -I"/home/carlos/FIUBA/MPU/workspace/CMSISv2p00_LPC17xx/inc" -I"/home/carlos/FIUBA/MPU/workspace/Lib_MCU_LPC176x/inc" -I"/home/carlos/FIUBA/MPU/workspace/Lib_Contenedores/inc" -I"/home/carlos/FIUBA/MPU/workspace/Lib_MCU_LPC176x/vendor drivers/inc" -I"/home/carlos/FIUBA/MPU/workspace/Lib_API_CAPI/inc" -O0 -g3 -Wall -c -fmessage-length=0 -fno-builtin -ffunction-sections -fdata-sections -mcpu=cortex-m3 -mthumb -D__REDLIB__ -specs=redlib.specs -MMD -MP -MF"vendor drivers/src/lpc17xx_nvic.d" -MT"vendor\ drivers/src/lpc17xx_nvic.d" -o "vendor drivers/src/lpc17xx_nvic.o" "../vendor drivers/src/lpc17xx_nvic.c"
Finished building: ../vendor drivers/src/lpc17xx_nvic.c
 
Building file: ../vendor drivers/src/lpc17xx_pinsel.c
Invoking: MCU C Compiler
arm-none-eabi-gcc -D__REDLIB__ -DDEBUG -D__CODE_RED -D__USE_CMSIS=CMSISv2p00_LPC17xx -I"/home/carlos/FIUBA/MPU/workspace/CMSISv2p00_LPC17xx/inc" -I"/home/carlos/FIUBA/MPU/workspace/Lib_MCU_LPC176x/inc" -I"/home/carlos/FIUBA/MPU/workspace/Lib_Contenedores/inc" -I"/home/carlos/FIUBA/MPU/workspace/Lib_MCU_LPC176x/vendor drivers/inc" -I"/home/carlos/FIUBA/MPU/workspace/Lib_API_CAPI/inc" -O0 -g3 -Wall -c -fmessage-length=0 -fno-builtin -ffunction-sections -fdata-sections -mcpu=cortex-m3 -mthumb -D__REDLIB__ -specs=redlib.specs -MMD -MP -MF"vendor drivers/src/lpc17xx_pinsel.d" -MT"vendor\ drivers/src/lpc17xx_pinsel.d" -o "vendor drivers/src/lpc17xx_pinsel.o" "../vendor drivers/src/lpc17xx_pinsel.c"
Finished building: ../vendor drivers/src/lpc17xx_pinsel.c
 
Building file: ../vendor drivers/src/lpc17xx_pwm.c
Invoking: MCU C Compiler
arm-none-eabi-gcc -D__REDLIB__ -DDEBUG -D__CODE_RED -D__USE_CMSIS=CMSISv2p00_LPC17xx -I"/home/carlos/FIUBA/MPU/workspace/CMSISv2p00_LPC17xx/inc" -I"/home/carlos/FIUBA/MPU/workspace/Lib_MCU_LPC176x/inc" -I"/home/carlos/FIUBA/MPU/workspace/Lib_Contenedores/inc" -I"/home/carlos/FIUBA/MPU/workspace/Lib_MCU_LPC176x/vendor drivers/inc" -I"/home/carlos/FIUBA/MPU/workspace/Lib_API_CAPI/inc" -O0 -g3 -Wall -c -fmessage-length=0 -fno-builtin -ffunction-sections -fdata-sections -mcpu=cortex-m3 -mthumb -D__REDLIB__ -specs=redlib.specs -MMD -MP -MF"vendor drivers/src/lpc17xx_pwm.d" -MT"vendor\ drivers/src/lpc17xx_pwm.d" -o "vendor drivers/src/lpc17xx_pwm.o" "../vendor drivers/src/lpc17xx_pwm.c"
Finished building: ../vendor drivers/src/lpc17xx_pwm.c
 
Building file: ../vendor drivers/src/lpc17xx_qei.c
Invoking: MCU C Compiler
arm-none-eabi-gcc -D__REDLIB__ -DDEBUG -D__CODE_RED -D__USE_CMSIS=CMSISv2p00_LPC17xx -I"/home/carlos/FIUBA/MPU/workspace/CMSISv2p00_LPC17xx/inc" -I"/home/carlos/FIUBA/MPU/workspace/Lib_MCU_LPC176x/inc" -I"/home/carlos/FIUBA/MPU/workspace/Lib_Contenedores/inc" -I"/home/carlos/FIUBA/MPU/workspace/Lib_MCU_LPC176x/vendor drivers/inc" -I"/home/carlos/FIUBA/MPU/workspace/Lib_API_CAPI/inc" -O0 -g3 -Wall -c -fmessage-length=0 -fno-builtin -ffunction-sections -fdata-sections -mcpu=cortex-m3 -mthumb -D__REDLIB__ -specs=redlib.specs -MMD -MP -MF"vendor drivers/src/lpc17xx_qei.d" -MT"vendor\ drivers/src/lpc17xx_qei.d" -o "vendor drivers/src/lpc17xx_qei.o" "../vendor drivers/src/lpc17xx_qei.c"
Finished building: ../vendor drivers/src/lpc17xx_qei.c
 
Building file: ../vendor drivers/src/lpc17xx_rit.c
Invoking: MCU C Compiler
arm-none-eabi-gcc -D__REDLIB__ -DDEBUG -D__CODE_RED -D__USE_CMSIS=CMSISv2p00_LPC17xx -I"/home/carlos/FIUBA/MPU/workspace/CMSISv2p00_LPC17xx/inc" -I"/home/carlos/FIUBA/MPU/workspace/Lib_MCU_LPC176x/inc" -I"/home/carlos/FIUBA/MPU/workspace/Lib_Contenedores/inc" -I"/home/carlos/FIUBA/MPU/workspace/Lib_MCU_LPC176x/vendor drivers/inc" -I"/home/carlos/FIUBA/MPU/workspace/Lib_API_CAPI/inc" -O0 -g3 -Wall -c -fmessage-length=0 -fno-builtin -ffunction-sections -fdata-sections -mcpu=cortex-m3 -mthumb -D__REDLIB__ -specs=redlib.specs -MMD -MP -MF"vendor drivers/src/lpc17xx_rit.d" -MT"vendor\ drivers/src/lpc17xx_rit.d" -o "vendor drivers/src/lpc17xx_rit.o" "../vendor drivers/src/lpc17xx_rit.c"
Finished building: ../vendor drivers/src/lpc17xx_rit.c
 
Building file: ../vendor drivers/src/lpc17xx_rtc.c
Invoking: MCU C Compiler
arm-none-eabi-gcc -D__REDLIB__ -DDEBUG -D__CODE_RED -D__USE_CMSIS=CMSISv2p00_LPC17xx -I"/home/carlos/FIUBA/MPU/workspace/CMSISv2p00_LPC17xx/inc" -I"/home/carlos/FIUBA/MPU/workspace/Lib_MCU_LPC176x/inc" -I"/home/carlos/FIUBA/MPU/workspace/Lib_Contenedores/inc" -I"/home/carlos/FIUBA/MPU/workspace/Lib_MCU_LPC176x/vendor drivers/inc" -I"/home/carlos/FIUBA/MPU/workspace/Lib_API_CAPI/inc" -O0 -g3 -Wall -c -fmessage-length=0 -fno-builtin -ffunction-sections -fdata-sections -mcpu=cortex-m3 -mthumb -D__REDLIB__ -specs=redlib.specs -MMD -MP -MF"vendor drivers/src/lpc17xx_rtc.d" -MT"vendor\ drivers/src/lpc17xx_rtc.d" -o "vendor drivers/src/lpc17xx_rtc.o" "../vendor drivers/src/lpc17xx_rtc.c"
Finished building: ../vendor drivers/src/lpc17xx_rtc.c
 
Building file: ../vendor drivers/src/lpc17xx_spi.c
Invoking: MCU C Compiler
arm-none-eabi-gcc -D__REDLIB__ -DDEBUG -D__CODE_RED -D__USE_CMSIS=CMSISv2p00_LPC17xx -I"/home/carlos/FIUBA/MPU/workspace/CMSISv2p00_LPC17xx/inc" -I"/home/carlos/FIUBA/MPU/workspace/Lib_MCU_LPC176x/inc" -I"/home/carlos/FIUBA/MPU/workspace/Lib_Contenedores/inc" -I"/home/carlos/FIUBA/MPU/workspace/Lib_MCU_LPC176x/vendor drivers/inc" -I"/home/carlos/FIUBA/MPU/workspace/Lib_API_CAPI/inc" -O0 -g3 -Wall -c -fmessage-length=0 -fno-builtin -ffunction-sections -fdata-sections -mcpu=cortex-m3 -mthumb -D__REDLIB__ -specs=redlib.specs -MMD -MP -MF"vendor drivers/src/lpc17xx_spi.d" -MT"vendor\ drivers/src/lpc17xx_spi.d" -o "vendor drivers/src/lpc17xx_spi.o" "../vendor drivers/src/lpc17xx_spi.c"
Finished building: ../vendor drivers/src/lpc17xx_spi.c
 
Building file: ../vendor drivers/src/lpc17xx_ssp.c
Invoking: MCU C Compiler
arm-none-eabi-gcc -D__REDLIB__ -DDEBUG -D__CODE_RED -D__USE_CMSIS=CMSISv2p00_LPC17xx -I"/home/carlos/FIUBA/MPU/workspace/CMSISv2p00_LPC17xx/inc" -I"/home/carlos/FIUBA/MPU/workspace/Lib_MCU_LPC176x/inc" -I"/home/carlos/FIUBA/MPU/workspace/Lib_Contenedores/inc" -I"/home/carlos/FIUBA/MPU/workspace/Lib_MCU_LPC176x/vendor drivers/inc" -I"/home/carlos/FIUBA/MPU/workspace/Lib_API_CAPI/inc" -O0 -g3 -Wall -c -fmessage-length=0 -fno-builtin -ffunction-sections -fdata-sections -mcpu=cortex-m3 -mthumb -D__REDLIB__ -specs=redlib.specs -MMD -MP -MF"vendor drivers/src/lpc17xx_ssp.d" -MT"vendor\ drivers/src/lpc17xx_ssp.d" -o "vendor drivers/src/lpc17xx_ssp.o" "../vendor drivers/src/lpc17xx_ssp.c"
Finished building: ../vendor drivers/src/lpc17xx_ssp.c
 
Building file: ../vendor drivers/src/lpc17xx_systick.c
Invoking: MCU C Compiler
arm-none-eabi-gcc -D__REDLIB__ -DDEBUG -D__CODE_RED -D__USE_CMSIS=CMSISv2p00_LPC17xx -I"/home/carlos/FIUBA/MPU/workspace/CMSISv2p00_LPC17xx/inc" -I"/home/carlos/FIUBA/MPU/workspace/Lib_MCU_LPC176x/inc" -I"/home/carlos/FIUBA/MPU/workspace/Lib_Contenedores/inc" -I"/home/carlos/FIUBA/MPU/workspace/Lib_MCU_LPC176x/vendor drivers/inc" -I"/home/carlos/FIUBA/MPU/workspace/Lib_API_CAPI/inc" -O0 -g3 -Wall -c -fmessage-length=0 -fno-builtin -ffunction-sections -fdata-sections -mcpu=cortex-m3 -mthumb -D__REDLIB__ -specs=redlib.specs -MMD -MP -MF"vendor drivers/src/lpc17xx_systick.d" -MT"vendor\ drivers/src/lpc17xx_systick.d" -o "vendor drivers/src/lpc17xx_systick.o" "../vendor drivers/src/lpc17xx_systick.c"
Finished building: ../vendor drivers/src/lpc17xx_systick.c
 
Building file: ../vendor drivers/src/lpc17xx_timer.c
Invoking: MCU C Compiler
arm-none-eabi-gcc -D__REDLIB__ -DDEBUG -D__CODE_RED -D__USE_CMSIS=CMSISv2p00_LPC17xx -I"/home/carlos/FIUBA/MPU/workspace/CMSISv2p00_LPC17xx/inc" -I"/home/carlos/FIUBA/MPU/workspace/Lib_MCU_LPC176x/inc" -I"/home/carlos/FIUBA/MPU/workspace/Lib_Contenedores/inc" -I"/home/carlos/FIUBA/MPU/workspace/Lib_MCU_LPC176x/vendor drivers/inc" -I"/home/carlos/FIUBA/MPU/workspace/Lib_API_CAPI/inc" -O0 -g3 -Wall -c -fmessage-length=0 -fno-builtin -ffunction-sections -fdata-sections -mcpu=cortex-m3 -mthumb -D__REDLIB__ -specs=redlib.specs -MMD -MP -MF"vendor drivers/src/lpc17xx_timer.d" -MT"vendor\ drivers/src/lpc17xx_timer.d" -o "vendor drivers/src/lpc17xx_timer.o" "../vendor drivers/src/lpc17xx_timer.c"
Finished building: ../vendor drivers/src/lpc17xx_timer.c
 
Building file: ../vendor drivers/src/lpc17xx_uart.c
Invoking: MCU C Compiler
arm-none-eabi-gcc -D__REDLIB__ -DDEBUG -D__CODE_RED -D__USE_CMSIS=CMSISv2p00_LPC17xx -I"/home/carlos/FIUBA/MPU/workspace/CMSISv2p00_LPC17xx/inc" -I"/home/carlos/FIUBA/MPU/workspace/Lib_MCU_LPC176x/inc" -I"/home/carlos/FIUBA/MPU/workspace/Lib_Contenedores/inc" -I"/home/carlos/FIUBA/MPU/workspace/Lib_MCU_LPC176x/vendor drivers/inc" -I"/home/carlos/FIUBA/MPU/workspace/Lib_API_CAPI/inc" -O0 -g3 -Wall -c -fmessage-length=0 -fno-builtin -ffunction-sections -fdata-sections -mcpu=cortex-m3 -mthumb -D__REDLIB__ -specs=redlib.specs -MMD -MP -MF"vendor drivers/src/lpc17xx_uart.d" -MT"vendor\ drivers/src/lpc17xx_uart.d" -o "vendor drivers/src/lpc17xx_uart.o" "../vendor drivers/src/lpc17xx_uart.c"
../vendor drivers/src/lpc17xx_uart.c: In function 'uart_set_divisors':
../vendor drivers/src/lpc17xx_uart.c:77:12: warning: comparison of distinct pointer types lacks a cast
  if (UARTx == LPC_UART0)
            ^
../vendor drivers/src/lpc17xx_uart.c: In function 'UART_Init':
../vendor drivers/src/lpc17xx_uart.c:197:11: warning: comparison of distinct pointer types lacks a cast
  if(UARTx == LPC_UART0)
           ^
../vendor drivers/src/lpc17xx_uart.c: In function 'UART_DeInit':
../vendor drivers/src/lpc17xx_uart.c:400:12: warning: comparison of distinct pointer types lacks a cast
  if (UARTx == LPC_UART0)
            ^
Finished building: ../vendor drivers/src/lpc17xx_uart.c
 
Building file: ../vendor drivers/src/lpc17xx_wdt.c
Invoking: MCU C Compiler
arm-none-eabi-gcc -D__REDLIB__ -DDEBUG -D__CODE_RED -D__USE_CMSIS=CMSISv2p00_LPC17xx -I"/home/carlos/FIUBA/MPU/workspace/CMSISv2p00_LPC17xx/inc" -I"/home/carlos/FIUBA/MPU/workspace/Lib_MCU_LPC176x/inc" -I"/home/carlos/FIUBA/MPU/workspace/Lib_Contenedores/inc" -I"/home/carlos/FIUBA/MPU/workspace/Lib_MCU_LPC176x/vendor drivers/inc" -I"/home/carlos/FIUBA/MPU/workspace/Lib_API_CAPI/inc" -O0 -g3 -Wall -c -fmessage-length=0 -fno-builtin -ffunction-sections -fdata-sections -mcpu=cortex-m3 -mthumb -D__REDLIB__ -specs=redlib.specs -MMD -MP -MF"vendor drivers/src/lpc17xx_wdt.d" -MT"vendor\ drivers/src/lpc17xx_wdt.d" -o "vendor drivers/src/lpc17xx_wdt.o" "../vendor drivers/src/lpc17xx_wdt.c"
Finished building: ../vendor drivers/src/lpc17xx_wdt.c
 
Building file: ../src/lpc_17xx_AIN.c
Invoking: MCU C Compiler
arm-none-eabi-gcc -D__REDLIB__ -DDEBUG -D__CODE_RED -D__USE_CMSIS=CMSISv2p00_LPC17xx -I"/home/carlos/FIUBA/MPU/workspace/CMSISv2p00_LPC17xx/inc" -I"/home/carlos/FIUBA/MPU/workspace/Lib_MCU_LPC176x/inc" -I"/home/carlos/FIUBA/MPU/workspace/Lib_Contenedores/inc" -I"/home/carlos/FIUBA/MPU/workspace/Lib_MCU_LPC176x/vendor drivers/inc" -I"/home/carlos/FIUBA/MPU/workspace/Lib_API_CAPI/inc" -O0 -g3 -Wall -c -fmessage-length=0 -fno-builtin -ffunction-sections -fdata-sections -mcpu=cortex-m3 -mthumb -D__REDLIB__ -specs=redlib.specs -MMD -MP -MF"src/lpc_17xx_AIN.d" -MT"src/lpc_17xx_AIN.o" -MT"src/lpc_17xx_AIN.d" -o "src/lpc_17xx_AIN.o" "../src/lpc_17xx_AIN.c"
Finished building: ../src/lpc_17xx_AIN.c
 
Building file: ../src/lpc_17xx_GPIO.c
Invoking: MCU C Compiler
arm-none-eabi-gcc -D__REDLIB__ -DDEBUG -D__CODE_RED -D__USE_CMSIS=CMSISv2p00_LPC17xx -I"/home/carlos/FIUBA/MPU/workspace/CMSISv2p00_LPC17xx/inc" -I"/home/carlos/FIUBA/MPU/workspace/Lib_MCU_LPC176x/inc" -I"/home/carlos/FIUBA/MPU/workspace/Lib_Contenedores/inc" -I"/home/carlos/FIUBA/MPU/workspace/Lib_MCU_LPC176x/vendor drivers/inc" -I"/home/carlos/FIUBA/MPU/workspace/Lib_API_CAPI/inc" -O0 -g3 -Wall -c -fmessage-length=0 -fno-builtin -ffunction-sections -fdata-sections -mcpu=cortex-m3 -mthumb -D__REDLIB__ -specs=redlib.specs -MMD -MP -MF"src/lpc_17xx_GPIO.d" -MT"src/lpc_17xx_GPIO.o" -MT"src/lpc_17xx_GPIO.d" -o "src/lpc_17xx_GPIO.o" "../src/lpc_17xx_GPIO.c"
Finished building: ../src/lpc_17xx_GPIO.c
 
Building file: ../src/lpc_17xx_PERIF.c
Invoking: MCU C Compiler
arm-none-eabi-gcc -D__REDLIB__ -DDEBUG -D__CODE_RED -D__USE_CMSIS=CMSISv2p00_LPC17xx -I"/home/carlos/FIUBA/MPU/workspace/CMSISv2p00_LPC17xx/inc" -I"/home/carlos/FIUBA/MPU/workspace/Lib_MCU_LPC176x/inc" -I"/home/carlos/FIUBA/MPU/workspace/Lib_Contenedores/inc" -I"/home/carlos/FIUBA/MPU/workspace/Lib_MCU_LPC176x/vendor drivers/inc" -I"/home/carlos/FIUBA/MPU/workspace/Lib_API_CAPI/inc" -O0 -g3 -Wall -c -fmessage-length=0 -fno-builtin -ffunction-sections -fdata-sections -mcpu=cortex-m3 -mthumb -D__REDLIB__ -specs=redlib.specs -MMD -MP -MF"src/lpc_17xx_PERIF.d" -MT"src/lpc_17xx_PERIF.o" -MT"src/lpc_17xx_PERIF.d" -o "src/lpc_17xx_PERIF.o" "../src/lpc_17xx_PERIF.c"
Finished building: ../src/lpc_17xx_PERIF.c
 
Building file: ../src/lpc_17xx_PIN.c
Invoking: MCU C Compiler
arm-none-eabi-gcc -D__REDLIB__ -DDEBUG -D__CODE_RED -D__USE_CMSIS=CMSISv2p00_LPC17xx -I"/home/carlos/FIUBA/MPU/workspace/CMSISv2p00_LPC17xx/inc" -I"/home/carlos/FIUBA/MPU/workspace/Lib_MCU_LPC176x/inc" -I"/home/carlos/FIUBA/MPU/workspace/Lib_Contenedores/inc" -I"/home/carlos/FIUBA/MPU/workspace/Lib_MCU_LPC176x/vendor drivers/inc" -I"/home/carlos/FIUBA/MPU/workspace/Lib_API_CAPI/inc" -O0 -g3 -Wall -c -fmessage-length=0 -fno-builtin -ffunction-sections -fdata-sections -mcpu=cortex-m3 -mthumb -D__REDLIB__ -specs=redlib.specs -MMD -MP -MF"src/lpc_17xx_PIN.d" -MT"src/lpc_17xx_PIN.o" -MT"src/lpc_17xx_PIN.d" -o "src/lpc_17xx_PIN.o" "../src/lpc_17xx_PIN.c"
Finished building: ../src/lpc_17xx_PIN.c
 
Building file: ../src/lpc_17xx_PORT.c
Invoking: MCU C Compiler
arm-none-eabi-gcc -D__REDLIB__ -DDEBUG -D__CODE_RED -D__USE_CMSIS=CMSISv2p00_LPC17xx -I"/home/carlos/FIUBA/MPU/workspace/CMSISv2p00_LPC17xx/inc" -I"/home/carlos/FIUBA/MPU/workspace/Lib_MCU_LPC176x/inc" -I"/home/carlos/FIUBA/MPU/workspace/Lib_Contenedores/inc" -I"/home/carlos/FIUBA/MPU/workspace/Lib_MCU_LPC176x/vendor drivers/inc" -I"/home/carlos/FIUBA/MPU/workspace/Lib_API_CAPI/inc" -O0 -g3 -Wall -c -fmessage-length=0 -fno-builtin -ffunction-sections -fdata-sections -mcpu=cortex-m3 -mthumb -D__REDLIB__ -specs=redlib.specs -MMD -MP -MF"src/lpc_17xx_PORT.d" -MT"src/lpc_17xx_PORT.o" -MT"src/lpc_17xx_PORT.d" -o "src/lpc_17xx_PORT.o" "../src/lpc_17xx_PORT.c"
Finished building: ../src/lpc_17xx_PORT.c
 
Building file: ../src/lpc_17xx_RTC.c
Invoking: MCU C Compiler
arm-none-eabi-gcc -D__REDLIB__ -DDEBUG -D__CODE_RED -D__USE_CMSIS=CMSISv2p00_LPC17xx -I"/home/carlos/FIUBA/MPU/workspace/CMSISv2p00_LPC17xx/inc" -I"/home/carlos/FIUBA/MPU/workspace/Lib_MCU_LPC176x/inc" -I"/home/carlos/FIUBA/MPU/workspace/Lib_Contenedores/inc" -I"/home/carlos/FIUBA/MPU/workspace/Lib_MCU_LPC176x/vendor drivers/inc" -I"/home/carlos/FIUBA/MPU/workspace/Lib_API_CAPI/inc" -O0 -g3 -Wall -c -fmessage-length=0 -fno-builtin -ffunction-sections -fdata-sections -mcpu=cortex-m3 -mthumb -D__REDLIB__ -specs=redlib.specs -MMD -MP -MF"src/lpc_17xx_RTC.d" -MT"src/lpc_17xx_RTC.o" -MT"src/lpc_17xx_RTC.d" -o "src/lpc_17xx_RTC.o" "../src/lpc_17xx_RTC.c"
Finished building: ../src/lpc_17xx_RTC.c
 
Building file: ../src/lpc_17xx_SSP.c
Invoking: MCU C Compiler
arm-none-eabi-gcc -D__REDLIB__ -DDEBUG -D__CODE_RED -D__USE_CMSIS=CMSISv2p00_LPC17xx -I"/home/carlos/FIUBA/MPU/workspace/CMSISv2p00_LPC17xx/inc" -I"/home/carlos/FIUBA/MPU/workspace/Lib_MCU_LPC176x/inc" -I"/home/carlos/FIUBA/MPU/workspace/Lib_Contenedores/inc" -I"/home/carlos/FIUBA/MPU/workspace/Lib_MCU_LPC176x/vendor drivers/inc" -I"/home/carlos/FIUBA/MPU/workspace/Lib_API_CAPI/inc" -O0 -g3 -Wall -c -fmessage-length=0 -fno-builtin -ffunction-sections -fdata-sections -mcpu=cortex-m3 -mthumb -D__REDLIB__ -specs=redlib.specs -MMD -MP -MF"src/lpc_17xx_SSP.d" -MT"src/lpc_17xx_SSP.o" -MT"src/lpc_17xx_SSP.d" -o "src/lpc_17xx_SSP.o" "../src/lpc_17xx_SSP.c"
Finished building: ../src/lpc_17xx_SSP.c
 
Building file: ../src/lpc_17xx_TIMER.c
Invoking: MCU C Compiler
arm-none-eabi-gcc -D__REDLIB__ -DDEBUG -D__CODE_RED -D__USE_CMSIS=CMSISv2p00_LPC17xx -I"/home/carlos/FIUBA/MPU/workspace/CMSISv2p00_LPC17xx/inc" -I"/home/carlos/FIUBA/MPU/workspace/Lib_MCU_LPC176x/inc" -I"/home/carlos/FIUBA/MPU/workspace/Lib_Contenedores/inc" -I"/home/carlos/FIUBA/MPU/workspace/Lib_MCU_LPC176x/vendor drivers/inc" -I"/home/carlos/FIUBA/MPU/workspace/Lib_API_CAPI/inc" -O0 -g3 -Wall -c -fmessage-length=0 -fno-builtin -ffunction-sections -fdata-sections -mcpu=cortex-m3 -mthumb -D__REDLIB__ -specs=redlib.specs -MMD -MP -MF"src/lpc_17xx_TIMER.d" -MT"src/lpc_17xx_TIMER.o" -MT"src/lpc_17xx_TIMER.d" -o "src/lpc_17xx_TIMER.o" "../src/lpc_17xx_TIMER.c"
Finished building: ../src/lpc_17xx_TIMER.c
 
Building file: ../src/lpc_17xx_UART.c
Invoking: MCU C Compiler
arm-none-eabi-gcc -D__REDLIB__ -DDEBUG -D__CODE_RED -D__USE_CMSIS=CMSISv2p00_LPC17xx -I"/home/carlos/FIUBA/MPU/workspace/CMSISv2p00_LPC17xx/inc" -I"/home/carlos/FIUBA/MPU/workspace/Lib_MCU_LPC176x/inc" -I"/home/carlos/FIUBA/MPU/workspace/Lib_Contenedores/inc" -I"/home/carlos/FIUBA/MPU/workspace/Lib_MCU_LPC176x/vendor drivers/inc" -I"/home/carlos/FIUBA/MPU/workspace/Lib_API_CAPI/inc" -O0 -g3 -Wall -c -fmessage-length=0 -fno-builtin -ffunction-sections -fdata-sections -mcpu=cortex-m3 -mthumb -D__REDLIB__ -specs=redlib.specs -MMD -MP -MF"src/lpc_17xx_UART.d" -MT"src/lpc_17xx_UART.o" -MT"src/lpc_17xx_UART.d" -o "src/lpc_17xx_UART.o" "../src/lpc_17xx_UART.c"
Finished building: ../src/lpc_17xx_UART.c
 
Building target: libLib_MCU_LPC176x.a
Invoking: MCU Archiver
arm-none-eabi-ar -r  "libLib_MCU_LPC176x.a"  ./vendor\ drivers/src/debug_frmwrk.o ./vendor\ drivers/src/lpc17xx_adc.o ./vendor\ drivers/src/lpc17xx_can.o ./vendor\ drivers/src/lpc17xx_clkpwr.o ./vendor\ drivers/src/lpc17xx_dac.o ./vendor\ drivers/src/lpc17xx_emac.o ./vendor\ drivers/src/lpc17xx_exti.o ./vendor\ drivers/src/lpc17xx_gpio.o ./vendor\ drivers/src/lpc17xx_i2c.o ./vendor\ drivers/src/lpc17xx_i2s.o ./vendor\ drivers/src/lpc17xx_libcfg_default.o ./vendor\ drivers/src/lpc17xx_mcpwm.o ./vendor\ drivers/src/lpc17xx_nvic.o ./vendor\ drivers/src/lpc17xx_pinsel.o ./vendor\ drivers/src/lpc17xx_pwm.o ./vendor\ drivers/src/lpc17xx_qei.o ./vendor\ drivers/src/lpc17xx_rit.o ./vendor\ drivers/src/lpc17xx_rtc.o ./vendor\ drivers/src/lpc17xx_spi.o ./vendor\ drivers/src/lpc17xx_ssp.o ./vendor\ drivers/src/lpc17xx_systick.o ./vendor\ drivers/src/lpc17xx_timer.o ./vendor\ drivers/src/lpc17xx_uart.o ./vendor\ drivers/src/lpc17xx_wdt.o  ./src/lpc_17xx_AIN.o ./src/lpc_17xx_GPIO.o ./src/lpc_17xx_PERIF.o ./src/lpc_17xx_PIN.o ./src/lpc_17xx_PORT.o ./src/lpc_17xx_RTC.o ./src/lpc_17xx_SSP.o ./src/lpc_17xx_TIMER.o ./src/lpc_17xx_UART.o   
arm-none-eabi-ar: creating libLib_MCU_LPC176x.a
Finished building target: libLib_MCU_LPC176x.a
 
make --no-print-directory post-build
Performing post-build steps
arm-none-eabi-size "libLib_MCU_LPC176x.a" ; # arm-none-eabi-objdump -h -S "libLib_MCU_LPC176x.a" >"libLib_MCU_LPC176x.lss"
   text	   data	    bss	    dec	    hex	filename
   1596	      0	      0	   1596	    63c	debug_frmwrk.o (ex libLib_MCU_LPC176x.a)
   1228	      0	      0	   1228	    4cc	lpc17xx_adc.o (ex libLib_MCU_LPC176x.a)
  10796	      0	     10	  10806	   2a36	lpc17xx_can.o (ex libLib_MCU_LPC176x.a)
    540	      0	      0	    540	    21c	lpc17xx_clkpwr.o (ex libLib_MCU_LPC176x.a)
    384	      0	      0	    384	    180	lpc17xx_dac.o (ex libLib_MCU_LPC176x.a)
   2672	      0	  10852	  13524	   34d4	lpc17xx_emac.o (ex libLib_MCU_LPC176x.a)
    344	      0	      0	    344	    158	lpc17xx_exti.o (ex libLib_MCU_LPC176x.a)
   2092	      0	      0	   2092	    82c	lpc17xx_gpio.o (ex libLib_MCU_LPC176x.a)
   4512	      0	     52	   4564	   11d4	lpc17xx_i2c.o (ex libLib_MCU_LPC176x.a)
   2720	      0	      0	   2720	    aa0	lpc17xx_i2s.o (ex libLib_MCU_LPC176x.a)
     12	      0	      0	     12	      c	lpc17xx_libcfg_default.o (ex libLib_MCU_LPC176x.a)
   1820	      0	      0	   1820	    71c	lpc17xx_mcpwm.o (ex libLib_MCU_LPC176x.a)
    232	      0	      0	    232	     e8	lpc17xx_nvic.o (ex libLib_MCU_LPC176x.a)
    564	      0	      0	    564	    234	lpc17xx_pinsel.o (ex libLib_MCU_LPC176x.a)
   2544	      0	      0	   2544	    9f0	lpc17xx_pwm.o (ex libLib_MCU_LPC176x.a)
   2132	      0	      0	   2132	    854	lpc17xx_qei.o (ex libLib_MCU_LPC176x.a)
    568	      0	      0	    568	    238	lpc17xx_rit.o (ex libLib_MCU_LPC176x.a)
   3928	      0	      0	   3928	    f58	lpc17xx_rtc.o (ex libLib_MCU_LPC176x.a)
   1364	      0	      0	   1364	    554	lpc17xx_spi.o (ex libLib_MCU_LPC176x.a)
   2688	      0	      0	   2688	    a80	lpc17xx_ssp.o (ex libLib_MCU_LPC176x.a)
    504	      0	      0	    504	    1f8	lpc17xx_systick.o (ex libLib_MCU_LPC176x.a)
   2560	      0	      0	   2560	    a00	lpc17xx_timer.o (ex libLib_MCU_LPC176x.a)
   5324	      0	      0	   5324	   14cc	lpc17xx_uart.o (ex libLib_MCU_LPC176x.a)
    720	      0	      0	    720	    2d0	lpc17xx_wdt.o (ex libLib_MCU_LPC176x.a)
    568	      0	      1	    569	    239	lpc_17xx_AIN.o (ex libLib_MCU_LPC176x.a)
    204	      0	      0	    204	     cc	lpc_17xx_GPIO.o (ex libLib_MCU_LPC176x.a)
    332	      0	      0	    332	    14c	lpc_17xx_PERIF.o (ex libLib_MCU_LPC176x.a)
     92	      0	      0	     92	     5c	lpc_17xx_PIN.o (ex libLib_MCU_LPC176x.a)
    272	      0	      0	    272	    110	lpc_17xx_PORT.o (ex libLib_MCU_LPC176x.a)
    380	      0	      4	    384	    180	lpc_17xx_RTC.o (ex libLib_MCU_LPC176x.a)
    908	      0	      0	    908	    38c	lpc_17xx_SSP.o (ex libLib_MCU_LPC176x.a)
    792	      0	      0	    792	    318	lpc_17xx_TIMER.o (ex libLib_MCU_LPC176x.a)
   1400	      0	      0	   1400	    578	lpc_17xx_UART.o (ex libLib_MCU_LPC176x.a)
 
00:06:15 **** Build of configuration Debug for project MPU_test ****
make -r all 
Building file: ../src/MPU_test.c
Invoking: MCU C Compiler
arm-none-eabi-gcc -DDEBUG -D__CODE_RED -DCORE_M3 -D__LPC177X_8X__ -D__REDLIB__ -O0 -g3 -Wall -c -fmessage-length=0 -fno-builtin -ffunction-sections -fdata-sections -mcpu=cortex-m3 -mthumb -specs=redlib.specs -MMD -MP -MF"src/MPU_test.d" -MT"src/MPU_test.o" -MT"src/MPU_test.d" -o "src/MPU_test.o" "../src/MPU_test.c"
../src/MPU_test.c: In function 'main':
../src/MPU_test.c:29:2: error: 'SCB' undeclared (first use in this function)
  SCB->SHCSR |= SCB_SHCSR_MEMFAULTENA_Msk | SCB_SHCSR_USGFAULTENA_Msk | SCB_SHCSR_BUSFAULTENA_Msk;
  ^
../src/MPU_test.c:29:2: note: each undeclared identifier is reported only once for each function it appears in
../src/MPU_test.c:29:16: error: 'SCB_SHCSR_MEMFAULTENA_Msk' undeclared (first use in this function)
  SCB->SHCSR |= SCB_SHCSR_MEMFAULTENA_Msk | SCB_SHCSR_USGFAULTENA_Msk | SCB_SHCSR_BUSFAULTENA_Msk;
                ^
../src/MPU_test.c:29:44: error: 'SCB_SHCSR_USGFAULTENA_Msk' undeclared (first use in this function)
  SCB->SHCSR |= SCB_SHCSR_MEMFAULTENA_Msk | SCB_SHCSR_USGFAULTENA_Msk | SCB_SHCSR_BUSFAULTENA_Msk;
                                            ^
../src/MPU_test.c:29:72: error: 'SCB_SHCSR_BUSFAULTENA_Msk' undeclared (first use in this function)
  SCB->SHCSR |= SCB_SHCSR_MEMFAULTENA_Msk | SCB_SHCSR_USGFAULTENA_Msk | SCB_SHCSR_BUSFAULTENA_Msk;
                                                                        ^
make: *** [src/MPU_test.o] Error 1
00:07:41 **** Incremental Build of configuration Debug for project CMSISv2p00_LPC17xx ****
make -r all 
make: No se hace nada para «all».
00:07:41 **** Incremental Build of configuration Debug for project Lib_API_CAPI ****
make -r all 
make: No se hace nada para «all».
00:07:42 **** Incremental Build of configuration Debug for project Lib_Contenedores ****
make -r all 
make: No se hace nada para «all».
00:07:42 **** Incremental Build of configuration Debug for project Lib_MCU_LPC176x ****
make -r all 
make: No se hace nada para «all».
00:07:43 **** Incremental Build of configuration Debug for project MPU_test ****
make -r all 
Building file: ../src/MPU_test.c
[...]
make -r all 
Building file: ../src/mpu.c
Invoking: MCU C Compiler
arm-none-eabi-gcc -DDEBUG -D__CODE_RED -DCORE_M3 -D__USE_CMSIS=CMSISv2p00_LPC17xx -D__LPC17XX__ -D__REDLIB__ -I"/home/carlos/FIUBA/MPU/workspace/CMSISv2p00_LPC17xx/inc" -O0 -g3 -Wall -c -fmessage-length=0 -fno-builtin -ffunction-sections -fdata-sections -mcpu=cortex-m3 -mthumb -specs=redlib.specs -MMD -MP -MF"src/mpu.d" -MT"src/mpu.o" -MT"src/mpu.d" -o "src/mpu.o" "../src/mpu.c"
../src/mpu.c: In function 'mpuSetup':
../src/mpu.c:77:6: warning: assignment makes pointer from integer without a cast
  pnt = CODE_MEMORY_1;
      ^
../src/mpu.c:78:4: warning: assignment makes integer from pointer without a cast
  x = &pnt;
    ^
../src/mpu.c:80:6: warning: assignment makes pointer from integer without a cast
  pnt = CODE_MEMORY_2;
      ^
../src/mpu.c:81:4: warning: assignment makes integer from pointer without a cast
  x = &pnt;
    ^
../src/mpu.c:49:12: warning: variable 'x' set but not used [-Wunused-but-set-variable]
  int *pnt, x;
            ^
Finished building: ../src/mpu.c
 
Building target: MPU_practica.axf
Invoking: MCU Linker
arm-none-eabi-gcc -nostdlib -L"/home/carlos/FIUBA/MPU/workspace/CMSISv2p00_LPC17xx/Debug" -Xlinker -Map="MPU_practica.map" -Xlinker --gc-sections -mcpu=cortex-m3 -mthumb -T "MPU_practica_Debug.ld" -o "MPU_practica.axf"  ./src/MPU_practica.o ./src/cr_startup_lpc175x_6x.o ./src/crp.o ./src/mpu.o   -lCMSISv2p00_LPC17xx
Finished building target: MPU_practica.axf
 
make --no-print-directory post-build
Performing post-build steps
arm-none-eabi-size "MPU_practica.axf"; # arm-none-eabi-objcopy -v -O binary "MPU_practica.axf" "MPU_practica.bin" ; # checksum -p LPC1769 -d "MPU_practica.bin";
   text	   data	    bss	    dec	    hex	filename
   1432	      0	      4	   1436	    59c	MPU_practica.axf
 
19:28:09 **** Incremental Build of configuration Debug for project MPU_practica ****
make -r all 
make: No se hace nada para «all».
19:31:09 **** Incremental Build of configuration Debug for project CMSISv2p00_LPC17xx ****
make -r all 
make: No se hace nada para «all».
19:31:10 **** Incremental Build of configuration Debug for project Lib_API_CAPI ****
make -r all 
make: No se hace nada para «all».
19:31:10 **** Incremental Build of configuration Debug for project Lib_Contenedores ****
make -r all 
make: No se hace nada para «all».
19:31:11 **** Incremental Build of configuration Debug for project Lib_MCU_LPC176x ****
make -r all 
make: No se hace nada para «all».
19:31:11 **** Incremental Build of configuration Debug for project MPU_practica ****
make -r all 
Building file: ../src/mpu.c
Invoking: MCU C Compiler
arm-none-eabi-gcc -DDEBUG -D__CODE_RED -DCORE_M3 -D__USE_CMSIS=CMSISv2p00_LPC17xx -D__LPC17XX__ -D__REDLIB__ -I"/home/carlos/FIUBA/MPU/workspace/CMSISv2p00_LPC17xx/inc" -O0 -g3 -Wall -c -fmessage-length=0 -fno-builtin -ffunction-sections -fdata-sections -mcpu=cortex-m3 -mthumb -specs=redlib.specs -MMD -MP -MF"src/mpu.d" -MT"src/mpu.o" -MT"src/mpu.d" -o "src/mpu.o" "../src/mpu.c"
../src/mpu.c: In function 'mpuSetup':
../src/mpu.c:77:6: warning: assignment makes pointer from integer without a cast
  pnt = CODE_MEMORY_1 + 1;
      ^
../src/mpu.c:78:4: warning: assignment makes integer from pointer without a cast
  x = &pnt;
    ^
../src/mpu.c:80:6: warning: assignment makes pointer from integer without a cast
  pnt = CODE_MEMORY_2 + 1;
      ^
../src/mpu.c:81:4: warning: assignment makes integer from pointer without a cast
  x = &pnt;
    ^
../src/mpu.c:49:12: warning: variable 'x' set but not used [-Wunused-but-set-variable]
  int *pnt, x;
            ^
Finished building: ../src/mpu.c
 
Building target: MPU_practica.axf
Invoking: MCU Linker
arm-none-eabi-gcc -nostdlib -L"/home/carlos/FIUBA/MPU/workspace/CMSISv2p00_LPC17xx/Debug" -Xlinker -Map="MPU_practica.map" -Xlinker --gc-sections -mcpu=cortex-m3 -mthumb -T "MPU_practica_Debug.ld" -o "MPU_practica.axf"  ./src/MPU_practica.o ./src/cr_startup_lpc175x_6x.o ./src/crp.o ./src/mpu.o   -lCMSISv2p00_LPC17xx
Finished building target: MPU_practica.axf
 
make --no-print-directory post-build
Performing post-build steps
arm-none-eabi-size "MPU_practica.axf"; # arm-none-eabi-objcopy -v -O binary "MPU_practica.axf" "MPU_practica.bin" ; # checksum -p LPC1769 -d "MPU_practica.bin";
   text	   data	    bss	    dec	    hex	filename
   1436	      0	      4	   1440	    5a0	MPU_practica.axf
 
19:32:40 **** Incremental Build of configuration Debug for project CMSISv2p00_LPC17xx ****
make -r all 
make: No se hace nada para «all».
19:32:40 **** Incremental Build of configuration Debug for project Lib_API_CAPI ****
make -r all 
make: No se hace nada para «all».
19:32:41 **** Incremental Build of configuration Debug for project Lib_Contenedores ****
make -r all 
make: No se hace nada para «all».
19:32:42 **** Incremental Build of configuration Debug for project Lib_MCU_LPC176x ****
make -r all 
make: No se hace nada para «all».
19:32:42 **** Incremental Build of configuration Debug for project MPU_practica ****
make -r all 
Building file: ../src/mpu.c
Invoking: MCU C Compiler
arm-none-eabi-gcc -DDEBUG -D__CODE_RED -DCORE_M3 -D__USE_CMSIS=CMSISv2p00_LPC17xx -D__LPC17XX__ -D__REDLIB__ -I"/home/carlos/FIUBA/MPU/workspace/CMSISv2p00_LPC17xx/inc" -O0 -g3 -Wall -c -fmessage-length=0 -fno-builtin -ffunction-sections -fdata-sections -mcpu=cortex-m3 -mthumb -specs=redlib.specs -MMD -MP -MF"src/mpu.d" -MT"src/mpu.o" -MT"src/mpu.d" -o "src/mpu.o" "../src/mpu.c"
../src/mpu.c: In function 'mpuSetup':
../src/mpu.c:77:6: warning: assignment makes pointer from integer without a cast
  pnt = CODE_MEMORY_1 + 1;
      ^
../src/mpu.c:81:6: warning: assignment makes pointer from integer without a cast
  pnt = CODE_MEMORY_2 + 1;
      ^
Finished building: ../src/mpu.c
 
Building target: MPU_practica.axf
Invoking: MCU Linker
arm-none-eabi-gcc -nostdlib -L"/home/carlos/FIUBA/MPU/workspace/CMSISv2p00_LPC17xx/Debug" -Xlinker -Map="MPU_practica.map" -Xlinker --gc-sections -mcpu=cortex-m3 -mthumb -T "MPU_practica_Debug.ld" -o "MPU_practica.axf"  ./src/MPU_practica.o ./src/cr_startup_lpc175x_6x.o ./src/crp.o ./src/mpu.o   -lCMSISv2p00_LPC17xx
Finished building target: MPU_practica.axf
 
make --no-print-directory post-build
Performing post-build steps
arm-none-eabi-size "MPU_practica.axf"; # arm-none-eabi-objcopy -v -O binary "MPU_practica.axf" "MPU_practica.bin" ; # checksum -p LPC1769 -d "MPU_practica.bin";
   text	   data	    bss	    dec	    hex	filename
   1456	      0	      4	   1460	    5b4	MPU_practica.axf
 
19:33:00 **** Incremental Build of configuration Debug for project MPU_practica ****
make -r all 
make: No se hace nada para «all».
19:34:08 **** Incremental Build of configuration Debug for project CMSISv2p00_LPC17xx ****
make -r all 
make: No se hace nada para «all».
19:34:08 **** Incremental Build of configuration Debug for project Lib_API_CAPI ****
make -r all 
make: No se hace nada para «all».
19:34:08 **** Incremental Build of configuration Debug for project Lib_Contenedores ****
make -r all 
make: No se hace nada para «all».
19:34:09 **** Incremental Build of configuration Debug for project Lib_MCU_LPC176x ****
make -r all 
make: No se hace nada para «all».
19:34:10 **** Incremental Build of configuration Debug for project MPU_practica ****
make -r all 
Building file: ../src/mpu.c
Invoking: MCU C Compiler
arm-none-eabi-gcc -DDEBUG -D__CODE_RED -DCORE_M3 -D__USE_CMSIS=CMSISv2p00_LPC17xx -D__LPC17XX__ -D__REDLIB__ -I"/home/carlos/FIUBA/MPU/workspace/CMSISv2p00_LPC17xx/inc" -O0 -g3 -Wall -c -fmessage-length=0 -fno-builtin -ffunction-sections -fdata-sections -mcpu=cortex-m3 -mthumb -specs=redlib.specs -MMD -MP -MF"src/mpu.d" -MT"src/mpu.o" -MT"src/mpu.d" -o "src/mpu.o" "../src/mpu.c"
../src/mpu.c: In function 'mpuSetup':
../src/mpu.c:77:6: warning: assignment makes pointer from integer without a cast
  pnt = CODE_MEMORY_1 + 1;
      ^
../src/mpu.c:80:6: warning: assignment makes pointer from integer without a cast
  pnt = CODE_MEMORY_2 + 1;
      ^
Finished building: ../src/mpu.c
 
Building target: MPU_practica.axf
Invoking: MCU Linker
arm-none-eabi-gcc -nostdlib -L"/home/carlos/FIUBA/MPU/workspace/CMSISv2p00_LPC17xx/Debug" -Xlinker -Map="MPU_practica.map" -Xlinker --gc-sections -mcpu=cortex-m3 -mthumb -T "MPU_practica_Debug.ld" -o "MPU_practica.axf"  ./src/MPU_practica.o ./src/cr_startup_lpc175x_6x.o ./src/crp.o ./src/mpu.o   -lCMSISv2p00_LPC17xx
Finished building target: MPU_practica.axf
 
make --no-print-directory post-build
Performing post-build steps
arm-none-eabi-size "MPU_practica.axf"; # arm-none-eabi-objcopy -v -O binary "MPU_practica.axf" "MPU_practica.bin" ; # checksum -p LPC1769 -d "MPU_practica.bin";
   text	   data	    bss	    dec	    hex	filename
   1448	      0	      4	   1452	    5ac	MPU_practica.axf
 
19:34:18 **** Incremental Build of configuration Debug for project MPU_practica ****
make -r all 
make: No se hace nada para «all».
19:36:38 **** Incremental Build of configuration Debug for project CMSISv2p00_LPC17xx ****
make -r all 
make: No se hace nada para «all».
19:36:38 **** Incremental Build of configuration Debug for project Lib_API_CAPI ****
make -r all 
make: No se hace nada para «all».
19:36:39 **** Incremental Build of configuration Debug for project Lib_Contenedores ****
make -r all 
make: No se hace nada para «all».
19:36:40 **** Incremental Build of configuration Debug for project Lib_MCU_LPC176x ****
make -r all 
make: No se hace nada para «all».
19:36:40 **** Incremental Build of configuration Debug for project MPU_practica ****
make -r all 
Building file: ../src/mpu.c
Invoking: MCU C Compiler
arm-none-eabi-gcc -DDEBUG -D__CODE_RED -DCORE_M3 -D__USE_CMSIS=CMSISv2p00_LPC17xx -D__LPC17XX__ -D__REDLIB__ -I"/home/carlos/FIUBA/MPU/workspace/CMSISv2p00_LPC17xx/inc" -O0 -g3 -Wall -c -fmessage-length=0 -fno-builtin -ffunction-sections -fdata-sections -mcpu=cortex-m3 -mthumb -specs=redlib.specs -MMD -MP -MF"src/mpu.d" -MT"src/mpu.o" -MT"src/mpu.d" -o "src/mpu.o" "../src/mpu.c"
../src/mpu.c: In function 'mpuSetup':
../src/mpu.c:77:6: warning: assignment makes pointer from integer without a cast
  pnt = CODE_MEMORY_1;
      ^
../src/mpu.c:80:6: warning: assignment makes pointer from integer without a cast
  pnt = CODE_MEMORY_2;
      ^
Finished building: ../src/mpu.c
 
Building target: MPU_practica.axf
Invoking: MCU Linker
arm-none-eabi-gcc -nostdlib -L"/home/carlos/FIUBA/MPU/workspace/CMSISv2p00_LPC17xx/Debug" -Xlinker -Map="MPU_practica.map" -Xlinker --gc-sections -mcpu=cortex-m3 -mthumb -T "MPU_practica_Debug.ld" -o "MPU_practica.axf"  ./src/MPU_practica.o ./src/cr_startup_lpc175x_6x.o ./src/crp.o ./src/mpu.o   -lCMSISv2p00_LPC17xx
Finished building target: MPU_practica.axf
 
make --no-print-directory post-build
Performing post-build steps
arm-none-eabi-size "MPU_practica.axf"; # arm-none-eabi-objcopy -v -O binary "MPU_practica.axf" "MPU_practica.bin" ; # checksum -p LPC1769 -d "MPU_practica.bin";
   text	   data	    bss	    dec	    hex	filename
   1444	      0	      4	   1448	    5a8	MPU_practica.axf
 
19:38:21 **** Incremental Build of configuration Debug for project MPU_practica ****
make -r all 
Building file: ../src/mpu.c
Invoking: MCU C Compiler
arm-none-eabi-gcc -DDEBUG -D__CODE_RED -DCORE_M3 -D__USE_CMSIS=CMSISv2p00_LPC17xx -D__LPC17XX__ -D__REDLIB__ -I"/home/carlos/FIUBA/MPU/workspace/CMSISv2p00_LPC17xx/inc" -O0 -g3 -Wall -c -fmessage-length=0 -fno-builtin -ffunction-sections -fdata-sections -mcpu=cortex-m3 -mthumb -specs=redlib.specs -MMD -MP -MF"src/mpu.d" -MT"src/mpu.o" -MT"src/mpu.d" -o "src/mpu.o" "../src/mpu.c"
../src/mpu.c: In function 'mpuSetup':
../src/mpu.c:52:6: warning: assignment makes pointer from integer without a cast
  pnt = CODE_MEMORY_2;
      ^
../src/mpu.c:82:6: warning: assignment makes pointer from integer without a cast
  pnt = CODE_MEMORY_1;
      ^
Finished building: ../src/mpu.c
 
Building target: MPU_practica.axf
Invoking: MCU Linker
arm-none-eabi-gcc -nostdlib -L"/home/carlos/FIUBA/MPU/workspace/CMSISv2p00_LPC17xx/Debug" -Xlinker -Map="MPU_practica.map" -Xlinker --gc-sections -mcpu=cortex-m3 -mthumb -T "MPU_practica_Debug.ld" -o "MPU_practica.axf"  ./src/MPU_practica.o ./src/cr_startup_lpc175x_6x.o ./src/crp.o ./src/mpu.o   -lCMSISv2p00_LPC17xx
Finished building target: MPU_practica.axf
 
make --no-print-directory post-build
Performing post-build steps
arm-none-eabi-size "MPU_practica.axf"; # arm-none-eabi-objcopy -v -O binary "MPU_practica.axf" "MPU_practica.bin" ; # checksum -p LPC1769 -d "MPU_practica.bin";
   text	   data	    bss	    dec	    hex	filename
   1444	      0	      4	   1448	    5a8	MPU_practica.axf
 
19:39:50 **** Incremental Build of configuration Debug for project CMSISv2p00_LPC17xx ****
make -r all 
make: No se hace nada para «all».
19:39:50 **** Incremental Build of configuration Debug for project Lib_API_CAPI ****
make -r all 
make: No se hace nada para «all».
19:39:51 **** Incremental Build of configuration Debug for project Lib_Contenedores ****
make -r all 
make: No se hace nada para «all».
19:39:51 **** Incremental Build of configuration Debug for project Lib_MCU_LPC176x ****
make -r all 
make: No se hace nada para «all».
19:39:52 **** Incremental Build of configuration Debug for project MPU_practica ****
make -r all 
Building file: ../src/MPU_practica.c
Invoking: MCU C Compiler
arm-none-eabi-gcc -DDEBUG -D__CODE_RED -DCORE_M3 -D__USE_CMSIS=CMSISv2p00_LPC17xx -D__LPC17XX__ -D__REDLIB__ -I"/home/carlos/FIUBA/MPU/workspace/CMSISv2p00_LPC17xx/inc" -O0 -g3 -Wall -c -fmessage-length=0 -fno-builtin -ffunction-sections -fdata-sections -mcpu=cortex-m3 -mthumb -specs=redlib.specs -MMD -MP -MF"src/MPU_practica.d" -MT"src/MPU_practica.o" -MT"src/MPU_practica.d" -o "src/MPU_practica.o" "../src/MPU_practica.c"
Finished building: ../src/MPU_practica.c
 
Building file: ../src/mpu.c
Invoking: MCU C Compiler
arm-none-eabi-gcc -DDEBUG -D__CODE_RED -DCORE_M3 -D__USE_CMSIS=CMSISv2p00_LPC17xx -D__LPC17XX__ -D__REDLIB__ -I"/home/carlos/FIUBA/MPU/workspace/CMSISv2p00_LPC17xx/inc" -O0 -g3 -Wall -c -fmessage-length=0 -fno-builtin -ffunction-sections -fdata-sections -mcpu=cortex-m3 -mthumb -specs=redlib.specs -MMD -MP -MF"src/mpu.d" -MT"src/mpu.o" -MT"src/mpu.d" -o "src/mpu.o" "../src/mpu.c"
../src/mpu.c: In function 'mpuSetup':
../src/mpu.c:81:6: warning: assignment makes pointer from integer without a cast
  pnt = CODE_MEMORY_1;
      ^
Finished building: ../src/mpu.c
 
Building target: MPU_practica.axf
Invoking: MCU Linker
arm-none-eabi-gcc -nostdlib -L"/home/carlos/FIUBA/MPU/workspace/CMSISv2p00_LPC17xx/Debug" -Xlinker -Map="MPU_practica.map" -Xlinker --gc-sections -mcpu=cortex-m3 -mthumb -T "MPU_practica_Debug.ld" -o "MPU_practica.axf"  ./src/MPU_practica.o ./src/cr_startup_lpc175x_6x.o ./src/crp.o ./src/mpu.o   -lCMSISv2p00_LPC17xx
Finished building target: MPU_practica.axf
 
make --no-print-directory post-build
Performing post-build steps
arm-none-eabi-size "MPU_practica.axf"; # arm-none-eabi-objcopy -v -O binary "MPU_practica.axf" "MPU_practica.bin" ; # checksum -p LPC1769 -d "MPU_practica.bin";
   text	   data	    bss	    dec	    hex	filename
   1444	      0	      4	   1448	    5a8	MPU_practica.axf
 
19:40:01 **** Incremental Build of configuration Debug for project MPU_practica ****
make -r all 
make: No se hace nada para «all».
19:40:29 **** Incremental Build of configuration Debug for project MPU_practica ****
make -r all 
make: No se hace nada para «all».
19:41:39 **** Incremental Build of configuration Debug for project CMSISv2p00_LPC17xx ****
make -r all 
make: No se hace nada para «all».
19:41:39 **** Incremental Build of configuration Debug for project Lib_API_CAPI ****
make -r all 
make: No se hace nada para «all».
19:41:40 **** Incremental Build of configuration Debug for project Lib_Contenedores ****
make -r all 
make: No se hace nada para «all».
19:41:40 **** Incremental Build of configuration Debug for project Lib_MCU_LPC176x ****
make -r all 
make: No se hace nada para «all».
19:41:41 **** Incremental Build of configuration Debug for project MPU_practica ****
make -r all 
Building file: ../src/mpu.c
Invoking: MCU C Compiler
arm-none-eabi-gcc -DDEBUG -D__CODE_RED -DCORE_M3 -D__USE_CMSIS=CMSISv2p00_LPC17xx -D__LPC17XX__ -D__REDLIB__ -I"/home/carlos/FIUBA/MPU/workspace/CMSISv2p00_LPC17xx/inc" -O0 -g3 -Wall -c -fmessage-length=0 -fno-builtin -ffunction-sections -fdata-sections -mcpu=cortex-m3 -mthumb -specs=redlib.specs -MMD -MP -MF"src/mpu.d" -MT"src/mpu.o" -MT"src/mpu.d" -o "src/mpu.o" "../src/mpu.c"
../src/mpu.c: In function 'mpuSetup':
../src/mpu.c:81:6: warning: assignment makes pointer from integer without a cast
  pnt = CODE_MEMORY_1;
      ^
Finished building: ../src/mpu.c
 
Building target: MPU_practica.axf
Invoking: MCU Linker
arm-none-eabi-gcc -nostdlib -L"/home/carlos/FIUBA/MPU/workspace/CMSISv2p00_LPC17xx/Debug" -Xlinker -Map="MPU_practica.map" -Xlinker --gc-sections -mcpu=cortex-m3 -mthumb -T "MPU_practica_Debug.ld" -o "MPU_practica.axf"  ./src/MPU_practica.o ./src/cr_startup_lpc175x_6x.o ./src/crp.o ./src/mpu.o   -lCMSISv2p00_LPC17xx
Finished building target: MPU_practica.axf
 
make --no-print-directory post-build
Performing post-build steps
arm-none-eabi-size "MPU_practica.axf"; # arm-none-eabi-objcopy -v -O binary "MPU_practica.axf" "MPU_practica.bin" ; # checksum -p LPC1769 -d "MPU_practica.bin";
   text	   data	    bss	    dec	    hex	filename
   1444	      0	      4	   1448	    5a8	MPU_practica.axf
 
19:41:47 **** Incremental Build of configuration Debug for project MPU_practica ****
make -r all 
make: No se hace nada para «all».
19:42:06 **** Incremental Build of configuration Debug for project CMSISv2p00_LPC17xx ****
make -r all 
make: No se hace nada para «all».
19:42:06 **** Incremental Build of configuration Debug for project Lib_API_CAPI ****
make -r all 
make: No se hace nada para «all».
19:42:07 **** Incremental Build of configuration Debug for project Lib_Contenedores ****
make -r all 
make: No se hace nada para «all».
19:42:07 **** Incremental Build of configuration Debug for project Lib_MCU_LPC176x ****
make -r all 
make: No se hace nada para «all».
19:42:08 **** Incremental Build of configuration Debug for project MPU_practica ****
make -r all 
Building file: ../src/mpu.c
Invoking: MCU C Compiler
arm-none-eabi-gcc -DDEBUG -D__CODE_RED -DCORE_M3 -D__USE_CMSIS=CMSISv2p00_LPC17xx -D__LPC17XX__ -D__REDLIB__ -I"/home/carlos/FIUBA/MPU/workspace/CMSISv2p00_LPC17xx/inc" -O0 -g3 -Wall -c -fmessage-length=0 -fno-builtin -ffunction-sections -fdata-sections -mcpu=cortex-m3 -mthumb -specs=redlib.specs -MMD -MP -MF"src/mpu.d" -MT"src/mpu.o" -MT"src/mpu.d" -o "src/mpu.o" "../src/mpu.c"
../src/mpu.c: In function 'mpuSetup':
../src/mpu.c:81:6: warning: assignment makes pointer from integer without a cast
  pnt = CODE_MEMORY_1;
      ^
Finished building: ../src/mpu.c
 
Building target: MPU_practica.axf
Invoking: MCU Linker
arm-none-eabi-gcc -nostdlib -L"/home/carlos/FIUBA/MPU/workspace/CMSISv2p00_LPC17xx/Debug" -Xlinker -Map="MPU_practica.map" -Xlinker --gc-sections -mcpu=cortex-m3 -mthumb -T "MPU_practica_Debug.ld" -o "MPU_practica.axf"  ./src/MPU_practica.o ./src/cr_startup_lpc175x_6x.o ./src/crp.o ./src/mpu.o   -lCMSISv2p00_LPC17xx
Finished building target: MPU_practica.axf
 
make --no-print-directory post-build
Performing post-build steps
arm-none-eabi-size "MPU_practica.axf"; # arm-none-eabi-objcopy -v -O binary "MPU_practica.axf" "MPU_practica.bin" ; # checksum -p LPC1769 -d "MPU_practica.bin";
   text	   data	    bss	    dec	    hex	filename
   1444	      0	      4	   1448	    5a8	MPU_practica.axf
 
19:42:18 **** Incremental Build of configuration Debug for project MPU_practica ****
make -r all 
make: No se hace nada para «all».
19:42:58 **** Incremental Build of configuration Debug for project MPU_practica ****
make -r all 
make: No se hace nada para «all».
19:43:25 **** Incremental Build of configuration Debug for project MPU_practica ****
make -r all 
make: No se hace nada para «all».
